Archive member included to satisfy reference by file (symbol)

/opt/gcc-arm-none-eabi-10.3-2021.10/bin/../lib/gcc/arm-none-eabi/10.3.1/../../../../arm-none-eabi/lib/thumb/v7e-m+fp/hard/libc_nano.a(lib_a-atoi.o)
                              build/nyan_os.o (atoi)
/opt/gcc-arm-none-eabi-10.3-2021.10/bin/../lib/gcc/arm-none-eabi/10.3.1/../../../../arm-none-eabi/lib/thumb/v7e-m+fp/hard/libc_nano.a(lib_a-exit.o)
                              /opt/gcc-arm-none-eabi-10.3-2021.10/bin/../lib/gcc/arm-none-eabi/10.3.1/../../../../arm-none-eabi/lib/thumb/v7e-m+fp/hard/crt0.o (exit)
/opt/gcc-arm-none-eabi-10.3-2021.10/bin/../lib/gcc/arm-none-eabi/10.3.1/../../../../arm-none-eabi/lib/thumb/v7e-m+fp/hard/libc_nano.a(lib_a-fgetc.o)
                              build/iceuncompr.o (fgetc)
/opt/gcc-arm-none-eabi-10.3-2021.10/bin/../lib/gcc/arm-none-eabi/10.3.1/../../../../arm-none-eabi/lib/thumb/v7e-m+fp/hard/libc_nano.a(lib_a-findfp.o)
                              /opt/gcc-arm-none-eabi-10.3-2021.10/bin/../lib/gcc/arm-none-eabi/10.3.1/../../../../arm-none-eabi/lib/thumb/v7e-m+fp/hard/libc_nano.a(lib_a-fgetc.o) (__sinit)
/opt/gcc-arm-none-eabi-10.3-2021.10/bin/../lib/gcc/arm-none-eabi/10.3.1/../../../../arm-none-eabi/lib/thumb/v7e-m+fp/hard/libc_nano.a(lib_a-fmemopen.o)
                              build/iceuncompr.o (fmemopen)
/opt/gcc-arm-none-eabi-10.3-2021.10/bin/../lib/gcc/arm-none-eabi/10.3.1/../../../../arm-none-eabi/lib/thumb/v7e-m+fp/hard/libc_nano.a(lib_a-fwalk.o)
                              /opt/gcc-arm-none-eabi-10.3-2021.10/bin/../lib/gcc/arm-none-eabi/10.3.1/../../../../arm-none-eabi/lib/thumb/v7e-m+fp/hard/libc_nano.a(lib_a-findfp.o) (_fwalk)
/opt/gcc-arm-none-eabi-10.3-2021.10/bin/../lib/gcc/arm-none-eabi/10.3.1/../../../../arm-none-eabi/lib/thumb/v7e-m+fp/hard/libc_nano.a(lib_a-impure.o)
                              /opt/gcc-arm-none-eabi-10.3-2021.10/bin/../lib/gcc/arm-none-eabi/10.3.1/../../../../arm-none-eabi/lib/thumb/v7e-m+fp/hard/libc_nano.a(lib_a-exit.o) (_global_impure_ptr)
/opt/gcc-arm-none-eabi-10.3-2021.10/bin/../lib/gcc/arm-none-eabi/10.3.1/../../../../arm-none-eabi/lib/thumb/v7e-m+fp/hard/libc_nano.a(lib_a-init.o)
                              /opt/gcc-arm-none-eabi-10.3-2021.10/bin/../lib/gcc/arm-none-eabi/10.3.1/../../../../arm-none-eabi/lib/thumb/v7e-m+fp/hard/crt0.o (__libc_init_array)
/opt/gcc-arm-none-eabi-10.3-2021.10/bin/../lib/gcc/arm-none-eabi/10.3.1/../../../../arm-none-eabi/lib/thumb/v7e-m+fp/hard/libc_nano.a(lib_a-lock.o)
                              /opt/gcc-arm-none-eabi-10.3-2021.10/bin/../lib/gcc/arm-none-eabi/10.3.1/../../../../arm-none-eabi/lib/thumb/v7e-m+fp/hard/libc_nano.a(lib_a-findfp.o) (__retarget_lock_init_recursive)
/opt/gcc-arm-none-eabi-10.3-2021.10/bin/../lib/gcc/arm-none-eabi/10.3.1/../../../../arm-none-eabi/lib/thumb/v7e-m+fp/hard/libc_nano.a(lib_a-malloc.o)
                              build/nyan_os.o (malloc)
/opt/gcc-arm-none-eabi-10.3-2021.10/bin/../lib/gcc/arm-none-eabi/10.3.1/../../../../arm-none-eabi/lib/thumb/v7e-m+fp/hard/libc_nano.a(lib_a-memchr.o)
                              /opt/gcc-arm-none-eabi-10.3-2021.10/bin/../lib/gcc/arm-none-eabi/10.3.1/../../../../arm-none-eabi/lib/thumb/v7e-m+fp/hard/libc_nano.a(lib_a-fmemopen.o) (memchr)
/opt/gcc-arm-none-eabi-10.3-2021.10/bin/../lib/gcc/arm-none-eabi/10.3.1/../../../../arm-none-eabi/lib/thumb/v7e-m+fp/hard/libc_nano.a(lib_a-memcmp.o)
                              build/nyan_os.o (memcmp)
/opt/gcc-arm-none-eabi-10.3-2021.10/bin/../lib/gcc/arm-none-eabi/10.3.1/../../../../arm-none-eabi/lib/thumb/v7e-m+fp/hard/libc_nano.a(lib_a-memcpy-stub.o)
                              build/nyan_os.o (memcpy)
/opt/gcc-arm-none-eabi-10.3-2021.10/bin/../lib/gcc/arm-none-eabi/10.3.1/../../../../arm-none-eabi/lib/thumb/v7e-m+fp/hard/libc_nano.a(lib_a-memset.o)
                              /opt/gcc-arm-none-eabi-10.3-2021.10/bin/../lib/gcc/arm-none-eabi/10.3.1/../../../../arm-none-eabi/lib/thumb/v7e-m+fp/hard/crt0.o (memset)
/opt/gcc-arm-none-eabi-10.3-2021.10/bin/../lib/gcc/arm-none-eabi/10.3.1/../../../../arm-none-eabi/lib/thumb/v7e-m+fp/hard/libc_nano.a(lib_a-nano-freer.o)
                              /opt/gcc-arm-none-eabi-10.3-2021.10/bin/../lib/gcc/arm-none-eabi/10.3.1/../../../../arm-none-eabi/lib/thumb/v7e-m+fp/hard/libc_nano.a(lib_a-fmemopen.o) (_free_r)
/opt/gcc-arm-none-eabi-10.3-2021.10/bin/../lib/gcc/arm-none-eabi/10.3.1/../../../../arm-none-eabi/lib/thumb/v7e-m+fp/hard/libc_nano.a(lib_a-nano-mallocr.o)
                              /opt/gcc-arm-none-eabi-10.3-2021.10/bin/../lib/gcc/arm-none-eabi/10.3.1/../../../../arm-none-eabi/lib/thumb/v7e-m+fp/hard/libc_nano.a(lib_a-findfp.o) (_malloc_r)
/opt/gcc-arm-none-eabi-10.3-2021.10/bin/../lib/gcc/arm-none-eabi/10.3.1/../../../../arm-none-eabi/lib/thumb/v7e-m+fp/hard/libc_nano.a(lib_a-realloc.o)
                              build/nyan_os.o (realloc)
[...]
Memory Configuration

Name             Origin             Length             Attributes
RAM              0x0000000020000000 0x0000000000040000 xrw
FLASH            0x0000000008000000 0x0000000000080000 xr
*default*        0x0000000000000000 0xffffffffffffffff

Linker script and memory map

LOAD /opt/gcc-arm-none-eabi-10.3-2021.10/bin/../lib/gcc/arm-none-eabi/10.3.1/thumb/v7e-m+fp/hard/crti.o
LOAD /opt/gcc-arm-none-eabi-10.3-2021.10/bin/../lib/gcc/arm-none-eabi/10.3.1/thumb/v7e-m+fp/hard/crtbegin.o
LOAD /opt/gcc-arm-none-eabi-10.3-2021.10/bin/../lib/gcc/arm-none-eabi/10.3.1/../../../../arm-none-eabi/lib/thumb/v7e-m+fp/hard/crt0.o
LOAD build/main.o
LOAD build/gpio.o
LOAD build/i2c.o
LOAD build/rng.o
LOAD build/spi.o
LOAD build/stm32f7xx_it.o
LOAD build/stm32f7xx_hal_msp.o
LOAD build/stm32f7xx_hal_rcc.o
LOAD build/stm32f7xx_hal_rcc_ex.o
LOAD build/stm32f7xx_hal_flash.o
LOAD build/stm32f7xx_hal_flash_ex.o
LOAD build/stm32f7xx_hal_gpio.o
LOAD build/stm32f7xx_hal_dma.o
LOAD build/stm32f7xx_hal_dma_ex.o
LOAD build/stm32f7xx_hal_pwr.o
LOAD build/stm32f7xx_hal_pwr_ex.o
LOAD build/stm32f7xx_hal_cortex.o
LOAD build/stm32f7xx_hal.o
LOAD build/stm32f7xx_hal_i2c.o
LOAD build/stm32f7xx_hal_i2c_ex.o
LOAD build/stm32f7xx_hal_exti.o
LOAD build/stm32f7xx_hal_rng.o
LOAD build/stm32f7xx_hal_spi.o
LOAD build/stm32f7xx_hal_spi_ex.o
LOAD build/stm32f7xx_hal_tim.o
LOAD build/stm32f7xx_hal_tim_ex.o
LOAD build/system_stm32f7xx.o
LOAD build/stm32f7xx_hal_pcd.o
LOAD build/stm32f7xx_hal_pcd_ex.o
LOAD build/stm32f7xx_ll_usb.o
LOAD build/nyan_bitcoin.o
LOAD build/nyan_leds.o
LOAD build/nyan_os.o
LOAD build/nyan_keys.o
LOAD build/nyan_sha256.o
LOAD build/iceuncompr.o
LOAD build/lattice_ice_hx.o
LOAD build/24xx_eeprom.o
LOAD build/tim.o
LOAD build/usb_otg.o
LOAD build/usbd_composite.o
LOAD build/usbd_hid_keyboard.o
LOAD build/usbd_core.o
LOAD build/usbd_ctlreq.o
LOAD build/usbd_ioreq.o
LOAD build/usb_device.o
LOAD build/usbd_desc.o
LOAD build/usbd_conf.o
LOAD build/usbd_cdc_acm.o
LOAD build/usbd_cdc_acm_if.o
LOAD build/dma.o
LOAD build/startup_stm32f723xx.o
LOAD /opt/gcc-arm-none-eabi-10.3-2021.10/bin/../lib/gcc/arm-none-eabi/10.3.1/../../../../arm-none-eabi/lib/thumb/v7e-m+fp/hard/libc_nano.a
LOAD /opt/gcc-arm-none-eabi-10.3-2021.10/bin/../lib/gcc/arm-none-eabi/10.3.1/../../../../arm-none-eabi/lib/thumb/v7e-m+fp/hard/libm.a
LOAD /opt/gcc-arm-none-eabi-10.3-2021.10/bin/../lib/gcc/arm-none-eabi/10.3.1/../../../../arm-none-eabi/lib/thumb/v7e-m+fp/hard/libnosys.a
START GROUP
LOAD /opt/gcc-arm-none-eabi-10.3-2021.10/bin/../lib/gcc/arm-none-eabi/10.3.1/thumb/v7e-m+fp/hard/libgcc.a
LOAD /opt/gcc-arm-none-eabi-10.3-2021.10/bin/../lib/gcc/arm-none-eabi/10.3.1/../../../../arm-none-eabi/lib/thumb/v7e-m+fp/hard/libc_nano.a
END GROUP
START GROUP
LOAD /opt/gcc-arm-none-eabi-10.3-2021.10/bin/../lib/gcc/arm-none-eabi/10.3.1/thumb/v7e-m+fp/hard/libgcc.a
LOAD /opt/gcc-arm-none-eabi-10.3-2021.10/bin/../lib/gcc/arm-none-eabi/10.3.1/../../../../arm-none-eabi/lib/thumb/v7e-m+fp/hard/libc_nano.a
END GROUP
LOAD /opt/gcc-arm-none-eabi-10.3-2021.10/bin/../lib/gcc/arm-none-eabi/10.3.1/thumb/v7e-m+fp/hard/crtend.o
LOAD /opt/gcc-arm-none-eabi-10.3-2021.10/bin/../lib/gcc/arm-none-eabi/10.3.1/thumb/v7e-m+fp/hard/crtn.o
                0x0000000020040000                _estack = (ORIGIN (RAM) + LENGTH (RAM))
                0x0000000000000800                _Min_Heap_Size = 0x800
                0x0000000000000800                _Min_Stack_Size = 0x800

.isr_vector     0x0000000008000000      0x1e0
                0x0000000008000000                . = ALIGN (0x4)
 *(.isr_vector)
 .isr_vector    0x0000000008000000      0x1e0 build/startup_stm32f723xx.o
                0x0000000008000000                g_pfnVectors
                0x00000000080001e0                . = ALIGN (0x4)

.text           0x00000000080001e0     0xda64
                0x00000000080001e0                . = ALIGN (0x4)
 *(.text)
 .text          0x00000000080001e0       0x40 /opt/gcc-arm-none-eabi-10.3-2021.10/bin/../lib/gcc/arm-none-eabi/10.3.1/thumb/v7e-m+fp/hard/crtbegin.o
 .text          0x0000000008000220       0xa0 /opt/gcc-arm-none-eabi-10.3-2021.10/bin/../lib/gcc/arm-none-eabi/10.3.1/../../../../arm-none-eabi/lib/thumb/v7e-m+fp/hard/libc_nano.a(lib_a-memchr.o)
                0x0000000008000220                memchr
 .text          0x00000000080002c0       0x10 /opt/gcc-arm-none-eabi-10.3-2021.10/bin/../lib/gcc/arm-none-eabi/10.3.1/../../../../arm-none-eabi/lib/thumb/v7e-m+fp/hard/libc_nano.a(lib_a-strlen.o)
                0x00000000080002c0                strlen
 .text          0x00000000080002d0      0x378 /opt/gcc-arm-none-eabi-10.3-2021.10/bin/../lib/gcc/arm-none-eabi/10.3.1/thumb/v7e-m+fp/hard/libgcc.a(_arm_addsubdf3.o)
                0x00000000080002d0                __aeabi_drsub
                0x00000000080002d8                __aeabi_dsub
                0x00000000080002d8                __subdf3
                0x00000000080002dc                __adddf3
                0x00000000080002dc                __aeabi_dadd
                0x0000000008000554                __aeabi_ui2d
                0x0000000008000554                __floatunsidf
                0x0000000008000574                __floatsidf
                0x0000000008000574                __aeabi_i2d
                0x0000000008000598                __extendsfdf2
                0x0000000008000598                __aeabi_f2d
                0x00000000080005dc                __aeabi_ul2d
                0x00000000080005dc                __floatundidf
                0x00000000080005ec                __floatdidf
                0x00000000080005ec                __aeabi_l2d
 .text          0x0000000008000648      0x424 /opt/gcc-arm-none-eabi-10.3-2021.10/bin/../lib/gcc/arm-none-eabi/10.3.1/thumb/v7e-m+fp/hard/libgcc.a(_arm_muldivdf3.o)
                0x0000000008000648                __aeabi_dmul
                0x0000000008000648                __muldf3
                0x000000000800089c                __aeabi_ddiv
                0x000000000800089c                __divdf3
 .text          0x0000000008000a6c      0x110 /opt/gcc-arm-none-eabi-10.3-2021.10/bin/../lib/gcc/arm-none-eabi/10.3.1/thumb/v7e-m+fp/hard/libgcc.a(_arm_cmpdf2.o)
                0x0000000008000a6c                __gtdf2
                0x0000000008000a6c                __gedf2
                0x0000000008000a74                __ltdf2
                0x0000000008000a74                __ledf2
                0x0000000008000a7c                __cmpdf2
                0x0000000008000a7c                __eqdf2
                0x0000000008000a7c                __nedf2
                0x0000000008000af8                __aeabi_cdrcmple
                0x0000000008000b08                __aeabi_cdcmple
                0x0000000008000b08                __aeabi_cdcmpeq
                0x0000000008000b18                __aeabi_dcmpeq
                0x0000000008000b2c                __aeabi_dcmplt
                0x0000000008000b40                __aeabi_dcmple
                0x0000000008000b54                __aeabi_dcmpge
                0x0000000008000b68                __aeabi_dcmpgt
 .text          0x0000000008000b7c       0x2c /opt/gcc-arm-none-eabi-10.3-2021.10/bin/../lib/gcc/arm-none-eabi/10.3.1/thumb/v7e-m+fp/hard/libgcc.a(_arm_unorddf2.o)
                0x0000000008000b7c                __aeabi_dcmpun
                0x0000000008000b7c                __unorddf2
 .text          0x0000000008000ba8       0x40 /opt/gcc-arm-none-eabi-10.3-2021.10/bin/../lib/gcc/arm-none-eabi/10.3.1/thumb/v7e-m+fp/hard/libgcc.a(_arm_fixunsdfsi.o)
                0x0000000008000ba8                __fixunsdfsi
                0x0000000008000ba8                __aeabi_d2uiz
 .text          0x0000000008000be8       0xa0 /opt/gcc-arm-none-eabi-10.3-2021.10/bin/../lib/gcc/arm-none-eabi/10.3.1/thumb/v7e-m+fp/hard/libgcc.a(_arm_truncdfsf2.o)
                0x0000000008000be8                __aeabi_d2f
                0x0000000008000be8                __truncdfsf2
 .text          0x0000000008000c88       0x30 /opt/gcc-arm-none-eabi-10.3-2021.10/bin/../lib/gcc/arm-none-eabi/10.3.1/thumb/v7e-m+fp/hard/libgcc.a(_aeabi_uldivmod.o)
                0x0000000008000c88                __aeabi_uldivmod
 .text          0x0000000008000cb8      0x2d0 /opt/gcc-arm-none-eabi-10.3-2021.10/bin/../lib/gcc/arm-none-eabi/10.3.1/thumb/v7e-m+fp/hard/libgcc.a(_udivmoddi4.o)
                0x0000000008000cb8                __udivmoddi4
 .text          0x0000000008000f88        0x4 /opt/gcc-arm-none-eabi-10.3-2021.10/bin/../lib/gcc/arm-none-eabi/10.3.1/thumb/v7e-m+fp/hard/libgcc.a(_dvmd_tls.o)
                0x0000000008000f88                __aeabi_ldiv0
                0x0000000008000f88                __aeabi_idiv0
 *(.text*)
 .text.HAL_SPI_TxRxCpltCallback
                0x0000000008000f8c       0x1c build/main.o
                0x0000000008000f8c                HAL_SPI_TxRxCpltCallback
 .text.HAL_I2C_MemTxCpltCallback
                0x0000000008000fa8        0xc build/main.o
                0x0000000008000fa8                HAL_I2C_MemTxCpltCallback
 .text.HAL_I2C_MemRxCpltCallback
                0x0000000008000fb4        0xc build/main.o
                0x0000000008000fb4                HAL_I2C_MemRxCpltCallback
 .text.HAL_TIM_PeriodElapsedCallback
                0x0000000008000fc0       0xb0 build/main.o
                0x0000000008000fc0                HAL_TIM_PeriodElapsedCallback
 .text.HAL_TIM_OC_DelayElapsedCallback
                0x0000000008001070       0xa4 build/main.o
                0x0000000008001070                HAL_TIM_OC_DelayElapsedCallback
 .text.Error_Handler
                0x0000000008001114       0x40 build/main.o
                0x0000000008001114                Error_Handler
 .text.SystemClock_Config
                0x0000000008001154       0xb0 build/main.o
                0x0000000008001154                SystemClock_Config
 .text.main     0x0000000008001204      0x150 build/main.o
                0x0000000008001204                main
 .text.HAL_I2C_ErrorCallback
                0x0000000008001354       0x1c build/main.o
                0x0000000008001354                HAL_I2C_ErrorCallback
 .text.MX_GPIO_Init
                0x0000000008001370      0x128 build/gpio.o
                0x0000000008001370                MX_GPIO_Init
 .text.MX_I2C1_Init
                0x0000000008001498       0x58 build/i2c.o
                0x0000000008001498                MX_I2C1_Init
 .text.HAL_I2C_MspInit
                0x00000000080014f0      0x130 build/i2c.o
                0x00000000080014f0                HAL_I2C_MspInit
 .text.MX_RNG_Init
                0x0000000008001620       0x20 build/rng.o
                0x0000000008001620                MX_RNG_Init
 .text.HAL_RNG_MspInit
                0x0000000008001640       0x50 build/rng.o
                0x0000000008001640                HAL_RNG_MspInit
 .text.MX_SPI1_Init
                0x0000000008001690       0x4c build/spi.o
                0x0000000008001690                MX_SPI1_Init
 .text.MX_SPI2_Init
                0x00000000080016dc       0x4c build/spi.o
                0x00000000080016dc                MX_SPI2_Init
 .text.MX_SPI4_Init
                0x0000000008001728       0x4c build/spi.o
                0x0000000008001728                MX_SPI4_Init
 .text.HAL_SPI_MspInit
                0x0000000008001774      0x1c4 build/spi.o
                0x0000000008001774                HAL_SPI_MspInit
 .text.NMI_Handler
                0x0000000008001938        0x2 build/stm32f7xx_it.o
                0x0000000008001938                NMI_Handler
 *fill*         0x000000000800193a        0x2 
 .text.HardFault_Handler
                0x000000000800193c       0x3c build/stm32f7xx_it.o
                0x000000000800193c                HardFault_Handler
 .text.MemManage_Handler
                0x0000000008001978        0x2 build/stm32f7xx_it.o
                0x0000000008001978                MemManage_Handler
 .text.BusFault_Handler
                0x000000000800197a        0x2 build/stm32f7xx_it.o
                0x000000000800197a                BusFault_Handler
 .text.UsageFault_Handler
                0x000000000800197c        0x2 build/stm32f7xx_it.o
                0x000000000800197c                UsageFault_Handler
 .text.SVC_Handler
                0x000000000800197e        0x2 build/stm32f7xx_it.o
                0x000000000800197e                SVC_Handler
 .text.DebugMon_Handler
                0x0000000008001980        0x2 build/stm32f7xx_it.o
                0x0000000008001980                DebugMon_Handler
 .text.PendSV_Handler
                0x0000000008001982        0x2 build/stm32f7xx_it.o
                0x0000000008001982                PendSV_Handler
 .text.SysTick_Handler
                0x0000000008001984        0x8 build/stm32f7xx_it.o
                0x0000000008001984                SysTick_Handler
 .text.DMA1_Stream0_IRQHandler
                0x000000000800198c       0x10 build/stm32f7xx_it.o
                0x000000000800198c                DMA1_Stream0_IRQHandler
 .text.DMA1_Stream3_IRQHandler
                0x000000000800199c       0x10 build/stm32f7xx_it.o
                0x000000000800199c                DMA1_Stream3_IRQHandler
 .text.DMA1_Stream4_IRQHandler
                0x00000000080019ac       0x10 build/stm32f7xx_it.o
                0x00000000080019ac                DMA1_Stream4_IRQHandler
 .text.DMA1_Stream6_IRQHandler
                0x00000000080019bc       0x10 build/stm32f7xx_it.o
                0x00000000080019bc                DMA1_Stream6_IRQHandler
 .text.TIM1_UP_TIM10_IRQHandler
                0x00000000080019cc       0x10 build/stm32f7xx_it.o
                0x00000000080019cc                TIM1_UP_TIM10_IRQHandler
 .text.TIM1_CC_IRQHandler
                0x00000000080019dc       0x10 build/stm32f7xx_it.o
                0x00000000080019dc                TIM1_CC_IRQHandler
 .text.I2C1_EV_IRQHandler
                0x00000000080019ec       0x10 build/stm32f7xx_it.o
                0x00000000080019ec                I2C1_EV_IRQHandler
 .text.I2C1_ER_IRQHandler
                0x00000000080019fc       0x10 build/stm32f7xx_it.o
                0x00000000080019fc                I2C1_ER_IRQHandler
 .text.SPI2_IRQHandler
                0x0000000008001a0c       0x10 build/stm32f7xx_it.o
                0x0000000008001a0c                SPI2_IRQHandler
 .text.TIM8_CC_IRQHandler
                0x0000000008001a1c       0x10 build/stm32f7xx_it.o
                0x0000000008001a1c                TIM8_CC_IRQHandler
 .text.TIM6_DAC_IRQHandler
                0x0000000008001a2c       0x10 build/stm32f7xx_it.o
                0x0000000008001a2c                TIM6_DAC_IRQHandler
 .text.TIM7_IRQHandler
                0x0000000008001a3c       0x10 build/stm32f7xx_it.o
                0x0000000008001a3c                TIM7_IRQHandler
 .text.OTG_HS_IRQHandler
                0x0000000008001a4c       0x10 build/stm32f7xx_it.o
                0x0000000008001a4c                OTG_HS_IRQHandler
 .text.HAL_MspInit
                0x0000000008001a5c       0x30 build/stm32f7xx_hal_msp.o
                0x0000000008001a5c                HAL_MspInit
 .text.HAL_RCC_OscConfig
                0x0000000008001a8c      0x434 build/stm32f7xx_hal_rcc.o
                0x0000000008001a8c                HAL_RCC_OscConfig
 .text.HAL_RCC_GetSysClockFreq
                0x0000000008001ec0       0xa4 build/stm32f7xx_hal_rcc.o
                0x0000000008001ec0                HAL_RCC_GetSysClockFreq
 .text.HAL_RCC_ClockConfig
                0x0000000008001f64      0x16c build/stm32f7xx_hal_rcc.o
                0x0000000008001f64                HAL_RCC_ClockConfig
 .text.HAL_RCC_GetHCLKFreq
                0x00000000080020d0        0xc build/stm32f7xx_hal_rcc.o
                0x00000000080020d0                HAL_RCC_GetHCLKFreq
 .text.HAL_RCCEx_PeriphCLKConfig
                0x00000000080020dc      0x4e4 build/stm32f7xx_hal_rcc_ex.o
                0x00000000080020dc                HAL_RCCEx_PeriphCLKConfig
 .text.HAL_GPIO_Init
                0x00000000080025c0      0x1e0 build/stm32f7xx_hal_gpio.o
                0x00000000080025c0                HAL_GPIO_Init
 .text.HAL_GPIO_ReadPin
                0x00000000080027a0        0xe build/stm32f7xx_hal_gpio.o
                0x00000000080027a0                HAL_GPIO_ReadPin
 .text.HAL_GPIO_WritePin
                0x00000000080027ae        0xc build/stm32f7xx_hal_gpio.o
                0x00000000080027ae                HAL_GPIO_WritePin
 .text.DMA_SetConfig
                0x00000000080027ba       0x2c build/stm32f7xx_hal_dma.o
 *fill*         0x00000000080027e6        0x2 
 .text.DMA_CalcBaseAndBitshift
                0x00000000080027e8       0x40 build/stm32f7xx_hal_dma.o
 .text.DMA_CheckFifoParam
                0x0000000008002828       0x8e build/stm32f7xx_hal_dma.o
 *fill*         0x00000000080028b6        0x2 
 .text.HAL_DMA_Init
                0x00000000080028b8       0xcc build/stm32f7xx_hal_dma.o
                0x00000000080028b8                HAL_DMA_Init
 .text.HAL_DMA_Start_IT
                0x0000000008002984       0x74 build/stm32f7xx_hal_dma.o
                0x0000000008002984                HAL_DMA_Start_IT
 .text.HAL_DMA_Abort_IT
                0x00000000080029f8       0x26 build/stm32f7xx_hal_dma.o
                0x00000000080029f8                HAL_DMA_Abort_IT
 *fill*         0x0000000008002a1e        0x2 
 .text.HAL_DMA_IRQHandler
                0x0000000008002a20      0x1dc build/stm32f7xx_hal_dma.o
                0x0000000008002a20                HAL_DMA_IRQHandler
 .text.HAL_DMA_GetState
                0x0000000008002bfc        0x6 build/stm32f7xx_hal_dma.o
                0x0000000008002bfc                HAL_DMA_GetState
 .text.HAL_DMA_GetError
                0x0000000008002c02        0x4 build/stm32f7xx_hal_dma.o
                0x0000000008002c02                HAL_DMA_GetError
 *fill*         0x0000000008002c06        0x2 
 .text.HAL_PWREx_EnableOverDrive
                0x0000000008002c08       0x7c build/stm32f7xx_hal_pwr_ex.o
                0x0000000008002c08                HAL_PWREx_EnableOverDrive
 .text.HAL_NVIC_SetPriorityGrouping
                0x0000000008002c84       0x24 build/stm32f7xx_hal_cortex.o
                0x0000000008002c84                HAL_NVIC_SetPriorityGrouping
 .text.HAL_NVIC_SetPriority
                0x0000000008002ca8       0x6c build/stm32f7xx_hal_cortex.o
                0x0000000008002ca8                HAL_NVIC_SetPriority
 .text.HAL_NVIC_EnableIRQ
                0x0000000008002d14       0x1c build/stm32f7xx_hal_cortex.o
                0x0000000008002d14                HAL_NVIC_EnableIRQ
 .text.HAL_SYSTICK_Config
                0x0000000008002d30       0x28 build/stm32f7xx_hal_cortex.o
                0x0000000008002d30                HAL_SYSTICK_Config
 .text.HAL_InitTick
                0x0000000008002d58       0x4c build/stm32f7xx_hal.o
                0x0000000008002d58                HAL_InitTick
 .text.HAL_Init
                0x0000000008002da4       0x24 build/stm32f7xx_hal.o
                0x0000000008002da4                HAL_Init
 .text.HAL_IncTick
                0x0000000008002dc8       0x18 build/stm32f7xx_hal.o
                0x0000000008002dc8                HAL_IncTick
 .text.HAL_GetTick
                0x0000000008002de0        0xc build/stm32f7xx_hal.o
                0x0000000008002de0                HAL_GetTick
 .text.HAL_Delay
                0x0000000008002dec       0x28 build/stm32f7xx_hal.o
                0x0000000008002dec                HAL_Delay
 .text.I2C_Flush_TXDR
                0x0000000008002e14       0x22 build/stm32f7xx_hal_i2c.o
 .text.I2C_TransferConfig
                0x0000000008002e36       0x3c build/stm32f7xx_hal_i2c.o
 *fill*         0x0000000008002e72        0x2 
 .text.I2C_Enable_IRQ
                0x0000000008002e74       0x80 build/stm32f7xx_hal_i2c.o
 .text.I2C_Disable_IRQ
                0x0000000008002ef4       0x70 build/stm32f7xx_hal_i2c.o
 .text.HAL_I2C_Init
                0x0000000008002f64       0xbc build/stm32f7xx_hal_i2c.o
                0x0000000008002f64                HAL_I2C_Init
 .text.HAL_I2C_Mem_Write_DMA
                0x0000000008003020      0x134 build/stm32f7xx_hal_i2c.o
                0x0000000008003020                HAL_I2C_Mem_Write_DMA
 .text.HAL_I2C_Mem_Read_DMA
                0x0000000008003154      0x134 build/stm32f7xx_hal_i2c.o
                0x0000000008003154                HAL_I2C_Mem_Read_DMA
 .text.HAL_I2C_EV_IRQHandler
                0x0000000008003288       0x10 build/stm32f7xx_hal_i2c.o
                0x0000000008003288                HAL_I2C_EV_IRQHandler
 .text.HAL_I2C_MasterTxCpltCallback
                0x0000000008003298        0x2 build/stm32f7xx_hal_i2c.o
                0x0000000008003298                HAL_I2C_MasterTxCpltCallback
 .text.HAL_I2C_MasterRxCpltCallback
                0x000000000800329a        0x2 build/stm32f7xx_hal_i2c.o
                0x000000000800329a                HAL_I2C_MasterRxCpltCallback
 .text.I2C_ITMasterSeqCplt
                0x000000000800329c       0x54 build/stm32f7xx_hal_i2c.o
 .text.HAL_I2C_SlaveTxCpltCallback
                0x00000000080032f0        0x2 build/stm32f7xx_hal_i2c.o
                0x00000000080032f0                HAL_I2C_SlaveTxCpltCallback
 .text.HAL_I2C_SlaveRxCpltCallback
                0x00000000080032f2        0x2 build/stm32f7xx_hal_i2c.o
                0x00000000080032f2                HAL_I2C_SlaveRxCpltCallback
 .text.I2C_ITSlaveSeqCplt
                0x00000000080032f4       0x82 build/stm32f7xx_hal_i2c.o
 .text.HAL_I2C_AddrCallback
                0x0000000008003376        0x2 build/stm32f7xx_hal_i2c.o
                0x0000000008003376                HAL_I2C_AddrCallback
 .text.I2C_ITAddrCplt
                0x0000000008003378       0xa0 build/stm32f7xx_hal_i2c.o
 .text.HAL_I2C_ListenCpltCallback
                0x0000000008003418        0x2 build/stm32f7xx_hal_i2c.o
                0x0000000008003418                HAL_I2C_ListenCpltCallback
 *fill*         0x000000000800341a        0x2 
 .text.I2C_ITListenCplt
                0x000000000800341c       0x68 build/stm32f7xx_hal_i2c.o
 .text.HAL_I2C_AbortCpltCallback
                0x0000000008003484        0x2 build/stm32f7xx_hal_i2c.o
                0x0000000008003484                HAL_I2C_AbortCpltCallback
 .text.I2C_TreatErrorCallback
                0x0000000008003486       0x2e build/stm32f7xx_hal_i2c.o
 .text.I2C_ITError
                0x00000000080034b4      0x108 build/stm32f7xx_hal_i2c.o
 .text.I2C_ITSlaveCplt
                0x00000000080035bc      0x168 build/stm32f7xx_hal_i2c.o
 .text.I2C_Slave_ISR_IT
                0x0000000008003724      0x150 build/stm32f7xx_hal_i2c.o
 .text.I2C_ITMasterCplt
                0x0000000008003874      0x12e build/stm32f7xx_hal_i2c.o
 .text.I2C_Slave_ISR_DMA
                0x00000000080039a2      0x126 build/stm32f7xx_hal_i2c.o
 .text.I2C_Master_ISR_DMA
                0x0000000008003ac8      0x142 build/stm32f7xx_hal_i2c.o
 .text.I2C_DMAError
                0x0000000008003c0a       0x44 build/stm32f7xx_hal_i2c.o
 .text.I2C_DMAMasterTransmitCplt
                0x0000000008003c4e       0x5a build/stm32f7xx_hal_i2c.o
 .text.I2C_DMAMasterReceiveCplt
                0x0000000008003ca8       0x5a build/stm32f7xx_hal_i2c.o
 *fill*         0x0000000008003d02        0x2 
 .text.I2C_Mem_ISR_DMA
                0x0000000008003d04      0x194 build/stm32f7xx_hal_i2c.o
 .text.HAL_I2C_ER_IRQHandler
                0x0000000008003e98       0x6a build/stm32f7xx_hal_i2c.o
                0x0000000008003e98                HAL_I2C_ER_IRQHandler
 .text.I2C_DMAAbort
                0x0000000008003f02       0x1a build/stm32f7xx_hal_i2c.o
 .text.HAL_I2C_GetError
                0x0000000008003f1c        0x4 build/stm32f7xx_hal_i2c.o
                0x0000000008003f1c                HAL_I2C_GetError
 .text.HAL_I2CEx_ConfigAnalogFilter
                0x0000000008003f20       0x5c build/stm32f7xx_hal_i2c_ex.o
                0x0000000008003f20                HAL_I2CEx_ConfigAnalogFilter
 .text.HAL_I2CEx_ConfigDigitalFilter
                0x0000000008003f7c       0x58 build/stm32f7xx_hal_i2c_ex.o
                0x0000000008003f7c                HAL_I2CEx_ConfigDigitalFilter
 .text.HAL_RNG_Init
                0x0000000008003fd4       0x2e build/stm32f7xx_hal_rng.o
                0x0000000008003fd4                HAL_RNG_Init
 *fill*         0x0000000008004002        0x2 
 .text.SPI_WaitFlagStateUntilTimeout
                0x0000000008004004       0xd4 build/stm32f7xx_hal_spi.o
 .text.SPI_WaitFifoStateUntilTimeout
                0x00000000080040d8       0xf4 build/stm32f7xx_hal_spi.o
 .text.SPI_EndRxTxTransaction
                0x00000000080041cc       0xa0 build/stm32f7xx_hal_spi.o
 .text.SPI_EndRxTransaction
                0x000000000800426c       0xc4 build/stm32f7xx_hal_spi.o
 .text.HAL_SPI_Init
                0x0000000008004330       0xe8 build/stm32f7xx_hal_spi.o
                0x0000000008004330                HAL_SPI_Init
 .text.HAL_SPI_Transmit
                0x0000000008004418      0x200 build/stm32f7xx_hal_spi.o
                0x0000000008004418                HAL_SPI_Transmit
 .text.HAL_SPI_TransmitReceive_DMA
                0x0000000008004618      0x210 build/stm32f7xx_hal_spi.o
                0x0000000008004618                HAL_SPI_TransmitReceive_DMA
 .text.HAL_SPI_RxCpltCallback
                0x0000000008004828        0x2 build/stm32f7xx_hal_spi.o
                0x0000000008004828                HAL_SPI_RxCpltCallback
 .text.HAL_SPI_RxHalfCpltCallback
                0x000000000800482a        0x2 build/stm32f7xx_hal_spi.o
                0x000000000800482a                HAL_SPI_RxHalfCpltCallback
 .text.SPI_DMAHalfReceiveCplt
                0x000000000800482c        0xa build/stm32f7xx_hal_spi.o
 .text.HAL_SPI_TxRxHalfCpltCallback
                0x0000000008004836        0x2 build/stm32f7xx_hal_spi.o
                0x0000000008004836                HAL_SPI_TxRxHalfCpltCallback
 .text.SPI_DMAHalfTransmitReceiveCplt
                0x0000000008004838        0xa build/stm32f7xx_hal_spi.o
 .text.HAL_SPI_ErrorCallback
                0x0000000008004842        0x2 build/stm32f7xx_hal_spi.o
                0x0000000008004842                HAL_SPI_ErrorCallback
 .text.SPI_DMAError
                0x0000000008004844       0x22 build/stm32f7xx_hal_spi.o
 .text.SPI_DMAReceiveCplt
                0x0000000008004866       0x70 build/stm32f7xx_hal_spi.o
 .text.SPI_DMATransmitReceiveCplt
                0x00000000080048d6       0x5e build/stm32f7xx_hal_spi.o
 .text.HAL_SPI_IRQHandler
                0x0000000008004934      0x124 build/stm32f7xx_hal_spi.o
                0x0000000008004934                HAL_SPI_IRQHandler
 .text.SPI_DMAAbortOnError
                0x0000000008004a58       0x12 build/stm32f7xx_hal_spi.o
 *fill*         0x0000000008004a6a        0x2 
 .text.TIM_OC1_SetConfig
                0x0000000008004a6c       0x68 build/stm32f7xx_hal_tim.o
 .text.TIM_OC3_SetConfig
                0x0000000008004ad4       0x70 build/stm32f7xx_hal_tim.o
 .text.TIM_OC4_SetConfig
                0x0000000008004b44       0x54 build/stm32f7xx_hal_tim.o
 .text.TIM_OC5_SetConfig
                0x0000000008004b98       0x54 build/stm32f7xx_hal_tim.o
 .text.TIM_OC6_SetConfig
                0x0000000008004bec       0x54 build/stm32f7xx_hal_tim.o
 .text.TIM_TI1_ConfigInputStage
                0x0000000008004c40       0x26 build/stm32f7xx_hal_tim.o
 .text.TIM_TI2_ConfigInputStage
                0x0000000008004c66       0x28 build/stm32f7xx_hal_tim.o
 .text.TIM_ITRx_SetConfig
                0x0000000008004c8e       0x10 build/stm32f7xx_hal_tim.o
 *fill*         0x0000000008004c9e        0x2 
 .text.HAL_TIM_Base_Start_IT
                0x0000000008004ca0       0x90 build/stm32f7xx_hal_tim.o
                0x0000000008004ca0                HAL_TIM_Base_Start_IT
 .text.HAL_TIM_IC_CaptureCallback
                0x0000000008004d30        0x2 build/stm32f7xx_hal_tim.o
                0x0000000008004d30                HAL_TIM_IC_CaptureCallback
 .text.HAL_TIM_PWM_PulseFinishedCallback
                0x0000000008004d32        0x2 build/stm32f7xx_hal_tim.o
                0x0000000008004d32                HAL_TIM_PWM_PulseFinishedCallback
 .text.HAL_TIM_TriggerCallback
                0x0000000008004d34        0x2 build/stm32f7xx_hal_tim.o
                0x0000000008004d34                HAL_TIM_TriggerCallback
 .text.HAL_TIM_IRQHandler
                0x0000000008004d36      0x19a build/stm32f7xx_hal_tim.o
                0x0000000008004d36                HAL_TIM_IRQHandler
 .text.TIM_Base_SetConfig
                0x0000000008004ed0      0x110 build/stm32f7xx_hal_tim.o
                0x0000000008004ed0                TIM_Base_SetConfig
 .text.HAL_TIM_Base_Init
                0x0000000008004fe0       0x60 build/stm32f7xx_hal_tim.o
                0x0000000008004fe0                HAL_TIM_Base_Init
 .text.HAL_TIM_OC_Init
                0x0000000008005040       0x60 build/stm32f7xx_hal_tim.o
                0x0000000008005040                HAL_TIM_OC_Init
 .text.TIM_OC2_SetConfig
                0x00000000080050a0       0x70 build/stm32f7xx_hal_tim.o
                0x00000000080050a0                TIM_OC2_SetConfig
 .text.HAL_TIM_OC_ConfigChannel
                0x0000000008005110       0x7a build/stm32f7xx_hal_tim.o
                0x0000000008005110                HAL_TIM_OC_ConfigChannel
 .text.TIM_ETR_SetConfig
                0x000000000800518a       0x1a build/stm32f7xx_hal_tim.o
                0x000000000800518a                TIM_ETR_SetConfig
 .text.HAL_TIM_ConfigClockSource
                0x00000000080051a4      0x100 build/stm32f7xx_hal_tim.o
                0x00000000080051a4                HAL_TIM_ConfigClockSource
 .text.TIM_CCxChannelCmd
                0x00000000080052a4       0x1e build/stm32f7xx_hal_tim.o
                0x00000000080052a4                TIM_CCxChannelCmd
 *fill*         0x00000000080052c2        0x2 
 .text.HAL_TIM_OC_Start_IT
                0x00000000080052c4      0x198 build/stm32f7xx_hal_tim.o
                0x00000000080052c4                HAL_TIM_OC_Start_IT
 .text.HAL_TIM_OC_Stop_IT
                0x000000000800545c       0xf8 build/stm32f7xx_hal_tim.o
                0x000000000800545c                HAL_TIM_OC_Stop_IT
 .text.HAL_TIMEx_MasterConfigSynchronization
                0x0000000008005554       0xa0 build/stm32f7xx_hal_tim_ex.o
                0x0000000008005554                HAL_TIMEx_MasterConfigSynchronization
 .text.HAL_TIMEx_ConfigBreakDeadTime
                0x00000000080055f4       0x90 build/stm32f7xx_hal_tim_ex.o
                0x00000000080055f4                HAL_TIMEx_ConfigBreakDeadTime
 .text.HAL_TIMEx_CommutCallback
                0x0000000008005684        0x2 build/stm32f7xx_hal_tim_ex.o
                0x0000000008005684                HAL_TIMEx_CommutCallback
 .text.HAL_TIMEx_BreakCallback
                0x0000000008005686        0x2 build/stm32f7xx_hal_tim_ex.o
                0x0000000008005686                HAL_TIMEx_BreakCallback
 .text.HAL_TIMEx_Break2Callback
                0x0000000008005688        0x2 build/stm32f7xx_hal_tim_ex.o
                0x0000000008005688                HAL_TIMEx_Break2Callback
 *fill*         0x000000000800568a        0x2 
 .text.SystemInit
                0x000000000800568c       0x14 build/system_stm32f7xx.o
                0x000000000800568c                SystemInit
 .text.PCD_WriteEmptyTxFifo
                0x00000000080056a0       0xd0 build/stm32f7xx_hal_pcd.o
 .text.HAL_PCD_Init
                0x0000000008005770      0x13c build/stm32f7xx_hal_pcd.o
                0x0000000008005770                HAL_PCD_Init
 .text.HAL_PCD_Start
                0x00000000080058ac       0x2a build/stm32f7xx_hal_pcd.o
                0x00000000080058ac                HAL_PCD_Start
 *fill*         0x00000000080058d6        0x2 
 .text.PCD_EP_OutXfrComplete_int
                0x00000000080058d8      0x104 build/stm32f7xx_hal_pcd.o
 .text.PCD_EP_OutSetupPacket_int
                0x00000000080059dc       0x50 build/stm32f7xx_hal_pcd.o
 .text.HAL_PCD_SetAddress
                0x0000000008005a2c       0x28 build/stm32f7xx_hal_pcd.o
                0x0000000008005a2c                HAL_PCD_SetAddress
 .text.HAL_PCD_EP_Open
                0x0000000008005a54       0x8a build/stm32f7xx_hal_pcd.o
                0x0000000008005a54                HAL_PCD_EP_Open
 .text.HAL_PCD_EP_Close
                0x0000000008005ade       0x72 build/stm32f7xx_hal_pcd.o
                0x0000000008005ade                HAL_PCD_EP_Close
 .text.HAL_PCD_EP_Receive
                0x0000000008005b50       0x5e build/stm32f7xx_hal_pcd.o
                0x0000000008005b50                HAL_PCD_EP_Receive
 .text.HAL_PCD_EP_GetRxCount
                0x0000000008005bae       0x12 build/stm32f7xx_hal_pcd.o
                0x0000000008005bae                HAL_PCD_EP_GetRxCount
 .text.HAL_PCD_EP_Transmit
                0x0000000008005bc0       0x5e build/stm32f7xx_hal_pcd.o
                0x0000000008005bc0                HAL_PCD_EP_Transmit
 .text.HAL_PCD_EP_SetStall
                0x0000000008005c1e       0x88 build/stm32f7xx_hal_pcd.o
                0x0000000008005c1e                HAL_PCD_EP_SetStall
 .text.HAL_PCD_EP_ClrStall
                0x0000000008005ca6       0x76 build/stm32f7xx_hal_pcd.o
                0x0000000008005ca6                HAL_PCD_EP_ClrStall
 .text.HAL_PCD_EP_Abort
                0x0000000008005d1c       0x34 build/stm32f7xx_hal_pcd.o
                0x0000000008005d1c                HAL_PCD_EP_Abort
 .text.HAL_PCD_IRQHandler
                0x0000000008005d50      0x606 build/stm32f7xx_hal_pcd.o
                0x0000000008005d50                HAL_PCD_IRQHandler
 .text.HAL_PCDEx_SetTxFiFo
                0x0000000008006356       0x4c build/stm32f7xx_hal_pcd_ex.o
                0x0000000008006356                HAL_PCDEx_SetTxFiFo
 .text.HAL_PCDEx_SetRxFiFo
                0x00000000080063a2        0x8 build/stm32f7xx_hal_pcd_ex.o
                0x00000000080063a2                HAL_PCDEx_SetRxFiFo
 *fill*         0x00000000080063aa        0x2 
 .text.HAL_PCDEx_ActivateLPM
                0x00000000080063ac       0x28 build/stm32f7xx_hal_pcd_ex.o
                0x00000000080063ac                HAL_PCDEx_ActivateLPM
 .text.HAL_PCDEx_LPM_Callback
                0x00000000080063d4        0x2 build/stm32f7xx_hal_pcd_ex.o
                0x00000000080063d4                HAL_PCDEx_LPM_Callback
 *fill*         0x00000000080063d6        0x2 
 .text.USB_CoreReset
                0x00000000080063d8       0x50 build/stm32f7xx_ll_usb.o
 .text.USB_HS_PHYCInit
                0x0000000008006428       0x5c build/stm32f7xx_ll_usb.o
 .text.USB_CoreInit
                0x0000000008006484       0xd4 build/stm32f7xx_ll_usb.o
                0x0000000008006484                USB_CoreInit
 .text.USB_SetTurnaroundTime
                0x0000000008006558       0xe4 build/stm32f7xx_ll_usb.o
                0x0000000008006558                USB_SetTurnaroundTime
 .text.USB_EnableGlobalInt
                0x000000000800663c        0xc build/stm32f7xx_ll_usb.o
                0x000000000800663c                USB_EnableGlobalInt
 .text.USB_DisableGlobalInt
                0x0000000008006648        0xc build/stm32f7xx_ll_usb.o
                0x0000000008006648                USB_DisableGlobalInt
 .text.USB_FlushTxFifo
                0x0000000008006654       0x50 build/stm32f7xx_ll_usb.o
                0x0000000008006654                USB_FlushTxFifo
 .text.USB_FlushRxFifo
                0x00000000080066a4       0x4c build/stm32f7xx_ll_usb.o
                0x00000000080066a4                USB_FlushRxFifo
 .text.USB_SetDevSpeed
                0x00000000080066f0        0xe build/stm32f7xx_ll_usb.o
                0x00000000080066f0                USB_SetDevSpeed
 *fill*         0x00000000080066fe        0x2 
 .text.USB_DevInit
                0x0000000008006700      0x1a4 build/stm32f7xx_ll_usb.o
                0x0000000008006700                USB_DevInit
 .text.USB_GetDevSpeed
                0x00000000080068a4       0x1e build/stm32f7xx_ll_usb.o
                0x00000000080068a4                USB_GetDevSpeed
 *fill*         0x00000000080068c2        0x2 
 .text.USB_ActivateEndpoint
                0x00000000080068c4       0x9c build/stm32f7xx_ll_usb.o
                0x00000000080068c4                USB_ActivateEndpoint
 .text.USB_DeactivateEndpoint
                0x0000000008006960       0xe0 build/stm32f7xx_ll_usb.o
                0x0000000008006960                USB_DeactivateEndpoint
 .text.USB_EP0StartXfer
                0x0000000008006a40      0x120 build/stm32f7xx_ll_usb.o
                0x0000000008006a40                USB_EP0StartXfer
 .text.USB_EPStopXfer
                0x0000000008006b60       0xbe build/stm32f7xx_ll_usb.o
                0x0000000008006b60                USB_EPStopXfer
 .text.USB_WritePacket
                0x0000000008006c1e       0x2e build/stm32f7xx_ll_usb.o
                0x0000000008006c1e                USB_WritePacket
 .text.USB_EPStartXfer
                0x0000000008006c4c      0x230 build/stm32f7xx_ll_usb.o
                0x0000000008006c4c                USB_EPStartXfer
 .text.USB_ReadPacket
                0x0000000008006e7c       0x54 build/stm32f7xx_ll_usb.o
                0x0000000008006e7c                USB_ReadPacket
 .text.USB_EPSetStall
                0x0000000008006ed0       0x5a build/stm32f7xx_ll_usb.o
                0x0000000008006ed0                USB_EPSetStall
 .text.USB_EPClearStall
                0x0000000008006f2a       0x5c build/stm32f7xx_ll_usb.o
                0x0000000008006f2a                USB_EPClearStall
 .text.USB_SetDevAddress
                0x0000000008006f86       0x20 build/stm32f7xx_ll_usb.o
                0x0000000008006f86                USB_SetDevAddress
 .text.USB_DevConnect
                0x0000000008006fa6       0x1c build/stm32f7xx_ll_usb.o
                0x0000000008006fa6                USB_DevConnect
 .text.USB_DevDisconnect
                0x0000000008006fc2       0x1c build/stm32f7xx_ll_usb.o
                0x0000000008006fc2                USB_DevDisconnect
 .text.USB_ReadInterrupts
                0x0000000008006fde        0x8 build/stm32f7xx_ll_usb.o
                0x0000000008006fde                USB_ReadInterrupts
 .text.USB_ReadDevAllOutEpInterrupt
                0x0000000008006fe6       0x10 build/stm32f7xx_ll_usb.o
                0x0000000008006fe6                USB_ReadDevAllOutEpInterrupt
 .text.USB_ReadDevAllInEpInterrupt
                0x0000000008006ff6       0x10 build/stm32f7xx_ll_usb.o
                0x0000000008006ff6                USB_ReadDevAllInEpInterrupt
 .text.USB_ReadDevOutEPInterrupt
                0x0000000008007006       0x12 build/stm32f7xx_ll_usb.o
                0x0000000008007006                USB_ReadDevOutEPInterrupt
 .text.USB_ReadDevInEPInterrupt
                0x0000000008007018       0x28 build/stm32f7xx_ll_usb.o
                0x0000000008007018                USB_ReadDevInEPInterrupt
 .text.USB_GetMode
                0x0000000008007040        0x8 build/stm32f7xx_ll_usb.o
                0x0000000008007040                USB_GetMode
 .text.USB_SetCurrentMode
                0x0000000008007048       0x62 build/stm32f7xx_ll_usb.o
                0x0000000008007048                USB_SetCurrentMode
 *fill*         0x00000000080070aa        0x2 
 .text.USB_ActivateSetup
                0x00000000080070ac       0x20 build/stm32f7xx_ll_usb.o
                0x00000000080070ac                USB_ActivateSetup
 .text.USB_EP0_OutStart
                0x00000000080070cc       0x60 build/stm32f7xx_ll_usb.o
                0x00000000080070cc                USB_EP0_OutStart
 .text.NyanBitcoinInit
                0x000000000800712c        0xe build/nyan_bitcoin.o
                0x000000000800712c                NyanBitcoinInit
 *fill*         0x000000000800713a        0x6 
 .text.getSystemStatusOCRValue
                0x0000000008007140       0x60 build/nyan_leds.o
                0x0000000008007140                getSystemStatusOCRValue
 .text.NyanPrint
                0x00000000080071a0       0xa0 build/nyan_os.o
                0x00000000080071a0                NyanPrint
 .text.NyanWelcomeDisplay
                0x0000000008007240       0x3c build/nyan_os.o
                0x0000000008007240                NyanWelcomeDisplay
 .text.NyanCdcTX
                0x000000000800727c       0xb4 build/nyan_os.o
                0x000000000800727c                NyanCdcTX
 .text.NyanExeGetinfo
                0x0000000008007330       0x70 build/nyan_os.o
                0x0000000008007330                NyanExeGetinfo
 .text.NyanExeSetOwner
                0x00000000080073a0      0x10a build/nyan_os.o
                0x00000000080073a0                NyanExeSetOwner
 *fill*         0x00000000080074aa        0x2 
 .text.NyanExeWriteFpgaBitstream
                0x00000000080074ac      0x1ec build/nyan_os.o
                0x00000000080074ac                NyanExeWriteFpgaBitstream
 .text.NyanExecute
                0x0000000008007698       0xcc build/nyan_os.o
                0x0000000008007698                NyanExecute
 .text.FreeNyanCommandArgs
                0x0000000008007764       0x34 build/nyan_os.o
                0x0000000008007764                FreeNyanCommandArgs
 .text.NyanDecodeArgs
                0x0000000008007798       0x98 build/nyan_os.o
                0x0000000008007798                NyanDecodeArgs
 .text.NyanDecode
                0x0000000008007830       0x48 build/nyan_os.o
                0x0000000008007830                NyanDecode
 .text.FreeNyanString
                0x0000000008007878       0x24 build/nyan_os.o
                0x0000000008007878                FreeNyanString
 .text.ClearNyanCommandBuffer
                0x000000000800789c       0x12 build/nyan_os.o
                0x000000000800789c                ClearNyanCommandBuffer
 *fill*         0x00000000080078ae        0x2 
 .text.NyanOsInit
                0x00000000080078b0       0x60 build/nyan_os.o
                0x00000000080078b0                NyanOsInit
 .text.NyanAddInputBuffer
                0x0000000008007910      0x15c build/nyan_os.o
                0x0000000008007910                NyanAddInputBuffer
 .text.NyanKeysInit
                0x0000000008007a6c       0x1c build/nyan_keys.o
                0x0000000008007a6c                NyanKeysInit
 .text.NyanGetKeys
                0x0000000008007a88       0x38 build/nyan_keys.o
                0x0000000008007a88                NyanGetKeys
 .text.sha256_transform
                0x0000000008007ac0      0x164 build/nyan_sha256.o
                0x0000000008007ac0                sha256_transform
 .text.sha256_init
                0x0000000008007c24       0x54 build/nyan_sha256.o
                0x0000000008007c24                sha256_init
 .text.sha256_update
                0x0000000008007c78       0x40 build/nyan_sha256.o
                0x0000000008007c78                sha256_update
 .text.sha256_final
                0x0000000008007cb8       0xe8 build/nyan_sha256.o
                0x0000000008007cb8                sha256_final
 .text.read_bit
                0x0000000008007da0       0x32 build/iceuncompr.o
                0x0000000008007da0                read_bit
 *fill*         0x0000000008007dd2        0x2 
 .text.write_bit
                0x0000000008007dd4       0x38 build/iceuncompr.o
                0x0000000008007dd4                write_bit
 .text.read_int
                0x0000000008007e0c       0x2e build/iceuncompr.o
                0x0000000008007e0c                read_int
 .text.write_zeros
                0x0000000008007e3a       0x18 build/iceuncompr.o
                0x0000000008007e3a                write_zeros
 *fill*         0x0000000008007e52        0x2 
 .text.ice_uncompress
                0x0000000008007e54      0x108 build/iceuncompr.o
                0x0000000008007e54                ice_uncompress
 .text.WriteUncomprBitstream
                0x0000000008007f5c       0x24 build/iceuncompr.o
                0x0000000008007f5c                WriteUncomprBitstream
 .text.FPGAGetBitstreamData
                0x0000000008007f80       0x7c build/lattice_ice_hx.o
                0x0000000008007f80                FPGAGetBitstreamData
 .text.FPGAGetBitstreamCompressedSize
                0x0000000008007ffc       0x28 build/lattice_ice_hx.o
                0x0000000008007ffc                FPGAGetBitstreamCompressedSize
 .text.FPGAInit
                0x0000000008008024       0xac build/lattice_ice_hx.o
                0x0000000008008024                FPGAInit
 .text.EepromInit
                0x00000000080080d0       0x2a build/24xx_eeprom.o
                0x00000000080080d0                EepromInit
 .text.EepromFlushTxBuff
                0x00000000080080fa       0x10 build/24xx_eeprom.o
                0x00000000080080fa                EepromFlushTxBuff
 .text.EepromCreateControlByte
                0x000000000800810a       0x26 build/24xx_eeprom.o
                0x000000000800810a                EepromCreateControlByte
 .text.EepromWrite
                0x0000000008008130       0x44 build/24xx_eeprom.o
                0x0000000008008130                EepromWrite
 .text.EepromRead
                0x0000000008008174       0x50 build/24xx_eeprom.o
                0x0000000008008174                EepromRead
 .text.MX_TIM1_Init
                0x00000000080081c4       0xe0 build/tim.o
                0x00000000080081c4                MX_TIM1_Init
 .text.MX_TIM6_Init
                0x00000000080082a4       0x50 build/tim.o
                0x00000000080082a4                MX_TIM6_Init
 .text.MX_TIM7_Init
                0x00000000080082f4       0x54 build/tim.o
                0x00000000080082f4                MX_TIM7_Init
 .text.MX_TIM8_Init
                0x0000000008008348       0xf4 build/tim.o
                0x0000000008008348                MX_TIM8_Init
 .text.HAL_TIM_OC_MspInit
                0x000000000800843c       0x50 build/tim.o
                0x000000000800843c                HAL_TIM_OC_MspInit
 .text.HAL_TIM_Base_MspInit
                0x000000000800848c       0xa0 build/tim.o
                0x000000000800848c                HAL_TIM_Base_MspInit
 .text.MX_USB_OTG_HS_PCD_Init
                0x000000000800852c       0x38 build/usb_otg.o
                0x000000000800852c                MX_USB_OTG_HS_PCD_Init
 .text.HAL_PCD_MspInit
                0x0000000008008564       0xf8 build/usb_otg.o
                0x0000000008008564                HAL_PCD_MspInit
 .text.USBD_COMPOSITE_Init
                0x000000000800865c       0x24 build/usbd_composite.o
 .text.USBD_COMPOSITE_DeInit
                0x0000000008008680       0x24 build/usbd_composite.o
 .text.USBD_COMPOSITE_Setup
                0x00000000080086a4       0x54 build/usbd_composite.o
 .text.USBD_COMPOSITE_DataIn
                0x00000000080086f8       0x58 build/usbd_composite.o
 .text.USBD_COMPOSITE_EP0_RxReady
                0x0000000008008750       0x10 build/usbd_composite.o
 .text.USBD_COMPOSITE_EP0_TxReady
                0x0000000008008760        0x4 build/usbd_composite.o
 .text.USBD_COMPOSITE_SOF
                0x0000000008008764        0x4 build/usbd_composite.o
 .text.USBD_COMPOSITE_IsoINIncomplete
                0x0000000008008768        0x4 build/usbd_composite.o
 .text.USBD_COMPOSITE_IsoOutIncomplete
                0x000000000800876c        0x4 build/usbd_composite.o
 .text.USBD_COMPOSITE_DataOut
                0x0000000008008770       0x28 build/usbd_composite.o
 .text.USBD_COMPOSITE_GetHSCfgDesc
                0x0000000008008798        0xc build/usbd_composite.o
 .text.USBD_COMPOSITE_GetFSCfgDesc
                0x00000000080087a4        0xc build/usbd_composite.o
 .text.USBD_COMPOSITE_GetOtherSpeedCfgDesc
                0x00000000080087b0        0xc build/usbd_composite.o
 .text.USBD_COMPOSITE_GetDeviceQualifierDesc
                0x00000000080087bc        0xc build/usbd_composite.o
 .text.USBD_COMPOSITE_GetUsrStringDesc
                0x00000000080087c8       0x7c build/usbd_composite.o
 .text.USBD_COMPOSITE_Mount_Class
                0x0000000008008844      0x13c build/usbd_composite.o
                0x0000000008008844                USBD_COMPOSITE_Mount_Class
 .text.USBD_HID_GetFSCfgDesc
                0x0000000008008980        0xc build/usbd_hid_keyboard.o
 .text.USBD_HID_GetHSCfgDesc
                0x000000000800898c        0xc build/usbd_hid_keyboard.o
 .text.USBD_HID_GetOtherSpeedCfgDesc
                0x0000000008008998        0xc build/usbd_hid_keyboard.o
 .text.USBD_HID_DataIn
                0x00000000080089a4        0xa build/usbd_hid_keyboard.o
 *fill*         0x00000000080089ae        0x2 
 .text.USBD_HID_GetDeviceQualifierDesc
                0x00000000080089b0        0xc build/usbd_hid_keyboard.o
 .text.USBD_HID_Setup
                0x00000000080089bc      0x124 build/usbd_hid_keyboard.o
 .text.USBD_HID_DeInit
                0x0000000008008ae0       0x34 build/usbd_hid_keyboard.o
 .text.USBD_HID_Init
                0x0000000008008b14       0x68 build/usbd_hid_keyboard.o
 .text.USBD_Update_HID_KBD_DESC
                0x0000000008008b7c       0x20 build/usbd_hid_keyboard.o
                0x0000000008008b7c                USBD_Update_HID_KBD_DESC
 .text.USBD_Init
                0x0000000008008b9c       0x2a build/usbd_core.o
                0x0000000008008b9c                USBD_Init
 .text.USBD_RegisterClass
                0x0000000008008bc6       0x44 build/usbd_core.o
                0x0000000008008bc6                USBD_RegisterClass
 .text.USBD_Start
                0x0000000008008c0a        0x8 build/usbd_core.o
                0x0000000008008c0a                USBD_Start
 .text.USBD_SetClassConfig
                0x0000000008008c12       0x12 build/usbd_core.o
                0x0000000008008c12                USBD_SetClassConfig
 .text.USBD_ClrClassConfig
                0x0000000008008c24       0x10 build/usbd_core.o
                0x0000000008008c24                USBD_ClrClassConfig
 .text.USBD_LL_SetupStage
                0x0000000008008c34       0x58 build/usbd_core.o
                0x0000000008008c34                USBD_LL_SetupStage
 .text.USBD_LL_DataOutStage
                0x0000000008008c8c       0x78 build/usbd_core.o
                0x0000000008008c8c                USBD_LL_DataOutStage
 .text.USBD_LL_DataInStage
                0x0000000008008d04       0xbe build/usbd_core.o
                0x0000000008008d04                USBD_LL_DataInStage
 .text.USBD_LL_Reset
                0x0000000008008dc2       0x54 build/usbd_core.o
                0x0000000008008dc2                USBD_LL_Reset
 .text.USBD_LL_SetSpeed
                0x0000000008008e16        0x6 build/usbd_core.o
                0x0000000008008e16                USBD_LL_SetSpeed
 .text.USBD_LL_Suspend
                0x0000000008008e1c       0x14 build/usbd_core.o
                0x0000000008008e1c                USBD_LL_Suspend
 .text.USBD_LL_Resume
                0x0000000008008e30       0x1a build/usbd_core.o
                0x0000000008008e30                USBD_LL_Resume
 .text.USBD_LL_SOF
                0x0000000008008e4a       0x28 build/usbd_core.o
                0x0000000008008e4a                USBD_LL_SOF
 .text.USBD_LL_IsoINIncomplete
                0x0000000008008e72       0x28 build/usbd_core.o
                0x0000000008008e72                USBD_LL_IsoINIncomplete
 .text.USBD_LL_IsoOUTIncomplete
                0x0000000008008e9a       0x28 build/usbd_core.o
                0x0000000008008e9a                USBD_LL_IsoOUTIncomplete
 .text.USBD_LL_DevConnected
                0x0000000008008ec2        0x4 build/usbd_core.o
                0x0000000008008ec2                USBD_LL_DevConnected
 .text.USBD_LL_DevDisconnected
                0x0000000008008ec6       0x18 build/usbd_core.o
                0x0000000008008ec6                USBD_LL_DevDisconnected
 .text.USBD_GetLen
                0x0000000008008ede       0x14 build/usbd_ctlreq.o
 .text.USBD_SetFeature
                0x0000000008008ef2       0x14 build/usbd_ctlreq.o
 .text.USBD_ParseSetupRequest
                0x0000000008008f06       0x28 build/usbd_ctlreq.o
                0x0000000008008f06                USBD_ParseSetupRequest
 .text.USBD_CtlError
                0x0000000008008f2e       0x14 build/usbd_ctlreq.o
                0x0000000008008f2e                USBD_CtlError
 .text.USBD_GetDescriptor
                0x0000000008008f42      0x19a build/usbd_ctlreq.o
 .text.USBD_SetAddress
                0x00000000080090dc       0x50 build/usbd_ctlreq.o
 .text.USBD_SetConfig
                0x000000000800912c       0xc8 build/usbd_ctlreq.o
 .text.USBD_GetConfig
                0x00000000080091f4       0x40 build/usbd_ctlreq.o
 .text.USBD_GetStatus
                0x0000000008009234       0x38 build/usbd_ctlreq.o
 .text.USBD_ClrFeature
                0x000000000800926c       0x26 build/usbd_ctlreq.o
 .text.USBD_StdDevReq
                0x0000000008009292       0x70 build/usbd_ctlreq.o
                0x0000000008009292                USBD_StdDevReq
 .text.USBD_StdItfReq
                0x0000000008009302       0x68 build/usbd_ctlreq.o
                0x0000000008009302                USBD_StdItfReq
 .text.USBD_StdEPReq
                0x000000000800936a      0x1f2 build/usbd_ctlreq.o
                0x000000000800936a                USBD_StdEPReq
 .text.USBD_GetString
                0x000000000800955c       0x3a build/usbd_ctlreq.o
                0x000000000800955c                USBD_GetString
 .text.USBD_CtlSendData
                0x0000000008009596       0x1a build/usbd_ioreq.o
                0x0000000008009596                USBD_CtlSendData
 .text.USBD_CtlContinueSendData
                0x00000000080095b0       0x10 build/usbd_ioreq.o
                0x00000000080095b0                USBD_CtlContinueSendData
 .text.USBD_CtlPrepareRx
                0x00000000080095c0       0x1e build/usbd_ioreq.o
                0x00000000080095c0                USBD_CtlPrepareRx
 .text.USBD_CtlContinueRx
                0x00000000080095de       0x10 build/usbd_ioreq.o
                0x00000000080095de                USBD_CtlContinueRx
 .text.USBD_CtlSendStatus
                0x00000000080095ee       0x16 build/usbd_ioreq.o
                0x00000000080095ee                USBD_CtlSendStatus
 .text.USBD_CtlReceiveStatus
                0x0000000008009604       0x16 build/usbd_ioreq.o
                0x0000000008009604                USBD_CtlReceiveStatus
 *fill*         0x000000000800961a        0x2 
 .text.MX_USB_DEVICE_Init
                0x000000000800961c       0x58 build/usb_device.o
                0x000000000800961c                MX_USB_DEVICE_Init
 .text.USBD_DeviceDescriptor
                0x0000000008009674        0xc build/usbd_desc.o
                0x0000000008009674                USBD_DeviceDescriptor
 .text.USBD_LangIDStrDescriptor
                0x0000000008009680        0xc build/usbd_desc.o
                0x0000000008009680                USBD_LangIDStrDescriptor
 .text.IntToUnicode
                0x000000000800968c       0x46 build/usbd_desc.o
 *fill*         0x00000000080096d2        0x2 
 .text.Get_SerialNum
                0x00000000080096d4       0x38 build/usbd_desc.o
 .text.USBD_SerialStrDescriptor
                0x000000000800970c       0x14 build/usbd_desc.o
                0x000000000800970c                USBD_SerialStrDescriptor
 .text.USBD_ProductStrDescriptor
                0x0000000008009720       0x24 build/usbd_desc.o
                0x0000000008009720                USBD_ProductStrDescriptor
 .text.USBD_ManufacturerStrDescriptor
                0x0000000008009744       0x1c build/usbd_desc.o
                0x0000000008009744                USBD_ManufacturerStrDescriptor
 .text.USBD_ConfigStrDescriptor
                0x0000000008009760       0x24 build/usbd_desc.o
                0x0000000008009760                USBD_ConfigStrDescriptor
 .text.USBD_InterfaceStrDescriptor
                0x0000000008009784       0x24 build/usbd_desc.o
                0x0000000008009784                USBD_InterfaceStrDescriptor
 .text.HAL_PCDEx_SetTxFiFoInBytes
                0x00000000080097a8        0xa build/usbd_conf.o
                0x00000000080097a8                HAL_PCDEx_SetTxFiFoInBytes
 .text.HAL_PCDEx_SetRxFiFoInBytes
                0x00000000080097b2        0xa build/usbd_conf.o
                0x00000000080097b2                HAL_PCDEx_SetRxFiFoInBytes
 .text.HAL_PCD_SetupStageCallback
                0x00000000080097bc       0x10 build/usbd_conf.o
                0x00000000080097bc                HAL_PCD_SetupStageCallback
 .text.HAL_PCD_DataOutStageCallback
                0x00000000080097cc       0x18 build/usbd_conf.o
                0x00000000080097cc                HAL_PCD_DataOutStageCallback
 .text.HAL_PCD_DataInStageCallback
                0x00000000080097e4       0x16 build/usbd_conf.o
                0x00000000080097e4                HAL_PCD_DataInStageCallback
 .text.HAL_PCD_SOFCallback
                0x00000000080097fa        0xc build/usbd_conf.o
                0x00000000080097fa                HAL_PCD_SOFCallback
 .text.HAL_PCD_ResetCallback
                0x0000000008009806       0x2c build/usbd_conf.o
                0x0000000008009806                HAL_PCD_ResetCallback
 *fill*         0x0000000008009832        0x2 
 .text.HAL_PCD_SuspendCallback
                0x0000000008009834       0x30 build/usbd_conf.o
                0x0000000008009834                HAL_PCD_SuspendCallback
 .text.HAL_PCD_ResumeCallback
                0x0000000008009864        0xc build/usbd_conf.o
                0x0000000008009864                HAL_PCD_ResumeCallback
 .text.HAL_PCD_ISOOUTIncompleteCallback
                0x0000000008009870        0xc build/usbd_conf.o
                0x0000000008009870                HAL_PCD_ISOOUTIncompleteCallback
 .text.HAL_PCD_ISOINIncompleteCallback
                0x000000000800987c        0xc build/usbd_conf.o
                0x000000000800987c                HAL_PCD_ISOINIncompleteCallback
 .text.HAL_PCD_ConnectCallback
                0x0000000008009888        0xc build/usbd_conf.o
                0x0000000008009888                HAL_PCD_ConnectCallback
 .text.HAL_PCD_DisconnectCallback
                0x0000000008009894        0xc build/usbd_conf.o
                0x0000000008009894                HAL_PCD_DisconnectCallback
 .text.USBD_LL_Init
                0x00000000080098a0       0x84 build/usbd_conf.o
                0x00000000080098a0                USBD_LL_Init
 .text.USBD_LL_IsStallEP
                0x0000000008009924       0x2e build/usbd_conf.o
                0x0000000008009924                USBD_LL_IsStallEP
 .text.USBD_LL_GetRxDataSize
                0x0000000008009952        0xc build/usbd_conf.o
                0x0000000008009952                USBD_LL_GetRxDataSize
 .text.USBD_Get_USB_Status
                0x000000000800995e       0x14 build/usbd_conf.o
                0x000000000800995e                USBD_Get_USB_Status
 .text.USBD_LL_Start
                0x0000000008009972       0x10 build/usbd_conf.o
                0x0000000008009972                USBD_LL_Start
 .text.USBD_LL_OpenEP
                0x0000000008009982       0x16 build/usbd_conf.o
                0x0000000008009982                USBD_LL_OpenEP
 .text.USBD_LL_CloseEP
                0x0000000008009998       0x10 build/usbd_conf.o
                0x0000000008009998                USBD_LL_CloseEP
 .text.USBD_LL_StallEP
                0x00000000080099a8       0x10 build/usbd_conf.o
                0x00000000080099a8                USBD_LL_StallEP
 .text.USBD_LL_ClearStallEP
                0x00000000080099b8       0x10 build/usbd_conf.o
                0x00000000080099b8                USBD_LL_ClearStallEP
 .text.USBD_LL_SetUSBAddress
                0x00000000080099c8       0x10 build/usbd_conf.o
                0x00000000080099c8                USBD_LL_SetUSBAddress
 .text.USBD_LL_Transmit
                0x00000000080099d8       0x10 build/usbd_conf.o
                0x00000000080099d8                USBD_LL_Transmit
 .text.USBD_LL_PrepareReceive
                0x00000000080099e8       0x10 build/usbd_conf.o
                0x00000000080099e8                USBD_LL_PrepareReceive
 .text.USBD_CDC_EP0_RxReady
                0x00000000080099f8       0x4c build/usbd_cdc_acm.o
 .text.USBD_CDC_GetFSCfgDesc
                0x0000000008009a44        0xc build/usbd_cdc_acm.o
 .text.USBD_CDC_GetHSCfgDesc
                0x0000000008009a50        0xc build/usbd_cdc_acm.o
 .text.USBD_CDC_GetOtherSpeedCfgDesc
                0x0000000008009a5c        0xc build/usbd_cdc_acm.o
 .text.USBD_CDC_GetDeviceQualifierDescriptor
                0x0000000008009a68        0xc build/usbd_cdc_acm.o
 .text.USBD_CDC_DataOut
                0x0000000008009a74       0x50 build/usbd_cdc_acm.o
 .text.USBD_CDC_DataIn
                0x0000000008009ac4       0x98 build/usbd_cdc_acm.o
 .text.USBD_CDC_Setup
                0x0000000008009b5c      0x150 build/usbd_cdc_acm.o
 .text.USBD_CDC_DeInit
                0x0000000008009cac       0x7c build/usbd_cdc_acm.o
 .text.USBD_CDC_Init
                0x0000000008009d28      0x164 build/usbd_cdc_acm.o
 .text.USBD_CDC_ACM_RegisterInterface
                0x0000000008009e8c        0xe build/usbd_cdc_acm.o
                0x0000000008009e8c                USBD_CDC_ACM_RegisterInterface
 *fill*         0x0000000008009e9a        0x2 
 .text.USBD_CDC_SetTxBuffer
                0x0000000008009e9c       0x1c build/usbd_cdc_acm.o
                0x0000000008009e9c                USBD_CDC_SetTxBuffer
 .text.USBD_CDC_SetRxBuffer
                0x0000000008009eb8       0x18 build/usbd_cdc_acm.o
                0x0000000008009eb8                USBD_CDC_SetRxBuffer
 .text.USBD_CDC_TransmitPacket
                0x0000000008009ed0       0x54 build/usbd_cdc_acm.o
                0x0000000008009ed0                USBD_CDC_TransmitPacket
 .text.USBD_CDC_ReceivePacket
                0x0000000008009f24       0x50 build/usbd_cdc_acm.o
                0x0000000008009f24                USBD_CDC_ReceivePacket
 .text.USBD_Update_CDC_ACM_DESC
                0x0000000008009f74       0x98 build/usbd_cdc_acm.o
                0x0000000008009f74                USBD_Update_CDC_ACM_DESC
 .text.CDC_DeInit
                0x000000000800a00c        0x4 build/usbd_cdc_acm_if.o
 .text.CDC_TransmitCplt
                0x000000000800a010       0x24 build/usbd_cdc_acm_if.o
 .text.CDC_Init
                0x000000000800a034       0x1c build/usbd_cdc_acm_if.o
 .text.CDC_Receive
                0x000000000800a050       0x74 build/usbd_cdc_acm_if.o
 .text.CDC_Control
                0x000000000800a0c4       0x94 build/usbd_cdc_acm_if.o
 .text.CDC_Transmit
                0x000000000800a158       0x44 build/usbd_cdc_acm_if.o
                0x000000000800a158                CDC_Transmit
 .text.MX_DMA_Init
                0x000000000800a19c       0x64 build/dma.o
                0x000000000800a19c                MX_DMA_Init
 .text.Reset_Handler
                0x000000000800a200       0x50 build/startup_stm32f723xx.o
                0x000000000800a200                Reset_Handler
 .text.Default_Handler
                0x000000000800a250        0x2 build/startup_stm32f723xx.o
                0x000000000800a250                RTC_Alarm_IRQHandler
                0x000000000800a250                EXTI2_IRQHandler
                0x000000000800a250                UART8_IRQHandler
                0x000000000800a250                SPI4_IRQHandler
                0x000000000800a250                DMA2_Stream5_IRQHandler
                0x000000000800a250                DMA1_Stream5_IRQHandler
                0x000000000800a250                PVD_IRQHandler
                0x000000000800a250                TAMP_STAMP_IRQHandler
                0x000000000800a250                EXTI3_IRQHandler
                0x000000000800a250                TIM8_TRG_COM_TIM14_IRQHandler
                0x000000000800a250                TIM8_UP_TIM13_IRQHandler
                0x000000000800a250                I2C3_ER_IRQHandler
                0x000000000800a250                EXTI0_IRQHandler
                0x000000000800a250                I2C2_EV_IRQHandler
                0x000000000800a250                DMA1_Stream2_IRQHandler
                0x000000000800a250                CAN1_RX0_IRQHandler
                0x000000000800a250                FPU_IRQHandler
                0x000000000800a250                OTG_HS_WKUP_IRQHandler
                0x000000000800a250                DMA2_Stream2_IRQHandler
                0x000000000800a250                SPI1_IRQHandler
                0x000000000800a250                TIM1_BRK_TIM9_IRQHandler
                0x000000000800a250                DMA2_Stream3_IRQHandler
                0x000000000800a250                SAI2_IRQHandler
                0x000000000800a250                USART6_IRQHandler
                0x000000000800a250                USART3_IRQHandler
                0x000000000800a250                CAN1_RX1_IRQHandler
                0x000000000800a250                UART5_IRQHandler
                0x000000000800a250                DMA2_Stream0_IRQHandler
                0x000000000800a250                TIM4_IRQHandler
                0x000000000800a250                QUADSPI_IRQHandler
                0x000000000800a250                DMA1_Stream1_IRQHandler
                0x000000000800a250                UART4_IRQHandler
                0x000000000800a250                TIM3_IRQHandler
                0x000000000800a250                RCC_IRQHandler
                0x000000000800a250                TIM8_BRK_TIM12_IRQHandler
                0x000000000800a250                Default_Handler
                0x000000000800a250                EXTI15_10_IRQHandler
                0x000000000800a250                ADC_IRQHandler
                0x000000000800a250                DMA1_Stream7_IRQHandler
                0x000000000800a250                SPI5_IRQHandler
                0x000000000800a250                SDMMC1_IRQHandler
                0x000000000800a250                TIM5_IRQHandler
                0x000000000800a250                DMA2_Stream7_IRQHandler
                0x000000000800a250                I2C3_EV_IRQHandler
                0x000000000800a250                EXTI9_5_IRQHandler
                0x000000000800a250                RTC_WKUP_IRQHandler
                0x000000000800a250                OTG_HS_EP1_IN_IRQHandler
                0x000000000800a250                CAN1_TX_IRQHandler
                0x000000000800a250                EXTI4_IRQHandler
                0x000000000800a250                RNG_IRQHandler
                0x000000000800a250                OTG_HS_EP1_OUT_IRQHandler
                0x000000000800a250                WWDG_IRQHandler
                0x000000000800a250                TIM2_IRQHandler
                0x000000000800a250                OTG_FS_WKUP_IRQHandler
                0x000000000800a250                TIM1_TRG_COM_TIM11_IRQHandler
                0x000000000800a250                EXTI1_IRQHandler
                0x000000000800a250                SDMMC2_IRQHandler
                0x000000000800a250                UART7_IRQHandler
                0x000000000800a250                USART2_IRQHandler
                0x000000000800a250                I2C2_ER_IRQHandler
                0x000000000800a250                DMA2_Stream1_IRQHandler
                0x000000000800a250                CAN1_SCE_IRQHandler
                0x000000000800a250                FLASH_IRQHandler
                0x000000000800a250                DMA2_Stream4_IRQHandler
                0x000000000800a250                USART1_IRQHandler
                0x000000000800a250                OTG_FS_IRQHandler
                0x000000000800a250                SPI3_IRQHandler
                0x000000000800a250                FMC_IRQHandler
                0x000000000800a250                LPTIM1_IRQHandler
                0x000000000800a250                DMA2_Stream6_IRQHandler
                0x000000000800a250                SAI1_IRQHandler
 .text.atoi     0x000000000800a252        0x8 /opt/gcc-arm-none-eabi-10.3-2021.10/bin/../lib/gcc/arm-none-eabi/10.3.1/../../../../arm-none-eabi/lib/thumb/v7e-m+fp/hard/libc_nano.a(lib_a-atoi.o)
                0x000000000800a252                atoi
 *fill*         0x000000000800a25a        0x2 
 .text._fgetc_r
                0x000000000800a25c       0x80 /opt/gcc-arm-none-eabi-10.3-2021.10/bin/../lib/gcc/arm-none-eabi/10.3.1/../../../../arm-none-eabi/lib/thumb/v7e-m+fp/hard/libc_nano.a(lib_a-fgetc.o)
                0x000000000800a25c                _fgetc_r
 .text.fgetc    0x000000000800a2dc       0x10 /opt/gcc-arm-none-eabi-10.3-2021.10/bin/../lib/gcc/arm-none-eabi/10.3.1/../../../../arm-none-eabi/lib/thumb/v7e-m+fp/hard/libc_nano.a(lib_a-fgetc.o)
                0x000000000800a2dc                fgetc
 .text.std      0x000000000800a2ec       0x48 /opt/gcc-arm-none-eabi-10.3-2021.10/bin/../lib/gcc/arm-none-eabi/10.3.1/../../../../arm-none-eabi/lib/thumb/v7e-m+fp/hard/libc_nano.a(lib_a-findfp.o)
 .text._cleanup_r
                0x000000000800a334        0xc /opt/gcc-arm-none-eabi-10.3-2021.10/bin/../lib/gcc/arm-none-eabi/10.3.1/../../../../arm-none-eabi/lib/thumb/v7e-m+fp/hard/libc_nano.a(lib_a-findfp.o)
                0x000000000800a334                _cleanup_r
 .text.__sfmoreglue
                0x000000000800a340       0x2c /opt/gcc-arm-none-eabi-10.3-2021.10/bin/../lib/gcc/arm-none-eabi/10.3.1/../../../../arm-none-eabi/lib/thumb/v7e-m+fp/hard/libc_nano.a(lib_a-findfp.o)
                0x000000000800a340                __sfmoreglue
 .text.__sfp_lock_acquire
                0x000000000800a36c        0xc /opt/gcc-arm-none-eabi-10.3-2021.10/bin/../lib/gcc/arm-none-eabi/10.3.1/../../../../arm-none-eabi/lib/thumb/v7e-m+fp/hard/libc_nano.a(lib_a-findfp.o)
                0x000000000800a36c                __sfp_lock_acquire
 .text.__sfp_lock_release
                0x000000000800a378        0xc /opt/gcc-arm-none-eabi-10.3-2021.10/bin/../lib/gcc/arm-none-eabi/10.3.1/../../../../arm-none-eabi/lib/thumb/v7e-m+fp/hard/libc_nano.a(lib_a-findfp.o)
                0x000000000800a378                __sfp_lock_release
 .text.__sinit_lock_acquire
                0x000000000800a384        0xc /opt/gcc-arm-none-eabi-10.3-2021.10/bin/../lib/gcc/arm-none-eabi/10.3.1/../../../../arm-none-eabi/lib/thumb/v7e-m+fp/hard/libc_nano.a(lib_a-findfp.o)
                0x000000000800a384                __sinit_lock_acquire
 .text.__sinit_lock_release
                0x000000000800a390        0xc /opt/gcc-arm-none-eabi-10.3-2021.10/bin/../lib/gcc/arm-none-eabi/10.3.1/../../../../arm-none-eabi/lib/thumb/v7e-m+fp/hard/libc_nano.a(lib_a-findfp.o)
                0x000000000800a390                __sinit_lock_release
 .text.__sinit  0x000000000800a39c       0x70 /opt/gcc-arm-none-eabi-10.3-2021.10/bin/../lib/gcc/arm-none-eabi/10.3.1/../../../../arm-none-eabi/lib/thumb/v7e-m+fp/hard/libc_nano.a(lib_a-findfp.o)
                0x000000000800a39c                __sinit
 .text.__sfp    0x000000000800a40c       0x8c /opt/gcc-arm-none-eabi-10.3-2021.10/bin/../lib/gcc/arm-none-eabi/10.3.1/../../../../arm-none-eabi/lib/thumb/v7e-m+fp/hard/libc_nano.a(lib_a-findfp.o)
                0x000000000800a40c                __sfp
 .text.fmemseeker
                0x000000000800a498       0x5c /opt/gcc-arm-none-eabi-10.3-2021.10/bin/../lib/gcc/arm-none-eabi/10.3.1/../../../../arm-none-eabi/lib/thumb/v7e-m+fp/hard/libc_nano.a(lib_a-fmemopen.o)
 .text.fmemcloser
                0x000000000800a4f4        0xc /opt/gcc-arm-none-eabi-10.3-2021.10/bin/../lib/gcc/arm-none-eabi/10.3.1/../../../../arm-none-eabi/lib/thumb/v7e-m+fp/hard/libc_nano.a(lib_a-fmemopen.o)
 .text.fmemwriter
                0x000000000800a500       0x96 /opt/gcc-arm-none-eabi-10.3-2021.10/bin/../lib/gcc/arm-none-eabi/10.3.1/../../../../arm-none-eabi/lib/thumb/v7e-m+fp/hard/libc_nano.a(lib_a-fmemopen.o)
 .text.fmemreader
                0x000000000800a596       0x30 /opt/gcc-arm-none-eabi-10.3-2021.10/bin/../lib/gcc/arm-none-eabi/10.3.1/../../../../arm-none-eabi/lib/thumb/v7e-m+fp/hard/libc_nano.a(lib_a-fmemopen.o)
 *fill*         0x000000000800a5c6        0x2 
 .text._fmemopen_r
                0x000000000800a5c8      0x13c /opt/gcc-arm-none-eabi-10.3-2021.10/bin/../lib/gcc/arm-none-eabi/10.3.1/../../../../arm-none-eabi/lib/thumb/v7e-m+fp/hard/libc_nano.a(lib_a-fmemopen.o)
                0x000000000800a5c8                _fmemopen_r
 .text.fmemopen
                0x000000000800a704       0x14 /opt/gcc-arm-none-eabi-10.3-2021.10/bin/../lib/gcc/arm-none-eabi/10.3.1/../../../../arm-none-eabi/lib/thumb/v7e-m+fp/hard/libc_nano.a(lib_a-fmemopen.o)
                0x000000000800a704                fmemopen
 .text._fwalk   0x000000000800a718       0x3a /opt/gcc-arm-none-eabi-10.3-2021.10/bin/../lib/gcc/arm-none-eabi/10.3.1/../../../../arm-none-eabi/lib/thumb/v7e-m+fp/hard/libc_nano.a(lib_a-fwalk.o)
                0x000000000800a718                _fwalk
 .text._fwalk_reent
                0x000000000800a752       0x3e /opt/gcc-arm-none-eabi-10.3-2021.10/bin/../lib/gcc/arm-none-eabi/10.3.1/../../../../arm-none-eabi/lib/thumb/v7e-m+fp/hard/libc_nano.a(lib_a-fwalk.o)
                0x000000000800a752                _fwalk_reent
 .text.__libc_init_array
                0x000000000800a790       0x48 /opt/gcc-arm-none-eabi-10.3-2021.10/bin/../lib/gcc/arm-none-eabi/10.3.1/../../../../arm-none-eabi/lib/thumb/v7e-m+fp/hard/libc_nano.a(lib_a-init.o)
                0x000000000800a790                __libc_init_array
 .text.__retarget_lock_init_recursive
                0x000000000800a7d8        0x2 /opt/gcc-arm-none-eabi-10.3-2021.10/bin/../lib/gcc/arm-none-eabi/10.3.1/../../../../arm-none-eabi/lib/thumb/v7e-m+fp/hard/libc_nano.a(lib_a-lock.o)
                0x000000000800a7d8                __retarget_lock_init_recursive
 .text.__retarget_lock_close_recursive
                0x000000000800a7da        0x2 /opt/gcc-arm-none-eabi-10.3-2021.10/bin/../lib/gcc/arm-none-eabi/10.3.1/../../../../arm-none-eabi/lib/thumb/v7e-m+fp/hard/libc_nano.a(lib_a-lock.o)
                0x000000000800a7da                __retarget_lock_close_recursive
 .text.__retarget_lock_acquire_recursive
                0x000000000800a7dc        0x2 /opt/gcc-arm-none-eabi-10.3-2021.10/bin/../lib/gcc/arm-none-eabi/10.3.1/../../../../arm-none-eabi/lib/thumb/v7e-m+fp/hard/libc_nano.a(lib_a-lock.o)
                0x000000000800a7dc                __retarget_lock_acquire_recursive
 .text.__retarget_lock_release_recursive
                0x000000000800a7de        0x2 /opt/gcc-arm-none-eabi-10.3-2021.10/bin/../lib/gcc/arm-none-eabi/10.3.1/../../../../arm-none-eabi/lib/thumb/v7e-m+fp/hard/libc_nano.a(lib_a-lock.o)
                0x000000000800a7de                __retarget_lock_release_recursive
 .text.malloc   0x000000000800a7e0       0x10 /opt/gcc-arm-none-eabi-10.3-2021.10/bin/../lib/gcc/arm-none-eabi/10.3.1/../../../../arm-none-eabi/lib/thumb/v7e-m+fp/hard/libc_nano.a(lib_a-malloc.o)
                0x000000000800a7e0                malloc
 .text.free     0x000000000800a7f0       0x10 /opt/gcc-arm-none-eabi-10.3-2021.10/bin/../lib/gcc/arm-none-eabi/10.3.1/../../../../arm-none-eabi/lib/thumb/v7e-m+fp/hard/libc_nano.a(lib_a-malloc.o)
                0x000000000800a7f0                free
 .text.memcmp   0x000000000800a800       0x20 /opt/gcc-arm-none-eabi-10.3-2021.10/bin/../lib/gcc/arm-none-eabi/10.3.1/../../../../arm-none-eabi/lib/thumb/v7e-m+fp/hard/libc_nano.a(lib_a-memcmp.o)
                0x000000000800a800                memcmp
 .text.memcpy   0x000000000800a820       0x1c /opt/gcc-arm-none-eabi-10.3-2021.10/bin/../lib/gcc/arm-none-eabi/10.3.1/../../../../arm-none-eabi/lib/thumb/v7e-m+fp/hard/libc_nano.a(lib_a-memcpy-stub.o)
                0x000000000800a820                memcpy
 .text.memset   0x000000000800a83c       0x10 /opt/gcc-arm-none-eabi-10.3-2021.10/bin/../lib/gcc/arm-none-eabi/10.3.1/../../../../arm-none-eabi/lib/thumb/v7e-m+fp/hard/libc_nano.a(lib_a-memset.o)
                0x000000000800a83c                memset
 .text._free_r  0x000000000800a84c       0x98 /opt/gcc-arm-none-eabi-10.3-2021.10/bin/../lib/gcc/arm-none-eabi/10.3.1/../../../../arm-none-eabi/lib/thumb/v7e-m+fp/hard/libc_nano.a(lib_a-nano-freer.o)
                0x000000000800a84c                _free_r
 .text.sbrk_aligned
                0x000000000800a8e4       0x40 /opt/gcc-arm-none-eabi-10.3-2021.10/bin/../lib/gcc/arm-none-eabi/10.3.1/../../../../arm-none-eabi/lib/thumb/v7e-m+fp/hard/libc_nano.a(lib_a-nano-mallocr.o)
 .text._malloc_r
                0x000000000800a924       0xe8 /opt/gcc-arm-none-eabi-10.3-2021.10/bin/../lib/gcc/arm-none-eabi/10.3.1/../../../../arm-none-eabi/lib/thumb/v7e-m+fp/hard/libc_nano.a(lib_a-nano-mallocr.o)
                0x000000000800a924                _malloc_r
 .text.realloc  0x000000000800aa0c       0x10 /opt/gcc-arm-none-eabi-10.3-2021.10/bin/../lib/gcc/arm-none-eabi/10.3.1/../../../../arm-none-eabi/lib/thumb/v7e-m+fp/hard/libc_nano.a(lib_a-realloc.o)
                0x000000000800aa0c                realloc
 .text.__srget_r
                0x000000000800aa1c       0x58 /opt/gcc-arm-none-eabi-10.3-2021.10/bin/../lib/gcc/arm-none-eabi/10.3.1/../../../../arm-none-eabi/lib/thumb/v7e-m+fp/hard/libc_nano.a(lib_a-rget.o)
                0x000000000800aa1c                __srget_r
 .text._sbrk_r  0x000000000800aa74       0x20 /opt/gcc-arm-none-eabi-10.3-2021.10/bin/../lib/gcc/arm-none-eabi/10.3.1/../../../../arm-none-eabi/lib/thumb/v7e-m+fp/hard/libc_nano.a(lib_a-sbrkr.o)
                0x000000000800aa74                _sbrk_r
 .text.snprintf
                0x000000000800aa94       0x68 /opt/gcc-arm-none-eabi-10.3-2021.10/bin/../lib/gcc/arm-none-eabi/10.3.1/../../../../arm-none-eabi/lib/thumb/v7e-m+fp/hard/libc_nano.a(lib_a-snprintf.o)
                0x000000000800aa94                snprintf
                0x000000000800aa94                sniprintf
 .text.sprintf  0x000000000800aafc       0x40 /opt/gcc-arm-none-eabi-10.3-2021.10/bin/../lib/gcc/arm-none-eabi/10.3.1/../../../../arm-none-eabi/lib/thumb/v7e-m+fp/hard/libc_nano.a(lib_a-sprintf.o)
                0x000000000800aafc                sprintf
                0x000000000800aafc                siprintf
 .text.__sread  0x000000000800ab3c       0x22 /opt/gcc-arm-none-eabi-10.3-2021.10/bin/../lib/gcc/arm-none-eabi/10.3.1/../../../../arm-none-eabi/lib/thumb/v7e-m+fp/hard/libc_nano.a(lib_a-stdio.o)
                0x000000000800ab3c                __sread
 .text.__swrite
                0x000000000800ab5e       0x38 /opt/gcc-arm-none-eabi-10.3-2021.10/bin/../lib/gcc/arm-none-eabi/10.3.1/../../../../arm-none-eabi/lib/thumb/v7e-m+fp/hard/libc_nano.a(lib_a-stdio.o)
                0x000000000800ab5e                __swrite
 .text.__sseek  0x000000000800ab96       0x24 /opt/gcc-arm-none-eabi-10.3-2021.10/bin/../lib/gcc/arm-none-eabi/10.3.1/../../../../arm-none-eabi/lib/thumb/v7e-m+fp/hard/libc_nano.a(lib_a-stdio.o)
                0x000000000800ab96                __sseek
 .text.__sclose
                0x000000000800abba        0x8 /opt/gcc-arm-none-eabi-10.3-2021.10/bin/../lib/gcc/arm-none-eabi/10.3.1/../../../../arm-none-eabi/lib/thumb/v7e-m+fp/hard/libc_nano.a(lib_a-stdio.o)
                0x000000000800abba                __sclose
 .text.strcpy   0x000000000800abc2       0x10 /opt/gcc-arm-none-eabi-10.3-2021.10/bin/../lib/gcc/arm-none-eabi/10.3.1/../../../../arm-none-eabi/lib/thumb/v7e-m+fp/hard/libc_nano.a(lib_a-strcpy.o)
                0x000000000800abc2                strcpy
 .text.strncpy  0x000000000800abd2       0x26 /opt/gcc-arm-none-eabi-10.3-2021.10/bin/../lib/gcc/arm-none-eabi/10.3.1/../../../../arm-none-eabi/lib/thumb/v7e-m+fp/hard/libc_nano.a(lib_a-strncpy.o)
                0x000000000800abd2                strncpy
 .text.strtok   0x000000000800abf8       0x68 /opt/gcc-arm-none-eabi-10.3-2021.10/bin/../lib/gcc/arm-none-eabi/10.3.1/../../../../arm-none-eabi/lib/thumb/v7e-m+fp/hard/libc_nano.a(lib_a-strtok.o)
                0x000000000800abf8                strtok
 .text.__strtok_r
                0x000000000800ac60       0x50 /opt/gcc-arm-none-eabi-10.3-2021.10/bin/../lib/gcc/arm-none-eabi/10.3.1/../../../../arm-none-eabi/lib/thumb/v7e-m+fp/hard/libc_nano.a(lib_a-strtok_r.o)
                0x000000000800ac60                __strtok_r
 .text._strtol_l.constprop.0
                0x000000000800acb0      0x104 /opt/gcc-arm-none-eabi-10.3-2021.10/bin/../lib/gcc/arm-none-eabi/10.3.1/../../../../arm-none-eabi/lib/thumb/v7e-m+fp/hard/libc_nano.a(lib_a-strtol.o)
 .text.strtol   0x000000000800adb4       0x14 /opt/gcc-arm-none-eabi-10.3-2021.10/bin/../lib/gcc/arm-none-eabi/10.3.1/../../../../arm-none-eabi/lib/thumb/v7e-m+fp/hard/libc_nano.a(lib_a-strtol.o)
                0x000000000800adb4                strtol
 .text._write_r
                0x000000000800adc8       0x24 /opt/gcc-arm-none-eabi-10.3-2021.10/bin/../lib/gcc/arm-none-eabi/10.3.1/../../../../arm-none-eabi/lib/thumb/v7e-m+fp/hard/libc_nano.a(lib_a-writer.o)
                0x000000000800adc8                _write_r
 .text.abort    0x000000000800adec        0xe /opt/gcc-arm-none-eabi-10.3-2021.10/bin/../lib/gcc/arm-none-eabi/10.3.1/../../../../arm-none-eabi/lib/thumb/v7e-m+fp/hard/libc_nano.a(lib_a-abort.o)
                0x000000000800adec                abort
 *fill*         0x000000000800adfa        0x2 
 .text.__assert_func
                0x000000000800adfc       0x3c /opt/gcc-arm-none-eabi-10.3-2021.10/bin/../lib/gcc/arm-none-eabi/10.3.1/../../../../arm-none-eabi/lib/thumb/v7e-m+fp/hard/libc_nano.a(lib_a-assert.o)
                0x000000000800adfc                __assert_func
 .text._close_r
                0x000000000800ae38       0x20 /opt/gcc-arm-none-eabi-10.3-2021.10/bin/../lib/gcc/arm-none-eabi/10.3.1/../../../../arm-none-eabi/lib/thumb/v7e-m+fp/hard/libc_nano.a(lib_a-closer.o)
                0x000000000800ae38                _close_r
 .text.__errno  0x000000000800ae58        0xc /opt/gcc-arm-none-eabi-10.3-2021.10/bin/../lib/gcc/arm-none-eabi/10.3.1/../../../../arm-none-eabi/lib/thumb/v7e-m+fp/hard/libc_nano.a(lib_a-errno.o)
                0x000000000800ae58                __errno
 .text.__sflush_r
                0x000000000800ae64      0x10c /opt/gcc-arm-none-eabi-10.3-2021.10/bin/../lib/gcc/arm-none-eabi/10.3.1/../../../../arm-none-eabi/lib/thumb/v7e-m+fp/hard/libc_nano.a(lib_a-fflush.o)
                0x000000000800ae64                __sflush_r
 .text._fflush_r
                0x000000000800af70       0x78 /opt/gcc-arm-none-eabi-10.3-2021.10/bin/../lib/gcc/arm-none-eabi/10.3.1/../../../../arm-none-eabi/lib/thumb/v7e-m+fp/hard/libc_nano.a(lib_a-fflush.o)
                0x000000000800af70                _fflush_r
 .text.fflush   0x000000000800afe8       0x24 /opt/gcc-arm-none-eabi-10.3-2021.10/bin/../lib/gcc/arm-none-eabi/10.3.1/../../../../arm-none-eabi/lib/thumb/v7e-m+fp/hard/libc_nano.a(lib_a-fflush.o)
                0x000000000800afe8                fflush
 .text.__sflags
                0x000000000800b00c       0x6c /opt/gcc-arm-none-eabi-10.3-2021.10/bin/../lib/gcc/arm-none-eabi/10.3.1/../../../../arm-none-eabi/lib/thumb/v7e-m+fp/hard/libc_nano.a(lib_a-flags.o)
                0x000000000800b00c                __sflags
 .text.fprintf  0x000000000800b078       0x24 /opt/gcc-arm-none-eabi-10.3-2021.10/bin/../lib/gcc/arm-none-eabi/10.3.1/../../../../arm-none-eabi/lib/thumb/v7e-m+fp/hard/libc_nano.a(lib_a-fprintf.o)
                0x000000000800b078                fprintf
                0x000000000800b078                fiprintf
 .text._lseek_r
                0x000000000800b09c       0x24 /opt/gcc-arm-none-eabi-10.3-2021.10/bin/../lib/gcc/arm-none-eabi/10.3.1/../../../../arm-none-eabi/lib/thumb/v7e-m+fp/hard/libc_nano.a(lib_a-lseekr.o)
                0x000000000800b09c                _lseek_r
 .text.__malloc_lock
                0x000000000800b0c0        0xc /opt/gcc-arm-none-eabi-10.3-2021.10/bin/../lib/gcc/arm-none-eabi/10.3.1/../../../../arm-none-eabi/lib/thumb/v7e-m+fp/hard/libc_nano.a(lib_a-mlock.o)
                0x000000000800b0c0                __malloc_lock
 .text.__malloc_unlock
                0x000000000800b0cc        0xc /opt/gcc-arm-none-eabi-10.3-2021.10/bin/../lib/gcc/arm-none-eabi/10.3.1/../../../../arm-none-eabi/lib/thumb/v7e-m+fp/hard/libc_nano.a(lib_a-mlock.o)
                0x000000000800b0cc                __malloc_unlock
 .text._realloc_r
                0x000000000800b0d8       0x5e /opt/gcc-arm-none-eabi-10.3-2021.10/bin/../lib/gcc/arm-none-eabi/10.3.1/../../../../arm-none-eabi/lib/thumb/v7e-m+fp/hard/libc_nano.a(lib_a-nano-reallocr.o)
                0x000000000800b0d8                _realloc_r
 .text.__ssputs_r
                0x000000000800b136       0xb6 /opt/gcc-arm-none-eabi-10.3-2021.10/bin/../lib/gcc/arm-none-eabi/10.3.1/../../../../arm-none-eabi/lib/thumb/v7e-m+fp/hard/libc_nano.a(lib_a-nano-svfprintf.o)
                0x000000000800b136                __ssputs_r
 .text._svfprintf_r
                0x000000000800b1ec      0x200 /opt/gcc-arm-none-eabi-10.3-2021.10/bin/../lib/gcc/arm-none-eabi/10.3.1/../../../../arm-none-eabi/lib/thumb/v7e-m+fp/hard/libc_nano.a(lib_a-nano-svfprintf.o)
                0x000000000800b1ec                _svfprintf_r
                0x000000000800b1ec                _svfiprintf_r
 .text.__sfputc_r
                0x000000000800b3ec       0x2e /opt/gcc-arm-none-eabi-10.3-2021.10/bin/../lib/gcc/arm-none-eabi/10.3.1/../../../../arm-none-eabi/lib/thumb/v7e-m+fp/hard/libc_nano.a(lib_a-nano-vfprintf.o)
 .text.__sfputs_r
                0x000000000800b41a       0x24 /opt/gcc-arm-none-eabi-10.3-2021.10/bin/../lib/gcc/arm-none-eabi/10.3.1/../../../../arm-none-eabi/lib/thumb/v7e-m+fp/hard/libc_nano.a(lib_a-nano-vfprintf.o)
                0x000000000800b41a                __sfputs_r
 *fill*         0x000000000800b43e        0x2 
 .text._vfprintf_r
                0x000000000800b440      0x260 /opt/gcc-arm-none-eabi-10.3-2021.10/bin/../lib/gcc/arm-none-eabi/10.3.1/../../../../arm-none-eabi/lib/thumb/v7e-m+fp/hard/libc_nano.a(lib_a-nano-vfprintf.o)
                0x000000000800b440                _vfiprintf_r
                0x000000000800b440                _vfprintf_r
 .text._printf_common
                0x000000000800b6a0       0xda /opt/gcc-arm-none-eabi-10.3-2021.10/bin/../lib/gcc/arm-none-eabi/10.3.1/../../../../arm-none-eabi/lib/thumb/v7e-m+fp/hard/libc_nano.a(lib_a-nano-vfprintf_i.o)
                0x000000000800b6a0                _printf_common
 *fill*         0x000000000800b77a        0x2 
 .text._printf_i
                0x000000000800b77c      0x24c /opt/gcc-arm-none-eabi-10.3-2021.10/bin/../lib/gcc/arm-none-eabi/10.3.1/../../../../arm-none-eabi/lib/thumb/v7e-m+fp/hard/libc_nano.a(lib_a-nano-vfprintf_i.o)
                0x000000000800b77c                _printf_i
 .text._read_r  0x000000000800b9c8       0x24 /opt/gcc-arm-none-eabi-10.3-2021.10/bin/../lib/gcc/arm-none-eabi/10.3.1/../../../../arm-none-eabi/lib/thumb/v7e-m+fp/hard/libc_nano.a(lib_a-readr.o)
                0x000000000800b9c8                _read_r
 .text.lflush   0x000000000800b9ec       0x12 /opt/gcc-arm-none-eabi-10.3-2021.10/bin/../lib/gcc/arm-none-eabi/10.3.1/../../../../arm-none-eabi/lib/thumb/v7e-m+fp/hard/libc_nano.a(lib_a-refill.o)
 *fill*         0x000000000800b9fe        0x2 
 .text.__srefill_r
                0x000000000800ba00      0x114 /opt/gcc-arm-none-eabi-10.3-2021.10/bin/../lib/gcc/arm-none-eabi/10.3.1/../../../../arm-none-eabi/lib/thumb/v7e-m+fp/hard/libc_nano.a(lib_a-refill.o)
                0x000000000800ba00                __srefill_r
 .text._raise_r
                0x000000000800bb14       0x50 /opt/gcc-arm-none-eabi-10.3-2021.10/bin/../lib/gcc/arm-none-eabi/10.3.1/../../../../arm-none-eabi/lib/thumb/v7e-m+fp/hard/libc_nano.a(lib_a-signal.o)
                0x000000000800bb14                _raise_r
 .text.raise    0x000000000800bb64       0x10 /opt/gcc-arm-none-eabi-10.3-2021.10/bin/../lib/gcc/arm-none-eabi/10.3.1/../../../../arm-none-eabi/lib/thumb/v7e-m+fp/hard/libc_nano.a(lib_a-signal.o)
                0x000000000800bb64                raise
 .text._kill_r  0x000000000800bb74       0x24 /opt/gcc-arm-none-eabi-10.3-2021.10/bin/../lib/gcc/arm-none-eabi/10.3.1/../../../../arm-none-eabi/lib/thumb/v7e-m+fp/hard/libc_nano.a(lib_a-signalr.o)
                0x000000000800bb74                _kill_r
 .text._getpid_r
                0x000000000800bb98        0x4 /opt/gcc-arm-none-eabi-10.3-2021.10/bin/../lib/gcc/arm-none-eabi/10.3.1/../../../../arm-none-eabi/lib/thumb/v7e-m+fp/hard/libc_nano.a(lib_a-signalr.o)
                0x000000000800bb98                _getpid_r
 .text.__swbuf_r
                0x000000000800bb9c       0xa4 /opt/gcc-arm-none-eabi-10.3-2021.10/bin/../lib/gcc/arm-none-eabi/10.3.1/../../../../arm-none-eabi/lib/thumb/v7e-m+fp/hard/libc_nano.a(lib_a-wbuf.o)
                0x000000000800bb9c                __swbuf_r
 .text.__swsetup_r
                0x000000000800bc40       0xdc /opt/gcc-arm-none-eabi-10.3-2021.10/bin/../lib/gcc/arm-none-eabi/10.3.1/../../../../arm-none-eabi/lib/thumb/v7e-m+fp/hard/libc_nano.a(lib_a-wsetup.o)
                0x000000000800bc40                __swsetup_r
 .text.__swhatbuf_r
                0x000000000800bd1c       0x4a /opt/gcc-arm-none-eabi-10.3-2021.10/bin/../lib/gcc/arm-none-eabi/10.3.1/../../../../arm-none-eabi/lib/thumb/v7e-m+fp/hard/libc_nano.a(lib_a-makebuf.o)
                0x000000000800bd1c                __swhatbuf_r
 *fill*         0x000000000800bd66        0x2 
 .text.__smakebuf_r
                0x000000000800bd68       0x80 /opt/gcc-arm-none-eabi-10.3-2021.10/bin/../lib/gcc/arm-none-eabi/10.3.1/../../../../arm-none-eabi/lib/thumb/v7e-m+fp/hard/libc_nano.a(lib_a-makebuf.o)
                0x000000000800bd68                __smakebuf_r
 .text.memmove  0x000000000800bde8       0x34 /opt/gcc-arm-none-eabi-10.3-2021.10/bin/../lib/gcc/arm-none-eabi/10.3.1/../../../../arm-none-eabi/lib/thumb/v7e-m+fp/hard/libc_nano.a(lib_a-memmove.o)
                0x000000000800bde8                memmove
 .text._malloc_usable_size_r
                0x000000000800be1c       0x10 /opt/gcc-arm-none-eabi-10.3-2021.10/bin/../lib/gcc/arm-none-eabi/10.3.1/../../../../arm-none-eabi/lib/thumb/v7e-m+fp/hard/libc_nano.a(lib_a-nano-msizer.o)
                0x000000000800be1c                _malloc_usable_size_r
 .text._fstat_r
                0x000000000800be2c       0x24 /opt/gcc-arm-none-eabi-10.3-2021.10/bin/../lib/gcc/arm-none-eabi/10.3.1/../../../../arm-none-eabi/lib/thumb/v7e-m+fp/hard/libc_nano.a(lib_a-fstatr.o)
                0x000000000800be2c                _fstat_r
 .text._isatty_r
                0x000000000800be50       0x20 /opt/gcc-arm-none-eabi-10.3-2021.10/bin/../lib/gcc/arm-none-eabi/10.3.1/../../../../arm-none-eabi/lib/thumb/v7e-m+fp/hard/libc_nano.a(lib_a-isattyr.o)
                0x000000000800be50                _isatty_r
 .text.floor    0x000000000800be70      0x108 /opt/gcc-arm-none-eabi-10.3-2021.10/bin/../lib/gcc/arm-none-eabi/10.3.1/../../../../arm-none-eabi/lib/thumb/v7e-m+fp/hard/libm.a(lib_a-s_floor.o)
                0x000000000800be70                floor
 .text.cosf     0x000000000800bf78       0x70 /opt/gcc-arm-none-eabi-10.3-2021.10/bin/../lib/gcc/arm-none-eabi/10.3.1/../../../../arm-none-eabi/lib/thumb/v7e-m+fp/hard/libm.a(lib_a-sf_cos.o)
                0x000000000800bf78                cosf
 .text.pow      0x000000000800bfe8       0xf0 /opt/gcc-arm-none-eabi-10.3-2021.10/bin/../lib/gcc/arm-none-eabi/10.3.1/../../../../arm-none-eabi/lib/thumb/v7e-m+fp/hard/libm.a(lib_a-w_pow.o)
                0x000000000800bfe8                pow
 .text.__ieee754_pow
                0x000000000800c0d8      0xb74 /opt/gcc-arm-none-eabi-10.3-2021.10/bin/../lib/gcc/arm-none-eabi/10.3.1/../../../../arm-none-eabi/lib/thumb/v7e-m+fp/hard/libm.a(lib_a-e_pow.o)
                0x000000000800c0d8                __ieee754_pow
 .text.__ieee754_sqrt
                0x000000000800cc4c      0x198 /opt/gcc-arm-none-eabi-10.3-2021.10/bin/../lib/gcc/arm-none-eabi/10.3.1/../../../../arm-none-eabi/lib/thumb/v7e-m+fp/hard/libm.a(lib_a-e_sqrt.o)
                0x000000000800cc4c                __ieee754_sqrt
 .text.__ieee754_rem_pio2f
                0x000000000800cde4      0x264 /opt/gcc-arm-none-eabi-10.3-2021.10/bin/../lib/gcc/arm-none-eabi/10.3.1/../../../../arm-none-eabi/lib/thumb/v7e-m+fp/hard/libm.a(lib_a-ef_rem_pio2.o)
                0x000000000800cde4                __ieee754_rem_pio2f
 .text.__kernel_cosf
                0x000000000800d048      0x104 /opt/gcc-arm-none-eabi-10.3-2021.10/bin/../lib/gcc/arm-none-eabi/10.3.1/../../../../arm-none-eabi/lib/thumb/v7e-m+fp/hard/libm.a(lib_a-kf_cos.o)
                0x000000000800d048                __kernel_cosf
 .text.__kernel_rem_pio2f
                0x000000000800d14c      0x674 /opt/gcc-arm-none-eabi-10.3-2021.10/bin/../lib/gcc/arm-none-eabi/10.3.1/../../../../arm-none-eabi/lib/thumb/v7e-m+fp/hard/libm.a(lib_a-kf_rem_pio2.o)
                0x000000000800d14c                __kernel_rem_pio2f
 .text.__kernel_sinf
                0x000000000800d7c0       0x90 /opt/gcc-arm-none-eabi-10.3-2021.10/bin/../lib/gcc/arm-none-eabi/10.3.1/../../../../arm-none-eabi/lib/thumb/v7e-m+fp/hard/libm.a(lib_a-kf_sin.o)
                0x000000000800d7c0                __kernel_sinf
 .text.with_errno
                0x000000000800d850       0x18 /opt/gcc-arm-none-eabi-10.3-2021.10/bin/../lib/gcc/arm-none-eabi/10.3.1/../../../../arm-none-eabi/lib/thumb/v7e-m+fp/hard/libm.a(lib_a-math_err.o)
 .text.xflow    0x000000000800d868       0x2c /opt/gcc-arm-none-eabi-10.3-2021.10/bin/../lib/gcc/arm-none-eabi/10.3.1/../../../../arm-none-eabi/lib/thumb/v7e-m+fp/hard/libm.a(lib_a-math_err.o)
 .text.__math_uflow
                0x000000000800d894       0x14 /opt/gcc-arm-none-eabi-10.3-2021.10/bin/../lib/gcc/arm-none-eabi/10.3.1/../../../../arm-none-eabi/lib/thumb/v7e-m+fp/hard/libm.a(lib_a-math_err.o)
                0x000000000800d894                __math_uflow
 .text.__math_oflow