Archive member included to satisfy reference by file (symbol)

/opt/gcc-arm-none-eabi-10.3-2021.10/bin/../lib/gcc/arm-none-eabi/10.3.1/../../../../arm-none-eabi/lib/thumb/v7e-m+fp/hard/libc_nano.a(lib_a-atoi.o)
                              build/nyan_os.o (atoi)
/opt/gcc-arm-none-eabi-10.3-2021.10/bin/../lib/gcc/arm-none-eabi/10.3.1/../../../../arm-none-eabi/lib/thumb/v7e-m+fp/hard/libc_nano.a(lib_a-exit.o)
                              /opt/gcc-arm-none-eabi-10.3-2021.10/bin/../lib/gcc/arm-none-eabi/10.3.1/../../../../arm-none-eabi/lib/thumb/v7e-m+fp/hard/crt0.o (exit)
/opt/gcc-arm-none-eabi-10.3-2021.10/bin/../lib/gcc/arm-none-eabi/10.3.1/../../../../arm-none-eabi/lib/thumb/v7e-m+fp/hard/libc_nano.a(lib_a-impure.o)
                              /opt/gcc-arm-none-eabi-10.3-2021.10/bin/../lib/gcc/arm-none-eabi/10.3.1/../../../../arm-none-eabi/lib/thumb/v7e-m+fp/hard/libc_nano.a(lib_a-exit.o) (_global_impure_ptr)
/opt/gcc-arm-none-eabi-10.3-2021.10/bin/../lib/gcc/arm-none-eabi/10.3.1/../../../../arm-none-eabi/lib/thumb/v7e-m+fp/hard/libc_nano.a(lib_a-init.o)
                              /opt/gcc-arm-none-eabi-10.3-2021.10/bin/../lib/gcc/arm-none-eabi/10.3.1/../../../../arm-none-eabi/lib/thumb/v7e-m+fp/hard/crt0.o (__libc_init_array)
/opt/gcc-arm-none-eabi-10.3-2021.10/bin/../lib/gcc/arm-none-eabi/10.3.1/../../../../arm-none-eabi/lib/thumb/v7e-m+fp/hard/libc_nano.a(lib_a-malloc.o)
                              build/nyan_os.o (malloc)
/opt/gcc-arm-none-eabi-10.3-2021.10/bin/../lib/gcc/arm-none-eabi/10.3.1/../../../../arm-none-eabi/lib/thumb/v7e-m+fp/hard/libc_nano.a(lib_a-memcmp.o)
                              build/nyan_os.o (memcmp)
/opt/gcc-arm-none-eabi-10.3-2021.10/bin/../lib/gcc/arm-none-eabi/10.3.1/../../../../arm-none-eabi/lib/thumb/v7e-m+fp/hard/libc_nano.a(lib_a-memcpy-stub.o)
                              build/nyan_os.o (memcpy)
/opt/gcc-arm-none-eabi-10.3-2021.10/bin/../lib/gcc/arm-none-eabi/10.3.1/../../../../arm-none-eabi/lib/thumb/v7e-m+fp/hard/libc_nano.a(lib_a-memset.o)
                              /opt/gcc-arm-none-eabi-10.3-2021.10/bin/../lib/gcc/arm-none-eabi/10.3.1/../../../../arm-none-eabi/lib/thumb/v7e-m+fp/hard/crt0.o (memset)
/opt/gcc-arm-none-eabi-10.3-2021.10/bin/../lib/gcc/arm-none-eabi/10.3.1/../../../../arm-none-eabi/lib/thumb/v7e-m+fp/hard/libc_nano.a(lib_a-nano-freer.o)
                              /opt/gcc-arm-none-eabi-10.3-2021.10/bin/../lib/gcc/arm-none-eabi/10.3.1/../../../../arm-none-eabi/lib/thumb/v7e-m+fp/hard/libc_nano.a(lib_a-malloc.o) (_free_r)
/opt/gcc-arm-none-eabi-10.3-2021.10/bin/../lib/gcc/arm-none-eabi/10.3.1/../../../../arm-none-eabi/lib/thumb/v7e-m+fp/hard/libc_nano.a(lib_a-nano-mallocr.o)
                              /opt/gcc-arm-none-eabi-10.3-2021.10/bin/../lib/gcc/arm-none-eabi/10.3.1/../../../../arm-none-eabi/lib/thumb/v7e-m+fp/hard/libc_nano.a(lib_a-malloc.o) (_malloc_r)
/opt/gcc-arm-none-eabi-10.3-2021.10/bin/../lib/gcc/arm-none-eabi/10.3.1/../../../../arm-none-eabi/lib/thumb/v7e-m+fp/hard/libc_nano.a(lib_a-realloc.o)
                              build/nyan_os.o (realloc)
/opt/gcc-arm-none-eabi-10.3-2021.10/bin/../lib/gcc/arm-none-eabi/10.3.1/../../../../arm-none-eabi/lib/thumb/v7e-m+fp/hard/libc_nano.a(lib_a-sbrkr.o)
                              /opt/gcc-arm-none-eabi-10.3-2021.10/bin/../lib/gcc/arm-none-eabi/10.3.1/../../../../arm-none-eabi/lib/thumb/v7e-m+fp/hard/libc_nano.a(lib_a-nano-mallocr.o) (_sbrk_r)
/opt/gcc-arm-none-eabi-10.3-2021.10/bin/../lib/gcc/arm-none-eabi/10.3.1/../../../../arm-none-eabi/lib/thumb/v7e-m+fp/hard/libc_nano.a(lib_a-snprintf.o)
                              build/usbd_composite.o (snprintf)
/opt/gcc-arm-none-eabi-10.3-2021.10/bin/../lib/gcc/arm-none-eabi/10.3.1/../../../../arm-none-eabi/lib/thumb/v7e-m+fp/hard/libc_nano.a(lib_a-strcpy.o)
                              build/nyan_os.o (strcpy)
/opt/gcc-arm-none-eabi-10.3-2021.10/bin/../lib/gcc/arm-none-eabi/10.3.1/../../../../arm-none-eabi/lib/thumb/v7e-m+fp/hard/libc_nano.a(lib_a-strlen.o)
                              build/nyan_os.o (strlen)
/opt/gcc-arm-none-eabi-10.3-2021.10/bin/../lib/gcc/arm-none-eabi/10.3.1/../../../../arm-none-eabi/lib/thumb/v7e-m+fp/hard/libc_nano.a(lib_a-strncpy.o)
                              build/nyan_os.o (strncpy)
/opt/gcc-arm-none-eabi-10.3-2021.10/bin/../lib/gcc/arm-none-eabi/10.3.1/../../../../arm-none-eabi/lib/thumb/v7e-m+fp/hard/libc_nano.a(lib_a-strtok.o)
                              build/nyan_os.o (strtok)
/opt/gcc-arm-none-eabi-10.3-2021.10/bin/../lib/gcc/arm-none-eabi/10.3.1/../../../../arm-none-eabi/lib/thumb/v7e-m+fp/hard/libc_nano.a(lib_a-strtok_r.o)
                              /opt/gcc-arm-none-eabi-10.3-2021.10/bin/../lib/gcc/arm-none-eabi/10.3.1/../../../../arm-none-eabi/lib/thumb/v7e-m+fp/hard/libc_nano.a(lib_a-strtok.o) (__strtok_r)
/opt/gcc-arm-none-eabi-10.3-2021.10/bin/../lib/gcc/arm-none-eabi/10.3.1/../../../../arm-none-eabi/lib/thumb/v7e-m+fp/hard/libc_nano.a(lib_a-strtol.o)
[...]
Memory Configuration

Name             Origin             Length             Attributes
RAM              0x0000000020000000 0x0000000000040000 xrw
FLASH            0x0000000008000000 0x0000000000080000 xr
*default*        0x0000000000000000 0xffffffffffffffff

Linker script and memory map

LOAD /opt/gcc-arm-none-eabi-10.3-2021.10/bin/../lib/gcc/arm-none-eabi/10.3.1/thumb/v7e-m+fp/hard/crti.o
LOAD /opt/gcc-arm-none-eabi-10.3-2021.10/bin/../lib/gcc/arm-none-eabi/10.3.1/thumb/v7e-m+fp/hard/crtbegin.o
LOAD /opt/gcc-arm-none-eabi-10.3-2021.10/bin/../lib/gcc/arm-none-eabi/10.3.1/../../../../arm-none-eabi/lib/thumb/v7e-m+fp/hard/crt0.o
LOAD build/main.o
LOAD build/gpio.o
LOAD build/i2c.o
LOAD build/rng.o
LOAD build/spi.o
LOAD build/stm32f7xx_it.o
LOAD build/stm32f7xx_hal_msp.o
LOAD build/stm32f7xx_hal_rcc.o
LOAD build/stm32f7xx_hal_rcc_ex.o
LOAD build/stm32f7xx_hal_flash.o
LOAD build/stm32f7xx_hal_flash_ex.o
LOAD build/stm32f7xx_hal_gpio.o
LOAD build/stm32f7xx_hal_dma.o
LOAD build/stm32f7xx_hal_dma_ex.o
LOAD build/stm32f7xx_hal_pwr.o
LOAD build/stm32f7xx_hal_pwr_ex.o
LOAD build/stm32f7xx_hal_cortex.o
LOAD build/stm32f7xx_hal.o
LOAD build/stm32f7xx_hal_i2c.o
LOAD build/stm32f7xx_hal_i2c_ex.o
LOAD build/stm32f7xx_hal_exti.o
LOAD build/stm32f7xx_hal_rng.o
LOAD build/stm32f7xx_hal_spi.o
LOAD build/stm32f7xx_hal_spi_ex.o
LOAD build/stm32f7xx_hal_tim.o
LOAD build/stm32f7xx_hal_tim_ex.o
LOAD build/system_stm32f7xx.o
LOAD build/stm32f7xx_hal_pcd.o
LOAD build/stm32f7xx_hal_pcd_ex.o
LOAD build/stm32f7xx_ll_usb.o
LOAD build/nyan_leds.o
LOAD build/nyan_os.o
LOAD build/24xx_eeprom.o
LOAD build/tim.o
LOAD build/usb_otg.o
LOAD build/usbd_composite.o
LOAD build/usbd_hid_keyboard.o
LOAD build/usbd_core.o
LOAD build/usbd_ctlreq.o
LOAD build/usbd_ioreq.o
LOAD build/usb_device.o
LOAD build/usbd_desc.o
LOAD build/usbd_conf.o
LOAD build/usbd_cdc_acm.o
LOAD build/usbd_cdc_acm_if.o
LOAD build/dma.o
LOAD build/startup_stm32f723xx.o
LOAD /opt/gcc-arm-none-eabi-10.3-2021.10/bin/../lib/gcc/arm-none-eabi/10.3.1/../../../../arm-none-eabi/lib/thumb/v7e-m+fp/hard/libc_nano.a
LOAD /opt/gcc-arm-none-eabi-10.3-2021.10/bin/../lib/gcc/arm-none-eabi/10.3.1/../../../../arm-none-eabi/lib/thumb/v7e-m+fp/hard/libm.a
LOAD /opt/gcc-arm-none-eabi-10.3-2021.10/bin/../lib/gcc/arm-none-eabi/10.3.1/../../../../arm-none-eabi/lib/thumb/v7e-m+fp/hard/libnosys.a
START GROUP
LOAD /opt/gcc-arm-none-eabi-10.3-2021.10/bin/../lib/gcc/arm-none-eabi/10.3.1/thumb/v7e-m+fp/hard/libgcc.a
LOAD /opt/gcc-arm-none-eabi-10.3-2021.10/bin/../lib/gcc/arm-none-eabi/10.3.1/../../../../arm-none-eabi/lib/thumb/v7e-m+fp/hard/libc_nano.a
END GROUP
START GROUP
LOAD /opt/gcc-arm-none-eabi-10.3-2021.10/bin/../lib/gcc/arm-none-eabi/10.3.1/thumb/v7e-m+fp/hard/libgcc.a
LOAD /opt/gcc-arm-none-eabi-10.3-2021.10/bin/../lib/gcc/arm-none-eabi/10.3.1/../../../../arm-none-eabi/lib/thumb/v7e-m+fp/hard/libc_nano.a
END GROUP
LOAD /opt/gcc-arm-none-eabi-10.3-2021.10/bin/../lib/gcc/arm-none-eabi/10.3.1/thumb/v7e-m+fp/hard/crtend.o
LOAD /opt/gcc-arm-none-eabi-10.3-2021.10/bin/../lib/gcc/arm-none-eabi/10.3.1/thumb/v7e-m+fp/hard/crtn.o
                0x0000000020040000                _estack = (ORIGIN (RAM) + LENGTH (RAM))
                0x0000000000000800                _Min_Heap_Size = 0x800
                0x0000000000000800                _Min_Stack_Size = 0x800

.isr_vector     0x0000000008000000      0x1e0
                0x0000000008000000                . = ALIGN (0x4)
 *(.isr_vector)
 .isr_vector    0x0000000008000000      0x1e0 build/startup_stm32f723xx.o
                0x0000000008000000                g_pfnVectors
                0x00000000080001e0                . = ALIGN (0x4)

.text           0x00000000080001e0     0xbf24
                0x00000000080001e0                . = ALIGN (0x4)
 *(.text)
 .text          0x00000000080001e0       0x40 /opt/gcc-arm-none-eabi-10.3-2021.10/bin/../lib/gcc/arm-none-eabi/10.3.1/thumb/v7e-m+fp/hard/crtbegin.o
 .text          0x0000000008000220       0x10 /opt/gcc-arm-none-eabi-10.3-2021.10/bin/../lib/gcc/arm-none-eabi/10.3.1/../../../../arm-none-eabi/lib/thumb/v7e-m+fp/hard/libc_nano.a(lib_a-strlen.o)
                0x0000000008000220                strlen
 .text          0x0000000008000230       0xa0 /opt/gcc-arm-none-eabi-10.3-2021.10/bin/../lib/gcc/arm-none-eabi/10.3.1/../../../../arm-none-eabi/lib/thumb/v7e-m+fp/hard/libc_nano.a(lib_a-memchr.o)
                0x0000000008000230                memchr
 .text          0x00000000080002d0      0x378 /opt/gcc-arm-none-eabi-10.3-2021.10/bin/../lib/gcc/arm-none-eabi/10.3.1/thumb/v7e-m+fp/hard/libgcc.a(_arm_addsubdf3.o)
                0x00000000080002d0                __aeabi_drsub
                0x00000000080002d8                __aeabi_dsub
                0x00000000080002d8                __subdf3
                0x00000000080002dc                __adddf3
                0x00000000080002dc                __aeabi_dadd
                0x0000000008000554                __aeabi_ui2d
                0x0000000008000554                __floatunsidf
                0x0000000008000574                __floatsidf
                0x0000000008000574                __aeabi_i2d
                0x0000000008000598                __extendsfdf2
                0x0000000008000598                __aeabi_f2d
                0x00000000080005dc                __aeabi_ul2d
                0x00000000080005dc                __floatundidf
                0x00000000080005ec                __floatdidf
                0x00000000080005ec                __aeabi_l2d
 .text          0x0000000008000648      0x424 /opt/gcc-arm-none-eabi-10.3-2021.10/bin/../lib/gcc/arm-none-eabi/10.3.1/thumb/v7e-m+fp/hard/libgcc.a(_arm_muldivdf3.o)
                0x0000000008000648                __aeabi_dmul
                0x0000000008000648                __muldf3
                0x000000000800089c                __aeabi_ddiv
                0x000000000800089c                __divdf3
 .text          0x0000000008000a6c      0x110 /opt/gcc-arm-none-eabi-10.3-2021.10/bin/../lib/gcc/arm-none-eabi/10.3.1/thumb/v7e-m+fp/hard/libgcc.a(_arm_cmpdf2.o)
                0x0000000008000a6c                __gtdf2
                0x0000000008000a6c                __gedf2
                0x0000000008000a74                __ltdf2
                0x0000000008000a74                __ledf2
                0x0000000008000a7c                __cmpdf2
                0x0000000008000a7c                __eqdf2
                0x0000000008000a7c                __nedf2
                0x0000000008000af8                __aeabi_cdrcmple
                0x0000000008000b08                __aeabi_cdcmple
                0x0000000008000b08                __aeabi_cdcmpeq
                0x0000000008000b18                __aeabi_dcmpeq
                0x0000000008000b2c                __aeabi_dcmplt
                0x0000000008000b40                __aeabi_dcmple
                0x0000000008000b54                __aeabi_dcmpge
                0x0000000008000b68                __aeabi_dcmpgt
 .text          0x0000000008000b7c       0x2c /opt/gcc-arm-none-eabi-10.3-2021.10/bin/../lib/gcc/arm-none-eabi/10.3.1/thumb/v7e-m+fp/hard/libgcc.a(_arm_unorddf2.o)
                0x0000000008000b7c                __aeabi_dcmpun
                0x0000000008000b7c                __unorddf2
 .text          0x0000000008000ba8       0x40 /opt/gcc-arm-none-eabi-10.3-2021.10/bin/../lib/gcc/arm-none-eabi/10.3.1/thumb/v7e-m+fp/hard/libgcc.a(_arm_fixunsdfsi.o)
                0x0000000008000ba8                __fixunsdfsi
                0x0000000008000ba8                __aeabi_d2uiz
 .text          0x0000000008000be8       0xa0 /opt/gcc-arm-none-eabi-10.3-2021.10/bin/../lib/gcc/arm-none-eabi/10.3.1/thumb/v7e-m+fp/hard/libgcc.a(_arm_truncdfsf2.o)
                0x0000000008000be8                __aeabi_d2f
                0x0000000008000be8                __truncdfsf2
 .text          0x0000000008000c88       0x30 /opt/gcc-arm-none-eabi-10.3-2021.10/bin/../lib/gcc/arm-none-eabi/10.3.1/thumb/v7e-m+fp/hard/libgcc.a(_aeabi_uldivmod.o)
                0x0000000008000c88                __aeabi_uldivmod
 .text          0x0000000008000cb8      0x2d0 /opt/gcc-arm-none-eabi-10.3-2021.10/bin/../lib/gcc/arm-none-eabi/10.3.1/thumb/v7e-m+fp/hard/libgcc.a(_udivmoddi4.o)
                0x0000000008000cb8                __udivmoddi4
 .text          0x0000000008000f88        0x4 /opt/gcc-arm-none-eabi-10.3-2021.10/bin/../lib/gcc/arm-none-eabi/10.3.1/thumb/v7e-m+fp/hard/libgcc.a(_dvmd_tls.o)
                0x0000000008000f88                __aeabi_ldiv0
                0x0000000008000f88                __aeabi_idiv0
 *(.text*)
 .text.HAL_I2C_MemTxCpltCallback
                0x0000000008000f8c        0xc build/main.o
                0x0000000008000f8c                HAL_I2C_MemTxCpltCallback
 .text.HAL_I2C_MemRxCpltCallback
                0x0000000008000f98        0xc build/main.o
                0x0000000008000f98                HAL_I2C_MemRxCpltCallback
 .text.HAL_TIM_PeriodElapsedCallback
                0x0000000008000fa4       0x7c build/main.o
                0x0000000008000fa4                HAL_TIM_PeriodElapsedCallback
 .text.HAL_TIM_OC_DelayElapsedCallback
                0x0000000008001020       0xb0 build/main.o
                0x0000000008001020                HAL_TIM_OC_DelayElapsedCallback
 .text.Error_Handler
                0x00000000080010d0       0x40 build/main.o
                0x00000000080010d0                Error_Handler
 .text.SystemClock_Config
                0x0000000008001110       0xb0 build/main.o
                0x0000000008001110                SystemClock_Config
 .text.main     0x00000000080011c0       0xa0 build/main.o
                0x00000000080011c0                main
 .text.HAL_I2C_ErrorCallback
                0x0000000008001260        0xa build/main.o
                0x0000000008001260                HAL_I2C_ErrorCallback
 *fill*         0x000000000800126a        0x2 
 .text.MX_GPIO_Init
                0x000000000800126c       0xac build/gpio.o
                0x000000000800126c                MX_GPIO_Init
 .text.MX_I2C1_Init
                0x0000000008001318       0x5c build/i2c.o
                0x0000000008001318                MX_I2C1_Init
 .text.HAL_I2C_MspInit
                0x0000000008001374      0x130 build/i2c.o
                0x0000000008001374                HAL_I2C_MspInit
 .text.MX_RNG_Init
                0x00000000080014a4       0x20 build/rng.o
                0x00000000080014a4                MX_RNG_Init
 .text.HAL_RNG_MspInit
                0x00000000080014c4       0x50 build/rng.o
                0x00000000080014c4                HAL_RNG_MspInit
 .text.MX_SPI1_Init
                0x0000000008001514       0x4c build/spi.o
                0x0000000008001514                MX_SPI1_Init
 .text.MX_SPI2_Init
                0x0000000008001560       0x4c build/spi.o
                0x0000000008001560                MX_SPI2_Init
 .text.MX_SPI4_Init
                0x00000000080015ac       0x4c build/spi.o
                0x00000000080015ac                MX_SPI4_Init
 .text.HAL_SPI_MspInit
                0x00000000080015f8      0x134 build/spi.o
                0x00000000080015f8                HAL_SPI_MspInit
 .text.NMI_Handler
                0x000000000800172c        0x2 build/stm32f7xx_it.o
                0x000000000800172c                NMI_Handler
 *fill*         0x000000000800172e        0x2 
 .text.HardFault_Handler
                0x0000000008001730       0x3c build/stm32f7xx_it.o
                0x0000000008001730                HardFault_Handler
 .text.MemManage_Handler
                0x000000000800176c        0x2 build/stm32f7xx_it.o
                0x000000000800176c                MemManage_Handler
 .text.BusFault_Handler
                0x000000000800176e        0x2 build/stm32f7xx_it.o
                0x000000000800176e                BusFault_Handler
 .text.UsageFault_Handler
                0x0000000008001770        0x2 build/stm32f7xx_it.o
                0x0000000008001770                UsageFault_Handler
 .text.SVC_Handler
                0x0000000008001772        0x2 build/stm32f7xx_it.o
                0x0000000008001772                SVC_Handler
 .text.DebugMon_Handler
                0x0000000008001774        0x2 build/stm32f7xx_it.o
                0x0000000008001774                DebugMon_Handler
 .text.PendSV_Handler
                0x0000000008001776        0x2 build/stm32f7xx_it.o
                0x0000000008001776                PendSV_Handler
 .text.SysTick_Handler
                0x0000000008001778        0x8 build/stm32f7xx_it.o
                0x0000000008001778                SysTick_Handler
 .text.DMA1_Stream0_IRQHandler
                0x0000000008001780       0x10 build/stm32f7xx_it.o
                0x0000000008001780                DMA1_Stream0_IRQHandler
 .text.DMA1_Stream6_IRQHandler
                0x0000000008001790       0x10 build/stm32f7xx_it.o
                0x0000000008001790                DMA1_Stream6_IRQHandler
 .text.TIM1_UP_TIM10_IRQHandler
                0x00000000080017a0       0x10 build/stm32f7xx_it.o
                0x00000000080017a0                TIM1_UP_TIM10_IRQHandler
 .text.TIM1_CC_IRQHandler
                0x00000000080017b0       0x10 build/stm32f7xx_it.o
                0x00000000080017b0                TIM1_CC_IRQHandler
 .text.I2C1_EV_IRQHandler
                0x00000000080017c0       0x10 build/stm32f7xx_it.o
                0x00000000080017c0                I2C1_EV_IRQHandler
 .text.I2C1_ER_IRQHandler
                0x00000000080017d0       0x10 build/stm32f7xx_it.o
                0x00000000080017d0                I2C1_ER_IRQHandler
 .text.TIM8_CC_IRQHandler
                0x00000000080017e0       0x10 build/stm32f7xx_it.o
                0x00000000080017e0                TIM8_CC_IRQHandler
 .text.TIM6_DAC_IRQHandler
                0x00000000080017f0       0x10 build/stm32f7xx_it.o
                0x00000000080017f0                TIM6_DAC_IRQHandler
 .text.TIM7_IRQHandler
                0x0000000008001800       0x10 build/stm32f7xx_it.o
                0x0000000008001800                TIM7_IRQHandler
 .text.OTG_HS_IRQHandler
                0x0000000008001810       0x10 build/stm32f7xx_it.o
                0x0000000008001810                OTG_HS_IRQHandler
 .text.HAL_MspInit
                0x0000000008001820       0x30 build/stm32f7xx_hal_msp.o
                0x0000000008001820                HAL_MspInit
 .text.HAL_RCC_OscConfig
                0x0000000008001850      0x434 build/stm32f7xx_hal_rcc.o
                0x0000000008001850                HAL_RCC_OscConfig
 .text.HAL_RCC_GetSysClockFreq
                0x0000000008001c84       0xa8 build/stm32f7xx_hal_rcc.o
                0x0000000008001c84                HAL_RCC_GetSysClockFreq
 .text.HAL_RCC_ClockConfig
                0x0000000008001d2c      0x16c build/stm32f7xx_hal_rcc.o
                0x0000000008001d2c                HAL_RCC_ClockConfig
 .text.HAL_RCC_GetHCLKFreq
                0x0000000008001e98        0xc build/stm32f7xx_hal_rcc.o
                0x0000000008001e98                HAL_RCC_GetHCLKFreq
 .text.HAL_RCCEx_PeriphCLKConfig
                0x0000000008001ea4      0x4e4 build/stm32f7xx_hal_rcc_ex.o
                0x0000000008001ea4                HAL_RCCEx_PeriphCLKConfig
 .text.HAL_GPIO_Init
                0x0000000008002388      0x1e8 build/stm32f7xx_hal_gpio.o
                0x0000000008002388                HAL_GPIO_Init
 .text.HAL_GPIO_WritePin
                0x0000000008002570        0xc build/stm32f7xx_hal_gpio.o
                0x0000000008002570                HAL_GPIO_WritePin
 .text.DMA_SetConfig
                0x000000000800257c       0x2c build/stm32f7xx_hal_dma.o
 .text.DMA_CalcBaseAndBitshift
                0x00000000080025a8       0x40 build/stm32f7xx_hal_dma.o
 .text.DMA_CheckFifoParam
                0x00000000080025e8       0x8e build/stm32f7xx_hal_dma.o
 *fill*         0x0000000008002676        0x2 
 .text.HAL_DMA_Init
                0x0000000008002678       0xcc build/stm32f7xx_hal_dma.o
                0x0000000008002678                HAL_DMA_Init
 .text.HAL_DMA_Start_IT
                0x0000000008002744       0x74 build/stm32f7xx_hal_dma.o
                0x0000000008002744                HAL_DMA_Start_IT
 .text.HAL_DMA_Abort_IT
                0x00000000080027b8       0x26 build/stm32f7xx_hal_dma.o
                0x00000000080027b8                HAL_DMA_Abort_IT
 *fill*         0x00000000080027de        0x2 
 .text.HAL_DMA_IRQHandler
                0x00000000080027e0      0x1dc build/stm32f7xx_hal_dma.o
                0x00000000080027e0                HAL_DMA_IRQHandler
 .text.HAL_DMA_GetState
                0x00000000080029bc        0x6 build/stm32f7xx_hal_dma.o
                0x00000000080029bc                HAL_DMA_GetState
 .text.HAL_DMA_GetError
                0x00000000080029c2        0x4 build/stm32f7xx_hal_dma.o
                0x00000000080029c2                HAL_DMA_GetError
 *fill*         0x00000000080029c6        0x2 
 .text.HAL_PWREx_EnableOverDrive
                0x00000000080029c8       0x7c build/stm32f7xx_hal_pwr_ex.o
                0x00000000080029c8                HAL_PWREx_EnableOverDrive
 .text.__NVIC_SetPriority
                0x0000000008002a44       0x24 build/stm32f7xx_hal_cortex.o
 .text.NVIC_EncodePriority
                0x0000000008002a68       0x3e build/stm32f7xx_hal_cortex.o
 *fill*         0x0000000008002aa6        0x2 
 .text.HAL_NVIC_SetPriorityGrouping
                0x0000000008002aa8       0x24 build/stm32f7xx_hal_cortex.o
                0x0000000008002aa8                HAL_NVIC_SetPriorityGrouping
 .text.HAL_NVIC_SetPriority
                0x0000000008002acc       0x20 build/stm32f7xx_hal_cortex.o
                0x0000000008002acc                HAL_NVIC_SetPriority
 .text.HAL_NVIC_EnableIRQ
                0x0000000008002aec       0x1c build/stm32f7xx_hal_cortex.o
                0x0000000008002aec                HAL_NVIC_EnableIRQ
 .text.HAL_SYSTICK_Config
                0x0000000008002b08       0x28 build/stm32f7xx_hal_cortex.o
                0x0000000008002b08                HAL_SYSTICK_Config
 .text.HAL_InitTick
                0x0000000008002b30       0x4c build/stm32f7xx_hal.o
                0x0000000008002b30                HAL_InitTick
 .text.HAL_Init
                0x0000000008002b7c       0x24 build/stm32f7xx_hal.o
                0x0000000008002b7c                HAL_Init
 .text.HAL_IncTick
                0x0000000008002ba0       0x18 build/stm32f7xx_hal.o
                0x0000000008002ba0                HAL_IncTick
 .text.HAL_GetTick
                0x0000000008002bb8        0xc build/stm32f7xx_hal.o
                0x0000000008002bb8                HAL_GetTick
 .text.HAL_Delay
                0x0000000008002bc4       0x28 build/stm32f7xx_hal.o
                0x0000000008002bc4                HAL_Delay
 .text.I2C_Flush_TXDR
                0x0000000008002bec       0x22 build/stm32f7xx_hal_i2c.o
 .text.I2C_TransferConfig
                0x0000000008002c0e       0x3c build/stm32f7xx_hal_i2c.o
 *fill*         0x0000000008002c4a        0x2 
 .text.I2C_Enable_IRQ
                0x0000000008002c4c       0x7c build/stm32f7xx_hal_i2c.o
 .text.I2C_Disable_IRQ
                0x0000000008002cc8       0x70 build/stm32f7xx_hal_i2c.o
 .text.HAL_I2C_Init
                0x0000000008002d38       0xbc build/stm32f7xx_hal_i2c.o
                0x0000000008002d38                HAL_I2C_Init
 .text.HAL_I2C_Mem_Write_DMA
                0x0000000008002df4      0x134 build/stm32f7xx_hal_i2c.o
                0x0000000008002df4                HAL_I2C_Mem_Write_DMA
 .text.HAL_I2C_Mem_Read_DMA
                0x0000000008002f28      0x134 build/stm32f7xx_hal_i2c.o
                0x0000000008002f28                HAL_I2C_Mem_Read_DMA
 .text.HAL_I2C_EV_IRQHandler
                0x000000000800305c       0x10 build/stm32f7xx_hal_i2c.o
                0x000000000800305c                HAL_I2C_EV_IRQHandler
 .text.HAL_I2C_MasterTxCpltCallback
                0x000000000800306c        0x2 build/stm32f7xx_hal_i2c.o
                0x000000000800306c                HAL_I2C_MasterTxCpltCallback
 .text.HAL_I2C_MasterRxCpltCallback
                0x000000000800306e        0x2 build/stm32f7xx_hal_i2c.o
                0x000000000800306e                HAL_I2C_MasterRxCpltCallback
 .text.I2C_ITMasterSeqCplt
                0x0000000008003070       0x54 build/stm32f7xx_hal_i2c.o
 .text.HAL_I2C_SlaveTxCpltCallback
                0x00000000080030c4        0x2 build/stm32f7xx_hal_i2c.o
                0x00000000080030c4                HAL_I2C_SlaveTxCpltCallback
 .text.HAL_I2C_SlaveRxCpltCallback
                0x00000000080030c6        0x2 build/stm32f7xx_hal_i2c.o
                0x00000000080030c6                HAL_I2C_SlaveRxCpltCallback
 .text.I2C_ITSlaveSeqCplt
                0x00000000080030c8       0x82 build/stm32f7xx_hal_i2c.o
 .text.HAL_I2C_AddrCallback
                0x000000000800314a        0x2 build/stm32f7xx_hal_i2c.o
                0x000000000800314a                HAL_I2C_AddrCallback
 .text.I2C_ITAddrCplt
                0x000000000800314c       0xa0 build/stm32f7xx_hal_i2c.o
 .text.HAL_I2C_ListenCpltCallback
                0x00000000080031ec        0x2 build/stm32f7xx_hal_i2c.o
                0x00000000080031ec                HAL_I2C_ListenCpltCallback
 *fill*         0x00000000080031ee        0x2 
 .text.I2C_ITListenCplt
                0x00000000080031f0       0x68 build/stm32f7xx_hal_i2c.o
 .text.HAL_I2C_AbortCpltCallback
                0x0000000008003258        0x2 build/stm32f7xx_hal_i2c.o
                0x0000000008003258                HAL_I2C_AbortCpltCallback
 .text.I2C_TreatErrorCallback
                0x000000000800325a       0x2e build/stm32f7xx_hal_i2c.o
 .text.I2C_ITError
                0x0000000008003288      0x108 build/stm32f7xx_hal_i2c.o
 .text.I2C_ITSlaveCplt
                0x0000000008003390      0x168 build/stm32f7xx_hal_i2c.o
 .text.I2C_Slave_ISR_IT
                0x00000000080034f8      0x150 build/stm32f7xx_hal_i2c.o
 .text.I2C_ITMasterCplt
                0x0000000008003648      0x12e build/stm32f7xx_hal_i2c.o
 .text.I2C_Slave_ISR_DMA
                0x0000000008003776      0x122 build/stm32f7xx_hal_i2c.o
 .text.I2C_Master_ISR_DMA
                0x0000000008003898      0x142 build/stm32f7xx_hal_i2c.o
 .text.I2C_DMAError
                0x00000000080039da       0x44 build/stm32f7xx_hal_i2c.o
 .text.I2C_DMAMasterTransmitCplt
                0x0000000008003a1e       0x5a build/stm32f7xx_hal_i2c.o
 .text.I2C_DMAMasterReceiveCplt
                0x0000000008003a78       0x5a build/stm32f7xx_hal_i2c.o
 *fill*         0x0000000008003ad2        0x2 
 .text.I2C_Mem_ISR_DMA
                0x0000000008003ad4      0x194 build/stm32f7xx_hal_i2c.o
 .text.HAL_I2C_ER_IRQHandler
                0x0000000008003c68       0x6a build/stm32f7xx_hal_i2c.o
                0x0000000008003c68                HAL_I2C_ER_IRQHandler
 .text.I2C_DMAAbort
                0x0000000008003cd2       0x1a build/stm32f7xx_hal_i2c.o
 .text.HAL_I2C_GetError
                0x0000000008003cec        0x4 build/stm32f7xx_hal_i2c.o
                0x0000000008003cec                HAL_I2C_GetError
 .text.HAL_I2CEx_ConfigAnalogFilter
                0x0000000008003cf0       0x5c build/stm32f7xx_hal_i2c_ex.o
                0x0000000008003cf0                HAL_I2CEx_ConfigAnalogFilter
 .text.HAL_I2CEx_ConfigDigitalFilter
                0x0000000008003d4c       0x58 build/stm32f7xx_hal_i2c_ex.o
                0x0000000008003d4c                HAL_I2CEx_ConfigDigitalFilter
 .text.HAL_RNG_Init
                0x0000000008003da4       0x2e build/stm32f7xx_hal_rng.o
                0x0000000008003da4                HAL_RNG_Init
 .text.HAL_SPI_Init
                0x0000000008003dd2       0xe8 build/stm32f7xx_hal_spi.o
                0x0000000008003dd2                HAL_SPI_Init
 *fill*         0x0000000008003eba        0x2 
 .text.TIM_OC1_SetConfig
                0x0000000008003ebc       0x68 build/stm32f7xx_hal_tim.o
 .text.TIM_OC3_SetConfig
                0x0000000008003f24       0x70 build/stm32f7xx_hal_tim.o
 .text.TIM_OC4_SetConfig
                0x0000000008003f94       0x54 build/stm32f7xx_hal_tim.o
 .text.TIM_OC5_SetConfig
                0x0000000008003fe8       0x54 build/stm32f7xx_hal_tim.o
 .text.TIM_OC6_SetConfig
                0x000000000800403c       0x54 build/stm32f7xx_hal_tim.o
 .text.TIM_TI1_ConfigInputStage
                0x0000000008004090       0x26 build/stm32f7xx_hal_tim.o
 .text.TIM_TI2_ConfigInputStage
                0x00000000080040b6       0x28 build/stm32f7xx_hal_tim.o
 .text.TIM_ITRx_SetConfig
                0x00000000080040de       0x10 build/stm32f7xx_hal_tim.o
 *fill*         0x00000000080040ee        0x2 
 .text.HAL_TIM_Base_Start_IT
                0x00000000080040f0       0x90 build/stm32f7xx_hal_tim.o
                0x00000000080040f0                HAL_TIM_Base_Start_IT
 .text.HAL_TIM_IC_CaptureCallback
                0x0000000008004180        0x2 build/stm32f7xx_hal_tim.o
                0x0000000008004180                HAL_TIM_IC_CaptureCallback
 .text.HAL_TIM_PWM_PulseFinishedCallback
                0x0000000008004182        0x2 build/stm32f7xx_hal_tim.o
                0x0000000008004182                HAL_TIM_PWM_PulseFinishedCallback
 .text.HAL_TIM_TriggerCallback
                0x0000000008004184        0x2 build/stm32f7xx_hal_tim.o
                0x0000000008004184                HAL_TIM_TriggerCallback
 .text.HAL_TIM_IRQHandler
                0x0000000008004186      0x19a build/stm32f7xx_hal_tim.o
                0x0000000008004186                HAL_TIM_IRQHandler
 .text.TIM_Base_SetConfig
                0x0000000008004320      0x110 build/stm32f7xx_hal_tim.o
                0x0000000008004320                TIM_Base_SetConfig
 .text.HAL_TIM_Base_Init
                0x0000000008004430       0x60 build/stm32f7xx_hal_tim.o
                0x0000000008004430                HAL_TIM_Base_Init
 .text.HAL_TIM_OC_Init
                0x0000000008004490       0x60 build/stm32f7xx_hal_tim.o
                0x0000000008004490                HAL_TIM_OC_Init
 .text.TIM_OC2_SetConfig
                0x00000000080044f0       0x70 build/stm32f7xx_hal_tim.o
                0x00000000080044f0                TIM_OC2_SetConfig
 .text.HAL_TIM_OC_ConfigChannel
                0x0000000008004560       0x7a build/stm32f7xx_hal_tim.o
                0x0000000008004560                HAL_TIM_OC_ConfigChannel
 .text.TIM_ETR_SetConfig
                0x00000000080045da       0x1a build/stm32f7xx_hal_tim.o
                0x00000000080045da                TIM_ETR_SetConfig
 .text.HAL_TIM_ConfigClockSource
                0x00000000080045f4      0x100 build/stm32f7xx_hal_tim.o
                0x00000000080045f4                HAL_TIM_ConfigClockSource
 .text.TIM_CCxChannelCmd
                0x00000000080046f4       0x1e build/stm32f7xx_hal_tim.o
                0x00000000080046f4                TIM_CCxChannelCmd
 *fill*         0x0000000008004712        0x2 
 .text.HAL_TIM_OC_Start_IT
                0x0000000008004714      0x1c4 build/stm32f7xx_hal_tim.o
                0x0000000008004714                HAL_TIM_OC_Start_IT
 .text.HAL_TIMEx_MasterConfigSynchronization
                0x00000000080048d8       0xa0 build/stm32f7xx_hal_tim_ex.o
                0x00000000080048d8                HAL_TIMEx_MasterConfigSynchronization
 .text.HAL_TIMEx_ConfigBreakDeadTime
                0x0000000008004978       0x90 build/stm32f7xx_hal_tim_ex.o
                0x0000000008004978                HAL_TIMEx_ConfigBreakDeadTime
 .text.HAL_TIMEx_CommutCallback
                0x0000000008004a08        0x2 build/stm32f7xx_hal_tim_ex.o
                0x0000000008004a08                HAL_TIMEx_CommutCallback
 .text.HAL_TIMEx_BreakCallback
                0x0000000008004a0a        0x2 build/stm32f7xx_hal_tim_ex.o
                0x0000000008004a0a                HAL_TIMEx_BreakCallback
 .text.HAL_TIMEx_Break2Callback
                0x0000000008004a0c        0x2 build/stm32f7xx_hal_tim_ex.o
                0x0000000008004a0c                HAL_TIMEx_Break2Callback
 *fill*         0x0000000008004a0e        0x2 
 .text.SystemInit
                0x0000000008004a10       0x14 build/system_stm32f7xx.o
                0x0000000008004a10                SystemInit
 .text.PCD_WriteEmptyTxFifo
                0x0000000008004a24       0xd0 build/stm32f7xx_hal_pcd.o
 .text.HAL_PCD_Init
                0x0000000008004af4      0x13c build/stm32f7xx_hal_pcd.o
                0x0000000008004af4                HAL_PCD_Init
 .text.HAL_PCD_Start
                0x0000000008004c30       0x2a build/stm32f7xx_hal_pcd.o
                0x0000000008004c30                HAL_PCD_Start
 *fill*         0x0000000008004c5a        0x2 
 .text.PCD_EP_OutXfrComplete_int
                0x0000000008004c5c      0x104 build/stm32f7xx_hal_pcd.o
 .text.PCD_EP_OutSetupPacket_int
                0x0000000008004d60       0x50 build/stm32f7xx_hal_pcd.o
 .text.HAL_PCD_SetAddress
                0x0000000008004db0       0x28 build/stm32f7xx_hal_pcd.o
                0x0000000008004db0                HAL_PCD_SetAddress
 .text.HAL_PCD_EP_Open
                0x0000000008004dd8       0x8a build/stm32f7xx_hal_pcd.o
                0x0000000008004dd8                HAL_PCD_EP_Open
 .text.HAL_PCD_EP_Close
                0x0000000008004e62       0x72 build/stm32f7xx_hal_pcd.o
                0x0000000008004e62                HAL_PCD_EP_Close
 .text.HAL_PCD_EP_Receive
                0x0000000008004ed4       0x5e build/stm32f7xx_hal_pcd.o
                0x0000000008004ed4                HAL_PCD_EP_Receive
 .text.HAL_PCD_EP_GetRxCount
                0x0000000008004f32       0x12 build/stm32f7xx_hal_pcd.o
                0x0000000008004f32                HAL_PCD_EP_GetRxCount
 .text.HAL_PCD_EP_Transmit
                0x0000000008004f44       0x5e build/stm32f7xx_hal_pcd.o
                0x0000000008004f44                HAL_PCD_EP_Transmit
 .text.HAL_PCD_EP_SetStall
                0x0000000008004fa2       0x88 build/stm32f7xx_hal_pcd.o
                0x0000000008004fa2                HAL_PCD_EP_SetStall
 .text.HAL_PCD_EP_ClrStall
                0x000000000800502a       0x76 build/stm32f7xx_hal_pcd.o
                0x000000000800502a                HAL_PCD_EP_ClrStall
 .text.HAL_PCD_EP_Abort
                0x00000000080050a0       0x34 build/stm32f7xx_hal_pcd.o
                0x00000000080050a0                HAL_PCD_EP_Abort
 .text.HAL_PCD_IRQHandler
                0x00000000080050d4      0x606 build/stm32f7xx_hal_pcd.o
                0x00000000080050d4                HAL_PCD_IRQHandler
 .text.HAL_PCDEx_SetTxFiFo
                0x00000000080056da       0x4c build/stm32f7xx_hal_pcd_ex.o
                0x00000000080056da                HAL_PCDEx_SetTxFiFo
 .text.HAL_PCDEx_SetRxFiFo
                0x0000000008005726        0x8 build/stm32f7xx_hal_pcd_ex.o
                0x0000000008005726                HAL_PCDEx_SetRxFiFo
 *fill*         0x000000000800572e        0x2 
 .text.HAL_PCDEx_ActivateLPM
                0x0000000008005730       0x28 build/stm32f7xx_hal_pcd_ex.o
                0x0000000008005730                HAL_PCDEx_ActivateLPM
 .text.HAL_PCDEx_LPM_Callback
                0x0000000008005758        0x2 build/stm32f7xx_hal_pcd_ex.o
                0x0000000008005758                HAL_PCDEx_LPM_Callback
 *fill*         0x000000000800575a        0x2 
 .text.USB_CoreReset
                0x000000000800575c       0x50 build/stm32f7xx_ll_usb.o
 .text.USB_HS_PHYCInit
                0x00000000080057ac       0x5c build/stm32f7xx_ll_usb.o
 .text.USB_CoreInit
                0x0000000008005808       0xd4 build/stm32f7xx_ll_usb.o
                0x0000000008005808                USB_CoreInit
 .text.USB_SetTurnaroundTime
                0x00000000080058dc       0xe4 build/stm32f7xx_ll_usb.o
                0x00000000080058dc                USB_SetTurnaroundTime
 .text.USB_EnableGlobalInt
                0x00000000080059c0        0xc build/stm32f7xx_ll_usb.o
                0x00000000080059c0                USB_EnableGlobalInt
 .text.USB_DisableGlobalInt
                0x00000000080059cc        0xc build/stm32f7xx_ll_usb.o
                0x00000000080059cc                USB_DisableGlobalInt
 .text.USB_FlushTxFifo
                0x00000000080059d8       0x50 build/stm32f7xx_ll_usb.o
                0x00000000080059d8                USB_FlushTxFifo
 .text.USB_FlushRxFifo
                0x0000000008005a28       0x4c build/stm32f7xx_ll_usb.o
                0x0000000008005a28                USB_FlushRxFifo
 .text.USB_SetDevSpeed
                0x0000000008005a74        0xe build/stm32f7xx_ll_usb.o
                0x0000000008005a74                USB_SetDevSpeed
 *fill*         0x0000000008005a82        0x2 
 .text.USB_DevInit
                0x0000000008005a84      0x1a4 build/stm32f7xx_ll_usb.o
                0x0000000008005a84                USB_DevInit
 .text.USB_GetDevSpeed
                0x0000000008005c28       0x1e build/stm32f7xx_ll_usb.o
                0x0000000008005c28                USB_GetDevSpeed
 *fill*         0x0000000008005c46        0x2 
 .text.USB_ActivateEndpoint
                0x0000000008005c48       0x98 build/stm32f7xx_ll_usb.o
                0x0000000008005c48                USB_ActivateEndpoint
 .text.USB_DeactivateEndpoint
                0x0000000008005ce0       0xe0 build/stm32f7xx_ll_usb.o
                0x0000000008005ce0                USB_DeactivateEndpoint
 .text.USB_EP0StartXfer
                0x0000000008005dc0      0x120 build/stm32f7xx_ll_usb.o
                0x0000000008005dc0                USB_EP0StartXfer
 .text.USB_EPStopXfer
                0x0000000008005ee0       0xbe build/stm32f7xx_ll_usb.o
                0x0000000008005ee0                USB_EPStopXfer
 .text.USB_WritePacket
                0x0000000008005f9e       0x2e build/stm32f7xx_ll_usb.o
                0x0000000008005f9e                USB_WritePacket
 .text.USB_EPStartXfer
                0x0000000008005fcc      0x230 build/stm32f7xx_ll_usb.o
                0x0000000008005fcc                USB_EPStartXfer
 .text.USB_ReadPacket
                0x00000000080061fc       0x46 build/stm32f7xx_ll_usb.o
                0x00000000080061fc                USB_ReadPacket
 .text.USB_EPSetStall
                0x0000000008006242       0x5a build/stm32f7xx_ll_usb.o
                0x0000000008006242                USB_EPSetStall
 .text.USB_EPClearStall
                0x000000000800629c       0x5c build/stm32f7xx_ll_usb.o
                0x000000000800629c                USB_EPClearStall
 .text.USB_SetDevAddress
                0x00000000080062f8       0x20 build/stm32f7xx_ll_usb.o
                0x00000000080062f8                USB_SetDevAddress
 .text.USB_DevConnect
                0x0000000008006318       0x1c build/stm32f7xx_ll_usb.o
                0x0000000008006318                USB_DevConnect
 .text.USB_DevDisconnect
                0x0000000008006334       0x1c build/stm32f7xx_ll_usb.o
                0x0000000008006334                USB_DevDisconnect
 .text.USB_ReadInterrupts
                0x0000000008006350        0x8 build/stm32f7xx_ll_usb.o
                0x0000000008006350                USB_ReadInterrupts
 .text.USB_ReadDevAllOutEpInterrupt
                0x0000000008006358       0x10 build/stm32f7xx_ll_usb.o
                0x0000000008006358                USB_ReadDevAllOutEpInterrupt
 .text.USB_ReadDevAllInEpInterrupt
                0x0000000008006368       0x10 build/stm32f7xx_ll_usb.o
                0x0000000008006368                USB_ReadDevAllInEpInterrupt
 .text.USB_ReadDevOutEPInterrupt
                0x0000000008006378       0x12 build/stm32f7xx_ll_usb.o
                0x0000000008006378                USB_ReadDevOutEPInterrupt
 .text.USB_ReadDevInEPInterrupt
                0x000000000800638a       0x24 build/stm32f7xx_ll_usb.o
                0x000000000800638a                USB_ReadDevInEPInterrupt
 .text.USB_GetMode
                0x00000000080063ae        0x8 build/stm32f7xx_ll_usb.o
                0x00000000080063ae                USB_GetMode
 .text.USB_SetCurrentMode
                0x00000000080063b6       0x62 build/stm32f7xx_ll_usb.o
                0x00000000080063b6                USB_SetCurrentMode
 .text.USB_ActivateSetup
                0x0000000008006418       0x20 build/stm32f7xx_ll_usb.o
                0x0000000008006418                USB_ActivateSetup
 .text.USB_EP0_OutStart
                0x0000000008006438       0x60 build/stm32f7xx_ll_usb.o
                0x0000000008006438                USB_EP0_OutStart
 .text.getSystemStatusOCRValue
                0x0000000008006498       0x60 build/nyan_leds.o
                0x0000000008006498                getSystemStatusOCRValue
 .text.NyanPrint
                0x00000000080064f8       0x7a build/nyan_os.o
                0x00000000080064f8                NyanPrint
 *fill*         0x0000000008006572        0x2 
 .text.NyanWelcomeDisplay
                0x0000000008006574       0x3c build/nyan_os.o
                0x0000000008006574                NyanWelcomeDisplay
 .text.NyanExeGetinfo
                0x00000000080065b0       0x70 build/nyan_os.o
                0x00000000080065b0                NyanExeGetinfo
 .text.NyanExeSetOwner
                0x0000000008006620      0x112 build/nyan_os.o
                0x0000000008006620                NyanExeSetOwner
 *fill*         0x0000000008006732        0x2 
 .text.NyanExeWriteFpgaBitstream
                0x0000000008006734      0x11c build/nyan_os.o
                0x0000000008006734                NyanExeWriteFpgaBitstream
 .text.NyanExecute
                0x0000000008006850       0xac build/nyan_os.o
                0x0000000008006850                NyanExecute
 .text.FreeNyanCommandArgs
                0x00000000080068fc       0x36 build/nyan_os.o
                0x00000000080068fc                FreeNyanCommandArgs
 *fill*         0x0000000008006932        0x2 
 .text.NyanDecodeArgs
                0x0000000008006934       0x9c build/nyan_os.o
                0x0000000008006934                NyanDecodeArgs
 .text.NyanDecode
                0x00000000080069d0       0x48 build/nyan_os.o
                0x00000000080069d0                NyanDecode
 .text.FreeNyanString
                0x0000000008006a18       0x24 build/nyan_os.o
                0x0000000008006a18                FreeNyanString
 .text.ClearNyanCommandBuffer
                0x0000000008006a3c       0x12 build/nyan_os.o
                0x0000000008006a3c                ClearNyanCommandBuffer
 .text.NyanOsInit
                0x0000000008006a4e       0x44 build/nyan_os.o
                0x0000000008006a4e                NyanOsInit
 *fill*         0x0000000008006a92        0x2 
 .text.NyanAddInputBuffer
                0x0000000008006a94       0xec build/nyan_os.o
                0x0000000008006a94                NyanAddInputBuffer
 .text.EepromInit
                0x0000000008006b80       0x2a build/24xx_eeprom.o
                0x0000000008006b80                EepromInit
 .text.EepromFlushTxBuff
                0x0000000008006baa       0x10 build/24xx_eeprom.o
                0x0000000008006baa                EepromFlushTxBuff
 .text.EepromCreateControlByte
                0x0000000008006bba       0x26 build/24xx_eeprom.o
                0x0000000008006bba                EepromCreateControlByte
 .text.EepromWrite
                0x0000000008006be0       0x48 build/24xx_eeprom.o
                0x0000000008006be0                EepromWrite
 .text.EepromRead
                0x0000000008006c28       0x50 build/24xx_eeprom.o
                0x0000000008006c28                EepromRead
 .text.MX_TIM1_Init
                0x0000000008006c78       0xc8 build/tim.o
                0x0000000008006c78                MX_TIM1_Init
 .text.MX_TIM6_Init
                0x0000000008006d40       0x50 build/tim.o
                0x0000000008006d40                MX_TIM6_Init
 .text.MX_TIM7_Init
                0x0000000008006d90       0x54 build/tim.o
                0x0000000008006d90                MX_TIM7_Init
 .text.MX_TIM8_Init
                0x0000000008006de4       0xf8 build/tim.o
                0x0000000008006de4                MX_TIM8_Init
 .text.HAL_TIM_OC_MspInit
                0x0000000008006edc       0x50 build/tim.o
                0x0000000008006edc                HAL_TIM_OC_MspInit
 .text.HAL_TIM_Base_MspInit
                0x0000000008006f2c       0xa0 build/tim.o
                0x0000000008006f2c                HAL_TIM_Base_MspInit
 .text.MX_USB_OTG_HS_PCD_Init
                0x0000000008006fcc       0x38 build/usb_otg.o
                0x0000000008006fcc                MX_USB_OTG_HS_PCD_Init
 .text.HAL_PCD_MspInit
                0x0000000008007004       0xc4 build/usb_otg.o
                0x0000000008007004                HAL_PCD_MspInit
 .text.USBD_COMPOSITE_Init
                0x00000000080070c8       0x24 build/usbd_composite.o
 .text.USBD_COMPOSITE_DeInit
                0x00000000080070ec       0x24 build/usbd_composite.o
 .text.USBD_COMPOSITE_Setup
                0x0000000008007110       0x54 build/usbd_composite.o
 .text.USBD_COMPOSITE_DataIn
                0x0000000008007164       0x58 build/usbd_composite.o
 .text.USBD_COMPOSITE_EP0_RxReady
                0x00000000080071bc       0x10 build/usbd_composite.o
 .text.USBD_COMPOSITE_EP0_TxReady
                0x00000000080071cc        0x4 build/usbd_composite.o
 .text.USBD_COMPOSITE_SOF
                0x00000000080071d0        0x4 build/usbd_composite.o
 .text.USBD_COMPOSITE_IsoINIncomplete
                0x00000000080071d4        0x4 build/usbd_composite.o
 .text.USBD_COMPOSITE_IsoOutIncomplete
                0x00000000080071d8        0x4 build/usbd_composite.o
 .text.USBD_COMPOSITE_DataOut
                0x00000000080071dc       0x28 build/usbd_composite.o
 .text.USBD_COMPOSITE_GetHSCfgDesc
                0x0000000008007204        0xc build/usbd_composite.o
 .text.USBD_COMPOSITE_GetFSCfgDesc
                0x0000000008007210        0xc build/usbd_composite.o
 .text.USBD_COMPOSITE_GetOtherSpeedCfgDesc
                0x000000000800721c        0xc build/usbd_composite.o
 .text.USBD_COMPOSITE_GetDeviceQualifierDesc
                0x0000000008007228        0xc build/usbd_composite.o
 .text.USBD_COMPOSITE_GetUsrStringDesc
                0x0000000008007234       0x7c build/usbd_composite.o
 .text.USBD_COMPOSITE_Mount_Class
                0x00000000080072b0      0x150 build/usbd_composite.o
                0x00000000080072b0                USBD_COMPOSITE_Mount_Class
 .text.USBD_HID_GetFSCfgDesc
                0x0000000008007400        0xc build/usbd_hid_keyboard.o
 .text.USBD_HID_GetHSCfgDesc
                0x000000000800740c        0xc build/usbd_hid_keyboard.o
 .text.USBD_HID_GetOtherSpeedCfgDesc
                0x0000000008007418        0xc build/usbd_hid_keyboard.o
 .text.USBD_HID_DataIn
                0x0000000008007424        0xa build/usbd_hid_keyboard.o
 *fill*         0x000000000800742e        0x2 
 .text.USBD_HID_GetDeviceQualifierDesc
                0x0000000008007430        0xc build/usbd_hid_keyboard.o
 .text.USBD_HID_Setup
                0x000000000800743c      0x124 build/usbd_hid_keyboard.o
 .text.USBD_HID_DeInit
                0x0000000008007560       0x34 build/usbd_hid_keyboard.o
 .text.USBD_HID_Init
                0x0000000008007594       0x68 build/usbd_hid_keyboard.o
 .text.USBD_Update_HID_KBD_DESC
                0x00000000080075fc       0x20 build/usbd_hid_keyboard.o
                0x00000000080075fc                USBD_Update_HID_KBD_DESC
 .text.USBD_Init
                0x000000000800761c       0x2a build/usbd_core.o
                0x000000000800761c                USBD_Init
 .text.USBD_RegisterClass
                0x0000000008007646       0x44 build/usbd_core.o
                0x0000000008007646                USBD_RegisterClass
 .text.USBD_Start
                0x000000000800768a        0x8 build/usbd_core.o
                0x000000000800768a                USBD_Start
 .text.USBD_SetClassConfig
                0x0000000008007692       0x12 build/usbd_core.o
                0x0000000008007692                USBD_SetClassConfig
 .text.USBD_ClrClassConfig
                0x00000000080076a4       0x10 build/usbd_core.o
                0x00000000080076a4                USBD_ClrClassConfig
 .text.USBD_LL_SetupStage
                0x00000000080076b4       0x58 build/usbd_core.o
                0x00000000080076b4                USBD_LL_SetupStage
 .text.USBD_LL_DataOutStage
                0x000000000800770c       0x78 build/usbd_core.o
                0x000000000800770c                USBD_LL_DataOutStage
 .text.USBD_LL_DataInStage
                0x0000000008007784       0xbe build/usbd_core.o
                0x0000000008007784                USBD_LL_DataInStage
 .text.USBD_LL_Reset
                0x0000000008007842       0x54 build/usbd_core.o
                0x0000000008007842                USBD_LL_Reset
 .text.USBD_LL_SetSpeed
                0x0000000008007896        0x6 build/usbd_core.o
                0x0000000008007896                USBD_LL_SetSpeed
 .text.USBD_LL_Suspend
                0x000000000800789c       0x14 build/usbd_core.o
                0x000000000800789c                USBD_LL_Suspend
 .text.USBD_LL_Resume
                0x00000000080078b0       0x1a build/usbd_core.o
                0x00000000080078b0                USBD_LL_Resume
 .text.USBD_LL_SOF
                0x00000000080078ca       0x28 build/usbd_core.o
                0x00000000080078ca                USBD_LL_SOF
 .text.USBD_LL_IsoINIncomplete
                0x00000000080078f2       0x28 build/usbd_core.o
                0x00000000080078f2                USBD_LL_IsoINIncomplete
 .text.USBD_LL_IsoOUTIncomplete
                0x000000000800791a       0x28 build/usbd_core.o
                0x000000000800791a                USBD_LL_IsoOUTIncomplete
 .text.USBD_LL_DevConnected
                0x0000000008007942        0x4 build/usbd_core.o
                0x0000000008007942                USBD_LL_DevConnected
 .text.USBD_LL_DevDisconnected
                0x0000000008007946       0x18 build/usbd_core.o
                0x0000000008007946                USBD_LL_DevDisconnected
 .text.USBD_GetLen
                0x000000000800795e       0x14 build/usbd_ctlreq.o
 .text.USBD_SetFeature
                0x0000000008007972       0x14 build/usbd_ctlreq.o
 .text.USBD_ParseSetupRequest
                0x0000000008007986       0x28 build/usbd_ctlreq.o
                0x0000000008007986                USBD_ParseSetupRequest
 .text.USBD_CtlError
                0x00000000080079ae       0x14 build/usbd_ctlreq.o
                0x00000000080079ae                USBD_CtlError
 .text.USBD_GetDescriptor
                0x00000000080079c2      0x19a build/usbd_ctlreq.o
 .text.USBD_SetAddress
                0x0000000008007b5c       0x50 build/usbd_ctlreq.o
 .text.USBD_SetConfig
                0x0000000008007bac       0xc8 build/usbd_ctlreq.o
 .text.USBD_GetConfig
                0x0000000008007c74       0x40 build/usbd_ctlreq.o
 .text.USBD_GetStatus
                0x0000000008007cb4       0x38 build/usbd_ctlreq.o
 .text.USBD_ClrFeature
                0x0000000008007cec       0x26 build/usbd_ctlreq.o
 .text.USBD_StdDevReq
                0x0000000008007d12       0x70 build/usbd_ctlreq.o
                0x0000000008007d12                USBD_StdDevReq
 .text.USBD_StdItfReq
                0x0000000008007d82       0x68 build/usbd_ctlreq.o
                0x0000000008007d82                USBD_StdItfReq
 .text.USBD_StdEPReq
                0x0000000008007dea      0x1f2 build/usbd_ctlreq.o
                0x0000000008007dea                USBD_StdEPReq
 .text.USBD_GetString
                0x0000000008007fdc       0x3a build/usbd_ctlreq.o
                0x0000000008007fdc                USBD_GetString
 .text.USBD_CtlSendData
                0x0000000008008016       0x1a build/usbd_ioreq.o
                0x0000000008008016                USBD_CtlSendData
 .text.USBD_CtlContinueSendData
                0x0000000008008030       0x10 build/usbd_ioreq.o
                0x0000000008008030                USBD_CtlContinueSendData
 .text.USBD_CtlPrepareRx
                0x0000000008008040       0x1e build/usbd_ioreq.o
                0x0000000008008040                USBD_CtlPrepareRx
 .text.USBD_CtlContinueRx
                0x000000000800805e       0x10 build/usbd_ioreq.o
                0x000000000800805e                USBD_CtlContinueRx
 .text.USBD_CtlSendStatus
                0x000000000800806e       0x16 build/usbd_ioreq.o
                0x000000000800806e                USBD_CtlSendStatus
 .text.USBD_CtlReceiveStatus
                0x0000000008008084       0x16 build/usbd_ioreq.o
                0x0000000008008084                USBD_CtlReceiveStatus
 *fill*         0x000000000800809a        0x2 
 .text.MX_USB_DEVICE_Init
                0x000000000800809c       0x58 build/usb_device.o
                0x000000000800809c                MX_USB_DEVICE_Init
 .text.USBD_DeviceDescriptor
                0x00000000080080f4        0xc build/usbd_desc.o
                0x00000000080080f4                USBD_DeviceDescriptor
 .text.USBD_LangIDStrDescriptor
                0x0000000008008100        0xc build/usbd_desc.o
                0x0000000008008100                USBD_LangIDStrDescriptor
 .text.IntToUnicode
                0x000000000800810c       0x46 build/usbd_desc.o
 *fill*         0x0000000008008152        0x2 
 .text.Get_SerialNum
                0x0000000008008154       0x38 build/usbd_desc.o
 .text.USBD_SerialStrDescriptor
                0x000000000800818c       0x14 build/usbd_desc.o
                0x000000000800818c                USBD_SerialStrDescriptor
 .text.USBD_ProductStrDescriptor
                0x00000000080081a0       0x24 build/usbd_desc.o
                0x00000000080081a0                USBD_ProductStrDescriptor
 .text.USBD_ManufacturerStrDescriptor
                0x00000000080081c4       0x1c build/usbd_desc.o
                0x00000000080081c4                USBD_ManufacturerStrDescriptor
 .text.USBD_ConfigStrDescriptor
                0x00000000080081e0       0x24 build/usbd_desc.o
                0x00000000080081e0                USBD_ConfigStrDescriptor
 .text.USBD_InterfaceStrDescriptor
                0x0000000008008204       0x24 build/usbd_desc.o
                0x0000000008008204                USBD_InterfaceStrDescriptor
 .text.HAL_PCDEx_SetTxFiFoInBytes
                0x0000000008008228        0xa build/usbd_conf.o
                0x0000000008008228                HAL_PCDEx_SetTxFiFoInBytes
 .text.HAL_PCDEx_SetRxFiFoInBytes
                0x0000000008008232        0xa build/usbd_conf.o
                0x0000000008008232                HAL_PCDEx_SetRxFiFoInBytes
 .text.HAL_PCD_SetupStageCallback
                0x000000000800823c       0x10 build/usbd_conf.o
                0x000000000800823c                HAL_PCD_SetupStageCallback
 .text.HAL_PCD_DataOutStageCallback
                0x000000000800824c       0x18 build/usbd_conf.o
                0x000000000800824c                HAL_PCD_DataOutStageCallback
 .text.HAL_PCD_DataInStageCallback
                0x0000000008008264       0x16 build/usbd_conf.o
                0x0000000008008264                HAL_PCD_DataInStageCallback
 .text.HAL_PCD_SOFCallback
                0x000000000800827a        0xc build/usbd_conf.o
                0x000000000800827a                HAL_PCD_SOFCallback
 .text.HAL_PCD_ResetCallback
                0x0000000008008286       0x2c build/usbd_conf.o
                0x0000000008008286                HAL_PCD_ResetCallback
 *fill*         0x00000000080082b2        0x2 
 .text.HAL_PCD_SuspendCallback
                0x00000000080082b4       0x30 build/usbd_conf.o
                0x00000000080082b4                HAL_PCD_SuspendCallback
 .text.HAL_PCD_ResumeCallback
                0x00000000080082e4        0xc build/usbd_conf.o
                0x00000000080082e4                HAL_PCD_ResumeCallback
 .text.HAL_PCD_ISOOUTIncompleteCallback
                0x00000000080082f0        0xc build/usbd_conf.o
                0x00000000080082f0                HAL_PCD_ISOOUTIncompleteCallback
 .text.HAL_PCD_ISOINIncompleteCallback
                0x00000000080082fc        0xc build/usbd_conf.o
                0x00000000080082fc                HAL_PCD_ISOINIncompleteCallback
 .text.HAL_PCD_ConnectCallback
                0x0000000008008308        0xc build/usbd_conf.o
                0x0000000008008308                HAL_PCD_ConnectCallback
 .text.HAL_PCD_DisconnectCallback
                0x0000000008008314        0xc build/usbd_conf.o
                0x0000000008008314                HAL_PCD_DisconnectCallback
 .text.USBD_LL_Init
                0x0000000008008320       0x84 build/usbd_conf.o
                0x0000000008008320                USBD_LL_Init
 .text.USBD_LL_IsStallEP
                0x00000000080083a4       0x2e build/usbd_conf.o
                0x00000000080083a4                USBD_LL_IsStallEP
 .text.USBD_LL_GetRxDataSize
                0x00000000080083d2        0xc build/usbd_conf.o
                0x00000000080083d2                USBD_LL_GetRxDataSize
 .text.USBD_Get_USB_Status
                0x00000000080083de       0x14 build/usbd_conf.o
                0x00000000080083de                USBD_Get_USB_Status
 .text.USBD_LL_Start
                0x00000000080083f2       0x10 build/usbd_conf.o
                0x00000000080083f2                USBD_LL_Start
 .text.USBD_LL_OpenEP
                0x0000000008008402       0x16 build/usbd_conf.o
                0x0000000008008402                USBD_LL_OpenEP
 .text.USBD_LL_CloseEP
                0x0000000008008418       0x10 build/usbd_conf.o
                0x0000000008008418                USBD_LL_CloseEP
 .text.USBD_LL_StallEP
                0x0000000008008428       0x10 build/usbd_conf.o
                0x0000000008008428                USBD_LL_StallEP
 .text.USBD_LL_ClearStallEP
                0x0000000008008438       0x10 build/usbd_conf.o
                0x0000000008008438                USBD_LL_ClearStallEP
 .text.USBD_LL_SetUSBAddress
                0x0000000008008448       0x10 build/usbd_conf.o
                0x0000000008008448                USBD_LL_SetUSBAddress
 .text.USBD_LL_Transmit
                0x0000000008008458       0x10 build/usbd_conf.o
                0x0000000008008458                USBD_LL_Transmit
 .text.USBD_LL_PrepareReceive
                0x0000000008008468       0x10 build/usbd_conf.o
                0x0000000008008468                USBD_LL_PrepareReceive
 .text.USBD_CDC_EP0_RxReady
                0x0000000008008478       0x4c build/usbd_cdc_acm.o
 .text.USBD_CDC_GetFSCfgDesc
                0x00000000080084c4        0xc build/usbd_cdc_acm.o
 .text.USBD_CDC_GetHSCfgDesc
                0x00000000080084d0        0xc build/usbd_cdc_acm.o
 .text.USBD_CDC_GetOtherSpeedCfgDesc
                0x00000000080084dc        0xc build/usbd_cdc_acm.o
 .text.USBD_CDC_GetDeviceQualifierDescriptor
                0x00000000080084e8        0xc build/usbd_cdc_acm.o
 .text.USBD_CDC_DataOut
                0x00000000080084f4       0x50 build/usbd_cdc_acm.o
 .text.USBD_CDC_DataIn
                0x0000000008008544       0x98 build/usbd_cdc_acm.o
 .text.USBD_CDC_Setup
                0x00000000080085dc      0x150 build/usbd_cdc_acm.o
 .text.USBD_CDC_DeInit
                0x000000000800872c       0x7c build/usbd_cdc_acm.o
 .text.USBD_CDC_Init
                0x00000000080087a8      0x164 build/usbd_cdc_acm.o
 .text.USBD_CDC_ACM_RegisterInterface
                0x000000000800890c        0xe build/usbd_cdc_acm.o
                0x000000000800890c                USBD_CDC_ACM_RegisterInterface
 *fill*         0x000000000800891a        0x2 
 .text.USBD_CDC_SetTxBuffer
                0x000000000800891c       0x1c build/usbd_cdc_acm.o
                0x000000000800891c                USBD_CDC_SetTxBuffer
 .text.USBD_CDC_SetRxBuffer
                0x0000000008008938       0x18 build/usbd_cdc_acm.o
                0x0000000008008938                USBD_CDC_SetRxBuffer
 .text.USBD_CDC_TransmitPacket
                0x0000000008008950       0x50 build/usbd_cdc_acm.o
                0x0000000008008950                USBD_CDC_TransmitPacket
 .text.USBD_CDC_ReceivePacket
                0x00000000080089a0       0x50 build/usbd_cdc_acm.o
                0x00000000080089a0                USBD_CDC_ReceivePacket
 .text.USBD_Update_CDC_ACM_DESC
                0x00000000080089f0       0x98 build/usbd_cdc_acm.o
                0x00000000080089f0                USBD_Update_CDC_ACM_DESC
 .text.CDC_DeInit
                0x0000000008008a88        0x4 build/usbd_cdc_acm_if.o
 .text.CDC_TransmitCplt
                0x0000000008008a8c       0x18 build/usbd_cdc_acm_if.o
 .text.CDC_Init
                0x0000000008008aa4       0x1c build/usbd_cdc_acm_if.o
 .text.CDC_Receive
                0x0000000008008ac0       0x74 build/usbd_cdc_acm_if.o
 .text.CDC_Control
                0x0000000008008b34       0x9c build/usbd_cdc_acm_if.o
 .text.CDC_Transmit
                0x0000000008008bd0       0x44 build/usbd_cdc_acm_if.o
                0x0000000008008bd0                CDC_Transmit
 .text.MX_DMA_Init
                0x0000000008008c14       0x44 build/dma.o
                0x0000000008008c14                MX_DMA_Init
 .text.Reset_Handler
                0x0000000008008c58       0x50 build/startup_stm32f723xx.o
                0x0000000008008c58                Reset_Handler
 .text.Default_Handler
                0x0000000008008ca8        0x2 build/startup_stm32f723xx.o
                0x0000000008008ca8                RTC_Alarm_IRQHandler
                0x0000000008008ca8                EXTI2_IRQHandler
                0x0000000008008ca8                UART8_IRQHandler
                0x0000000008008ca8                SPI4_IRQHandler
                0x0000000008008ca8                DMA2_Stream5_IRQHandler
                0x0000000008008ca8                DMA1_Stream5_IRQHandler
                0x0000000008008ca8                PVD_IRQHandler
                0x0000000008008ca8                TAMP_STAMP_IRQHandler
                0x0000000008008ca8                EXTI3_IRQHandler
                0x0000000008008ca8                TIM8_TRG_COM_TIM14_IRQHandler
                0x0000000008008ca8                TIM8_UP_TIM13_IRQHandler
                0x0000000008008ca8                I2C3_ER_IRQHandler
                0x0000000008008ca8                EXTI0_IRQHandler
                0x0000000008008ca8                I2C2_EV_IRQHandler
                0x0000000008008ca8                DMA1_Stream2_IRQHandler
                0x0000000008008ca8                CAN1_RX0_IRQHandler
                0x0000000008008ca8                FPU_IRQHandler
                0x0000000008008ca8                OTG_HS_WKUP_IRQHandler
                0x0000000008008ca8                DMA2_Stream2_IRQHandler
                0x0000000008008ca8                SPI1_IRQHandler
                0x0000000008008ca8                TIM1_BRK_TIM9_IRQHandler
                0x0000000008008ca8                DMA2_Stream3_IRQHandler
                0x0000000008008ca8                SAI2_IRQHandler
                0x0000000008008ca8                USART6_IRQHandler
                0x0000000008008ca8                USART3_IRQHandler
                0x0000000008008ca8                CAN1_RX1_IRQHandler
                0x0000000008008ca8                UART5_IRQHandler
                0x0000000008008ca8                DMA2_Stream0_IRQHandler
                0x0000000008008ca8                TIM4_IRQHandler
                0x0000000008008ca8                QUADSPI_IRQHandler
                0x0000000008008ca8                DMA1_Stream1_IRQHandler
                0x0000000008008ca8                UART4_IRQHandler
                0x0000000008008ca8                TIM3_IRQHandler
                0x0000000008008ca8                RCC_IRQHandler
                0x0000000008008ca8                TIM8_BRK_TIM12_IRQHandler
                0x0000000008008ca8                Default_Handler
                0x0000000008008ca8                EXTI15_10_IRQHandler
                0x0000000008008ca8                ADC_IRQHandler
                0x0000000008008ca8                DMA1_Stream7_IRQHandler
                0x0000000008008ca8                SPI5_IRQHandler
                0x0000000008008ca8                SDMMC1_IRQHandler
                0x0000000008008ca8                TIM5_IRQHandler
                0x0000000008008ca8                DMA2_Stream7_IRQHandler
                0x0000000008008ca8                I2C3_EV_IRQHandler
                0x0000000008008ca8                EXTI9_5_IRQHandler
                0x0000000008008ca8                RTC_WKUP_IRQHandler
                0x0000000008008ca8                SPI2_IRQHandler
                0x0000000008008ca8                OTG_HS_EP1_IN_IRQHandler
                0x0000000008008ca8                CAN1_TX_IRQHandler
                0x0000000008008ca8                EXTI4_IRQHandler
                0x0000000008008ca8                RNG_IRQHandler
                0x0000000008008ca8                OTG_HS_EP1_OUT_IRQHandler
                0x0000000008008ca8                WWDG_IRQHandler
                0x0000000008008ca8                TIM2_IRQHandler
                0x0000000008008ca8                OTG_FS_WKUP_IRQHandler
                0x0000000008008ca8                TIM1_TRG_COM_TIM11_IRQHandler
                0x0000000008008ca8                EXTI1_IRQHandler
                0x0000000008008ca8                SDMMC2_IRQHandler
                0x0000000008008ca8                UART7_IRQHandler
                0x0000000008008ca8                USART2_IRQHandler
                0x0000000008008ca8                I2C2_ER_IRQHandler
                0x0000000008008ca8                DMA2_Stream1_IRQHandler
                0x0000000008008ca8                CAN1_SCE_IRQHandler
                0x0000000008008ca8                FLASH_IRQHandler
                0x0000000008008ca8                DMA2_Stream4_IRQHandler
                0x0000000008008ca8                USART1_IRQHandler
                0x0000000008008ca8                OTG_FS_IRQHandler
                0x0000000008008ca8                SPI3_IRQHandler
                0x0000000008008ca8                DMA1_Stream4_IRQHandler
                0x0000000008008ca8                FMC_IRQHandler
                0x0000000008008ca8                LPTIM1_IRQHandler
                0x0000000008008ca8                DMA2_Stream6_IRQHandler
                0x0000000008008ca8                SAI1_IRQHandler
                0x0000000008008ca8                DMA1_Stream3_IRQHandler
 .text.atoi     0x0000000008008caa        0x8 /opt/gcc-arm-none-eabi-10.3-2021.10/bin/../lib/gcc/arm-none-eabi/10.3.1/../../../../arm-none-eabi/lib/thumb/v7e-m+fp/hard/libc_nano.a(lib_a-atoi.o)
                0x0000000008008caa                atoi
 *fill*         0x0000000008008cb2        0x2 
 .text.__libc_init_array
                0x0000000008008cb4       0x48 /opt/gcc-arm-none-eabi-10.3-2021.10/bin/../lib/gcc/arm-none-eabi/10.3.1/../../../../arm-none-eabi/lib/thumb/v7e-m+fp/hard/libc_nano.a(lib_a-init.o)
                0x0000000008008cb4                __libc_init_array
 .text.malloc   0x0000000008008cfc       0x10 /opt/gcc-arm-none-eabi-10.3-2021.10/bin/../lib/gcc/arm-none-eabi/10.3.1/../../../../arm-none-eabi/lib/thumb/v7e-m+fp/hard/libc_nano.a(lib_a-malloc.o)
                0x0000000008008cfc                malloc
 .text.free     0x0000000008008d0c       0x10 /opt/gcc-arm-none-eabi-10.3-2021.10/bin/../lib/gcc/arm-none-eabi/10.3.1/../../../../arm-none-eabi/lib/thumb/v7e-m+fp/hard/libc_nano.a(lib_a-malloc.o)
                0x0000000008008d0c                free
 .text.memcmp   0x0000000008008d1c       0x20 /opt/gcc-arm-none-eabi-10.3-2021.10/bin/../lib/gcc/arm-none-eabi/10.3.1/../../../../arm-none-eabi/lib/thumb/v7e-m+fp/hard/libc_nano.a(lib_a-memcmp.o)
                0x0000000008008d1c                memcmp
 .text.memcpy   0x0000000008008d3c       0x1c /opt/gcc-arm-none-eabi-10.3-2021.10/bin/../lib/gcc/arm-none-eabi/10.3.1/../../../../arm-none-eabi/lib/thumb/v7e-m+fp/hard/libc_nano.a(lib_a-memcpy-stub.o)
                0x0000000008008d3c                memcpy
 .text.memset   0x0000000008008d58       0x10 /opt/gcc-arm-none-eabi-10.3-2021.10/bin/../lib/gcc/arm-none-eabi/10.3.1/../../../../arm-none-eabi/lib/thumb/v7e-m+fp/hard/libc_nano.a(lib_a-memset.o)
                0x0000000008008d58                memset
 .text._free_r  0x0000000008008d68       0x98 /opt/gcc-arm-none-eabi-10.3-2021.10/bin/../lib/gcc/arm-none-eabi/10.3.1/../../../../arm-none-eabi/lib/thumb/v7e-m+fp/hard/libc_nano.a(lib_a-nano-freer.o)
                0x0000000008008d68                _free_r
 .text.sbrk_aligned
                0x0000000008008e00       0x40 /opt/gcc-arm-none-eabi-10.3-2021.10/bin/../lib/gcc/arm-none-eabi/10.3.1/../../../../arm-none-eabi/lib/thumb/v7e-m+fp/hard/libc_nano.a(lib_a-nano-mallocr.o)
 .text._malloc_r
                0x0000000008008e40       0xe8 /opt/gcc-arm-none-eabi-10.3-2021.10/bin/../lib/gcc/arm-none-eabi/10.3.1/../../../../arm-none-eabi/lib/thumb/v7e-m+fp/hard/libc_nano.a(lib_a-nano-mallocr.o)
                0x0000000008008e40                _malloc_r
 .text.realloc  0x0000000008008f28       0x10 /opt/gcc-arm-none-eabi-10.3-2021.10/bin/../lib/gcc/arm-none-eabi/10.3.1/../../../../arm-none-eabi/lib/thumb/v7e-m+fp/hard/libc_nano.a(lib_a-realloc.o)
                0x0000000008008f28                realloc
 .text._sbrk_r  0x0000000008008f38       0x20 /opt/gcc-arm-none-eabi-10.3-2021.10/bin/../lib/gcc/arm-none-eabi/10.3.1/../../../../arm-none-eabi/lib/thumb/v7e-m+fp/hard/libc_nano.a(lib_a-sbrkr.o)
                0x0000000008008f38                _sbrk_r
 .text.snprintf
                0x0000000008008f58       0x68 /opt/gcc-arm-none-eabi-10.3-2021.10/bin/../lib/gcc/arm-none-eabi/10.3.1/../../../../arm-none-eabi/lib/thumb/v7e-m+fp/hard/libc_nano.a(lib_a-snprintf.o)
                0x0000000008008f58                snprintf
                0x0000000008008f58                sniprintf
 .text.strcpy   0x0000000008008fc0       0x10 /opt/gcc-arm-none-eabi-10.3-2021.10/bin/../lib/gcc/arm-none-eabi/10.3.1/../../../../arm-none-eabi/lib/thumb/v7e-m+fp/hard/libc_nano.a(lib_a-strcpy.o)
                0x0000000008008fc0                strcpy
 .text.strncpy  0x0000000008008fd0       0x26 /opt/gcc-arm-none-eabi-10.3-2021.10/bin/../lib/gcc/arm-none-eabi/10.3.1/../../../../arm-none-eabi/lib/thumb/v7e-m+fp/hard/libc_nano.a(lib_a-strncpy.o)
                0x0000000008008fd0                strncpy
 *fill*         0x0000000008008ff6        0x2 
 .text.strtok   0x0000000008008ff8       0x68 /opt/gcc-arm-none-eabi-10.3-2021.10/bin/../lib/gcc/arm-none-eabi/10.3.1/../../../../arm-none-eabi/lib/thumb/v7e-m+fp/hard/libc_nano.a(lib_a-strtok.o)
                0x0000000008008ff8                strtok
 .text.__strtok_r
                0x0000000008009060       0x50 /opt/gcc-arm-none-eabi-10.3-2021.10/bin/../lib/gcc/arm-none-eabi/10.3.1/../../../../arm-none-eabi/lib/thumb/v7e-m+fp/hard/libc_nano.a(lib_a-strtok_r.o)
                0x0000000008009060                __strtok_r
 .text._strtol_l.constprop.0
                0x00000000080090b0      0x104 /opt/gcc-arm-none-eabi-10.3-2021.10/bin/../lib/gcc/arm-none-eabi/10.3.1/../../../../arm-none-eabi/lib/thumb/v7e-m+fp/hard/libc_nano.a(lib_a-strtol.o)
 .text.strtol   0x00000000080091b4       0x14 /opt/gcc-arm-none-eabi-10.3-2021.10/bin/../lib/gcc/arm-none-eabi/10.3.1/../../../../arm-none-eabi/lib/thumb/v7e-m+fp/hard/libc_nano.a(lib_a-strtol.o)
                0x00000000080091b4                strtol
 .text.__assert_func
                0x00000000080091c8       0x3c /opt/gcc-arm-none-eabi-10.3-2021.10/bin/../lib/gcc/arm-none-eabi/10.3.1/../../../../arm-none-eabi/lib/thumb/v7e-m+fp/hard/libc_nano.a(lib_a-assert.o)
                0x00000000080091c8                __assert_func
 .text.__errno  0x0000000008009204        0xc /opt/gcc-arm-none-eabi-10.3-2021.10/bin/../lib/gcc/arm-none-eabi/10.3.1/../../../../arm-none-eabi/lib/thumb/v7e-m+fp/hard/libc_nano.a(lib_a-errno.o)
                0x0000000008009204                __errno
 .text.fprintf  0x0000000008009210       0x24 /opt/gcc-arm-none-eabi-10.3-2021.10/bin/../lib/gcc/arm-none-eabi/10.3.1/../../../../arm-none-eabi/lib/thumb/v7e-m+fp/hard/libc_nano.a(lib_a-fprintf.o)
                0x0000000008009210                fprintf
                0x0000000008009210                fiprintf
 .text.__malloc_lock
                0x0000000008009234        0xc /opt/gcc-arm-none-eabi-10.3-2021.10/bin/../lib/gcc/arm-none-eabi/10.3.1/../../../../arm-none-eabi/lib/thumb/v7e-m+fp/hard/libc_nano.a(lib_a-mlock.o)
                0x0000000008009234                __malloc_lock
 .text.__malloc_unlock
                0x0000000008009240        0xc /opt/gcc-arm-none-eabi-10.3-2021.10/bin/../lib/gcc/arm-none-eabi/10.3.1/../../../../arm-none-eabi/lib/thumb/v7e-m+fp/hard/libc_nano.a(lib_a-mlock.o)
                0x0000000008009240                __malloc_unlock
 .text._realloc_r
                0x000000000800924c       0x5e /opt/gcc-arm-none-eabi-10.3-2021.10/bin/../lib/gcc/arm-none-eabi/10.3.1/../../../../arm-none-eabi/lib/thumb/v7e-m+fp/hard/libc_nano.a(lib_a-nano-reallocr.o)
                0x000000000800924c                _realloc_r
 .text.__ssputs_r
                0x00000000080092aa       0xb6 /opt/gcc-arm-none-eabi-10.3-2021.10/bin/../lib/gcc/arm-none-eabi/10.3.1/../../../../arm-none-eabi/lib/thumb/v7e-m+fp/hard/libc_nano.a(lib_a-nano-svfprintf.o)
                0x00000000080092aa                __ssputs_r
 .text._svfprintf_r
                0x0000000008009360      0x200 /opt/gcc-arm-none-eabi-10.3-2021.10/bin/../lib/gcc/arm-none-eabi/10.3.1/../../../../arm-none-eabi/lib/thumb/v7e-m+fp/hard/libc_nano.a(lib_a-nano-svfprintf.o)
                0x0000000008009360                _svfprintf_r
                0x0000000008009360                _svfiprintf_r
 .text.__sfputc_r
                0x0000000008009560       0x2e /opt/gcc-arm-none-eabi-10.3-2021.10/bin/../lib/gcc/arm-none-eabi/10.3.1/../../../../arm-none-eabi/lib/thumb/v7e-m+fp/hard/libc_nano.a(lib_a-nano-vfprintf.o)
 .text.__sfputs_r
                0x000000000800958e       0x24 /opt/gcc-arm-none-eabi-10.3-2021.10/bin/../lib/gcc/arm-none-eabi/10.3.1/../../../../arm-none-eabi/lib/thumb/v7e-m+fp/hard/libc_nano.a(lib_a-nano-vfprintf.o)
                0x000000000800958e                __sfputs_r
 *fill*         0x00000000080095b2        0x2 
 .text._vfprintf_r
                0x00000000080095b4      0x260 /opt/gcc-arm-none-eabi-10.3-2021.10/bin/../lib/gcc/arm-none-eabi/10.3.1/../../../../arm-none-eabi/lib/thumb/v7e-m+fp/hard/libc_nano.a(lib_a-nano-vfprintf.o)
                0x00000000080095b4                _vfiprintf_r
                0x00000000080095b4                _vfprintf_r
 .text._printf_common
                0x0000000008009814       0xda /opt/gcc-arm-none-eabi-10.3-2021.10/bin/../lib/gcc/arm-none-eabi/10.3.1/../../../../arm-none-eabi/lib/thumb/v7e-m+fp/hard/libc_nano.a(lib_a-nano-vfprintf_i.o)
                0x0000000008009814                _printf_common
 *fill*         0x00000000080098ee        0x2 
 .text._printf_i
                0x00000000080098f0      0x24c /opt/gcc-arm-none-eabi-10.3-2021.10/bin/../lib/gcc/arm-none-eabi/10.3.1/../../../../arm-none-eabi/lib/thumb/v7e-m+fp/hard/libc_nano.a(lib_a-nano-vfprintf_i.o)
                0x00000000080098f0                _printf_i
 .text.__swbuf_r
                0x0000000008009b3c       0xa4 /opt/gcc-arm-none-eabi-10.3-2021.10/bin/../lib/gcc/arm-none-eabi/10.3.1/../../../../arm-none-eabi/lib/thumb/v7e-m+fp/hard/libc_nano.a(lib_a-wbuf.o)
                0x0000000008009b3c                __swbuf_r
 .text.__swsetup_r
                0x0000000008009be0       0xdc /opt/gcc-arm-none-eabi-10.3-2021.10/bin/../lib/gcc/arm-none-eabi/10.3.1/../../../../arm-none-eabi/lib/thumb/v7e-m+fp/hard/libc_nano.a(lib_a-wsetup.o)
                0x0000000008009be0                __swsetup_r
 .text.abort    0x0000000008009cbc        0xe /opt/gcc-arm-none-eabi-10.3-2021.10/bin/../lib/gcc/arm-none-eabi/10.3.1/../../../../arm-none-eabi/lib/thumb/v7e-m+fp/hard/libc_nano.a(lib_a-abort.o)
                0x0000000008009cbc                abort
 *fill*         0x0000000008009cca        0x2 
 .text.__sflush_r
                0x0000000008009ccc      0x10c /opt/gcc-arm-none-eabi-10.3-2021.10/bin/../lib/gcc/arm-none-eabi/10.3.1/../../../../arm-none-eabi/lib/thumb/v7e-m+fp/hard/libc_nano.a(lib_a-fflush.o)
                0x0000000008009ccc                __sflush_r
 .text._fflush_r
                0x0000000008009dd8       0x78 /opt/gcc-arm-none-eabi-10.3-2021.10/bin/../lib/gcc/arm-none-eabi/10.3.1/../../../../arm-none-eabi/lib/thumb/v7e-m+fp/hard/libc_nano.a(lib_a-fflush.o)
                0x0000000008009dd8                _fflush_r
 .text.std      0x0000000008009e50       0x48 /opt/gcc-arm-none-eabi-10.3-2021.10/bin/../lib/gcc/arm-none-eabi/10.3.1/../../../../arm-none-eabi/lib/thumb/v7e-m+fp/hard/libc_nano.a(lib_a-findfp.o)
 .text._cleanup_r
                0x0000000008009e98        0xc /opt/gcc-arm-none-eabi-10.3-2021.10/bin/../lib/gcc/arm-none-eabi/10.3.1/../../../../arm-none-eabi/lib/thumb/v7e-m+fp/hard/libc_nano.a(lib_a-findfp.o)
                0x0000000008009e98                _cleanup_r
 .text.__sfmoreglue
                0x0000000008009ea4       0x2c /opt/gcc-arm-none-eabi-10.3-2021.10/bin/../lib/gcc/arm-none-eabi/10.3.1/../../../../arm-none-eabi/lib/thumb/v7e-m+fp/hard/libc_nano.a(lib_a-findfp.o)
                0x0000000008009ea4                __sfmoreglue
 .text.__sfp_lock_acquire
                0x0000000008009ed0        0xc /opt/gcc-arm-none-eabi-10.3-2021.10/bin/../lib/gcc/arm-none-eabi/10.3.1/../../../../arm-none-eabi/lib/thumb/v7e-m+fp/hard/libc_nano.a(lib_a-findfp.o)
                0x0000000008009ed0                __sfp_lock_acquire
 .text.__sfp_lock_release
                0x0000000008009edc        0xc /opt/gcc-arm-none-eabi-10.3-2021.10/bin/../lib/gcc/arm-none-eabi/10.3.1/../../../../arm-none-eabi/lib/thumb/v7e-m+fp/hard/libc_nano.a(lib_a-findfp.o)
                0x0000000008009edc                __sfp_lock_release
 .text.__sinit_lock_acquire
                0x0000000008009ee8        0xc /opt/gcc-arm-none-eabi-10.3-2021.10/bin/../lib/gcc/arm-none-eabi/10.3.1/../../../../arm-none-eabi/lib/thumb/v7e-m+fp/hard/libc_nano.a(lib_a-findfp.o)
                0x0000000008009ee8                __sinit_lock_acquire
 .text.__sinit_lock_release
                0x0000000008009ef4        0xc /opt/gcc-arm-none-eabi-10.3-2021.10/bin/../lib/gcc/arm-none-eabi/10.3.1/../../../../arm-none-eabi/lib/thumb/v7e-m+fp/hard/libc_nano.a(lib_a-findfp.o)
                0x0000000008009ef4                __sinit_lock_release
 .text.__sinit  0x0000000008009f00       0x70 /opt/gcc-arm-none-eabi-10.3-2021.10/bin/../lib/gcc/arm-none-eabi/10.3.1/../../../../arm-none-eabi/lib/thumb/v7e-m+fp/hard/libc_nano.a(lib_a-findfp.o)
                0x0000000008009f00                __sinit
 .text.__sfp    0x0000000008009f70       0x8c /opt/gcc-arm-none-eabi-10.3-2021.10/bin/../lib/gcc/arm-none-eabi/10.3.1/../../../../arm-none-eabi/lib/thumb/v7e-m+fp/hard/libc_nano.a(lib_a-findfp.o)
                0x0000000008009f70                __sfp
 .text._fwalk_reent
                0x0000000008009ffc       0x3e /opt/gcc-arm-none-eabi-10.3-2021.10/bin/../lib/gcc/arm-none-eabi/10.3.1/../../../../arm-none-eabi/lib/thumb/v7e-m+fp/hard/libc_nano.a(lib_a-fwalk.o)
                0x0000000008009ffc                _fwalk_reent
 .text.__retarget_lock_init_recursive
                0x000000000800a03a        0x2 /opt/gcc-arm-none-eabi-10.3-2021.10/bin/../lib/gcc/arm-none-eabi/10.3.1/../../../../arm-none-eabi/lib/thumb/v7e-m+fp/hard/libc_nano.a(lib_a-lock.o)
                0x000000000800a03a                __retarget_lock_init_recursive
 .text.__retarget_lock_acquire_recursive
                0x000000000800a03c        0x2 /opt/gcc-arm-none-eabi-10.3-2021.10/bin/../lib/gcc/arm-none-eabi/10.3.1/../../../../arm-none-eabi/lib/thumb/v7e-m+fp/hard/libc_nano.a(lib_a-lock.o)
                0x000000000800a03c                __retarget_lock_acquire_recursive
 .text.__retarget_lock_release_recursive
                0x000000000800a03e        0x2 /opt/gcc-arm-none-eabi-10.3-2021.10/bin/../lib/gcc/arm-none-eabi/10.3.1/../../../../arm-none-eabi/lib/thumb/v7e-m+fp/hard/libc_nano.a(lib_a-lock.o)
                0x000000000800a03e                __retarget_lock_release_recursive
 .text.__swhatbuf_r
                0x000000000800a040       0x4a /opt/gcc-arm-none-eabi-10.3-2021.10/bin/../lib/gcc/arm-none-eabi/10.3.1/../../../../arm-none-eabi/lib/thumb/v7e-m+fp/hard/libc_nano.a(lib_a-makebuf.o)
                0x000000000800a040                __swhatbuf_r
 *fill*         0x000000000800a08a        0x2 
 .text.__smakebuf_r
                0x000000000800a08c       0x80 /opt/gcc-arm-none-eabi-10.3-2021.10/bin/../lib/gcc/arm-none-eabi/10.3.1/../../../../arm-none-eabi/lib/thumb/v7e-m+fp/hard/libc_nano.a(lib_a-makebuf.o)
                0x000000000800a08c                __smakebuf_r
 .text.memmove  0x000000000800a10c       0x34 /opt/gcc-arm-none-eabi-10.3-2021.10/bin/../lib/gcc/arm-none-eabi/10.3.1/../../../../arm-none-eabi/lib/thumb/v7e-m+fp/hard/libc_nano.a(lib_a-memmove.o)
                0x000000000800a10c                memmove
 .text._malloc_usable_size_r
                0x000000000800a140       0x10 /opt/gcc-arm-none-eabi-10.3-2021.10/bin/../lib/gcc/arm-none-eabi/10.3.1/../../../../arm-none-eabi/lib/thumb/v7e-m+fp/hard/libc_nano.a(lib_a-nano-msizer.o)
                0x000000000800a140                _malloc_usable_size_r
 .text._raise_r
                0x000000000800a150       0x50 /opt/gcc-arm-none-eabi-10.3-2021.10/bin/../lib/gcc/arm-none-eabi/10.3.1/../../../../arm-none-eabi/lib/thumb/v7e-m+fp/hard/libc_nano.a(lib_a-signal.o)
                0x000000000800a150                _raise_r
 .text.raise    0x000000000800a1a0       0x10 /opt/gcc-arm-none-eabi-10.3-2021.10/bin/../lib/gcc/arm-none-eabi/10.3.1/../../../../arm-none-eabi/lib/thumb/v7e-m+fp/hard/libc_nano.a(lib_a-signal.o)
                0x000000000800a1a0                raise
 .text._kill_r  0x000000000800a1b0       0x24 /opt/gcc-arm-none-eabi-10.3-2021.10/bin/../lib/gcc/arm-none-eabi/10.3.1/../../../../arm-none-eabi/lib/thumb/v7e-m+fp/hard/libc_nano.a(lib_a-signalr.o)
                0x000000000800a1b0                _kill_r
 .text._getpid_r
                0x000000000800a1d4        0x4 /opt/gcc-arm-none-eabi-10.3-2021.10/bin/../lib/gcc/arm-none-eabi/10.3.1/../../../../arm-none-eabi/lib/thumb/v7e-m+fp/hard/libc_nano.a(lib_a-signalr.o)
                0x000000000800a1d4                _getpid_r
 .text.__sread  0x000000000800a1d8       0x22 /opt/gcc-arm-none-eabi-10.3-2021.10/bin/../lib/gcc/arm-none-eabi/10.3.1/../../../../arm-none-eabi/lib/thumb/v7e-m+fp/hard/libc_nano.a(lib_a-stdio.o)
                0x000000000800a1d8                __sread
 .text.__swrite
                0x000000000800a1fa       0x38 /opt/gcc-arm-none-eabi-10.3-2021.10/bin/../lib/gcc/arm-none-eabi/10.3.1/../../../../arm-none-eabi/lib/thumb/v7e-m+fp/hard/libc_nano.a(lib_a-stdio.o)
                0x000000000800a1fa                __swrite
 .text.__sseek  0x000000000800a232       0x24 /opt/gcc-arm-none-eabi-10.3-2021.10/bin/../lib/gcc/arm-none-eabi/10.3.1/../../../../arm-none-eabi/lib/thumb/v7e-m+fp/hard/libc_nano.a(lib_a-stdio.o)
                0x000000000800a232                __sseek
 .text.__sclose
                0x000000000800a256        0x8 /opt/gcc-arm-none-eabi-10.3-2021.10/bin/../lib/gcc/arm-none-eabi/10.3.1/../../../../arm-none-eabi/lib/thumb/v7e-m+fp/hard/libc_nano.a(lib_a-stdio.o)
                0x000000000800a256                __sclose
 *fill*         0x000000000800a25e        0x2 
 .text._write_r
                0x000000000800a260       0x24 /opt/gcc-arm-none-eabi-10.3-2021.10/bin/../lib/gcc/arm-none-eabi/10.3.1/../../../../arm-none-eabi/lib/thumb/v7e-m+fp/hard/libc_nano.a(lib_a-writer.o)
                0x000000000800a260                _write_r
 .text._close_r
                0x000000000800a284       0x20 /opt/gcc-arm-none-eabi-10.3-2021.10/bin/../lib/gcc/arm-none-eabi/10.3.1/../../../../arm-none-eabi/lib/thumb/v7e-m+fp/hard/libc_nano.a(lib_a-closer.o)
                0x000000000800a284                _close_r
 .text._fstat_r
                0x000000000800a2a4       0x24 /opt/gcc-arm-none-eabi-10.3-2021.10/bin/../lib/gcc/arm-none-eabi/10.3.1/../../../../arm-none-eabi/lib/thumb/v7e-m+fp/hard/libc_nano.a(lib_a-fstatr.o)
                0x000000000800a2a4                _fstat_r
 .text._isatty_r
                0x000000000800a2c8       0x20 /opt/gcc-arm-none-eabi-10.3-2021.10/bin/../lib/gcc/arm-none-eabi/10.3.1/../../../../arm-none-eabi/lib/thumb/v7e-m+fp/hard/libc_nano.a(lib_a-isattyr.o)
                0x000000000800a2c8                _isatty_r
 .text._lseek_r
                0x000000000800a2e8       0x24 /opt/gcc-arm-none-eabi-10.3-2021.10/bin/../lib/gcc/arm-none-eabi/10.3.1/../../../../arm-none-eabi/lib/thumb/v7e-m+fp/hard/libc_nano.a(lib_a-lseekr.o)
                0x000000000800a2e8                _lseek_r
 .text._read_r  0x000000000800a30c       0x24 /opt/gcc-arm-none-eabi-10.3-2021.10/bin/../lib/gcc/arm-none-eabi/10.3.1/../../../../arm-none-eabi/lib/thumb/v7e-m+fp/hard/libc_nano.a(lib_a-readr.o)
                0x000000000800a30c                _read_r
 .text.floor    0x000000000800a330      0x108 /opt/gcc-arm-none-eabi-10.3-2021.10/bin/../lib/gcc/arm-none-eabi/10.3.1/../../../../arm-none-eabi/lib/thumb/v7e-m+fp/hard/libm.a(lib_a-s_floor.o)
                0x000000000800a330                floor
 .text.cosf     0x000000000800a438       0x70 /opt/gcc-arm-none-eabi-10.3-2021.10/bin/../lib/gcc/arm-none-eabi/10.3.1/../../../../arm-none-eabi/lib/thumb/v7e-m+fp/hard/libm.a(lib_a-sf_cos.o)
                0x000000000800a438                cosf
 .text.pow      0x000000000800a4a8       0xf0 /opt/gcc-arm-none-eabi-10.3-2021.10/bin/../lib/gcc/arm-none-eabi/10.3.1/../../../../arm-none-eabi/lib/thumb/v7e-m+fp/hard/libm.a(lib_a-w_pow.o)
                0x000000000800a4a8                pow
 .text.__ieee754_pow
                0x000000000800a598      0xb74 /opt/gcc-arm-none-eabi-10.3-2021.10/bin/../lib/gcc/arm-none-eabi/10.3.1/../../../../arm-none-eabi/lib/thumb/v7e-m+fp/hard/libm.a(lib_a-e_pow.o)
                0x000000000800a598                __ieee754_pow
 .text.__ieee754_sqrt
                0x000000000800b10c      0x198 /opt/gcc-arm-none-eabi-10.3-2021.10/bin/../lib/gcc/arm-none-eabi/10.3.1/../../../../arm-none-eabi/lib/thumb/v7e-m+fp/hard/libm.a(lib_a-e_sqrt.o)
                0x000000000800b10c                __ieee754_sqrt
 .text.__ieee754_rem_pio2f
                0x000000000800b2a4      0x264 /opt/gcc-arm-none-eabi-10.3-2021.10/bin/../lib/gcc/arm-none-eabi/10.3.1/../../../../arm-none-eabi/lib/thumb/v7e-m+fp/hard/libm.a(lib_a-ef_rem_pio2.o)
                0x000000000800b2a4                __ieee754_rem_pio2f
 .text.__kernel_cosf
                0x000000000800b508      0x104 /opt/gcc-arm-none-eabi-10.3-2021.10/bin/../lib/gcc/arm-none-eabi/10.3.1/../../../../arm-none-eabi/lib/thumb/v7e-m+fp/hard/libm.a(lib_a-kf_cos.o)
                0x000000000800b508                __kernel_cosf
 .text.__kernel_rem_pio2f
                0x000000000800b60c      0x674 /opt/gcc-arm-none-eabi-10.3-2021.10/bin/../lib/gcc/arm-none-eabi/10.3.1/../../../../arm-none-eabi/lib/thumb/v7e-m+fp/hard/libm.a(lib_a-kf_rem_pio2.o)
                0x000000000800b60c                __kernel_rem_pio2f
 .text.__kernel_sinf
                0x000000000800bc80       0x90 /opt/gcc-arm-none-eabi-10.3-2021.10/bin/../lib/gcc/arm-none-eabi/10.3.1/../../../../arm-none-eabi/lib/thumb/v7e-m+fp/hard/libm.a(lib_a-kf_sin.o)
                0x000000000800bc80                __kernel_sinf
 .text.with_errno
                0x000000000800bd10       0x18 /opt/gcc-arm-none-eabi-10.3-2021.10/bin/../lib/gcc/arm-none-eabi/10.3.1/../../../../arm-none-eabi/lib/thumb/v7e-m+fp/hard/libm.a(lib_a-math_err.o)
 .text.xflow    0x000000000800bd28       0x2c /opt/gcc-arm-none-eabi-10.3-2021.10/bin/../lib/gcc/arm-none-eabi/10.3.1/../../../../arm-none-eabi/lib/thumb/v7e-m+fp/hard/libm.a(lib_a-math_err.o)
 .text.__math_uflow
                0x000000000800bd54       0x14 /opt/gcc-arm-none-eabi-10.3-2021.10/bin/../lib/gcc/arm-none-eabi/10.3.1/../../../../arm-none-eabi/lib/thumb/v7e-m+fp/hard/libm.a(lib_a-math_err.o)
                0x000000000800bd54                __math_uflow
 .text.__math_oflow
                0x000000000800bd68       0x14 /opt/gcc-arm-none-eabi-10.3-2021.10/bin/../lib/gcc/arm-none-eabi/10.3.1/../../../../arm-none-eabi/lib/thumb/v7e-m+fp/hard/libm.a(lib_a-math_err.o)
                0x000000000800bd68                __math_oflow
 .text.fabs     0x000000000800bd7c       0x14 /opt/gcc-arm-none-eabi-10.3-2021.10/bin/../lib/gcc/arm-none-eabi/10.3.1/../../../../arm-none-eabi/lib/thumb/v7e-m+fp/hard/libm.a(lib_a-s_fabs.o)
                0x000000000800bd7c                fabs
 .text.finite   0x000000000800bd90       0x18 /opt/gcc-arm-none-eabi-10.3-2021.10/bin/../lib/gcc/arm-none-eabi/10.3.1/../../../../arm-none-eabi/lib/thumb/v7e-m+fp/hard/libm.a(lib_a-s_finite.o)
                0x000000000800bd90                finite
 .text.scalbn   0x000000000800bda8      0x124 /opt/gcc-arm-none-eabi-10.3-2021.10/bin/../lib/gcc/arm-none-eabi/10.3.1/../../../../arm-none-eabi/lib/thumb/v7e-m+fp/hard/libm.a(lib_a-s_scalbn.o)
                0x000000000800bda8                scalbn
 .text.fabsf    0x000000000800becc       0x10 /opt/gcc-arm-none-eabi-10.3-2021.10/bin/../lib/gcc/arm-none-eabi/10.3.1/../../../../arm-none-eabi/lib/thumb/v7e-m+fp/hard/libm.a(lib_a-sf_fabs.o)
                0x000000000800becc                fabsf
 .text.floorf   0x000000000800bedc       0x8c /opt/gcc-arm-none-eabi-10.3-2021.10/bin/../lib/gcc/arm-none-eabi/10.3.1/../../../../arm-none-eabi/lib/thumb/v7e-m+fp/hard/libm.a(lib_a-sf_floor.o)
                0x000000000800bedc                floorf
 .text.scalbnf  0x000000000800bf68       0xe4 /opt/gcc-arm-none-eabi-10.3-2021.10/bin/../lib/gcc/arm-none-eabi/10.3.1/../../../../arm-none-eabi/lib/thumb/v7e-m+fp/hard/libm.a(lib_a-sf_scalbn.o)
                0x000000000800bf68                scalbnf
 .text._close   0x000000000800c04c       0x10 /opt/gcc-arm-none-eabi-10.3-2021.10/bin/../lib/gcc/arm-none-eabi/10.3.1/../../../../arm-none-eabi/lib/thumb/v7e-m+fp/hard/libnosys.a(close.o)
                0x000000000800c04c                _close
 .text._fstat   0x000000000800c05c       0x10 /opt/gcc-arm-none-eabi-10.3-2021.10/bin/../lib/gcc/arm-none-eabi/10.3.1/../../../../arm-none-eabi/lib/thumb/v7e-m+fp/hard/libnosys.a(fstat.o)
                0x000000000800c05c                _fstat
 .text._getpid  0x000000000800c06c       0x10 /opt/gcc-arm-none-eabi-10.3-2021.10/bin/../lib/gcc/arm-none-eabi/10.3.1/../../../../arm-none-eabi/lib/thumb/v7e-m+fp/hard/libnosys.a(getpid.o)
                0x000000000800c06c                _getpid
 .text._isatty  0x000000000800c07c       0x10 /opt/gcc-arm-none-eabi-10.3-2021.10/bin/../lib/gcc/arm-none-eabi/10.3.1/../../../../arm-none-eabi/lib/thumb/v7e-m+fp/hard/libnosys.a(isatty.o)
                0x000000000800c07c                _isatty
 .text._kill    0x000000000800c08c       0x10 /opt/gcc-arm-none-eabi-10.3-2021.10/bin/../lib/gcc/arm-none-eabi/10.3.1/../../../../arm-none-eabi/lib/thumb/v7e-m+fp/hard/libnosys.a(kill.o)
                0x000000000800c08c                _kill
 .text._lseek   0x000000000800c09c       0x10 /opt/gcc-arm-none-eabi-10.3-2021.10/bin/../lib/gcc/arm-none-eabi/10.3.1/../../../../arm-none-eabi/lib/thumb/v7e-m+fp/hard/libnosys.a(lseek.o)
                0x000000000800c09c                _lseek
 .text._read    0x000000000800c0ac       0x10 /opt/gcc-arm-none-eabi-10.3-2021.10/bin/../lib/gcc/arm-none-eabi/10.3.1/../../../../arm-none-eabi/lib/thumb/v7e-m+fp/hard/libnosys.a(read.o)
                0x000000000800c0ac                _read
 .text._sbrk    0x000000000800c0bc       0x1c /opt/gcc-arm-none-eabi-10.3-2021.10/bin/../lib/gcc/arm-none-eabi/10.3.1/../../../../arm-none-eabi/lib/thumb/v7e-m+fp/hard/libnosys.a(sbrk.o)
                0x000000000800c0bc                _sbrk
 .text._write   0x000000000800c0d8       0x10 /opt/gcc-arm-none-eabi-10.3-2021.10/bin/../lib/gcc/arm-none-eabi/10.3.1/../../../../arm-none-eabi/lib/thumb/v7e-m+fp/hard/libnosys.a(write.o)
                0x000000000800c0d8                _write
 .text._exit    0x000000000800c0e8        0x4 /opt/gcc-arm-none-eabi-10.3-2021.10/bin/../lib/gcc/arm-none-eabi/10.3.1/../../../../arm-none-eabi/lib/thumb/v7e-m+fp/hard/libnosys.a(_exit.o)
                0x000000000800c0e8                _exit
 *(.glue_7)
 .glue_7        0x000000000800c0ec        0x0 linker stubs
 *(.glue_7t)
 .glue_7t       0x000000000800c0ec        0x0 linker stubs
 *(.eh_frame)
 .eh_frame      0x000000000800c0ec        0x0 /opt/gcc-arm-none-eabi-10.3-2021.10/bin/../lib/gcc/arm-none-eabi/10.3.1/thumb/v7e-m+fp/hard/crtbegin.o
 *(.init)
 .init          0x000000000800c0ec        0x4 /opt/gcc-arm-none-eabi-10.3-2021.10/bin/../lib/gcc/arm-none-eabi/10.3.1/thumb/v7e-m+fp/hard/crti.o
                0x000000000800c0ec                _init
 .init          0x000000000800c0f0        0x8 /opt/gcc-arm-none-eabi-10.3-2021.10/bin/../lib/gcc/arm-none-eabi/10.3.1/thumb/v7e-m+fp/hard/crtn.o
 *(.fini)
 .fini          0x000000000800c0f8        0x4 /opt/gcc-arm-none-eabi-10.3-2021.10/bin/../lib/gcc/arm-none-eabi/10.3.1/thumb/v7e-m+fp/hard/crti.o
                0x000000000800c0f8                _fini
 .fini          0x000000000800c0fc        0x8 /opt/gcc-arm-none-eabi-10.3-2021.10/bin/../lib/gcc/arm-none-eabi/10.3.1/thumb/v7e-m+fp/hard/crtn.o
                0x000000000800c104                . = ALIGN (0x4)
                0x000000000800c104                _etext = .

.vfp11_veneer   0x000000000800c104        0x0
 .vfp11_veneer  0x000000000800c104        0x0 linker stubs

.v4_bx          0x000000000800c104        0x0
 .v4_bx         0x000000000800c104        0x0 linker stubs

.iplt           0x000000000800c104        0x0
 .iplt          0x000000000800c104        0x0 /opt/gcc-arm-none-eabi-10.3-2021.10/bin/../lib/gcc/arm-none-eabi/10.3.1/thumb/v7e-m+fp/hard/crtbegin.o

.rodata         0x000000000800c108      0x70c
                0x000000000800c108                . = ALIGN (0x4)
 *(.rodata)
 *(.rodata*)
 .rodata.flagBitshiftOffset.0
                0x000000000800c108        0x8 build/stm32f7xx_hal_dma.o
 .rodata.AHBPrescTable
                0x000000000800c110       0x10 build/system_stm32f7xx.o
                0x000000000800c110                AHBPrescTable
 .rodata.SYSTEM_STATUS_DEGREE_INCREMENT
                0x000000000800c120        0x8 build/nyan_leds.o
                0x000000000800c120                SYSTEM_STATUS_DEGREE_INCREMENT
 .rodata.NyanDecodeArgs.str1.4
                0x000000000800c128        0x2 build/nyan_os.o
 *fill*         0x000000000800c12a        0x2 
 .rodata.NyanAddInputBuffer.str1.4
                0x000000000800c12c        0x4 build/nyan_os.o
 .rodata.str1.4
                0x000000000800c130       0x22 build/nyan_os.o
 *fill*         0x000000000800c152        0x2 
 .rodata.nyan_commands
                0x000000000800c154        0xc build/nyan_os.o
 .rodata.USBD_COMPOSITE_GetUsrStringDesc.str1.4
                0x000000000800c160       0x23 build/usbd_composite.o
 *fill*         0x000000000800c183        0x1 
 .rodata.USBD_ProductStrDescriptor.str1.4
                0x000000000800c184       0x1a build/usbd_desc.o
 *fill*         0x000000000800c19e        0x2 
 .rodata.USBD_ManufacturerStrDescriptor.str1.4
                0x000000000800c1a0       0x13 build/usbd_desc.o
 *fill*         0x000000000800c1b3        0x1 
 .rodata.USBD_ConfigStrDescriptor.str1.4
                0x000000000800c1b4       0x10 build/usbd_desc.o
 .rodata.USBD_InterfaceStrDescriptor.str1.4
                0x000000000800c1c4       0x14 build/usbd_desc.o
 .rodata._global_impure_ptr
                0x000000000800c1d8        0x4 /opt/gcc-arm-none-eabi-10.3-2021.10/bin/../lib/gcc/arm-none-eabi/10.3.1/../../../../arm-none-eabi/lib/thumb/v7e-m+fp/hard/libc_nano.a(lib_a-impure.o)
                0x000000000800c1d8                _global_impure_ptr
 .rodata.strtok.str1.1
                0x000000000800c1dc       0x97 /opt/gcc-arm-none-eabi-10.3-2021.10/bin/../lib/gcc/arm-none-eabi/10.3.1/../../../../arm-none-eabi/lib/thumb/v7e-m+fp/hard/libc_nano.a(lib_a-strtok.o)
 .rodata.__assert_func.str1.1
                0x000000000800c273       0x3c /opt/gcc-arm-none-eabi-10.3-2021.10/bin/../lib/gcc/arm-none-eabi/10.3.1/../../../../arm-none-eabi/lib/thumb/v7e-m+fp/hard/libc_nano.a(lib_a-assert.o)
                                         0x3d (size before relaxing)
 .rodata._ctype_
                0x000000000800c2af      0x101 /opt/gcc-arm-none-eabi-10.3-2021.10/bin/../lib/gcc/arm-none-eabi/10.3.1/../../../../arm-none-eabi/lib/thumb/v7e-m+fp/hard/libc_nano.a(lib_a-ctype_.o)
                0x000000000800c2af                _ctype_
 .rodata._svfprintf_r.str1.1
                0x000000000800c3b0       0x11 /opt/gcc-arm-none-eabi-10.3-2021.10/bin/../lib/gcc/arm-none-eabi/10.3.1/../../../../arm-none-eabi/lib/thumb/v7e-m+fp/hard/libc_nano.a(lib_a-nano-svfprintf.o)
 .rodata._vfprintf_r.str1.1
                0x000000000800c3c1       0x11 /opt/gcc-arm-none-eabi-10.3-2021.10/bin/../lib/gcc/arm-none-eabi/10.3.1/../../../../arm-none-eabi/lib/thumb/v7e-m+fp/hard/libc_nano.a(lib_a-nano-vfprintf.o)
 .rodata._printf_i.str1.1
                0x000000000800c3c1       0x22 /opt/gcc-arm-none-eabi-10.3-2021.10/bin/../lib/gcc/arm-none-eabi/10.3.1/../../../../arm-none-eabi/lib/thumb/v7e-m+fp/hard/libc_nano.a(lib_a-nano-vfprintf_i.o)
 *fill*         0x000000000800c3e3        0x1 
 .rodata.__sf_fake_stderr
                0x000000000800c3e4       0x20 /opt/gcc-arm-none-eabi-10.3-2021.10/bin/../lib/gcc/arm-none-eabi/10.3.1/../../../../arm-none-eabi/lib/thumb/v7e-m+fp/hard/libc_nano.a(lib_a-findfp.o)
                0x000000000800c3e4                __sf_fake_stderr
 .rodata.__sf_fake_stdin
                0x000000000800c404       0x20 /opt/gcc-arm-none-eabi-10.3-2021.10/bin/../lib/gcc/arm-none-eabi/10.3.1/../../../../arm-none-eabi/lib/thumb/v7e-m+fp/hard/libc_nano.a(lib_a-findfp.o)