Archive member included to satisfy reference by file (symbol)

/opt/gcc-arm-none-eabi-10.3-2021.10/bin/../lib/gcc/arm-none-eabi/10.3.1/../../../../arm-none-eabi/lib/thumb/v7e-m+fp/hard/libc_nano.a(lib_a-atoi.o)
                              build/nyan_os.o (atoi)
/opt/gcc-arm-none-eabi-10.3-2021.10/bin/../lib/gcc/arm-none-eabi/10.3.1/../../../../arm-none-eabi/lib/thumb/v7e-m+fp/hard/libc_nano.a(lib_a-exit.o)
                              /opt/gcc-arm-none-eabi-10.3-2021.10/bin/../lib/gcc/arm-none-eabi/10.3.1/../../../../arm-none-eabi/lib/thumb/v7e-m+fp/hard/crt0.o (exit)
/opt/gcc-arm-none-eabi-10.3-2021.10/bin/../lib/gcc/arm-none-eabi/10.3.1/../../../../arm-none-eabi/lib/thumb/v7e-m+fp/hard/libc_nano.a(lib_a-impure.o)
                              /opt/gcc-arm-none-eabi-10.3-2021.10/bin/../lib/gcc/arm-none-eabi/10.3.1/../../../../arm-none-eabi/lib/thumb/v7e-m+fp/hard/libc_nano.a(lib_a-exit.o) (_global_impure_ptr)
/opt/gcc-arm-none-eabi-10.3-2021.10/bin/../lib/gcc/arm-none-eabi/10.3.1/../../../../arm-none-eabi/lib/thumb/v7e-m+fp/hard/libc_nano.a(lib_a-init.o)
                              /opt/gcc-arm-none-eabi-10.3-2021.10/bin/../lib/gcc/arm-none-eabi/10.3.1/../../../../arm-none-eabi/lib/thumb/v7e-m+fp/hard/crt0.o (__libc_init_array)
/opt/gcc-arm-none-eabi-10.3-2021.10/bin/../lib/gcc/arm-none-eabi/10.3.1/../../../../arm-none-eabi/lib/thumb/v7e-m+fp/hard/libc_nano.a(lib_a-malloc.o)
                              build/nyan_os.o (malloc)
/opt/gcc-arm-none-eabi-10.3-2021.10/bin/../lib/gcc/arm-none-eabi/10.3.1/../../../../arm-none-eabi/lib/thumb/v7e-m+fp/hard/libc_nano.a(lib_a-memcmp.o)
                              build/nyan_os.o (memcmp)
/opt/gcc-arm-none-eabi-10.3-2021.10/bin/../lib/gcc/arm-none-eabi/10.3.1/../../../../arm-none-eabi/lib/thumb/v7e-m+fp/hard/libc_nano.a(lib_a-memcpy-stub.o)
                              build/nyan_os.o (memcpy)
/opt/gcc-arm-none-eabi-10.3-2021.10/bin/../lib/gcc/arm-none-eabi/10.3.1/../../../../arm-none-eabi/lib/thumb/v7e-m+fp/hard/libc_nano.a(lib_a-memset.o)
                              /opt/gcc-arm-none-eabi-10.3-2021.10/bin/../lib/gcc/arm-none-eabi/10.3.1/../../../../arm-none-eabi/lib/thumb/v7e-m+fp/hard/crt0.o (memset)
/opt/gcc-arm-none-eabi-10.3-2021.10/bin/../lib/gcc/arm-none-eabi/10.3.1/../../../../arm-none-eabi/lib/thumb/v7e-m+fp/hard/libc_nano.a(lib_a-nano-freer.o)
                              /opt/gcc-arm-none-eabi-10.3-2021.10/bin/../lib/gcc/arm-none-eabi/10.3.1/../../../../arm-none-eabi/lib/thumb/v7e-m+fp/hard/libc_nano.a(lib_a-malloc.o) (_free_r)
/opt/gcc-arm-none-eabi-10.3-2021.10/bin/../lib/gcc/arm-none-eabi/10.3.1/../../../../arm-none-eabi/lib/thumb/v7e-m+fp/hard/libc_nano.a(lib_a-nano-mallocr.o)
                              /opt/gcc-arm-none-eabi-10.3-2021.10/bin/../lib/gcc/arm-none-eabi/10.3.1/../../../../arm-none-eabi/lib/thumb/v7e-m+fp/hard/libc_nano.a(lib_a-malloc.o) (_malloc_r)
/opt/gcc-arm-none-eabi-10.3-2021.10/bin/../lib/gcc/arm-none-eabi/10.3.1/../../../../arm-none-eabi/lib/thumb/v7e-m+fp/hard/libc_nano.a(lib_a-realloc.o)
                              build/nyan_os.o (realloc)
/opt/gcc-arm-none-eabi-10.3-2021.10/bin/../lib/gcc/arm-none-eabi/10.3.1/../../../../arm-none-eabi/lib/thumb/v7e-m+fp/hard/libc_nano.a(lib_a-sbrkr.o)
                              /opt/gcc-arm-none-eabi-10.3-2021.10/bin/../lib/gcc/arm-none-eabi/10.3.1/../../../../arm-none-eabi/lib/thumb/v7e-m+fp/hard/libc_nano.a(lib_a-nano-mallocr.o) (_sbrk_r)
/opt/gcc-arm-none-eabi-10.3-2021.10/bin/../lib/gcc/arm-none-eabi/10.3.1/../../../../arm-none-eabi/lib/thumb/v7e-m+fp/hard/libc_nano.a(lib_a-snprintf.o)
                              build/usbd_composite.o (snprintf)
/opt/gcc-arm-none-eabi-10.3-2021.10/bin/../lib/gcc/arm-none-eabi/10.3.1/../../../../arm-none-eabi/lib/thumb/v7e-m+fp/hard/libc_nano.a(lib_a-strcpy.o)
                              build/nyan_os.o (strcpy)
/opt/gcc-arm-none-eabi-10.3-2021.10/bin/../lib/gcc/arm-none-eabi/10.3.1/../../../../arm-none-eabi/lib/thumb/v7e-m+fp/hard/libc_nano.a(lib_a-strlen.o)
                              build/nyan_os.o (strlen)
/opt/gcc-arm-none-eabi-10.3-2021.10/bin/../lib/gcc/arm-none-eabi/10.3.1/../../../../arm-none-eabi/lib/thumb/v7e-m+fp/hard/libc_nano.a(lib_a-strncpy.o)
                              build/nyan_os.o (strncpy)
/opt/gcc-arm-none-eabi-10.3-2021.10/bin/../lib/gcc/arm-none-eabi/10.3.1/../../../../arm-none-eabi/lib/thumb/v7e-m+fp/hard/libc_nano.a(lib_a-strtok.o)
                              build/nyan_os.o (strtok)
/opt/gcc-arm-none-eabi-10.3-2021.10/bin/../lib/gcc/arm-none-eabi/10.3.1/../../../../arm-none-eabi/lib/thumb/v7e-m+fp/hard/libc_nano.a(lib_a-strtok_r.o)
                              /opt/gcc-arm-none-eabi-10.3-2021.10/bin/../lib/gcc/arm-none-eabi/10.3.1/../../../../arm-none-eabi/lib/thumb/v7e-m+fp/hard/libc_nano.a(lib_a-strtok.o) (__strtok_r)
/opt/gcc-arm-none-eabi-10.3-2021.10/bin/../lib/gcc/arm-none-eabi/10.3.1/../../../../arm-none-eabi/lib/thumb/v7e-m+fp/hard/libc_nano.a(lib_a-strtol.o)
[...]
Memory Configuration

Name             Origin             Length             Attributes
RAM              0x0000000020000000 0x0000000000040000 xrw
FLASH            0x0000000008000000 0x0000000000080000 xr
*default*        0x0000000000000000 0xffffffffffffffff

Linker script and memory map

LOAD /opt/gcc-arm-none-eabi-10.3-2021.10/bin/../lib/gcc/arm-none-eabi/10.3.1/thumb/v7e-m+fp/hard/crti.o
LOAD /opt/gcc-arm-none-eabi-10.3-2021.10/bin/../lib/gcc/arm-none-eabi/10.3.1/thumb/v7e-m+fp/hard/crtbegin.o
LOAD /opt/gcc-arm-none-eabi-10.3-2021.10/bin/../lib/gcc/arm-none-eabi/10.3.1/../../../../arm-none-eabi/lib/thumb/v7e-m+fp/hard/crt0.o
LOAD build/main.o
LOAD build/gpio.o
LOAD build/i2c.o
LOAD build/rng.o
LOAD build/spi.o
LOAD build/stm32f7xx_it.o
LOAD build/stm32f7xx_hal_msp.o
LOAD build/stm32f7xx_hal_rcc.o
LOAD build/stm32f7xx_hal_rcc_ex.o
LOAD build/stm32f7xx_hal_flash.o
LOAD build/stm32f7xx_hal_flash_ex.o
LOAD build/stm32f7xx_hal_gpio.o
LOAD build/stm32f7xx_hal_dma.o
LOAD build/stm32f7xx_hal_dma_ex.o
LOAD build/stm32f7xx_hal_pwr.o
LOAD build/stm32f7xx_hal_pwr_ex.o
LOAD build/stm32f7xx_hal_cortex.o
LOAD build/stm32f7xx_hal.o
LOAD build/stm32f7xx_hal_i2c.o
LOAD build/stm32f7xx_hal_i2c_ex.o
LOAD build/stm32f7xx_hal_exti.o
LOAD build/stm32f7xx_hal_rng.o
LOAD build/stm32f7xx_hal_spi.o
LOAD build/stm32f7xx_hal_spi_ex.o
LOAD build/stm32f7xx_hal_tim.o
LOAD build/stm32f7xx_hal_tim_ex.o
LOAD build/system_stm32f7xx.o
LOAD build/stm32f7xx_hal_pcd.o
LOAD build/stm32f7xx_hal_pcd_ex.o
LOAD build/stm32f7xx_ll_usb.o
LOAD build/nyan_leds.o
LOAD build/nyan_os.o
LOAD build/24xx_eeprom.o
LOAD build/tim.o
LOAD build/usb_otg.o
LOAD build/usbd_composite.o
LOAD build/usbd_hid_keyboard.o
LOAD build/usbd_core.o
LOAD build/usbd_ctlreq.o
LOAD build/usbd_ioreq.o
LOAD build/usb_device.o
LOAD build/usbd_desc.o
LOAD build/usbd_conf.o
LOAD build/usbd_cdc_acm.o
LOAD build/usbd_cdc_acm_if.o
LOAD build/dma.o
LOAD build/startup_stm32f723xx.o
LOAD /opt/gcc-arm-none-eabi-10.3-2021.10/bin/../lib/gcc/arm-none-eabi/10.3.1/../../../../arm-none-eabi/lib/thumb/v7e-m+fp/hard/libc_nano.a
LOAD /opt/gcc-arm-none-eabi-10.3-2021.10/bin/../lib/gcc/arm-none-eabi/10.3.1/../../../../arm-none-eabi/lib/thumb/v7e-m+fp/hard/libm.a
LOAD /opt/gcc-arm-none-eabi-10.3-2021.10/bin/../lib/gcc/arm-none-eabi/10.3.1/../../../../arm-none-eabi/lib/thumb/v7e-m+fp/hard/libnosys.a
START GROUP
LOAD /opt/gcc-arm-none-eabi-10.3-2021.10/bin/../lib/gcc/arm-none-eabi/10.3.1/thumb/v7e-m+fp/hard/libgcc.a
LOAD /opt/gcc-arm-none-eabi-10.3-2021.10/bin/../lib/gcc/arm-none-eabi/10.3.1/../../../../arm-none-eabi/lib/thumb/v7e-m+fp/hard/libc_nano.a
END GROUP
START GROUP
LOAD /opt/gcc-arm-none-eabi-10.3-2021.10/bin/../lib/gcc/arm-none-eabi/10.3.1/thumb/v7e-m+fp/hard/libgcc.a
LOAD /opt/gcc-arm-none-eabi-10.3-2021.10/bin/../lib/gcc/arm-none-eabi/10.3.1/../../../../arm-none-eabi/lib/thumb/v7e-m+fp/hard/libc_nano.a
END GROUP
LOAD /opt/gcc-arm-none-eabi-10.3-2021.10/bin/../lib/gcc/arm-none-eabi/10.3.1/thumb/v7e-m+fp/hard/crtend.o
LOAD /opt/gcc-arm-none-eabi-10.3-2021.10/bin/../lib/gcc/arm-none-eabi/10.3.1/thumb/v7e-m+fp/hard/crtn.o
                0x0000000020040000                _estack = (ORIGIN (RAM) + LENGTH (RAM))
                0x0000000000000800                _Min_Heap_Size = 0x800
                0x0000000000000800                _Min_Stack_Size = 0x800

.isr_vector     0x0000000008000000      0x1e0
                0x0000000008000000                . = ALIGN (0x4)
 *(.isr_vector)
 .isr_vector    0x0000000008000000      0x1e0 build/startup_stm32f723xx.o
                0x0000000008000000                g_pfnVectors
                0x00000000080001e0                . = ALIGN (0x4)

.text           0x00000000080001e0     0xbef4
                0x00000000080001e0                . = ALIGN (0x4)
 *(.text)
 .text          0x00000000080001e0       0x40 /opt/gcc-arm-none-eabi-10.3-2021.10/bin/../lib/gcc/arm-none-eabi/10.3.1/thumb/v7e-m+fp/hard/crtbegin.o
 .text          0x0000000008000220       0x10 /opt/gcc-arm-none-eabi-10.3-2021.10/bin/../lib/gcc/arm-none-eabi/10.3.1/../../../../arm-none-eabi/lib/thumb/v7e-m+fp/hard/libc_nano.a(lib_a-strlen.o)
                0x0000000008000220                strlen
 .text          0x0000000008000230       0xa0 /opt/gcc-arm-none-eabi-10.3-2021.10/bin/../lib/gcc/arm-none-eabi/10.3.1/../../../../arm-none-eabi/lib/thumb/v7e-m+fp/hard/libc_nano.a(lib_a-memchr.o)
                0x0000000008000230                memchr
 .text          0x00000000080002d0      0x378 /opt/gcc-arm-none-eabi-10.3-2021.10/bin/../lib/gcc/arm-none-eabi/10.3.1/thumb/v7e-m+fp/hard/libgcc.a(_arm_addsubdf3.o)
                0x00000000080002d0                __aeabi_drsub
                0x00000000080002d8                __aeabi_dsub
                0x00000000080002d8                __subdf3
                0x00000000080002dc                __adddf3
                0x00000000080002dc                __aeabi_dadd
                0x0000000008000554                __aeabi_ui2d
                0x0000000008000554                __floatunsidf
                0x0000000008000574                __floatsidf
                0x0000000008000574                __aeabi_i2d
                0x0000000008000598                __extendsfdf2
                0x0000000008000598                __aeabi_f2d
                0x00000000080005dc                __aeabi_ul2d
                0x00000000080005dc                __floatundidf
                0x00000000080005ec                __floatdidf
                0x00000000080005ec                __aeabi_l2d
 .text          0x0000000008000648      0x424 /opt/gcc-arm-none-eabi-10.3-2021.10/bin/../lib/gcc/arm-none-eabi/10.3.1/thumb/v7e-m+fp/hard/libgcc.a(_arm_muldivdf3.o)
                0x0000000008000648                __aeabi_dmul
                0x0000000008000648                __muldf3
                0x000000000800089c                __aeabi_ddiv
                0x000000000800089c                __divdf3
 .text          0x0000000008000a6c      0x110 /opt/gcc-arm-none-eabi-10.3-2021.10/bin/../lib/gcc/arm-none-eabi/10.3.1/thumb/v7e-m+fp/hard/libgcc.a(_arm_cmpdf2.o)
                0x0000000008000a6c                __gtdf2
                0x0000000008000a6c                __gedf2
                0x0000000008000a74                __ltdf2
                0x0000000008000a74                __ledf2
                0x0000000008000a7c                __cmpdf2
                0x0000000008000a7c                __eqdf2
                0x0000000008000a7c                __nedf2
                0x0000000008000af8                __aeabi_cdrcmple
                0x0000000008000b08                __aeabi_cdcmple
                0x0000000008000b08                __aeabi_cdcmpeq
                0x0000000008000b18                __aeabi_dcmpeq
                0x0000000008000b2c                __aeabi_dcmplt
                0x0000000008000b40                __aeabi_dcmple
                0x0000000008000b54                __aeabi_dcmpge
                0x0000000008000b68                __aeabi_dcmpgt
 .text          0x0000000008000b7c       0x2c /opt/gcc-arm-none-eabi-10.3-2021.10/bin/../lib/gcc/arm-none-eabi/10.3.1/thumb/v7e-m+fp/hard/libgcc.a(_arm_unorddf2.o)
                0x0000000008000b7c                __aeabi_dcmpun
                0x0000000008000b7c                __unorddf2
 .text          0x0000000008000ba8       0x40 /opt/gcc-arm-none-eabi-10.3-2021.10/bin/../lib/gcc/arm-none-eabi/10.3.1/thumb/v7e-m+fp/hard/libgcc.a(_arm_fixunsdfsi.o)
                0x0000000008000ba8                __fixunsdfsi
                0x0000000008000ba8                __aeabi_d2uiz
 .text          0x0000000008000be8       0xa0 /opt/gcc-arm-none-eabi-10.3-2021.10/bin/../lib/gcc/arm-none-eabi/10.3.1/thumb/v7e-m+fp/hard/libgcc.a(_arm_truncdfsf2.o)
                0x0000000008000be8                __aeabi_d2f
                0x0000000008000be8                __truncdfsf2
 .text          0x0000000008000c88       0x30 /opt/gcc-arm-none-eabi-10.3-2021.10/bin/../lib/gcc/arm-none-eabi/10.3.1/thumb/v7e-m+fp/hard/libgcc.a(_aeabi_uldivmod.o)
                0x0000000008000c88                __aeabi_uldivmod
 .text          0x0000000008000cb8      0x2d0 /opt/gcc-arm-none-eabi-10.3-2021.10/bin/../lib/gcc/arm-none-eabi/10.3.1/thumb/v7e-m+fp/hard/libgcc.a(_udivmoddi4.o)
                0x0000000008000cb8                __udivmoddi4
 .text          0x0000000008000f88        0x4 /opt/gcc-arm-none-eabi-10.3-2021.10/bin/../lib/gcc/arm-none-eabi/10.3.1/thumb/v7e-m+fp/hard/libgcc.a(_dvmd_tls.o)
                0x0000000008000f88                __aeabi_ldiv0
                0x0000000008000f88                __aeabi_idiv0
 *(.text*)
 .text.HAL_I2C_MemTxCpltCallback
                0x0000000008000f8c        0xc build/main.o
                0x0000000008000f8c                HAL_I2C_MemTxCpltCallback
 .text.HAL_I2C_MemRxCpltCallback
                0x0000000008000f98        0xc build/main.o
                0x0000000008000f98                HAL_I2C_MemRxCpltCallback
 .text.HAL_TIM_PeriodElapsedCallback
                0x0000000008000fa4       0x20 build/main.o
                0x0000000008000fa4                HAL_TIM_PeriodElapsedCallback
 .text.HAL_TIM_OC_DelayElapsedCallback
                0x0000000008000fc4       0xb0 build/main.o
                0x0000000008000fc4                HAL_TIM_OC_DelayElapsedCallback
 .text.Error_Handler
                0x0000000008001074       0x40 build/main.o
                0x0000000008001074                Error_Handler
 .text.SystemClock_Config
                0x00000000080010b4       0xb0 build/main.o
                0x00000000080010b4                SystemClock_Config
 .text.main     0x0000000008001164       0xa0 build/main.o
                0x0000000008001164                main
 .text.HAL_I2C_ErrorCallback
                0x0000000008001204        0xa build/main.o
                0x0000000008001204                HAL_I2C_ErrorCallback
 *fill*         0x000000000800120e        0x2 
 .text.MX_GPIO_Init
                0x0000000008001210       0xac build/gpio.o
                0x0000000008001210                MX_GPIO_Init
 .text.MX_I2C1_Init
                0x00000000080012bc       0x5c build/i2c.o
                0x00000000080012bc                MX_I2C1_Init
 .text.HAL_I2C_MspInit
                0x0000000008001318      0x130 build/i2c.o
                0x0000000008001318                HAL_I2C_MspInit
 .text.MX_RNG_Init
                0x0000000008001448       0x20 build/rng.o
                0x0000000008001448                MX_RNG_Init
 .text.HAL_RNG_MspInit
                0x0000000008001468       0x50 build/rng.o
                0x0000000008001468                HAL_RNG_MspInit
 .text.MX_SPI1_Init
                0x00000000080014b8       0x4c build/spi.o
                0x00000000080014b8                MX_SPI1_Init
 .text.MX_SPI2_Init
                0x0000000008001504       0x4c build/spi.o
                0x0000000008001504                MX_SPI2_Init
 .text.MX_SPI4_Init
                0x0000000008001550       0x4c build/spi.o
                0x0000000008001550                MX_SPI4_Init
 .text.HAL_SPI_MspInit
                0x000000000800159c      0x134 build/spi.o
                0x000000000800159c                HAL_SPI_MspInit
 .text.NMI_Handler
                0x00000000080016d0        0x2 build/stm32f7xx_it.o
                0x00000000080016d0                NMI_Handler
 *fill*         0x00000000080016d2        0x2 
 .text.HardFault_Handler
                0x00000000080016d4       0x3c build/stm32f7xx_it.o
                0x00000000080016d4                HardFault_Handler
 .text.MemManage_Handler
                0x0000000008001710        0x2 build/stm32f7xx_it.o
                0x0000000008001710                MemManage_Handler
 .text.BusFault_Handler
                0x0000000008001712        0x2 build/stm32f7xx_it.o
                0x0000000008001712                BusFault_Handler
 .text.UsageFault_Handler
                0x0000000008001714        0x2 build/stm32f7xx_it.o
                0x0000000008001714                UsageFault_Handler
 .text.SVC_Handler
                0x0000000008001716        0x2 build/stm32f7xx_it.o
                0x0000000008001716                SVC_Handler
 .text.DebugMon_Handler
                0x0000000008001718        0x2 build/stm32f7xx_it.o
                0x0000000008001718                DebugMon_Handler
 .text.PendSV_Handler
                0x000000000800171a        0x2 build/stm32f7xx_it.o
                0x000000000800171a                PendSV_Handler
 .text.SysTick_Handler
                0x000000000800171c        0x8 build/stm32f7xx_it.o
                0x000000000800171c                SysTick_Handler
 .text.DMA1_Stream0_IRQHandler
                0x0000000008001724       0x10 build/stm32f7xx_it.o
                0x0000000008001724                DMA1_Stream0_IRQHandler
 .text.DMA1_Stream6_IRQHandler
                0x0000000008001734       0x10 build/stm32f7xx_it.o
                0x0000000008001734                DMA1_Stream6_IRQHandler
 .text.TIM1_UP_TIM10_IRQHandler
                0x0000000008001744       0x10 build/stm32f7xx_it.o
                0x0000000008001744                TIM1_UP_TIM10_IRQHandler
 .text.TIM1_CC_IRQHandler
                0x0000000008001754       0x10 build/stm32f7xx_it.o
                0x0000000008001754                TIM1_CC_IRQHandler
 .text.I2C1_EV_IRQHandler
                0x0000000008001764       0x10 build/stm32f7xx_it.o
                0x0000000008001764                I2C1_EV_IRQHandler
 .text.I2C1_ER_IRQHandler
                0x0000000008001774       0x10 build/stm32f7xx_it.o
                0x0000000008001774                I2C1_ER_IRQHandler
 .text.TIM8_CC_IRQHandler
                0x0000000008001784       0x10 build/stm32f7xx_it.o
                0x0000000008001784                TIM8_CC_IRQHandler
 .text.TIM6_DAC_IRQHandler
                0x0000000008001794       0x2c build/stm32f7xx_it.o
                0x0000000008001794                TIM6_DAC_IRQHandler
 .text.TIM7_IRQHandler
                0x00000000080017c0       0x10 build/stm32f7xx_it.o
                0x00000000080017c0                TIM7_IRQHandler
 .text.OTG_HS_IRQHandler
                0x00000000080017d0       0x10 build/stm32f7xx_it.o
                0x00000000080017d0                OTG_HS_IRQHandler
 .text.HAL_MspInit
                0x00000000080017e0       0x30 build/stm32f7xx_hal_msp.o
                0x00000000080017e0                HAL_MspInit
 .text.HAL_RCC_OscConfig
                0x0000000008001810      0x434 build/stm32f7xx_hal_rcc.o
                0x0000000008001810                HAL_RCC_OscConfig
 .text.HAL_RCC_GetSysClockFreq
                0x0000000008001c44       0xa8 build/stm32f7xx_hal_rcc.o
                0x0000000008001c44                HAL_RCC_GetSysClockFreq
 .text.HAL_RCC_ClockConfig
                0x0000000008001cec      0x16c build/stm32f7xx_hal_rcc.o
                0x0000000008001cec                HAL_RCC_ClockConfig
 .text.HAL_RCC_GetHCLKFreq
                0x0000000008001e58        0xc build/stm32f7xx_hal_rcc.o
                0x0000000008001e58                HAL_RCC_GetHCLKFreq
 .text.HAL_RCCEx_PeriphCLKConfig
                0x0000000008001e64      0x4e4 build/stm32f7xx_hal_rcc_ex.o
                0x0000000008001e64                HAL_RCCEx_PeriphCLKConfig
 .text.HAL_GPIO_Init
                0x0000000008002348      0x1e8 build/stm32f7xx_hal_gpio.o
                0x0000000008002348                HAL_GPIO_Init
 .text.HAL_GPIO_WritePin
                0x0000000008002530        0xc build/stm32f7xx_hal_gpio.o
                0x0000000008002530                HAL_GPIO_WritePin
 .text.DMA_SetConfig
                0x000000000800253c       0x2c build/stm32f7xx_hal_dma.o
 .text.DMA_CalcBaseAndBitshift
                0x0000000008002568       0x40 build/stm32f7xx_hal_dma.o
 .text.DMA_CheckFifoParam
                0x00000000080025a8       0x8e build/stm32f7xx_hal_dma.o
 *fill*         0x0000000008002636        0x2 
 .text.HAL_DMA_Init
                0x0000000008002638       0xcc build/stm32f7xx_hal_dma.o
                0x0000000008002638                HAL_DMA_Init
 .text.HAL_DMA_Start_IT
                0x0000000008002704       0x74 build/stm32f7xx_hal_dma.o
                0x0000000008002704                HAL_DMA_Start_IT
 .text.HAL_DMA_Abort_IT
                0x0000000008002778       0x26 build/stm32f7xx_hal_dma.o
                0x0000000008002778                HAL_DMA_Abort_IT
 *fill*         0x000000000800279e        0x2 
 .text.HAL_DMA_IRQHandler
                0x00000000080027a0      0x1dc build/stm32f7xx_hal_dma.o
                0x00000000080027a0                HAL_DMA_IRQHandler
 .text.HAL_DMA_GetState
                0x000000000800297c        0x6 build/stm32f7xx_hal_dma.o
                0x000000000800297c                HAL_DMA_GetState
 .text.HAL_DMA_GetError
                0x0000000008002982        0x4 build/stm32f7xx_hal_dma.o
                0x0000000008002982                HAL_DMA_GetError
 *fill*         0x0000000008002986        0x2 
 .text.HAL_PWREx_EnableOverDrive
                0x0000000008002988       0x7c build/stm32f7xx_hal_pwr_ex.o
                0x0000000008002988                HAL_PWREx_EnableOverDrive
 .text.__NVIC_SetPriority
                0x0000000008002a04       0x24 build/stm32f7xx_hal_cortex.o
 .text.NVIC_EncodePriority
                0x0000000008002a28       0x3e build/stm32f7xx_hal_cortex.o
 *fill*         0x0000000008002a66        0x2 
 .text.HAL_NVIC_SetPriorityGrouping
                0x0000000008002a68       0x24 build/stm32f7xx_hal_cortex.o
                0x0000000008002a68                HAL_NVIC_SetPriorityGrouping
 .text.HAL_NVIC_SetPriority
                0x0000000008002a8c       0x20 build/stm32f7xx_hal_cortex.o
                0x0000000008002a8c                HAL_NVIC_SetPriority
 .text.HAL_NVIC_EnableIRQ
                0x0000000008002aac       0x1c build/stm32f7xx_hal_cortex.o
                0x0000000008002aac                HAL_NVIC_EnableIRQ
 .text.HAL_SYSTICK_Config
                0x0000000008002ac8       0x28 build/stm32f7xx_hal_cortex.o
                0x0000000008002ac8                HAL_SYSTICK_Config
 .text.HAL_InitTick
                0x0000000008002af0       0x4c build/stm32f7xx_hal.o
                0x0000000008002af0                HAL_InitTick
 .text.HAL_Init
                0x0000000008002b3c       0x24 build/stm32f7xx_hal.o
                0x0000000008002b3c                HAL_Init
 .text.HAL_IncTick
                0x0000000008002b60       0x18 build/stm32f7xx_hal.o
                0x0000000008002b60                HAL_IncTick
 .text.HAL_GetTick
                0x0000000008002b78        0xc build/stm32f7xx_hal.o
                0x0000000008002b78                HAL_GetTick
 .text.HAL_Delay
                0x0000000008002b84       0x28 build/stm32f7xx_hal.o
                0x0000000008002b84                HAL_Delay
 .text.I2C_Flush_TXDR
                0x0000000008002bac       0x22 build/stm32f7xx_hal_i2c.o
 .text.I2C_TransferConfig
                0x0000000008002bce       0x3c build/stm32f7xx_hal_i2c.o
 *fill*         0x0000000008002c0a        0x2 
 .text.I2C_Enable_IRQ
                0x0000000008002c0c       0x7c build/stm32f7xx_hal_i2c.o
 .text.I2C_Disable_IRQ
                0x0000000008002c88       0x70 build/stm32f7xx_hal_i2c.o
 .text.HAL_I2C_Init
                0x0000000008002cf8       0xbc build/stm32f7xx_hal_i2c.o
                0x0000000008002cf8                HAL_I2C_Init
 .text.HAL_I2C_Mem_Write_DMA
                0x0000000008002db4      0x134 build/stm32f7xx_hal_i2c.o
                0x0000000008002db4                HAL_I2C_Mem_Write_DMA
 .text.HAL_I2C_Mem_Read_DMA
                0x0000000008002ee8      0x134 build/stm32f7xx_hal_i2c.o
                0x0000000008002ee8                HAL_I2C_Mem_Read_DMA
 .text.HAL_I2C_EV_IRQHandler
                0x000000000800301c       0x10 build/stm32f7xx_hal_i2c.o
                0x000000000800301c                HAL_I2C_EV_IRQHandler
 .text.HAL_I2C_MasterTxCpltCallback
                0x000000000800302c        0x2 build/stm32f7xx_hal_i2c.o
                0x000000000800302c                HAL_I2C_MasterTxCpltCallback
 .text.HAL_I2C_MasterRxCpltCallback
                0x000000000800302e        0x2 build/stm32f7xx_hal_i2c.o
                0x000000000800302e                HAL_I2C_MasterRxCpltCallback
 .text.I2C_ITMasterSeqCplt
                0x0000000008003030       0x54 build/stm32f7xx_hal_i2c.o
 .text.HAL_I2C_SlaveTxCpltCallback
                0x0000000008003084        0x2 build/stm32f7xx_hal_i2c.o
                0x0000000008003084                HAL_I2C_SlaveTxCpltCallback
 .text.HAL_I2C_SlaveRxCpltCallback
                0x0000000008003086        0x2 build/stm32f7xx_hal_i2c.o
                0x0000000008003086                HAL_I2C_SlaveRxCpltCallback
 .text.I2C_ITSlaveSeqCplt
                0x0000000008003088       0x82 build/stm32f7xx_hal_i2c.o
 .text.HAL_I2C_AddrCallback
                0x000000000800310a        0x2 build/stm32f7xx_hal_i2c.o
                0x000000000800310a                HAL_I2C_AddrCallback
 .text.I2C_ITAddrCplt
                0x000000000800310c       0xa0 build/stm32f7xx_hal_i2c.o
 .text.HAL_I2C_ListenCpltCallback
                0x00000000080031ac        0x2 build/stm32f7xx_hal_i2c.o
                0x00000000080031ac                HAL_I2C_ListenCpltCallback
 *fill*         0x00000000080031ae        0x2 
 .text.I2C_ITListenCplt
                0x00000000080031b0       0x68 build/stm32f7xx_hal_i2c.o
 .text.HAL_I2C_AbortCpltCallback
                0x0000000008003218        0x2 build/stm32f7xx_hal_i2c.o
                0x0000000008003218                HAL_I2C_AbortCpltCallback
 .text.I2C_TreatErrorCallback
                0x000000000800321a       0x2e build/stm32f7xx_hal_i2c.o
 .text.I2C_ITError
                0x0000000008003248      0x108 build/stm32f7xx_hal_i2c.o
 .text.I2C_ITSlaveCplt
                0x0000000008003350      0x168 build/stm32f7xx_hal_i2c.o
 .text.I2C_Slave_ISR_IT
                0x00000000080034b8      0x150 build/stm32f7xx_hal_i2c.o
 .text.I2C_ITMasterCplt
                0x0000000008003608      0x12e build/stm32f7xx_hal_i2c.o
 .text.I2C_Slave_ISR_DMA
                0x0000000008003736      0x122 build/stm32f7xx_hal_i2c.o
 .text.I2C_Master_ISR_DMA
                0x0000000008003858      0x142 build/stm32f7xx_hal_i2c.o
 .text.I2C_DMAError
                0x000000000800399a       0x44 build/stm32f7xx_hal_i2c.o
 .text.I2C_DMAMasterTransmitCplt
                0x00000000080039de       0x5a build/stm32f7xx_hal_i2c.o
 .text.I2C_DMAMasterReceiveCplt
                0x0000000008003a38       0x5a build/stm32f7xx_hal_i2c.o
 *fill*         0x0000000008003a92        0x2 
 .text.I2C_Mem_ISR_DMA
                0x0000000008003a94      0x194 build/stm32f7xx_hal_i2c.o
 .text.HAL_I2C_ER_IRQHandler
                0x0000000008003c28       0x6a build/stm32f7xx_hal_i2c.o
                0x0000000008003c28                HAL_I2C_ER_IRQHandler
 .text.I2C_DMAAbort
                0x0000000008003c92       0x1a build/stm32f7xx_hal_i2c.o
 .text.HAL_I2C_GetError
                0x0000000008003cac        0x4 build/stm32f7xx_hal_i2c.o
                0x0000000008003cac                HAL_I2C_GetError
 .text.HAL_I2CEx_ConfigAnalogFilter
                0x0000000008003cb0       0x5c build/stm32f7xx_hal_i2c_ex.o
                0x0000000008003cb0                HAL_I2CEx_ConfigAnalogFilter
 .text.HAL_I2CEx_ConfigDigitalFilter
                0x0000000008003d0c       0x58 build/stm32f7xx_hal_i2c_ex.o
                0x0000000008003d0c                HAL_I2CEx_ConfigDigitalFilter
 .text.HAL_RNG_Init
                0x0000000008003d64       0x2e build/stm32f7xx_hal_rng.o
                0x0000000008003d64                HAL_RNG_Init
 .text.HAL_SPI_Init
                0x0000000008003d92       0xe8 build/stm32f7xx_hal_spi.o
                0x0000000008003d92                HAL_SPI_Init
 *fill*         0x0000000008003e7a        0x2 
 .text.TIM_OC1_SetConfig
                0x0000000008003e7c       0x68 build/stm32f7xx_hal_tim.o
 .text.TIM_OC3_SetConfig
                0x0000000008003ee4       0x70 build/stm32f7xx_hal_tim.o
 .text.TIM_OC4_SetConfig
                0x0000000008003f54       0x54 build/stm32f7xx_hal_tim.o
 .text.TIM_OC5_SetConfig
                0x0000000008003fa8       0x54 build/stm32f7xx_hal_tim.o
 .text.TIM_OC6_SetConfig
                0x0000000008003ffc       0x54 build/stm32f7xx_hal_tim.o
 .text.TIM_TI1_ConfigInputStage
                0x0000000008004050       0x26 build/stm32f7xx_hal_tim.o
 .text.TIM_TI2_ConfigInputStage
                0x0000000008004076       0x28 build/stm32f7xx_hal_tim.o
 .text.TIM_ITRx_SetConfig
                0x000000000800409e       0x10 build/stm32f7xx_hal_tim.o
 *fill*         0x00000000080040ae        0x2 
 .text.HAL_TIM_Base_Start_IT
                0x00000000080040b0       0x90 build/stm32f7xx_hal_tim.o
                0x00000000080040b0                HAL_TIM_Base_Start_IT
 .text.HAL_TIM_IC_CaptureCallback
                0x0000000008004140        0x2 build/stm32f7xx_hal_tim.o
                0x0000000008004140                HAL_TIM_IC_CaptureCallback
 .text.HAL_TIM_PWM_PulseFinishedCallback
                0x0000000008004142        0x2 build/stm32f7xx_hal_tim.o
                0x0000000008004142                HAL_TIM_PWM_PulseFinishedCallback
 .text.HAL_TIM_TriggerCallback
                0x0000000008004144        0x2 build/stm32f7xx_hal_tim.o
                0x0000000008004144                HAL_TIM_TriggerCallback
 .text.HAL_TIM_IRQHandler
                0x0000000008004146      0x19a build/stm32f7xx_hal_tim.o
                0x0000000008004146                HAL_TIM_IRQHandler
 .text.TIM_Base_SetConfig
                0x00000000080042e0      0x110 build/stm32f7xx_hal_tim.o
                0x00000000080042e0                TIM_Base_SetConfig
 .text.HAL_TIM_Base_Init
                0x00000000080043f0       0x60 build/stm32f7xx_hal_tim.o
                0x00000000080043f0                HAL_TIM_Base_Init
 .text.HAL_TIM_OC_Init
                0x0000000008004450       0x60 build/stm32f7xx_hal_tim.o
                0x0000000008004450                HAL_TIM_OC_Init
 .text.TIM_OC2_SetConfig
                0x00000000080044b0       0x70 build/stm32f7xx_hal_tim.o
                0x00000000080044b0                TIM_OC2_SetConfig
 .text.HAL_TIM_OC_ConfigChannel
                0x0000000008004520       0x7a build/stm32f7xx_hal_tim.o
                0x0000000008004520                HAL_TIM_OC_ConfigChannel
 .text.TIM_ETR_SetConfig
                0x000000000800459a       0x1a build/stm32f7xx_hal_tim.o
                0x000000000800459a                TIM_ETR_SetConfig
 .text.HAL_TIM_ConfigClockSource
                0x00000000080045b4      0x100 build/stm32f7xx_hal_tim.o
                0x00000000080045b4                HAL_TIM_ConfigClockSource
 .text.TIM_CCxChannelCmd
                0x00000000080046b4       0x1e build/stm32f7xx_hal_tim.o
                0x00000000080046b4                TIM_CCxChannelCmd
 *fill*         0x00000000080046d2        0x2 
 .text.HAL_TIM_OC_Start_IT
                0x00000000080046d4      0x1c4 build/stm32f7xx_hal_tim.o
                0x00000000080046d4                HAL_TIM_OC_Start_IT
 .text.HAL_TIMEx_MasterConfigSynchronization
                0x0000000008004898       0xa0 build/stm32f7xx_hal_tim_ex.o
                0x0000000008004898                HAL_TIMEx_MasterConfigSynchronization
 .text.HAL_TIMEx_ConfigBreakDeadTime
                0x0000000008004938       0x90 build/stm32f7xx_hal_tim_ex.o
                0x0000000008004938                HAL_TIMEx_ConfigBreakDeadTime
 .text.HAL_TIMEx_CommutCallback
                0x00000000080049c8        0x2 build/stm32f7xx_hal_tim_ex.o
                0x00000000080049c8                HAL_TIMEx_CommutCallback
 .text.HAL_TIMEx_BreakCallback
                0x00000000080049ca        0x2 build/stm32f7xx_hal_tim_ex.o
                0x00000000080049ca                HAL_TIMEx_BreakCallback
 .text.HAL_TIMEx_Break2Callback
                0x00000000080049cc        0x2 build/stm32f7xx_hal_tim_ex.o
                0x00000000080049cc                HAL_TIMEx_Break2Callback
 *fill*         0x00000000080049ce        0x2 
 .text.SystemInit
                0x00000000080049d0       0x14 build/system_stm32f7xx.o
                0x00000000080049d0                SystemInit
 .text.PCD_WriteEmptyTxFifo
                0x00000000080049e4       0xd0 build/stm32f7xx_hal_pcd.o
 .text.HAL_PCD_Init
                0x0000000008004ab4      0x13c build/stm32f7xx_hal_pcd.o
                0x0000000008004ab4                HAL_PCD_Init
 .text.HAL_PCD_Start
                0x0000000008004bf0       0x2a build/stm32f7xx_hal_pcd.o
                0x0000000008004bf0                HAL_PCD_Start
 *fill*         0x0000000008004c1a        0x2 
 .text.PCD_EP_OutXfrComplete_int
                0x0000000008004c1c      0x104 build/stm32f7xx_hal_pcd.o
 .text.PCD_EP_OutSetupPacket_int
                0x0000000008004d20       0x50 build/stm32f7xx_hal_pcd.o
 .text.HAL_PCD_SetAddress
                0x0000000008004d70       0x28 build/stm32f7xx_hal_pcd.o
                0x0000000008004d70                HAL_PCD_SetAddress
 .text.HAL_PCD_EP_Open
                0x0000000008004d98       0x8a build/stm32f7xx_hal_pcd.o
                0x0000000008004d98                HAL_PCD_EP_Open
 .text.HAL_PCD_EP_Close
                0x0000000008004e22       0x72 build/stm32f7xx_hal_pcd.o
                0x0000000008004e22                HAL_PCD_EP_Close
 .text.HAL_PCD_EP_Receive
                0x0000000008004e94       0x5e build/stm32f7xx_hal_pcd.o
                0x0000000008004e94                HAL_PCD_EP_Receive
 .text.HAL_PCD_EP_GetRxCount
                0x0000000008004ef2       0x12 build/stm32f7xx_hal_pcd.o
                0x0000000008004ef2                HAL_PCD_EP_GetRxCount
 .text.HAL_PCD_EP_Transmit
                0x0000000008004f04       0x5e build/stm32f7xx_hal_pcd.o
                0x0000000008004f04                HAL_PCD_EP_Transmit
 .text.HAL_PCD_EP_SetStall
                0x0000000008004f62       0x88 build/stm32f7xx_hal_pcd.o
                0x0000000008004f62                HAL_PCD_EP_SetStall
 .text.HAL_PCD_EP_ClrStall
                0x0000000008004fea       0x76 build/stm32f7xx_hal_pcd.o
                0x0000000008004fea                HAL_PCD_EP_ClrStall
 .text.HAL_PCD_EP_Abort
                0x0000000008005060       0x34 build/stm32f7xx_hal_pcd.o
                0x0000000008005060                HAL_PCD_EP_Abort
 .text.HAL_PCD_IRQHandler
                0x0000000008005094      0x606 build/stm32f7xx_hal_pcd.o
                0x0000000008005094                HAL_PCD_IRQHandler
 .text.HAL_PCDEx_SetTxFiFo
                0x000000000800569a       0x4c build/stm32f7xx_hal_pcd_ex.o
                0x000000000800569a                HAL_PCDEx_SetTxFiFo
 .text.HAL_PCDEx_SetRxFiFo
                0x00000000080056e6        0x8 build/stm32f7xx_hal_pcd_ex.o
                0x00000000080056e6                HAL_PCDEx_SetRxFiFo
 *fill*         0x00000000080056ee        0x2 
 .text.HAL_PCDEx_ActivateLPM
                0x00000000080056f0       0x28 build/stm32f7xx_hal_pcd_ex.o
                0x00000000080056f0                HAL_PCDEx_ActivateLPM
 .text.HAL_PCDEx_LPM_Callback
                0x0000000008005718        0x2 build/stm32f7xx_hal_pcd_ex.o
                0x0000000008005718                HAL_PCDEx_LPM_Callback
 *fill*         0x000000000800571a        0x2 
 .text.USB_CoreReset
                0x000000000800571c       0x50 build/stm32f7xx_ll_usb.o
 .text.USB_HS_PHYCInit
                0x000000000800576c       0x5c build/stm32f7xx_ll_usb.o
 .text.USB_CoreInit
                0x00000000080057c8       0xd4 build/stm32f7xx_ll_usb.o
                0x00000000080057c8                USB_CoreInit
 .text.USB_SetTurnaroundTime
                0x000000000800589c       0xe4 build/stm32f7xx_ll_usb.o
                0x000000000800589c                USB_SetTurnaroundTime
 .text.USB_EnableGlobalInt
                0x0000000008005980        0xc build/stm32f7xx_ll_usb.o
                0x0000000008005980                USB_EnableGlobalInt
 .text.USB_DisableGlobalInt
                0x000000000800598c        0xc build/stm32f7xx_ll_usb.o
                0x000000000800598c                USB_DisableGlobalInt
 .text.USB_FlushTxFifo
                0x0000000008005998       0x50 build/stm32f7xx_ll_usb.o
                0x0000000008005998                USB_FlushTxFifo
 .text.USB_FlushRxFifo
                0x00000000080059e8       0x4c build/stm32f7xx_ll_usb.o
                0x00000000080059e8                USB_FlushRxFifo
 .text.USB_SetDevSpeed
                0x0000000008005a34        0xe build/stm32f7xx_ll_usb.o
                0x0000000008005a34                USB_SetDevSpeed
 *fill*         0x0000000008005a42        0x2 
 .text.USB_DevInit
                0x0000000008005a44      0x1a4 build/stm32f7xx_ll_usb.o
                0x0000000008005a44                USB_DevInit
 .text.USB_GetDevSpeed
                0x0000000008005be8       0x1e build/stm32f7xx_ll_usb.o
                0x0000000008005be8                USB_GetDevSpeed
 *fill*         0x0000000008005c06        0x2 
 .text.USB_ActivateEndpoint
                0x0000000008005c08       0x98 build/stm32f7xx_ll_usb.o
                0x0000000008005c08                USB_ActivateEndpoint
 .text.USB_DeactivateEndpoint
                0x0000000008005ca0       0xe0 build/stm32f7xx_ll_usb.o
                0x0000000008005ca0                USB_DeactivateEndpoint
 .text.USB_EP0StartXfer
                0x0000000008005d80      0x120 build/stm32f7xx_ll_usb.o
                0x0000000008005d80                USB_EP0StartXfer
 .text.USB_EPStopXfer
                0x0000000008005ea0       0xbe build/stm32f7xx_ll_usb.o
                0x0000000008005ea0                USB_EPStopXfer
 .text.USB_WritePacket
                0x0000000008005f5e       0x2e build/stm32f7xx_ll_usb.o
                0x0000000008005f5e                USB_WritePacket
 .text.USB_EPStartXfer
                0x0000000008005f8c      0x230 build/stm32f7xx_ll_usb.o
                0x0000000008005f8c                USB_EPStartXfer
 .text.USB_ReadPacket
                0x00000000080061bc       0x46 build/stm32f7xx_ll_usb.o
                0x00000000080061bc                USB_ReadPacket
 .text.USB_EPSetStall
                0x0000000008006202       0x5a build/stm32f7xx_ll_usb.o
                0x0000000008006202                USB_EPSetStall
 .text.USB_EPClearStall
                0x000000000800625c       0x5c build/stm32f7xx_ll_usb.o
                0x000000000800625c                USB_EPClearStall
 .text.USB_SetDevAddress
                0x00000000080062b8       0x20 build/stm32f7xx_ll_usb.o
                0x00000000080062b8                USB_SetDevAddress
 .text.USB_DevConnect
                0x00000000080062d8       0x1c build/stm32f7xx_ll_usb.o
                0x00000000080062d8                USB_DevConnect
 .text.USB_DevDisconnect
                0x00000000080062f4       0x1c build/stm32f7xx_ll_usb.o
                0x00000000080062f4                USB_DevDisconnect
 .text.USB_ReadInterrupts
                0x0000000008006310        0x8 build/stm32f7xx_ll_usb.o
                0x0000000008006310                USB_ReadInterrupts
 .text.USB_ReadDevAllOutEpInterrupt
                0x0000000008006318       0x10 build/stm32f7xx_ll_usb.o
                0x0000000008006318                USB_ReadDevAllOutEpInterrupt
 .text.USB_ReadDevAllInEpInterrupt
                0x0000000008006328       0x10 build/stm32f7xx_ll_usb.o
                0x0000000008006328                USB_ReadDevAllInEpInterrupt
 .text.USB_ReadDevOutEPInterrupt
                0x0000000008006338       0x12 build/stm32f7xx_ll_usb.o
                0x0000000008006338                USB_ReadDevOutEPInterrupt
 .text.USB_ReadDevInEPInterrupt
                0x000000000800634a       0x24 build/stm32f7xx_ll_usb.o
                0x000000000800634a                USB_ReadDevInEPInterrupt
 .text.USB_GetMode
                0x000000000800636e        0x8 build/stm32f7xx_ll_usb.o
                0x000000000800636e                USB_GetMode
 .text.USB_SetCurrentMode
                0x0000000008006376       0x62 build/stm32f7xx_ll_usb.o
                0x0000000008006376                USB_SetCurrentMode
 .text.USB_ActivateSetup
                0x00000000080063d8       0x20 build/stm32f7xx_ll_usb.o
                0x00000000080063d8                USB_ActivateSetup
 .text.USB_EP0_OutStart
                0x00000000080063f8       0x60 build/stm32f7xx_ll_usb.o
                0x00000000080063f8                USB_EP0_OutStart
 .text.getSystemStatusOCRValue
                0x0000000008006458       0x60 build/nyan_leds.o
                0x0000000008006458                getSystemStatusOCRValue
 .text.NyanPrint
                0x00000000080064b8       0x7a build/nyan_os.o
                0x00000000080064b8                NyanPrint
 *fill*         0x0000000008006532        0x2 
 .text.NyanWelcomeDisplay
                0x0000000008006534       0x34 build/nyan_os.o
                0x0000000008006534                NyanWelcomeDisplay
 .text.NyanExeGetinfo
                0x0000000008006568       0x70 build/nyan_os.o
                0x0000000008006568                NyanExeGetinfo
 .text.NyanExeSetOwner
                0x00000000080065d8      0x112 build/nyan_os.o
                0x00000000080065d8                NyanExeSetOwner
 *fill*         0x00000000080066ea        0x2 
 .text.NyanExeWriteFpgaBitstream
                0x00000000080066ec      0x11c build/nyan_os.o
                0x00000000080066ec                NyanExeWriteFpgaBitstream
 .text.NyanExecute
                0x0000000008006808       0xac build/nyan_os.o
                0x0000000008006808                NyanExecute
 .text.FreeNyanCommandArgs
                0x00000000080068b4       0x36 build/nyan_os.o
                0x00000000080068b4                FreeNyanCommandArgs
 *fill*         0x00000000080068ea        0x2 
 .text.NyanDecodeArgs
                0x00000000080068ec       0x98 build/nyan_os.o
                0x00000000080068ec                NyanDecodeArgs
 .text.NyanDecode
                0x0000000008006984       0x48 build/nyan_os.o
                0x0000000008006984                NyanDecode
 .text.FreeNyanString
                0x00000000080069cc       0x24 build/nyan_os.o
                0x00000000080069cc                FreeNyanString
 .text.ClearNyanCommandBuffer
                0x00000000080069f0       0x12 build/nyan_os.o
                0x00000000080069f0                ClearNyanCommandBuffer
 .text.NyanOsInit
                0x0000000008006a02       0x58 build/nyan_os.o
                0x0000000008006a02                NyanOsInit
 *fill*         0x0000000008006a5a        0x2 
 .text.NyanAddInputBuffer
                0x0000000008006a5c       0xec build/nyan_os.o
                0x0000000008006a5c                NyanAddInputBuffer
 .text.EepromInit
                0x0000000008006b48       0x2a build/24xx_eeprom.o
                0x0000000008006b48                EepromInit
 .text.EepromFlushTxBuff
                0x0000000008006b72       0x10 build/24xx_eeprom.o
                0x0000000008006b72                EepromFlushTxBuff
 .text.EepromCreateControlByte
                0x0000000008006b82       0x26 build/24xx_eeprom.o
                0x0000000008006b82                EepromCreateControlByte
 .text.EepromWrite
                0x0000000008006ba8       0x48 build/24xx_eeprom.o
                0x0000000008006ba8                EepromWrite
 .text.EepromRead
                0x0000000008006bf0       0x50 build/24xx_eeprom.o
                0x0000000008006bf0                EepromRead
 .text.MX_TIM1_Init
                0x0000000008006c40       0xc8 build/tim.o
                0x0000000008006c40                MX_TIM1_Init
 .text.MX_TIM6_Init
                0x0000000008006d08       0x50 build/tim.o
                0x0000000008006d08                MX_TIM6_Init
 .text.MX_TIM7_Init
                0x0000000008006d58       0x54 build/tim.o
                0x0000000008006d58                MX_TIM7_Init
 .text.MX_TIM8_Init
                0x0000000008006dac       0xf8 build/tim.o
                0x0000000008006dac                MX_TIM8_Init
 .text.HAL_TIM_OC_MspInit
                0x0000000008006ea4       0x50 build/tim.o
                0x0000000008006ea4                HAL_TIM_OC_MspInit
 .text.HAL_TIM_Base_MspInit
                0x0000000008006ef4       0xa0 build/tim.o
                0x0000000008006ef4                HAL_TIM_Base_MspInit
 .text.MX_USB_OTG_HS_PCD_Init
                0x0000000008006f94       0x38 build/usb_otg.o
                0x0000000008006f94                MX_USB_OTG_HS_PCD_Init
 .text.HAL_PCD_MspInit
                0x0000000008006fcc       0xc4 build/usb_otg.o
                0x0000000008006fcc                HAL_PCD_MspInit
 .text.USBD_COMPOSITE_Init
                0x0000000008007090       0x24 build/usbd_composite.o
 .text.USBD_COMPOSITE_DeInit
                0x00000000080070b4       0x24 build/usbd_composite.o
 .text.USBD_COMPOSITE_Setup
                0x00000000080070d8       0x54 build/usbd_composite.o
 .text.USBD_COMPOSITE_DataIn
                0x000000000800712c       0x58 build/usbd_composite.o
 .text.USBD_COMPOSITE_EP0_RxReady
                0x0000000008007184       0x10 build/usbd_composite.o
 .text.USBD_COMPOSITE_EP0_TxReady
                0x0000000008007194        0x4 build/usbd_composite.o
 .text.USBD_COMPOSITE_SOF
                0x0000000008007198        0x4 build/usbd_composite.o
 .text.USBD_COMPOSITE_IsoINIncomplete
                0x000000000800719c        0x4 build/usbd_composite.o
 .text.USBD_COMPOSITE_IsoOutIncomplete
                0x00000000080071a0        0x4 build/usbd_composite.o
 .text.USBD_COMPOSITE_DataOut
                0x00000000080071a4       0x28 build/usbd_composite.o
 .text.USBD_COMPOSITE_GetHSCfgDesc
                0x00000000080071cc        0xc build/usbd_composite.o
 .text.USBD_COMPOSITE_GetFSCfgDesc
                0x00000000080071d8        0xc build/usbd_composite.o
 .text.USBD_COMPOSITE_GetOtherSpeedCfgDesc
                0x00000000080071e4        0xc build/usbd_composite.o
 .text.USBD_COMPOSITE_GetDeviceQualifierDesc
                0x00000000080071f0        0xc build/usbd_composite.o
 .text.USBD_COMPOSITE_GetUsrStringDesc
                0x00000000080071fc       0x7c build/usbd_composite.o
 .text.USBD_COMPOSITE_Mount_Class
                0x0000000008007278      0x150 build/usbd_composite.o
                0x0000000008007278                USBD_COMPOSITE_Mount_Class
 .text.USBD_HID_GetFSCfgDesc
                0x00000000080073c8        0xc build/usbd_hid_keyboard.o
 .text.USBD_HID_GetHSCfgDesc
                0x00000000080073d4        0xc build/usbd_hid_keyboard.o
 .text.USBD_HID_GetOtherSpeedCfgDesc
                0x00000000080073e0        0xc build/usbd_hid_keyboard.o
 .text.USBD_HID_DataIn
                0x00000000080073ec        0xa build/usbd_hid_keyboard.o
 *fill*         0x00000000080073f6        0x2 
 .text.USBD_HID_GetDeviceQualifierDesc
                0x00000000080073f8        0xc build/usbd_hid_keyboard.o
 .text.USBD_HID_Setup
                0x0000000008007404      0x124 build/usbd_hid_keyboard.o
 .text.USBD_HID_DeInit
                0x0000000008007528       0x34 build/usbd_hid_keyboard.o
 .text.USBD_HID_Init
                0x000000000800755c       0x68 build/usbd_hid_keyboard.o
 .text.USBD_Update_HID_KBD_DESC
                0x00000000080075c4       0x20 build/usbd_hid_keyboard.o
                0x00000000080075c4                USBD_Update_HID_KBD_DESC
 .text.USBD_Init
                0x00000000080075e4       0x2a build/usbd_core.o
                0x00000000080075e4                USBD_Init
 .text.USBD_RegisterClass
                0x000000000800760e       0x44 build/usbd_core.o
                0x000000000800760e                USBD_RegisterClass
 .text.USBD_Start
                0x0000000008007652        0x8 build/usbd_core.o
                0x0000000008007652                USBD_Start
 .text.USBD_SetClassConfig
                0x000000000800765a       0x12 build/usbd_core.o
                0x000000000800765a                USBD_SetClassConfig
 .text.USBD_ClrClassConfig
                0x000000000800766c       0x10 build/usbd_core.o
                0x000000000800766c                USBD_ClrClassConfig
 .text.USBD_LL_SetupStage
                0x000000000800767c       0x58 build/usbd_core.o
                0x000000000800767c                USBD_LL_SetupStage
 .text.USBD_LL_DataOutStage
                0x00000000080076d4       0x78 build/usbd_core.o
                0x00000000080076d4                USBD_LL_DataOutStage
 .text.USBD_LL_DataInStage
                0x000000000800774c       0xbe build/usbd_core.o
                0x000000000800774c                USBD_LL_DataInStage
 .text.USBD_LL_Reset
                0x000000000800780a       0x54 build/usbd_core.o
                0x000000000800780a                USBD_LL_Reset
 .text.USBD_LL_SetSpeed
                0x000000000800785e        0x6 build/usbd_core.o
                0x000000000800785e                USBD_LL_SetSpeed
 .text.USBD_LL_Suspend
                0x0000000008007864       0x14 build/usbd_core.o
                0x0000000008007864                USBD_LL_Suspend
 .text.USBD_LL_Resume
                0x0000000008007878       0x1a build/usbd_core.o
                0x0000000008007878                USBD_LL_Resume
 .text.USBD_LL_SOF
                0x0000000008007892       0x28 build/usbd_core.o
                0x0000000008007892                USBD_LL_SOF
 .text.USBD_LL_IsoINIncomplete
                0x00000000080078ba       0x28 build/usbd_core.o
                0x00000000080078ba                USBD_LL_IsoINIncomplete
 .text.USBD_LL_IsoOUTIncomplete
                0x00000000080078e2       0x28 build/usbd_core.o
                0x00000000080078e2                USBD_LL_IsoOUTIncomplete
 .text.USBD_LL_DevConnected
                0x000000000800790a        0x4 build/usbd_core.o
                0x000000000800790a                USBD_LL_DevConnected
 .text.USBD_LL_DevDisconnected
                0x000000000800790e       0x18 build/usbd_core.o
                0x000000000800790e                USBD_LL_DevDisconnected
 .text.USBD_GetLen
                0x0000000008007926       0x14 build/usbd_ctlreq.o
 .text.USBD_SetFeature
                0x000000000800793a       0x14 build/usbd_ctlreq.o
 .text.USBD_ParseSetupRequest
                0x000000000800794e       0x28 build/usbd_ctlreq.o
                0x000000000800794e                USBD_ParseSetupRequest
 .text.USBD_CtlError
                0x0000000008007976       0x14 build/usbd_ctlreq.o
                0x0000000008007976                USBD_CtlError
 .text.USBD_GetDescriptor
                0x000000000800798a      0x19a build/usbd_ctlreq.o
 .text.USBD_SetAddress
                0x0000000008007b24       0x50 build/usbd_ctlreq.o
 .text.USBD_SetConfig
                0x0000000008007b74       0xc8 build/usbd_ctlreq.o
 .text.USBD_GetConfig
                0x0000000008007c3c       0x40 build/usbd_ctlreq.o
 .text.USBD_GetStatus
                0x0000000008007c7c       0x38 build/usbd_ctlreq.o
 .text.USBD_ClrFeature
                0x0000000008007cb4       0x26 build/usbd_ctlreq.o
 .text.USBD_StdDevReq
                0x0000000008007cda       0x70 build/usbd_ctlreq.o
                0x0000000008007cda                USBD_StdDevReq
 .text.USBD_StdItfReq
                0x0000000008007d4a       0x68 build/usbd_ctlreq.o
                0x0000000008007d4a                USBD_StdItfReq
 .text.USBD_StdEPReq
                0x0000000008007db2      0x1f2 build/usbd_ctlreq.o
                0x0000000008007db2                USBD_StdEPReq
 .text.USBD_GetString
                0x0000000008007fa4       0x3a build/usbd_ctlreq.o
                0x0000000008007fa4                USBD_GetString
 .text.USBD_CtlSendData
                0x0000000008007fde       0x1a build/usbd_ioreq.o
                0x0000000008007fde                USBD_CtlSendData
 .text.USBD_CtlContinueSendData
                0x0000000008007ff8       0x10 build/usbd_ioreq.o
                0x0000000008007ff8                USBD_CtlContinueSendData
 .text.USBD_CtlPrepareRx
                0x0000000008008008       0x1e build/usbd_ioreq.o
                0x0000000008008008                USBD_CtlPrepareRx
 .text.USBD_CtlContinueRx
                0x0000000008008026       0x10 build/usbd_ioreq.o
                0x0000000008008026                USBD_CtlContinueRx
 .text.USBD_CtlSendStatus
                0x0000000008008036       0x16 build/usbd_ioreq.o
                0x0000000008008036                USBD_CtlSendStatus
 .text.USBD_CtlReceiveStatus
                0x000000000800804c       0x16 build/usbd_ioreq.o
                0x000000000800804c                USBD_CtlReceiveStatus
 *fill*         0x0000000008008062        0x2 
 .text.MX_USB_DEVICE_Init
                0x0000000008008064       0x58 build/usb_device.o
                0x0000000008008064                MX_USB_DEVICE_Init
 .text.USBD_DeviceDescriptor
                0x00000000080080bc        0xc build/usbd_desc.o
                0x00000000080080bc                USBD_DeviceDescriptor
 .text.USBD_LangIDStrDescriptor
                0x00000000080080c8        0xc build/usbd_desc.o
                0x00000000080080c8                USBD_LangIDStrDescriptor
 .text.IntToUnicode
                0x00000000080080d4       0x46 build/usbd_desc.o
 *fill*         0x000000000800811a        0x2 
 .text.Get_SerialNum
                0x000000000800811c       0x38 build/usbd_desc.o
 .text.USBD_SerialStrDescriptor
                0x0000000008008154       0x14 build/usbd_desc.o
                0x0000000008008154                USBD_SerialStrDescriptor
 .text.USBD_ProductStrDescriptor
                0x0000000008008168       0x24 build/usbd_desc.o
                0x0000000008008168                USBD_ProductStrDescriptor
 .text.USBD_ManufacturerStrDescriptor
                0x000000000800818c       0x1c build/usbd_desc.o
                0x000000000800818c                USBD_ManufacturerStrDescriptor
 .text.USBD_ConfigStrDescriptor
                0x00000000080081a8       0x24 build/usbd_desc.o
                0x00000000080081a8                USBD_ConfigStrDescriptor
 .text.USBD_InterfaceStrDescriptor
                0x00000000080081cc       0x24 build/usbd_desc.o
                0x00000000080081cc                USBD_InterfaceStrDescriptor
 .text.HAL_PCDEx_SetTxFiFoInBytes
                0x00000000080081f0        0xa build/usbd_conf.o
                0x00000000080081f0                HAL_PCDEx_SetTxFiFoInBytes
 .text.HAL_PCDEx_SetRxFiFoInBytes
                0x00000000080081fa        0xa build/usbd_conf.o
                0x00000000080081fa                HAL_PCDEx_SetRxFiFoInBytes
 .text.HAL_PCD_SetupStageCallback
                0x0000000008008204       0x10 build/usbd_conf.o
                0x0000000008008204                HAL_PCD_SetupStageCallback
 .text.HAL_PCD_DataOutStageCallback
                0x0000000008008214       0x18 build/usbd_conf.o
                0x0000000008008214                HAL_PCD_DataOutStageCallback
 .text.HAL_PCD_DataInStageCallback
                0x000000000800822c       0x16 build/usbd_conf.o
                0x000000000800822c                HAL_PCD_DataInStageCallback
 .text.HAL_PCD_SOFCallback
                0x0000000008008242        0xc build/usbd_conf.o
                0x0000000008008242                HAL_PCD_SOFCallback
 .text.HAL_PCD_ResetCallback
                0x000000000800824e       0x2c build/usbd_conf.o
                0x000000000800824e                HAL_PCD_ResetCallback
 *fill*         0x000000000800827a        0x2 
 .text.HAL_PCD_SuspendCallback
                0x000000000800827c       0x30 build/usbd_conf.o
                0x000000000800827c                HAL_PCD_SuspendCallback
 .text.HAL_PCD_ResumeCallback
                0x00000000080082ac        0xc build/usbd_conf.o
                0x00000000080082ac                HAL_PCD_ResumeCallback
 .text.HAL_PCD_ISOOUTIncompleteCallback
                0x00000000080082b8        0xc build/usbd_conf.o
                0x00000000080082b8                HAL_PCD_ISOOUTIncompleteCallback
 .text.HAL_PCD_ISOINIncompleteCallback
                0x00000000080082c4        0xc build/usbd_conf.o
                0x00000000080082c4                HAL_PCD_ISOINIncompleteCallback
 .text.HAL_PCD_ConnectCallback
                0x00000000080082d0        0xc build/usbd_conf.o
                0x00000000080082d0                HAL_PCD_ConnectCallback
 .text.HAL_PCD_DisconnectCallback
                0x00000000080082dc        0xc build/usbd_conf.o
                0x00000000080082dc                HAL_PCD_DisconnectCallback
 .text.USBD_LL_Init
                0x00000000080082e8       0x84 build/usbd_conf.o
                0x00000000080082e8                USBD_LL_Init
 .text.USBD_LL_IsStallEP
                0x000000000800836c       0x2e build/usbd_conf.o
                0x000000000800836c                USBD_LL_IsStallEP
 .text.USBD_LL_GetRxDataSize
                0x000000000800839a        0xc build/usbd_conf.o
                0x000000000800839a                USBD_LL_GetRxDataSize
 .text.USBD_Get_USB_Status
                0x00000000080083a6       0x14 build/usbd_conf.o
                0x00000000080083a6                USBD_Get_USB_Status
 .text.USBD_LL_Start
                0x00000000080083ba       0x10 build/usbd_conf.o
                0x00000000080083ba                USBD_LL_Start
 .text.USBD_LL_OpenEP
                0x00000000080083ca       0x16 build/usbd_conf.o
                0x00000000080083ca                USBD_LL_OpenEP
 .text.USBD_LL_CloseEP
                0x00000000080083e0       0x10 build/usbd_conf.o
                0x00000000080083e0                USBD_LL_CloseEP
 .text.USBD_LL_StallEP
                0x00000000080083f0       0x10 build/usbd_conf.o
                0x00000000080083f0                USBD_LL_StallEP
 .text.USBD_LL_ClearStallEP
                0x0000000008008400       0x10 build/usbd_conf.o
                0x0000000008008400                USBD_LL_ClearStallEP
 .text.USBD_LL_SetUSBAddress
                0x0000000008008410       0x10 build/usbd_conf.o
                0x0000000008008410                USBD_LL_SetUSBAddress
 .text.USBD_LL_Transmit
                0x0000000008008420       0x10 build/usbd_conf.o
                0x0000000008008420                USBD_LL_Transmit
 .text.USBD_LL_PrepareReceive
                0x0000000008008430       0x10 build/usbd_conf.o
                0x0000000008008430                USBD_LL_PrepareReceive
 .text.USBD_CDC_EP0_RxReady
                0x0000000008008440       0x4c build/usbd_cdc_acm.o
 .text.USBD_CDC_GetFSCfgDesc
                0x000000000800848c        0xc build/usbd_cdc_acm.o
 .text.USBD_CDC_GetHSCfgDesc
                0x0000000008008498        0xc build/usbd_cdc_acm.o
 .text.USBD_CDC_GetOtherSpeedCfgDesc
                0x00000000080084a4        0xc build/usbd_cdc_acm.o
 .text.USBD_CDC_GetDeviceQualifierDescriptor
                0x00000000080084b0        0xc build/usbd_cdc_acm.o
 .text.USBD_CDC_DataOut
                0x00000000080084bc       0x50 build/usbd_cdc_acm.o
 .text.USBD_CDC_DataIn
                0x000000000800850c       0x98 build/usbd_cdc_acm.o
 .text.USBD_CDC_Setup
                0x00000000080085a4      0x150 build/usbd_cdc_acm.o
 .text.USBD_CDC_DeInit
                0x00000000080086f4       0x7c build/usbd_cdc_acm.o
 .text.USBD_CDC_Init
                0x0000000008008770      0x164 build/usbd_cdc_acm.o
 .text.USBD_CDC_ACM_RegisterInterface
                0x00000000080088d4        0xe build/usbd_cdc_acm.o
                0x00000000080088d4                USBD_CDC_ACM_RegisterInterface
 *fill*         0x00000000080088e2        0x2 
 .text.USBD_CDC_SetTxBuffer
                0x00000000080088e4       0x1c build/usbd_cdc_acm.o
                0x00000000080088e4                USBD_CDC_SetTxBuffer
 .text.USBD_CDC_SetRxBuffer
                0x0000000008008900       0x18 build/usbd_cdc_acm.o
                0x0000000008008900                USBD_CDC_SetRxBuffer
 .text.USBD_CDC_TransmitPacket
                0x0000000008008918       0x50 build/usbd_cdc_acm.o
                0x0000000008008918                USBD_CDC_TransmitPacket
 .text.USBD_CDC_ReceivePacket
                0x0000000008008968       0x50 build/usbd_cdc_acm.o
                0x0000000008008968                USBD_CDC_ReceivePacket
 .text.USBD_Update_CDC_ACM_DESC
                0x00000000080089b8       0x98 build/usbd_cdc_acm.o
                0x00000000080089b8                USBD_Update_CDC_ACM_DESC
 .text.CDC_DeInit
                0x0000000008008a50        0x4 build/usbd_cdc_acm_if.o
 .text.CDC_TransmitCplt
                0x0000000008008a54       0x18 build/usbd_cdc_acm_if.o
 .text.CDC_Init
                0x0000000008008a6c       0x1c build/usbd_cdc_acm_if.o
 .text.CDC_Receive
                0x0000000008008a88       0x74 build/usbd_cdc_acm_if.o
 .text.CDC_Control
                0x0000000008008afc       0xa0 build/usbd_cdc_acm_if.o
 .text.CDC_Transmit
                0x0000000008008b9c       0x44 build/usbd_cdc_acm_if.o
                0x0000000008008b9c                CDC_Transmit
 .text.MX_DMA_Init
                0x0000000008008be0       0x44 build/dma.o
                0x0000000008008be0                MX_DMA_Init
 .text.Reset_Handler
                0x0000000008008c24       0x50 build/startup_stm32f723xx.o
                0x0000000008008c24                Reset_Handler
 .text.Default_Handler
                0x0000000008008c74        0x2 build/startup_stm32f723xx.o
                0x0000000008008c74                RTC_Alarm_IRQHandler
                0x0000000008008c74                EXTI2_IRQHandler
                0x0000000008008c74                UART8_IRQHandler
                0x0000000008008c74                SPI4_IRQHandler
                0x0000000008008c74                DMA2_Stream5_IRQHandler
                0x0000000008008c74                DMA1_Stream5_IRQHandler
                0x0000000008008c74                PVD_IRQHandler
                0x0000000008008c74                TAMP_STAMP_IRQHandler
                0x0000000008008c74                EXTI3_IRQHandler
                0x0000000008008c74                TIM8_TRG_COM_TIM14_IRQHandler
                0x0000000008008c74                TIM8_UP_TIM13_IRQHandler
                0x0000000008008c74                I2C3_ER_IRQHandler
                0x0000000008008c74                EXTI0_IRQHandler
                0x0000000008008c74                I2C2_EV_IRQHandler
                0x0000000008008c74                DMA1_Stream2_IRQHandler
                0x0000000008008c74                CAN1_RX0_IRQHandler
                0x0000000008008c74                FPU_IRQHandler
                0x0000000008008c74                OTG_HS_WKUP_IRQHandler
                0x0000000008008c74                DMA2_Stream2_IRQHandler
                0x0000000008008c74                SPI1_IRQHandler
                0x0000000008008c74                TIM1_BRK_TIM9_IRQHandler
                0x0000000008008c74                DMA2_Stream3_IRQHandler
                0x0000000008008c74                SAI2_IRQHandler
                0x0000000008008c74                USART6_IRQHandler
                0x0000000008008c74                USART3_IRQHandler
                0x0000000008008c74                CAN1_RX1_IRQHandler
                0x0000000008008c74                UART5_IRQHandler
                0x0000000008008c74                DMA2_Stream0_IRQHandler
                0x0000000008008c74                TIM4_IRQHandler
                0x0000000008008c74                QUADSPI_IRQHandler
                0x0000000008008c74                DMA1_Stream1_IRQHandler
                0x0000000008008c74                UART4_IRQHandler
                0x0000000008008c74                TIM3_IRQHandler
                0x0000000008008c74                RCC_IRQHandler
                0x0000000008008c74                TIM8_BRK_TIM12_IRQHandler
                0x0000000008008c74                Default_Handler
                0x0000000008008c74                EXTI15_10_IRQHandler
                0x0000000008008c74                ADC_IRQHandler
                0x0000000008008c74                DMA1_Stream7_IRQHandler
                0x0000000008008c74                SPI5_IRQHandler
                0x0000000008008c74                SDMMC1_IRQHandler
                0x0000000008008c74                TIM5_IRQHandler
                0x0000000008008c74                DMA2_Stream7_IRQHandler
                0x0000000008008c74                I2C3_EV_IRQHandler
                0x0000000008008c74                EXTI9_5_IRQHandler
                0x0000000008008c74                RTC_WKUP_IRQHandler
                0x0000000008008c74                SPI2_IRQHandler
                0x0000000008008c74                OTG_HS_EP1_IN_IRQHandler
                0x0000000008008c74                CAN1_TX_IRQHandler
                0x0000000008008c74                EXTI4_IRQHandler
                0x0000000008008c74                RNG_IRQHandler
                0x0000000008008c74                OTG_HS_EP1_OUT_IRQHandler
                0x0000000008008c74                WWDG_IRQHandler
                0x0000000008008c74                TIM2_IRQHandler
                0x0000000008008c74                OTG_FS_WKUP_IRQHandler
                0x0000000008008c74                TIM1_TRG_COM_TIM11_IRQHandler
                0x0000000008008c74                EXTI1_IRQHandler
                0x0000000008008c74                SDMMC2_IRQHandler
                0x0000000008008c74                UART7_IRQHandler
                0x0000000008008c74                USART2_IRQHandler
                0x0000000008008c74                I2C2_ER_IRQHandler
                0x0000000008008c74                DMA2_Stream1_IRQHandler
                0x0000000008008c74                CAN1_SCE_IRQHandler
                0x0000000008008c74                FLASH_IRQHandler
                0x0000000008008c74                DMA2_Stream4_IRQHandler
                0x0000000008008c74                USART1_IRQHandler
                0x0000000008008c74                OTG_FS_IRQHandler
                0x0000000008008c74                SPI3_IRQHandler
                0x0000000008008c74                DMA1_Stream4_IRQHandler
                0x0000000008008c74                FMC_IRQHandler
                0x0000000008008c74                LPTIM1_IRQHandler
                0x0000000008008c74                DMA2_Stream6_IRQHandler
                0x0000000008008c74                SAI1_IRQHandler
                0x0000000008008c74                DMA1_Stream3_IRQHandler
 .text.atoi     0x0000000008008c76        0x8 /opt/gcc-arm-none-eabi-10.3-2021.10/bin/../lib/gcc/arm-none-eabi/10.3.1/../../../../arm-none-eabi/lib/thumb/v7e-m+fp/hard/libc_nano.a(lib_a-atoi.o)
                0x0000000008008c76                atoi
 *fill*         0x0000000008008c7e        0x2 
 .text.__libc_init_array
                0x0000000008008c80       0x48 /opt/gcc-arm-none-eabi-10.3-2021.10/bin/../lib/gcc/arm-none-eabi/10.3.1/../../../../arm-none-eabi/lib/thumb/v7e-m+fp/hard/libc_nano.a(lib_a-init.o)
                0x0000000008008c80                __libc_init_array
 .text.malloc   0x0000000008008cc8       0x10 /opt/gcc-arm-none-eabi-10.3-2021.10/bin/../lib/gcc/arm-none-eabi/10.3.1/../../../../arm-none-eabi/lib/thumb/v7e-m+fp/hard/libc_nano.a(lib_a-malloc.o)
                0x0000000008008cc8                malloc
 .text.free     0x0000000008008cd8       0x10 /opt/gcc-arm-none-eabi-10.3-2021.10/bin/../lib/gcc/arm-none-eabi/10.3.1/../../../../arm-none-eabi/lib/thumb/v7e-m+fp/hard/libc_nano.a(lib_a-malloc.o)
                0x0000000008008cd8                free
 .text.memcmp   0x0000000008008ce8       0x20 /opt/gcc-arm-none-eabi-10.3-2021.10/bin/../lib/gcc/arm-none-eabi/10.3.1/../../../../arm-none-eabi/lib/thumb/v7e-m+fp/hard/libc_nano.a(lib_a-memcmp.o)
                0x0000000008008ce8                memcmp
 .text.memcpy   0x0000000008008d08       0x1c /opt/gcc-arm-none-eabi-10.3-2021.10/bin/../lib/gcc/arm-none-eabi/10.3.1/../../../../arm-none-eabi/lib/thumb/v7e-m+fp/hard/libc_nano.a(lib_a-memcpy-stub.o)
                0x0000000008008d08                memcpy
 .text.memset   0x0000000008008d24       0x10 /opt/gcc-arm-none-eabi-10.3-2021.10/bin/../lib/gcc/arm-none-eabi/10.3.1/../../../../arm-none-eabi/lib/thumb/v7e-m+fp/hard/libc_nano.a(lib_a-memset.o)
                0x0000000008008d24                memset
 .text._free_r  0x0000000008008d34       0x98 /opt/gcc-arm-none-eabi-10.3-2021.10/bin/../lib/gcc/arm-none-eabi/10.3.1/../../../../arm-none-eabi/lib/thumb/v7e-m+fp/hard/libc_nano.a(lib_a-nano-freer.o)
                0x0000000008008d34                _free_r
 .text.sbrk_aligned
                0x0000000008008dcc       0x40 /opt/gcc-arm-none-eabi-10.3-2021.10/bin/../lib/gcc/arm-none-eabi/10.3.1/../../../../arm-none-eabi/lib/thumb/v7e-m+fp/hard/libc_nano.a(lib_a-nano-mallocr.o)
 .text._malloc_r
                0x0000000008008e0c       0xe8 /opt/gcc-arm-none-eabi-10.3-2021.10/bin/../lib/gcc/arm-none-eabi/10.3.1/../../../../arm-none-eabi/lib/thumb/v7e-m+fp/hard/libc_nano.a(lib_a-nano-mallocr.o)
                0x0000000008008e0c                _malloc_r
 .text.realloc  0x0000000008008ef4       0x10 /opt/gcc-arm-none-eabi-10.3-2021.10/bin/../lib/gcc/arm-none-eabi/10.3.1/../../../../arm-none-eabi/lib/thumb/v7e-m+fp/hard/libc_nano.a(lib_a-realloc.o)
                0x0000000008008ef4                realloc
 .text._sbrk_r  0x0000000008008f04       0x20 /opt/gcc-arm-none-eabi-10.3-2021.10/bin/../lib/gcc/arm-none-eabi/10.3.1/../../../../arm-none-eabi/lib/thumb/v7e-m+fp/hard/libc_nano.a(lib_a-sbrkr.o)
                0x0000000008008f04                _sbrk_r
 .text.snprintf
                0x0000000008008f24       0x68 /opt/gcc-arm-none-eabi-10.3-2021.10/bin/../lib/gcc/arm-none-eabi/10.3.1/../../../../arm-none-eabi/lib/thumb/v7e-m+fp/hard/libc_nano.a(lib_a-snprintf.o)
                0x0000000008008f24                snprintf
                0x0000000008008f24                sniprintf
 .text.strcpy   0x0000000008008f8c       0x10 /opt/gcc-arm-none-eabi-10.3-2021.10/bin/../lib/gcc/arm-none-eabi/10.3.1/../../../../arm-none-eabi/lib/thumb/v7e-m+fp/hard/libc_nano.a(lib_a-strcpy.o)
                0x0000000008008f8c                strcpy
 .text.strncpy  0x0000000008008f9c       0x26 /opt/gcc-arm-none-eabi-10.3-2021.10/bin/../lib/gcc/arm-none-eabi/10.3.1/../../../../arm-none-eabi/lib/thumb/v7e-m+fp/hard/libc_nano.a(lib_a-strncpy.o)
                0x0000000008008f9c                strncpy
 *fill*         0x0000000008008fc2        0x2 
 .text.strtok   0x0000000008008fc4       0x68 /opt/gcc-arm-none-eabi-10.3-2021.10/bin/../lib/gcc/arm-none-eabi/10.3.1/../../../../arm-none-eabi/lib/thumb/v7e-m+fp/hard/libc_nano.a(lib_a-strtok.o)
                0x0000000008008fc4                strtok
 .text.__strtok_r
                0x000000000800902c       0x50 /opt/gcc-arm-none-eabi-10.3-2021.10/bin/../lib/gcc/arm-none-eabi/10.3.1/../../../../arm-none-eabi/lib/thumb/v7e-m+fp/hard/libc_nano.a(lib_a-strtok_r.o)
                0x000000000800902c                __strtok_r
 .text._strtol_l.constprop.0
                0x000000000800907c      0x104 /opt/gcc-arm-none-eabi-10.3-2021.10/bin/../lib/gcc/arm-none-eabi/10.3.1/../../../../arm-none-eabi/lib/thumb/v7e-m+fp/hard/libc_nano.a(lib_a-strtol.o)
 .text.strtol   0x0000000008009180       0x14 /opt/gcc-arm-none-eabi-10.3-2021.10/bin/../lib/gcc/arm-none-eabi/10.3.1/../../../../arm-none-eabi/lib/thumb/v7e-m+fp/hard/libc_nano.a(lib_a-strtol.o)
                0x0000000008009180                strtol
 .text.__assert_func
                0x0000000008009194       0x3c /opt/gcc-arm-none-eabi-10.3-2021.10/bin/../lib/gcc/arm-none-eabi/10.3.1/../../../../arm-none-eabi/lib/thumb/v7e-m+fp/hard/libc_nano.a(lib_a-assert.o)
                0x0000000008009194                __assert_func
 .text.__errno  0x00000000080091d0        0xc /opt/gcc-arm-none-eabi-10.3-2021.10/bin/../lib/gcc/arm-none-eabi/10.3.1/../../../../arm-none-eabi/lib/thumb/v7e-m+fp/hard/libc_nano.a(lib_a-errno.o)
                0x00000000080091d0                __errno
 .text.fprintf  0x00000000080091dc       0x24 /opt/gcc-arm-none-eabi-10.3-2021.10/bin/../lib/gcc/arm-none-eabi/10.3.1/../../../../arm-none-eabi/lib/thumb/v7e-m+fp/hard/libc_nano.a(lib_a-fprintf.o)
                0x00000000080091dc                fprintf
                0x00000000080091dc                fiprintf
 .text.__malloc_lock
                0x0000000008009200        0xc /opt/gcc-arm-none-eabi-10.3-2021.10/bin/../lib/gcc/arm-none-eabi/10.3.1/../../../../arm-none-eabi/lib/thumb/v7e-m+fp/hard/libc_nano.a(lib_a-mlock.o)
                0x0000000008009200                __malloc_lock
 .text.__malloc_unlock
                0x000000000800920c        0xc /opt/gcc-arm-none-eabi-10.3-2021.10/bin/../lib/gcc/arm-none-eabi/10.3.1/../../../../arm-none-eabi/lib/thumb/v7e-m+fp/hard/libc_nano.a(lib_a-mlock.o)
                0x000000000800920c                __malloc_unlock
 .text._realloc_r
                0x0000000008009218       0x5e /opt/gcc-arm-none-eabi-10.3-2021.10/bin/../lib/gcc/arm-none-eabi/10.3.1/../../../../arm-none-eabi/lib/thumb/v7e-m+fp/hard/libc_nano.a(lib_a-nano-reallocr.o)
                0x0000000008009218                _realloc_r
 .text.__ssputs_r
                0x0000000008009276       0xb6 /opt/gcc-arm-none-eabi-10.3-2021.10/bin/../lib/gcc/arm-none-eabi/10.3.1/../../../../arm-none-eabi/lib/thumb/v7e-m+fp/hard/libc_nano.a(lib_a-nano-svfprintf.o)
                0x0000000008009276                __ssputs_r
 .text._svfprintf_r
                0x000000000800932c      0x200 /opt/gcc-arm-none-eabi-10.3-2021.10/bin/../lib/gcc/arm-none-eabi/10.3.1/../../../../arm-none-eabi/lib/thumb/v7e-m+fp/hard/libc_nano.a(lib_a-nano-svfprintf.o)
                0x000000000800932c                _svfprintf_r
                0x000000000800932c                _svfiprintf_r
 .text.__sfputc_r
                0x000000000800952c       0x2e /opt/gcc-arm-none-eabi-10.3-2021.10/bin/../lib/gcc/arm-none-eabi/10.3.1/../../../../arm-none-eabi/lib/thumb/v7e-m+fp/hard/libc_nano.a(lib_a-nano-vfprintf.o)
 .text.__sfputs_r
                0x000000000800955a       0x24 /opt/gcc-arm-none-eabi-10.3-2021.10/bin/../lib/gcc/arm-none-eabi/10.3.1/../../../../arm-none-eabi/lib/thumb/v7e-m+fp/hard/libc_nano.a(lib_a-nano-vfprintf.o)
                0x000000000800955a                __sfputs_r
 *fill*         0x000000000800957e        0x2 
 .text._vfprintf_r
                0x0000000008009580      0x260 /opt/gcc-arm-none-eabi-10.3-2021.10/bin/../lib/gcc/arm-none-eabi/10.3.1/../../../../arm-none-eabi/lib/thumb/v7e-m+fp/hard/libc_nano.a(lib_a-nano-vfprintf.o)
                0x0000000008009580                _vfiprintf_r
                0x0000000008009580                _vfprintf_r
 .text._printf_common
                0x00000000080097e0       0xda /opt/gcc-arm-none-eabi-10.3-2021.10/bin/../lib/gcc/arm-none-eabi/10.3.1/../../../../arm-none-eabi/lib/thumb/v7e-m+fp/hard/libc_nano.a(lib_a-nano-vfprintf_i.o)
                0x00000000080097e0                _printf_common
 *fill*         0x00000000080098ba        0x2 
 .text._printf_i
                0x00000000080098bc      0x24c /opt/gcc-arm-none-eabi-10.3-2021.10/bin/../lib/gcc/arm-none-eabi/10.3.1/../../../../arm-none-eabi/lib/thumb/v7e-m+fp/hard/libc_nano.a(lib_a-nano-vfprintf_i.o)
                0x00000000080098bc                _printf_i
 .text.__swbuf_r
                0x0000000008009b08       0xa4 /opt/gcc-arm-none-eabi-10.3-2021.10/bin/../lib/gcc/arm-none-eabi/10.3.1/../../../../arm-none-eabi/lib/thumb/v7e-m+fp/hard/libc_nano.a(lib_a-wbuf.o)
                0x0000000008009b08                __swbuf_r
 .text.__swsetup_r
                0x0000000008009bac       0xdc /opt/gcc-arm-none-eabi-10.3-2021.10/bin/../lib/gcc/arm-none-eabi/10.3.1/../../../../arm-none-eabi/lib/thumb/v7e-m+fp/hard/libc_nano.a(lib_a-wsetup.o)
                0x0000000008009bac                __swsetup_r
 .text.abort    0x0000000008009c88        0xe /opt/gcc-arm-none-eabi-10.3-2021.10/bin/../lib/gcc/arm-none-eabi/10.3.1/../../../../arm-none-eabi/lib/thumb/v7e-m+fp/hard/libc_nano.a(lib_a-abort.o)
                0x0000000008009c88                abort
 *fill*         0x0000000008009c96        0x2 
 .text.__sflush_r
                0x0000000008009c98      0x10c /opt/gcc-arm-none-eabi-10.3-2021.10/bin/../lib/gcc/arm-none-eabi/10.3.1/../../../../arm-none-eabi/lib/thumb/v7e-m+fp/hard/libc_nano.a(lib_a-fflush.o)
                0x0000000008009c98                __sflush_r
 .text._fflush_r
                0x0000000008009da4       0x78 /opt/gcc-arm-none-eabi-10.3-2021.10/bin/../lib/gcc/arm-none-eabi/10.3.1/../../../../arm-none-eabi/lib/thumb/v7e-m+fp/hard/libc_nano.a(lib_a-fflush.o)
                0x0000000008009da4                _fflush_r
 .text.std      0x0000000008009e1c       0x48 /opt/gcc-arm-none-eabi-10.3-2021.10/bin/../lib/gcc/arm-none-eabi/10.3.1/../../../../arm-none-eabi/lib/thumb/v7e-m+fp/hard/libc_nano.a(lib_a-findfp.o)
 .text._cleanup_r
                0x0000000008009e64        0xc /opt/gcc-arm-none-eabi-10.3-2021.10/bin/../lib/gcc/arm-none-eabi/10.3.1/../../../../arm-none-eabi/lib/thumb/v7e-m+fp/hard/libc_nano.a(lib_a-findfp.o)
                0x0000000008009e64                _cleanup_r
 .text.__sfmoreglue
                0x0000000008009e70       0x2c /opt/gcc-arm-none-eabi-10.3-2021.10/bin/../lib/gcc/arm-none-eabi/10.3.1/../../../../arm-none-eabi/lib/thumb/v7e-m+fp/hard/libc_nano.a(lib_a-findfp.o)
                0x0000000008009e70                __sfmoreglue
 .text.__sfp_lock_acquire
                0x0000000008009e9c        0xc /opt/gcc-arm-none-eabi-10.3-2021.10/bin/../lib/gcc/arm-none-eabi/10.3.1/../../../../arm-none-eabi/lib/thumb/v7e-m+fp/hard/libc_nano.a(lib_a-findfp.o)
                0x0000000008009e9c                __sfp_lock_acquire
 .text.__sfp_lock_release
                0x0000000008009ea8        0xc /opt/gcc-arm-none-eabi-10.3-2021.10/bin/../lib/gcc/arm-none-eabi/10.3.1/../../../../arm-none-eabi/lib/thumb/v7e-m+fp/hard/libc_nano.a(lib_a-findfp.o)
                0x0000000008009ea8                __sfp_lock_release
 .text.__sinit_lock_acquire
                0x0000000008009eb4        0xc /opt/gcc-arm-none-eabi-10.3-2021.10/bin/../lib/gcc/arm-none-eabi/10.3.1/../../../../arm-none-eabi/lib/thumb/v7e-m+fp/hard/libc_nano.a(lib_a-findfp.o)
                0x0000000008009eb4                __sinit_lock_acquire
 .text.__sinit_lock_release
                0x0000000008009ec0        0xc /opt/gcc-arm-none-eabi-10.3-2021.10/bin/../lib/gcc/arm-none-eabi/10.3.1/../../../../arm-none-eabi/lib/thumb/v7e-m+fp/hard/libc_nano.a(lib_a-findfp.o)
                0x0000000008009ec0                __sinit_lock_release
 .text.__sinit  0x0000000008009ecc       0x70 /opt/gcc-arm-none-eabi-10.3-2021.10/bin/../lib/gcc/arm-none-eabi/10.3.1/../../../../arm-none-eabi/lib/thumb/v7e-m+fp/hard/libc_nano.a(lib_a-findfp.o)
                0x0000000008009ecc                __sinit
 .text.__sfp    0x0000000008009f3c       0x8c /opt/gcc-arm-none-eabi-10.3-2021.10/bin/../lib/gcc/arm-none-eabi/10.3.1/../../../../arm-none-eabi/lib/thumb/v7e-m+fp/hard/libc_nano.a(lib_a-findfp.o)
                0x0000000008009f3c                __sfp
 .text._fwalk_reent
                0x0000000008009fc8       0x3e /opt/gcc-arm-none-eabi-10.3-2021.10/bin/../lib/gcc/arm-none-eabi/10.3.1/../../../../arm-none-eabi/lib/thumb/v7e-m+fp/hard/libc_nano.a(lib_a-fwalk.o)
                0x0000000008009fc8                _fwalk_reent
 .text.__retarget_lock_init_recursive
                0x000000000800a006        0x2 /opt/gcc-arm-none-eabi-10.3-2021.10/bin/../lib/gcc/arm-none-eabi/10.3.1/../../../../arm-none-eabi/lib/thumb/v7e-m+fp/hard/libc_nano.a(lib_a-lock.o)
                0x000000000800a006                __retarget_lock_init_recursive
 .text.__retarget_lock_acquire_recursive
                0x000000000800a008        0x2 /opt/gcc-arm-none-eabi-10.3-2021.10/bin/../lib/gcc/arm-none-eabi/10.3.1/../../../../arm-none-eabi/lib/thumb/v7e-m+fp/hard/libc_nano.a(lib_a-lock.o)
                0x000000000800a008                __retarget_lock_acquire_recursive
 .text.__retarget_lock_release_recursive
                0x000000000800a00a        0x2 /opt/gcc-arm-none-eabi-10.3-2021.10/bin/../lib/gcc/arm-none-eabi/10.3.1/../../../../arm-none-eabi/lib/thumb/v7e-m+fp/hard/libc_nano.a(lib_a-lock.o)
                0x000000000800a00a                __retarget_lock_release_recursive
 .text.__swhatbuf_r
                0x000000000800a00c       0x4a /opt/gcc-arm-none-eabi-10.3-2021.10/bin/../lib/gcc/arm-none-eabi/10.3.1/../../../../arm-none-eabi/lib/thumb/v7e-m+fp/hard/libc_nano.a(lib_a-makebuf.o)
                0x000000000800a00c                __swhatbuf_r
 *fill*         0x000000000800a056        0x2 
 .text.__smakebuf_r
                0x000000000800a058       0x80 /opt/gcc-arm-none-eabi-10.3-2021.10/bin/../lib/gcc/arm-none-eabi/10.3.1/../../../../arm-none-eabi/lib/thumb/v7e-m+fp/hard/libc_nano.a(lib_a-makebuf.o)
                0x000000000800a058                __smakebuf_r
 .text.memmove  0x000000000800a0d8       0x34 /opt/gcc-arm-none-eabi-10.3-2021.10/bin/../lib/gcc/arm-none-eabi/10.3.1/../../../../arm-none-eabi/lib/thumb/v7e-m+fp/hard/libc_nano.a(lib_a-memmove.o)
                0x000000000800a0d8                memmove
 .text._malloc_usable_size_r
                0x000000000800a10c       0x10 /opt/gcc-arm-none-eabi-10.3-2021.10/bin/../lib/gcc/arm-none-eabi/10.3.1/../../../../arm-none-eabi/lib/thumb/v7e-m+fp/hard/libc_nano.a(lib_a-nano-msizer.o)
                0x000000000800a10c                _malloc_usable_size_r
 .text._raise_r
                0x000000000800a11c       0x50 /opt/gcc-arm-none-eabi-10.3-2021.10/bin/../lib/gcc/arm-none-eabi/10.3.1/../../../../arm-none-eabi/lib/thumb/v7e-m+fp/hard/libc_nano.a(lib_a-signal.o)
                0x000000000800a11c                _raise_r
 .text.raise    0x000000000800a16c       0x10 /opt/gcc-arm-none-eabi-10.3-2021.10/bin/../lib/gcc/arm-none-eabi/10.3.1/../../../../arm-none-eabi/lib/thumb/v7e-m+fp/hard/libc_nano.a(lib_a-signal.o)
                0x000000000800a16c                raise
 .text._kill_r  0x000000000800a17c       0x24 /opt/gcc-arm-none-eabi-10.3-2021.10/bin/../lib/gcc/arm-none-eabi/10.3.1/../../../../arm-none-eabi/lib/thumb/v7e-m+fp/hard/libc_nano.a(lib_a-signalr.o)
                0x000000000800a17c                _kill_r
 .text._getpid_r
                0x000000000800a1a0        0x4 /opt/gcc-arm-none-eabi-10.3-2021.10/bin/../lib/gcc/arm-none-eabi/10.3.1/../../../../arm-none-eabi/lib/thumb/v7e-m+fp/hard/libc_nano.a(lib_a-signalr.o)
                0x000000000800a1a0                _getpid_r
 .text.__sread  0x000000000800a1a4       0x22 /opt/gcc-arm-none-eabi-10.3-2021.10/bin/../lib/gcc/arm-none-eabi/10.3.1/../../../../arm-none-eabi/lib/thumb/v7e-m+fp/hard/libc_nano.a(lib_a-stdio.o)
                0x000000000800a1a4                __sread
 .text.__swrite
                0x000000000800a1c6       0x38 /opt/gcc-arm-none-eabi-10.3-2021.10/bin/../lib/gcc/arm-none-eabi/10.3.1/../../../../arm-none-eabi/lib/thumb/v7e-m+fp/hard/libc_nano.a(lib_a-stdio.o)
                0x000000000800a1c6                __swrite
 .text.__sseek  0x000000000800a1fe       0x24 /opt/gcc-arm-none-eabi-10.3-2021.10/bin/../lib/gcc/arm-none-eabi/10.3.1/../../../../arm-none-eabi/lib/thumb/v7e-m+fp/hard/libc_nano.a(lib_a-stdio.o)
                0x000000000800a1fe                __sseek
 .text.__sclose
                0x000000000800a222        0x8 /opt/gcc-arm-none-eabi-10.3-2021.10/bin/../lib/gcc/arm-none-eabi/10.3.1/../../../../arm-none-eabi/lib/thumb/v7e-m+fp/hard/libc_nano.a(lib_a-stdio.o)
                0x000000000800a222                __sclose
 *fill*         0x000000000800a22a        0x2 
 .text._write_r
                0x000000000800a22c       0x24 /opt/gcc-arm-none-eabi-10.3-2021.10/bin/../lib/gcc/arm-none-eabi/10.3.1/../../../../arm-none-eabi/lib/thumb/v7e-m+fp/hard/libc_nano.a(lib_a-writer.o)
                0x000000000800a22c                _write_r
 .text._close_r
                0x000000000800a250       0x20 /opt/gcc-arm-none-eabi-10.3-2021.10/bin/../lib/gcc/arm-none-eabi/10.3.1/../../../../arm-none-eabi/lib/thumb/v7e-m+fp/hard/libc_nano.a(lib_a-closer.o)
                0x000000000800a250                _close_r
 .text._fstat_r
                0x000000000800a270       0x24 /opt/gcc-arm-none-eabi-10.3-2021.10/bin/../lib/gcc/arm-none-eabi/10.3.1/../../../../arm-none-eabi/lib/thumb/v7e-m+fp/hard/libc_nano.a(lib_a-fstatr.o)
                0x000000000800a270                _fstat_r
 .text._isatty_r
                0x000000000800a294       0x20 /opt/gcc-arm-none-eabi-10.3-2021.10/bin/../lib/gcc/arm-none-eabi/10.3.1/../../../../arm-none-eabi/lib/thumb/v7e-m+fp/hard/libc_nano.a(lib_a-isattyr.o)
                0x000000000800a294                _isatty_r
 .text._lseek_r
                0x000000000800a2b4       0x24 /opt/gcc-arm-none-eabi-10.3-2021.10/bin/../lib/gcc/arm-none-eabi/10.3.1/../../../../arm-none-eabi/lib/thumb/v7e-m+fp/hard/libc_nano.a(lib_a-lseekr.o)
                0x000000000800a2b4                _lseek_r
 .text._read_r  0x000000000800a2d8       0x24 /opt/gcc-arm-none-eabi-10.3-2021.10/bin/../lib/gcc/arm-none-eabi/10.3.1/../../../../arm-none-eabi/lib/thumb/v7e-m+fp/hard/libc_nano.a(lib_a-readr.o)
                0x000000000800a2d8                _read_r
 *fill*         0x000000000800a2fc        0x4 
 .text.floor    0x000000000800a300      0x108 /opt/gcc-arm-none-eabi-10.3-2021.10/bin/../lib/gcc/arm-none-eabi/10.3.1/../../../../arm-none-eabi/lib/thumb/v7e-m+fp/hard/libm.a(lib_a-s_floor.o)
                0x000000000800a300                floor
 .text.cosf     0x000000000800a408       0x70 /opt/gcc-arm-none-eabi-10.3-2021.10/bin/../lib/gcc/arm-none-eabi/10.3.1/../../../../arm-none-eabi/lib/thumb/v7e-m+fp/hard/libm.a(lib_a-sf_cos.o)
                0x000000000800a408                cosf
 .text.pow      0x000000000800a478       0xf0 /opt/gcc-arm-none-eabi-10.3-2021.10/bin/../lib/gcc/arm-none-eabi/10.3.1/../../../../arm-none-eabi/lib/thumb/v7e-m+fp/hard/libm.a(lib_a-w_pow.o)
                0x000000000800a478                pow
 .text.__ieee754_pow
                0x000000000800a568      0xb74 /opt/gcc-arm-none-eabi-10.3-2021.10/bin/../lib/gcc/arm-none-eabi/10.3.1/../../../../arm-none-eabi/lib/thumb/v7e-m+fp/hard/libm.a(lib_a-e_pow.o)
                0x000000000800a568                __ieee754_pow
 .text.__ieee754_sqrt
                0x000000000800b0dc      0x198 /opt/gcc-arm-none-eabi-10.3-2021.10/bin/../lib/gcc/arm-none-eabi/10.3.1/../../../../arm-none-eabi/lib/thumb/v7e-m+fp/hard/libm.a(lib_a-e_sqrt.o)
                0x000000000800b0dc                __ieee754_sqrt
 .text.__ieee754_rem_pio2f
                0x000000000800b274      0x264 /opt/gcc-arm-none-eabi-10.3-2021.10/bin/../lib/gcc/arm-none-eabi/10.3.1/../../../../arm-none-eabi/lib/thumb/v7e-m+fp/hard/libm.a(lib_a-ef_rem_pio2.o)
                0x000000000800b274                __ieee754_rem_pio2f
 .text.__kernel_cosf
                0x000000000800b4d8      0x104 /opt/gcc-arm-none-eabi-10.3-2021.10/bin/../lib/gcc/arm-none-eabi/10.3.1/../../../../arm-none-eabi/lib/thumb/v7e-m+fp/hard/libm.a(lib_a-kf_cos.o)
                0x000000000800b4d8                __kernel_cosf
 .text.__kernel_rem_pio2f
                0x000000000800b5dc      0x674 /opt/gcc-arm-none-eabi-10.3-2021.10/bin/../lib/gcc/arm-none-eabi/10.3.1/../../../../arm-none-eabi/lib/thumb/v7e-m+fp/hard/libm.a(lib_a-kf_rem_pio2.o)
                0x000000000800b5dc                __kernel_rem_pio2f
 .text.__kernel_sinf
                0x000000000800bc50       0x90 /opt/gcc-arm-none-eabi-10.3-2021.10/bin/../lib/gcc/arm-none-eabi/10.3.1/../../../../arm-none-eabi/lib/thumb/v7e-m+fp/hard/libm.a(lib_a-kf_sin.o)
                0x000000000800bc50                __kernel_sinf
 .text.with_errno
                0x000000000800bce0       0x18 /opt/gcc-arm-none-eabi-10.3-2021.10/bin/../lib/gcc/arm-none-eabi/10.3.1/../../../../arm-none-eabi/lib/thumb/v7e-m+fp/hard/libm.a(lib_a-math_err.o)
 .text.xflow    0x000000000800bcf8       0x2c /opt/gcc-arm-none-eabi-10.3-2021.10/bin/../lib/gcc/arm-none-eabi/10.3.1/../../../../arm-none-eabi/lib/thumb/v7e-m+fp/hard/libm.a(lib_a-math_err.o)
 .text.__math_uflow
                0x000000000800bd24       0x14 /opt/gcc-arm-none-eabi-10.3-2021.10/bin/../lib/gcc/arm-none-eabi/10.3.1/../../../../arm-none-eabi/lib/thumb/v7e-m+fp/hard/libm.a(lib_a-math_err.o)
                0x000000000800bd24                __math_uflow
 .text.__math_oflow
                0x000000000800bd38       0x14 /opt/gcc-arm-none-eabi-10.3-2021.10/bin/../lib/gcc/arm-none-eabi/10.3.1/../../../../arm-none-eabi/lib/thumb/v7e-m+fp/hard/libm.a(lib_a-math_err.o)
                0x000000000800bd38                __math_oflow
 .text.fabs     0x000000000800bd4c       0x14 /opt/gcc-arm-none-eabi-10.3-2021.10/bin/../lib/gcc/arm-none-eabi/10.3.1/../../../../arm-none-eabi/lib/thumb/v7e-m+fp/hard/libm.a(lib_a-s_fabs.o)
                0x000000000800bd4c                fabs
 .text.finite   0x000000000800bd60       0x18 /opt/gcc-arm-none-eabi-10.3-2021.10/bin/../lib/gcc/arm-none-eabi/10.3.1/../../../../arm-none-eabi/lib/thumb/v7e-m+fp/hard/libm.a(lib_a-s_finite.o)
                0x000000000800bd60                finite
 .text.scalbn   0x000000000800bd78      0x124 /opt/gcc-arm-none-eabi-10.3-2021.10/bin/../lib/gcc/arm-none-eabi/10.3.1/../../../../arm-none-eabi/lib/thumb/v7e-m+fp/hard/libm.a(lib_a-s_scalbn.o)
                0x000000000800bd78                scalbn
 .text.fabsf    0x000000000800be9c       0x10 /opt/gcc-arm-none-eabi-10.3-2021.10/bin/../lib/gcc/arm-none-eabi/10.3.1/../../../../arm-none-eabi/lib/thumb/v7e-m+fp/hard/libm.a(lib_a-sf_fabs.o)
                0x000000000800be9c                fabsf
 .text.floorf   0x000000000800beac       0x8c /opt/gcc-arm-none-eabi-10.3-2021.10/bin/../lib/gcc/arm-none-eabi/10.3.1/../../../../arm-none-eabi/lib/thumb/v7e-m+fp/hard/libm.a(lib_a-sf_floor.o)
                0x000000000800beac                floorf
 .text.scalbnf  0x000000000800bf38       0xe4 /opt/gcc-arm-none-eabi-10.3-2021.10/bin/../lib/gcc/arm-none-eabi/10.3.1/../../../../arm-none-eabi/lib/thumb/v7e-m+fp/hard/libm.a(lib_a-sf_scalbn.o)
                0x000000000800bf38                scalbnf
 .text._close   0x000000000800c01c       0x10 /opt/gcc-arm-none-eabi-10.3-2021.10/bin/../lib/gcc/arm-none-eabi/10.3.1/../../../../arm-none-eabi/lib/thumb/v7e-m+fp/hard/libnosys.a(close.o)
                0x000000000800c01c                _close
 .text._fstat   0x000000000800c02c       0x10 /opt/gcc-arm-none-eabi-10.3-2021.10/bin/../lib/gcc/arm-none-eabi/10.3.1/../../../../arm-none-eabi/lib/thumb/v7e-m+fp/hard/libnosys.a(fstat.o)
                0x000000000800c02c                _fstat
 .text._getpid  0x000000000800c03c       0x10 /opt/gcc-arm-none-eabi-10.3-2021.10/bin/../lib/gcc/arm-none-eabi/10.3.1/../../../../arm-none-eabi/lib/thumb/v7e-m+fp/hard/libnosys.a(getpid.o)
                0x000000000800c03c                _getpid
 .text._isatty  0x000000000800c04c       0x10 /opt/gcc-arm-none-eabi-10.3-2021.10/bin/../lib/gcc/arm-none-eabi/10.3.1/../../../../arm-none-eabi/lib/thumb/v7e-m+fp/hard/libnosys.a(isatty.o)
                0x000000000800c04c                _isatty
 .text._kill    0x000000000800c05c       0x10 /opt/gcc-arm-none-eabi-10.3-2021.10/bin/../lib/gcc/arm-none-eabi/10.3.1/../../../../arm-none-eabi/lib/thumb/v7e-m+fp/hard/libnosys.a(kill.o)
                0x000000000800c05c                _kill
 .text._lseek   0x000000000800c06c       0x10 /opt/gcc-arm-none-eabi-10.3-2021.10/bin/../lib/gcc/arm-none-eabi/10.3.1/../../../../arm-none-eabi/lib/thumb/v7e-m+fp/hard/libnosys.a(lseek.o)
                0x000000000800c06c                _lseek
 .text._read    0x000000000800c07c       0x10 /opt/gcc-arm-none-eabi-10.3-2021.10/bin/../lib/gcc/arm-none-eabi/10.3.1/../../../../arm-none-eabi/lib/thumb/v7e-m+fp/hard/libnosys.a(read.o)
                0x000000000800c07c                _read
 .text._sbrk    0x000000000800c08c       0x1c /opt/gcc-arm-none-eabi-10.3-2021.10/bin/../lib/gcc/arm-none-eabi/10.3.1/../../../../arm-none-eabi/lib/thumb/v7e-m+fp/hard/libnosys.a(sbrk.o)
                0x000000000800c08c                _sbrk
 .text._write   0x000000000800c0a8       0x10 /opt/gcc-arm-none-eabi-10.3-2021.10/bin/../lib/gcc/arm-none-eabi/10.3.1/../../../../arm-none-eabi/lib/thumb/v7e-m+fp/hard/libnosys.a(write.o)
                0x000000000800c0a8                _write
 .text._exit    0x000000000800c0b8        0x4 /opt/gcc-arm-none-eabi-10.3-2021.10/bin/../lib/gcc/arm-none-eabi/10.3.1/../../../../arm-none-eabi/lib/thumb/v7e-m+fp/hard/libnosys.a(_exit.o)
                0x000000000800c0b8                _exit
 *(.glue_7)
 .glue_7        0x000000000800c0bc        0x0 linker stubs
 *(.glue_7t)
 .glue_7t       0x000000000800c0bc        0x0 linker stubs
 *(.eh_frame)
 .eh_frame      0x000000000800c0bc        0x0 /opt/gcc-arm-none-eabi-10.3-2021.10/bin/../lib/gcc/arm-none-eabi/10.3.1/thumb/v7e-m+fp/hard/crtbegin.o
 *(.init)
 .init          0x000000000800c0bc        0x4 /opt/gcc-arm-none-eabi-10.3-2021.10/bin/../lib/gcc/arm-none-eabi/10.3.1/thumb/v7e-m+fp/hard/crti.o
                0x000000000800c0bc                _init
 .init          0x000000000800c0c0        0x8 /opt/gcc-arm-none-eabi-10.3-2021.10/bin/../lib/gcc/arm-none-eabi/10.3.1/thumb/v7e-m+fp/hard/crtn.o
 *(.fini)
 .fini          0x000000000800c0c8        0x4 /opt/gcc-arm-none-eabi-10.3-2021.10/bin/../lib/gcc/arm-none-eabi/10.3.1/thumb/v7e-m+fp/hard/crti.o
                0x000000000800c0c8                _fini
 .fini          0x000000000800c0cc        0x8 /opt/gcc-arm-none-eabi-10.3-2021.10/bin/../lib/gcc/arm-none-eabi/10.3.1/thumb/v7e-m+fp/hard/crtn.o
                0x000000000800c0d4                . = ALIGN (0x4)
                0x000000000800c0d4                _etext = .

.vfp11_veneer   0x000000000800c0d4        0x0
 .vfp11_veneer  0x000000000800c0d4        0x0 linker stubs

.v4_bx          0x000000000800c0d4        0x0
 .v4_bx         0x000000000800c0d4        0x0 linker stubs

.iplt           0x000000000800c0d4        0x0
 .iplt          0x000000000800c0d4        0x0 /opt/gcc-arm-none-eabi-10.3-2021.10/bin/../lib/gcc/arm-none-eabi/10.3.1/thumb/v7e-m+fp/hard/crtbegin.o

.rodata         0x000000000800c0d8      0x70c
                0x000000000800c0d8                . = ALIGN (0x4)
 *(.rodata)
 *(.rodata*)
 .rodata.flagBitshiftOffset.0
                0x000000000800c0d8        0x8 build/stm32f7xx_hal_dma.o
 .rodata.AHBPrescTable
                0x000000000800c0e0       0x10 build/system_stm32f7xx.o
                0x000000000800c0e0                AHBPrescTable
 .rodata.SYSTEM_STATUS_DEGREE_INCREMENT
                0x000000000800c0f0        0x8 build/nyan_leds.o
                0x000000000800c0f0                SYSTEM_STATUS_DEGREE_INCREMENT
 .rodata.NyanDecodeArgs.str1.4
                0x000000000800c0f8        0x2 build/nyan_os.o
 *fill*         0x000000000800c0fa        0x2 
 .rodata.NyanAddInputBuffer.str1.4
                0x000000000800c0fc        0x4 build/nyan_os.o
 .rodata.str1.4
                0x000000000800c100       0x22 build/nyan_os.o
 *fill*         0x000000000800c122        0x2 
 .rodata.nyan_commands
                0x000000000800c124        0xc build/nyan_os.o
 .rodata.USBD_COMPOSITE_GetUsrStringDesc.str1.4
                0x000000000800c130       0x23 build/usbd_composite.o
 *fill*         0x000000000800c153        0x1 
 .rodata.USBD_ProductStrDescriptor.str1.4
                0x000000000800c154       0x25 build/usbd_desc.o
 *fill*         0x000000000800c179        0x3 
 .rodata.USBD_ManufacturerStrDescriptor.str1.4
                0x000000000800c17c        0x6 build/usbd_desc.o
 *fill*         0x000000000800c182        0x2 
 .rodata.USBD_ConfigStrDescriptor.str1.4
                0x000000000800c184       0x10 build/usbd_desc.o
 .rodata.USBD_InterfaceStrDescriptor.str1.4
                0x000000000800c194       0x14 build/usbd_desc.o
 .rodata._global_impure_ptr
                0x000000000800c1a8        0x4 /opt/gcc-arm-none-eabi-10.3-2021.10/bin/../lib/gcc/arm-none-eabi/10.3.1/../../../../arm-none-eabi/lib/thumb/v7e-m+fp/hard/libc_nano.a(lib_a-impure.o)
                0x000000000800c1a8                _global_impure_ptr
 .rodata.strtok.str1.1
                0x000000000800c1ac       0x97 /opt/gcc-arm-none-eabi-10.3-2021.10/bin/../lib/gcc/arm-none-eabi/10.3.1/../../../../arm-none-eabi/lib/thumb/v7e-m+fp/hard/libc_nano.a(lib_a-strtok.o)
 .rodata.__assert_func.str1.1
                0x000000000800c243       0x3c /opt/gcc-arm-none-eabi-10.3-2021.10/bin/../lib/gcc/arm-none-eabi/10.3.1/../../../../arm-none-eabi/lib/thumb/v7e-m+fp/hard/libc_nano.a(lib_a-assert.o)
                                         0x3d (size before relaxing)
 .rodata._ctype_
                0x000000000800c27f      0x101 /opt/gcc-arm-none-eabi-10.3-2021.10/bin/../lib/gcc/arm-none-eabi/10.3.1/../../../../arm-none-eabi/lib/thumb/v7e-m+fp/hard/libc_nano.a(lib_a-ctype_.o)
                0x000000000800c27f                _ctype_
 .rodata._svfprintf_r.str1.1
                0x000000000800c380       0x11 /opt/gcc-arm-none-eabi-10.3-2021.10/bin/../lib/gcc/arm-none-eabi/10.3.1/../../../../arm-none-eabi/lib/thumb/v7e-m+fp/hard/libc_nano.a(lib_a-nano-svfprintf.o)
 .rodata._vfprintf_r.str1.1
                0x000000000800c391       0x11 /opt/gcc-arm-none-eabi-10.3-2021.10/bin/../lib/gcc/arm-none-eabi/10.3.1/../../../../arm-none-eabi/lib/thumb/v7e-m+fp/hard/libc_nano.a(lib_a-nano-vfprintf.o)
 .rodata._printf_i.str1.1
                0x000000000800c391       0x22 /opt/gcc-arm-none-eabi-10.3-2021.10/bin/../lib/gcc/arm-none-eabi/10.3.1/../../../../arm-none-eabi/lib/thumb/v7e-m+fp/hard/libc_nano.a(lib_a-nano-vfprintf_i.o)
 *fill*         0x000000000800c3b3        0x1 
 .rodata.__sf_fake_stderr
                0x000000000800c3b4       0x20 /opt/gcc-arm-none-eabi-10.3-2021.10/bin/../lib/gcc/arm-none-eabi/10.3.1/../../../../arm-none-eabi/lib/thumb/v7e-m+fp/hard/libc_nano.a(lib_a-findfp.o)
                0x000000000800c3b4                __sf_fake_stderr
 .rodata.__sf_fake_stdin