Archive member included to satisfy reference by file (symbol)

/opt/gcc-arm-none-eabi-10.3-2021.10/bin/../lib/gcc/arm-none-eabi/10.3.1/../../../../arm-none-eabi/lib/thumb/v7e-m+fp/hard/libc_nano.a(lib_a-exit.o)
                              /opt/gcc-arm-none-eabi-10.3-2021.10/bin/../lib/gcc/arm-none-eabi/10.3.1/../../../../arm-none-eabi/lib/thumb/v7e-m+fp/hard/crt0.o (exit)
/opt/gcc-arm-none-eabi-10.3-2021.10/bin/../lib/gcc/arm-none-eabi/10.3.1/../../../../arm-none-eabi/lib/thumb/v7e-m+fp/hard/libc_nano.a(lib_a-impure.o)
                              /opt/gcc-arm-none-eabi-10.3-2021.10/bin/../lib/gcc/arm-none-eabi/10.3.1/../../../../arm-none-eabi/lib/thumb/v7e-m+fp/hard/libc_nano.a(lib_a-exit.o) (_global_impure_ptr)
/opt/gcc-arm-none-eabi-10.3-2021.10/bin/../lib/gcc/arm-none-eabi/10.3.1/../../../../arm-none-eabi/lib/thumb/v7e-m+fp/hard/libc_nano.a(lib_a-init.o)
                              /opt/gcc-arm-none-eabi-10.3-2021.10/bin/../lib/gcc/arm-none-eabi/10.3.1/../../../../arm-none-eabi/lib/thumb/v7e-m+fp/hard/crt0.o (__libc_init_array)
/opt/gcc-arm-none-eabi-10.3-2021.10/bin/../lib/gcc/arm-none-eabi/10.3.1/../../../../arm-none-eabi/lib/thumb/v7e-m+fp/hard/libc_nano.a(lib_a-memcpy-stub.o)
                              build/usbd_composite.o (memcpy)
/opt/gcc-arm-none-eabi-10.3-2021.10/bin/../lib/gcc/arm-none-eabi/10.3.1/../../../../arm-none-eabi/lib/thumb/v7e-m+fp/hard/libc_nano.a(lib_a-memset.o)
                              /opt/gcc-arm-none-eabi-10.3-2021.10/bin/../lib/gcc/arm-none-eabi/10.3.1/../../../../arm-none-eabi/lib/thumb/v7e-m+fp/hard/crt0.o (memset)
/opt/gcc-arm-none-eabi-10.3-2021.10/bin/../lib/gcc/arm-none-eabi/10.3.1/../../../../arm-none-eabi/lib/thumb/v7e-m+fp/hard/libc_nano.a(lib_a-snprintf.o)
                              build/usbd_composite.o (snprintf)
/opt/gcc-arm-none-eabi-10.3-2021.10/bin/../lib/gcc/arm-none-eabi/10.3.1/../../../../arm-none-eabi/lib/thumb/v7e-m+fp/hard/libc_nano.a(lib_a-nano-svfprintf.o)
                              /opt/gcc-arm-none-eabi-10.3-2021.10/bin/../lib/gcc/arm-none-eabi/10.3.1/../../../../arm-none-eabi/lib/thumb/v7e-m+fp/hard/libc_nano.a(lib_a-snprintf.o) (_svfprintf_r)
/opt/gcc-arm-none-eabi-10.3-2021.10/bin/../lib/gcc/arm-none-eabi/10.3.1/../../../../arm-none-eabi/lib/thumb/v7e-m+fp/hard/libc_nano.a(lib_a-nano-vfprintf_i.o)
                              /opt/gcc-arm-none-eabi-10.3-2021.10/bin/../lib/gcc/arm-none-eabi/10.3.1/../../../../arm-none-eabi/lib/thumb/v7e-m+fp/hard/libc_nano.a(lib_a-nano-svfprintf.o) (_printf_i)
/opt/gcc-arm-none-eabi-10.3-2021.10/bin/../lib/gcc/arm-none-eabi/10.3.1/../../../../arm-none-eabi/lib/thumb/v7e-m+fp/hard/libc_nano.a(lib_a-memchr.o)
                              /opt/gcc-arm-none-eabi-10.3-2021.10/bin/../lib/gcc/arm-none-eabi/10.3.1/../../../../arm-none-eabi/lib/thumb/v7e-m+fp/hard/libc_nano.a(lib_a-nano-svfprintf.o) (memchr)
/opt/gcc-arm-none-eabi-10.3-2021.10/bin/../lib/gcc/arm-none-eabi/10.3.1/../../../../arm-none-eabi/lib/thumb/v7e-m+fp/hard/libc_nano.a(lib_a-memmove.o)
                              /opt/gcc-arm-none-eabi-10.3-2021.10/bin/../lib/gcc/arm-none-eabi/10.3.1/../../../../arm-none-eabi/lib/thumb/v7e-m+fp/hard/libc_nano.a(lib_a-nano-svfprintf.o) (memmove)
/opt/gcc-arm-none-eabi-10.3-2021.10/bin/../lib/gcc/arm-none-eabi/10.3.1/../../../../arm-none-eabi/lib/thumb/v7e-m+fp/hard/libc_nano.a(lib_a-nano-freer.o)
                              /opt/gcc-arm-none-eabi-10.3-2021.10/bin/../lib/gcc/arm-none-eabi/10.3.1/../../../../arm-none-eabi/lib/thumb/v7e-m+fp/hard/libc_nano.a(lib_a-nano-svfprintf.o) (_free_r)
/opt/gcc-arm-none-eabi-10.3-2021.10/bin/../lib/gcc/arm-none-eabi/10.3.1/../../../../arm-none-eabi/lib/thumb/v7e-m+fp/hard/libc_nano.a(lib_a-nano-mallocr.o)
                              /opt/gcc-arm-none-eabi-10.3-2021.10/bin/../lib/gcc/arm-none-eabi/10.3.1/../../../../arm-none-eabi/lib/thumb/v7e-m+fp/hard/libc_nano.a(lib_a-nano-svfprintf.o) (_malloc_r)
/opt/gcc-arm-none-eabi-10.3-2021.10/bin/../lib/gcc/arm-none-eabi/10.3.1/../../../../arm-none-eabi/lib/thumb/v7e-m+fp/hard/libc_nano.a(lib_a-nano-reallocr.o)
                              /opt/gcc-arm-none-eabi-10.3-2021.10/bin/../lib/gcc/arm-none-eabi/10.3.1/../../../../arm-none-eabi/lib/thumb/v7e-m+fp/hard/libc_nano.a(lib_a-nano-svfprintf.o) (_realloc_r)
/opt/gcc-arm-none-eabi-10.3-2021.10/bin/../lib/gcc/arm-none-eabi/10.3.1/../../../../arm-none-eabi/lib/thumb/v7e-m+fp/hard/libc_nano.a(lib_a-sbrkr.o)
                              /opt/gcc-arm-none-eabi-10.3-2021.10/bin/../lib/gcc/arm-none-eabi/10.3.1/../../../../arm-none-eabi/lib/thumb/v7e-m+fp/hard/libc_nano.a(lib_a-nano-mallocr.o) (_sbrk_r)
/opt/gcc-arm-none-eabi-10.3-2021.10/bin/../lib/gcc/arm-none-eabi/10.3.1/../../../../arm-none-eabi/lib/thumb/v7e-m+fp/hard/libc_nano.a(lib_a-mlock.o)
                              /opt/gcc-arm-none-eabi-10.3-2021.10/bin/../lib/gcc/arm-none-eabi/10.3.1/../../../../arm-none-eabi/lib/thumb/v7e-m+fp/hard/libc_nano.a(lib_a-nano-freer.o) (__malloc_lock)
[...]
Memory Configuration

Name             Origin             Length             Attributes
RAM              0x0000000020000000 0x0000000000040000 xrw
FLASH            0x0000000008000000 0x0000000000080000 xr
*default*        0x0000000000000000 0xffffffffffffffff

Linker script and memory map

LOAD /opt/gcc-arm-none-eabi-10.3-2021.10/bin/../lib/gcc/arm-none-eabi/10.3.1/thumb/v7e-m+fp/hard/crti.o
LOAD /opt/gcc-arm-none-eabi-10.3-2021.10/bin/../lib/gcc/arm-none-eabi/10.3.1/thumb/v7e-m+fp/hard/crtbegin.o
LOAD /opt/gcc-arm-none-eabi-10.3-2021.10/bin/../lib/gcc/arm-none-eabi/10.3.1/../../../../arm-none-eabi/lib/thumb/v7e-m+fp/hard/crt0.o
LOAD build/main.o
LOAD build/gpio.o
LOAD build/i2c.o
LOAD build/rng.o
LOAD build/spi.o
LOAD build/stm32f7xx_it.o
LOAD build/stm32f7xx_hal_msp.o
LOAD build/stm32f7xx_hal_rcc.o
LOAD build/stm32f7xx_hal_rcc_ex.o
LOAD build/stm32f7xx_hal_flash.o
LOAD build/stm32f7xx_hal_flash_ex.o
LOAD build/stm32f7xx_hal_gpio.o
LOAD build/stm32f7xx_hal_dma.o
LOAD build/stm32f7xx_hal_dma_ex.o
LOAD build/stm32f7xx_hal_pwr.o
LOAD build/stm32f7xx_hal_pwr_ex.o
LOAD build/stm32f7xx_hal_cortex.o
LOAD build/stm32f7xx_hal.o
LOAD build/stm32f7xx_hal_i2c.o
LOAD build/stm32f7xx_hal_i2c_ex.o
LOAD build/stm32f7xx_hal_exti.o
LOAD build/stm32f7xx_hal_rng.o
LOAD build/stm32f7xx_hal_spi.o
LOAD build/stm32f7xx_hal_spi_ex.o
LOAD build/stm32f7xx_hal_tim.o
LOAD build/stm32f7xx_hal_tim_ex.o
LOAD build/system_stm32f7xx.o
LOAD build/stm32f7xx_hal_pcd.o
LOAD build/stm32f7xx_hal_pcd_ex.o
LOAD build/stm32f7xx_ll_usb.o
LOAD build/nyan_leds.o
LOAD build/nyan_os.o
LOAD build/tim.o
LOAD build/usb_otg.o
LOAD build/usbd_composite.o
LOAD build/usbd_hid_keyboard.o
LOAD build/usbd_core.o
LOAD build/usbd_ctlreq.o
LOAD build/usbd_ioreq.o
LOAD build/usb_device.o
LOAD build/usbd_desc.o
LOAD build/usbd_conf.o
LOAD build/usbd_cdc_acm.o
LOAD build/usbd_cdc_acm_if.o
LOAD build/startup_stm32f723xx.o
LOAD /opt/gcc-arm-none-eabi-10.3-2021.10/bin/../lib/gcc/arm-none-eabi/10.3.1/../../../../arm-none-eabi/lib/thumb/v7e-m+fp/hard/libc_nano.a
LOAD /opt/gcc-arm-none-eabi-10.3-2021.10/bin/../lib/gcc/arm-none-eabi/10.3.1/../../../../arm-none-eabi/lib/thumb/v7e-m+fp/hard/libm.a
LOAD /opt/gcc-arm-none-eabi-10.3-2021.10/bin/../lib/gcc/arm-none-eabi/10.3.1/../../../../arm-none-eabi/lib/thumb/v7e-m+fp/hard/libnosys.a
START GROUP
LOAD /opt/gcc-arm-none-eabi-10.3-2021.10/bin/../lib/gcc/arm-none-eabi/10.3.1/thumb/v7e-m+fp/hard/libgcc.a
LOAD /opt/gcc-arm-none-eabi-10.3-2021.10/bin/../lib/gcc/arm-none-eabi/10.3.1/../../../../arm-none-eabi/lib/thumb/v7e-m+fp/hard/libc_nano.a
END GROUP
START GROUP
LOAD /opt/gcc-arm-none-eabi-10.3-2021.10/bin/../lib/gcc/arm-none-eabi/10.3.1/thumb/v7e-m+fp/hard/libgcc.a
LOAD /opt/gcc-arm-none-eabi-10.3-2021.10/bin/../lib/gcc/arm-none-eabi/10.3.1/../../../../arm-none-eabi/lib/thumb/v7e-m+fp/hard/libc_nano.a
END GROUP
LOAD /opt/gcc-arm-none-eabi-10.3-2021.10/bin/../lib/gcc/arm-none-eabi/10.3.1/thumb/v7e-m+fp/hard/crtend.o
LOAD /opt/gcc-arm-none-eabi-10.3-2021.10/bin/../lib/gcc/arm-none-eabi/10.3.1/thumb/v7e-m+fp/hard/crtn.o
                0x0000000020040000                _estack = (ORIGIN (RAM) + LENGTH (RAM))
                0x0000000000000200                _Min_Heap_Size = 0x200
                0x0000000000000400                _Min_Stack_Size = 0x400

.isr_vector     0x0000000008000000      0x1e0
                0x0000000008000000                . = ALIGN (0x4)
 *(.isr_vector)
 .isr_vector    0x0000000008000000      0x1e0 build/startup_stm32f723xx.o
                0x0000000008000000                g_pfnVectors
                0x00000000080001e0                . = ALIGN (0x4)

.text           0x00000000080001e0     0x8f64
                0x00000000080001e0                . = ALIGN (0x4)
 *(.text)
 .text          0x00000000080001e0       0x40 /opt/gcc-arm-none-eabi-10.3-2021.10/bin/../lib/gcc/arm-none-eabi/10.3.1/thumb/v7e-m+fp/hard/crtbegin.o
 .text          0x0000000008000220       0xa0 /opt/gcc-arm-none-eabi-10.3-2021.10/bin/../lib/gcc/arm-none-eabi/10.3.1/../../../../arm-none-eabi/lib/thumb/v7e-m+fp/hard/libc_nano.a(lib_a-memchr.o)
                0x0000000008000220                memchr
 .text          0x00000000080002c0      0x378 /opt/gcc-arm-none-eabi-10.3-2021.10/bin/../lib/gcc/arm-none-eabi/10.3.1/thumb/v7e-m+fp/hard/libgcc.a(_arm_addsubdf3.o)
                0x00000000080002c0                __aeabi_drsub
                0x00000000080002c8                __aeabi_dsub
                0x00000000080002c8                __subdf3
                0x00000000080002cc                __adddf3
                0x00000000080002cc                __aeabi_dadd
                0x0000000008000544                __aeabi_ui2d
                0x0000000008000544                __floatunsidf
                0x0000000008000564                __floatsidf
                0x0000000008000564                __aeabi_i2d
                0x0000000008000588                __extendsfdf2
                0x0000000008000588                __aeabi_f2d
                0x00000000080005cc                __aeabi_ul2d
                0x00000000080005cc                __floatundidf
                0x00000000080005dc                __floatdidf
                0x00000000080005dc                __aeabi_l2d
 .text          0x0000000008000638      0x424 /opt/gcc-arm-none-eabi-10.3-2021.10/bin/../lib/gcc/arm-none-eabi/10.3.1/thumb/v7e-m+fp/hard/libgcc.a(_arm_muldivdf3.o)
                0x0000000008000638                __aeabi_dmul
                0x0000000008000638                __muldf3
                0x000000000800088c                __aeabi_ddiv
                0x000000000800088c                __divdf3
 .text          0x0000000008000a5c      0x110 /opt/gcc-arm-none-eabi-10.3-2021.10/bin/../lib/gcc/arm-none-eabi/10.3.1/thumb/v7e-m+fp/hard/libgcc.a(_arm_cmpdf2.o)
                0x0000000008000a5c                __gtdf2
                0x0000000008000a5c                __gedf2
                0x0000000008000a64                __ltdf2
                0x0000000008000a64                __ledf2
                0x0000000008000a6c                __cmpdf2
                0x0000000008000a6c                __eqdf2
                0x0000000008000a6c                __nedf2
                0x0000000008000ae8                __aeabi_cdrcmple
                0x0000000008000af8                __aeabi_cdcmple
                0x0000000008000af8                __aeabi_cdcmpeq
                0x0000000008000b08                __aeabi_dcmpeq
                0x0000000008000b1c                __aeabi_dcmplt
                0x0000000008000b30                __aeabi_dcmple
                0x0000000008000b44                __aeabi_dcmpge
                0x0000000008000b58                __aeabi_dcmpgt
 .text          0x0000000008000b6c       0x2c /opt/gcc-arm-none-eabi-10.3-2021.10/bin/../lib/gcc/arm-none-eabi/10.3.1/thumb/v7e-m+fp/hard/libgcc.a(_arm_unorddf2.o)
                0x0000000008000b6c                __aeabi_dcmpun
                0x0000000008000b6c                __unorddf2
 .text          0x0000000008000b98       0x40 /opt/gcc-arm-none-eabi-10.3-2021.10/bin/../lib/gcc/arm-none-eabi/10.3.1/thumb/v7e-m+fp/hard/libgcc.a(_arm_fixunsdfsi.o)
                0x0000000008000b98                __fixunsdfsi
                0x0000000008000b98                __aeabi_d2uiz
 .text          0x0000000008000bd8       0xa0 /opt/gcc-arm-none-eabi-10.3-2021.10/bin/../lib/gcc/arm-none-eabi/10.3.1/thumb/v7e-m+fp/hard/libgcc.a(_arm_truncdfsf2.o)
                0x0000000008000bd8                __aeabi_d2f
                0x0000000008000bd8                __truncdfsf2
 .text          0x0000000008000c78       0x30 /opt/gcc-arm-none-eabi-10.3-2021.10/bin/../lib/gcc/arm-none-eabi/10.3.1/thumb/v7e-m+fp/hard/libgcc.a(_aeabi_uldivmod.o)
                0x0000000008000c78                __aeabi_uldivmod
 .text          0x0000000008000ca8      0x2d0 /opt/gcc-arm-none-eabi-10.3-2021.10/bin/../lib/gcc/arm-none-eabi/10.3.1/thumb/v7e-m+fp/hard/libgcc.a(_udivmoddi4.o)
                0x0000000008000ca8                __udivmoddi4
 .text          0x0000000008000f78        0x4 /opt/gcc-arm-none-eabi-10.3-2021.10/bin/../lib/gcc/arm-none-eabi/10.3.1/thumb/v7e-m+fp/hard/libgcc.a(_dvmd_tls.o)
                0x0000000008000f78                __aeabi_ldiv0
                0x0000000008000f78                __aeabi_idiv0
 *(.text*)
 .text.HAL_TIM_PeriodElapsedCallback
                0x0000000008000f7c       0x20 build/main.o
                0x0000000008000f7c                HAL_TIM_PeriodElapsedCallback
 .text.HAL_TIM_OC_DelayElapsedCallback
                0x0000000008000f9c       0x34 build/main.o
                0x0000000008000f9c                HAL_TIM_OC_DelayElapsedCallback
 .text.Error_Handler
                0x0000000008000fd0        0x4 build/main.o
                0x0000000008000fd0                Error_Handler
 .text.SystemClock_Config
                0x0000000008000fd4       0xb0 build/main.o
                0x0000000008000fd4                SystemClock_Config
 .text.main     0x0000000008001084       0x78 build/main.o
                0x0000000008001084                main
 .text.MX_GPIO_Init
                0x00000000080010fc       0xac build/gpio.o
                0x00000000080010fc                MX_GPIO_Init
 .text.MX_I2C1_Init
                0x00000000080011a8       0x5c build/i2c.o
                0x00000000080011a8                MX_I2C1_Init
 .text.HAL_I2C_MspInit
                0x0000000008001204       0x8c build/i2c.o
                0x0000000008001204                HAL_I2C_MspInit
 .text.MX_RNG_Init
                0x0000000008001290       0x20 build/rng.o
                0x0000000008001290                MX_RNG_Init
 .text.HAL_RNG_MspInit
                0x00000000080012b0       0x50 build/rng.o
                0x00000000080012b0                HAL_RNG_MspInit
 .text.MX_SPI1_Init
                0x0000000008001300       0x4c build/spi.o
                0x0000000008001300                MX_SPI1_Init
 .text.MX_SPI2_Init
                0x000000000800134c       0x4c build/spi.o
                0x000000000800134c                MX_SPI2_Init
 .text.MX_SPI4_Init
                0x0000000008001398       0x4c build/spi.o
                0x0000000008001398                MX_SPI4_Init
 .text.HAL_SPI_MspInit
                0x00000000080013e4      0x134 build/spi.o
                0x00000000080013e4                HAL_SPI_MspInit
 .text.NMI_Handler
                0x0000000008001518        0x2 build/stm32f7xx_it.o
                0x0000000008001518                NMI_Handler
 .text.HardFault_Handler
                0x000000000800151a        0x2 build/stm32f7xx_it.o
                0x000000000800151a                HardFault_Handler
 .text.MemManage_Handler
                0x000000000800151c        0x2 build/stm32f7xx_it.o
                0x000000000800151c                MemManage_Handler
 .text.BusFault_Handler
                0x000000000800151e        0x2 build/stm32f7xx_it.o
                0x000000000800151e                BusFault_Handler
 .text.UsageFault_Handler
                0x0000000008001520        0x2 build/stm32f7xx_it.o
                0x0000000008001520                UsageFault_Handler
 .text.SVC_Handler
                0x0000000008001522        0x2 build/stm32f7xx_it.o
                0x0000000008001522                SVC_Handler
 .text.DebugMon_Handler
                0x0000000008001524        0x2 build/stm32f7xx_it.o
                0x0000000008001524                DebugMon_Handler
 .text.PendSV_Handler
                0x0000000008001526        0x2 build/stm32f7xx_it.o
                0x0000000008001526                PendSV_Handler
 .text.SysTick_Handler
                0x0000000008001528        0x8 build/stm32f7xx_it.o
                0x0000000008001528                SysTick_Handler
 .text.TIM1_UP_TIM10_IRQHandler
                0x0000000008001530       0x10 build/stm32f7xx_it.o
                0x0000000008001530                TIM1_UP_TIM10_IRQHandler
 .text.TIM1_CC_IRQHandler
                0x0000000008001540       0x10 build/stm32f7xx_it.o
                0x0000000008001540                TIM1_CC_IRQHandler
 .text.TIM6_DAC_IRQHandler
                0x0000000008001550       0x2c build/stm32f7xx_it.o
                0x0000000008001550                TIM6_DAC_IRQHandler
 .text.TIM7_IRQHandler
                0x000000000800157c       0x10 build/stm32f7xx_it.o
                0x000000000800157c                TIM7_IRQHandler
 .text.OTG_HS_IRQHandler
                0x000000000800158c       0x10 build/stm32f7xx_it.o
                0x000000000800158c                OTG_HS_IRQHandler
 .text.HAL_MspInit
                0x000000000800159c       0x30 build/stm32f7xx_hal_msp.o
                0x000000000800159c                HAL_MspInit
 .text.HAL_RCC_OscConfig
                0x00000000080015cc      0x434 build/stm32f7xx_hal_rcc.o
                0x00000000080015cc                HAL_RCC_OscConfig
 .text.HAL_RCC_GetSysClockFreq
                0x0000000008001a00       0xa4 build/stm32f7xx_hal_rcc.o
                0x0000000008001a00                HAL_RCC_GetSysClockFreq
 .text.HAL_RCC_ClockConfig
                0x0000000008001aa4      0x16c build/stm32f7xx_hal_rcc.o
                0x0000000008001aa4                HAL_RCC_ClockConfig
 .text.HAL_RCC_GetHCLKFreq
                0x0000000008001c10        0xc build/stm32f7xx_hal_rcc.o
                0x0000000008001c10                HAL_RCC_GetHCLKFreq
 .text.HAL_RCCEx_PeriphCLKConfig
                0x0000000008001c1c      0x4e4 build/stm32f7xx_hal_rcc_ex.o
                0x0000000008001c1c                HAL_RCCEx_PeriphCLKConfig
 .text.HAL_GPIO_Init
                0x0000000008002100      0x1e0 build/stm32f7xx_hal_gpio.o
                0x0000000008002100                HAL_GPIO_Init
 .text.HAL_GPIO_WritePin
                0x00000000080022e0        0xc build/stm32f7xx_hal_gpio.o
                0x00000000080022e0                HAL_GPIO_WritePin
 .text.HAL_PWREx_EnableOverDrive
                0x00000000080022ec       0x7c build/stm32f7xx_hal_pwr_ex.o
                0x00000000080022ec                HAL_PWREx_EnableOverDrive
 .text.HAL_NVIC_SetPriorityGrouping
                0x0000000008002368       0x24 build/stm32f7xx_hal_cortex.o
                0x0000000008002368                HAL_NVIC_SetPriorityGrouping
 .text.HAL_NVIC_SetPriority
                0x000000000800238c       0x6c build/stm32f7xx_hal_cortex.o
                0x000000000800238c                HAL_NVIC_SetPriority
 .text.HAL_NVIC_EnableIRQ
                0x00000000080023f8       0x1c build/stm32f7xx_hal_cortex.o
                0x00000000080023f8                HAL_NVIC_EnableIRQ
 .text.HAL_SYSTICK_Config
                0x0000000008002414       0x28 build/stm32f7xx_hal_cortex.o
                0x0000000008002414                HAL_SYSTICK_Config
 .text.HAL_InitTick
                0x000000000800243c       0x4c build/stm32f7xx_hal.o
                0x000000000800243c                HAL_InitTick
 .text.HAL_Init
                0x0000000008002488       0x24 build/stm32f7xx_hal.o
                0x0000000008002488                HAL_Init
 .text.HAL_IncTick
                0x00000000080024ac       0x18 build/stm32f7xx_hal.o
                0x00000000080024ac                HAL_IncTick
 .text.HAL_GetTick
                0x00000000080024c4        0xc build/stm32f7xx_hal.o
                0x00000000080024c4                HAL_GetTick
 .text.HAL_Delay
                0x00000000080024d0       0x28 build/stm32f7xx_hal.o
                0x00000000080024d0                HAL_Delay
 .text.HAL_I2C_Init
                0x00000000080024f8       0xbc build/stm32f7xx_hal_i2c.o
                0x00000000080024f8                HAL_I2C_Init
 .text.HAL_I2CEx_ConfigAnalogFilter
                0x00000000080025b4       0x5c build/stm32f7xx_hal_i2c_ex.o
                0x00000000080025b4                HAL_I2CEx_ConfigAnalogFilter
 .text.HAL_I2CEx_ConfigDigitalFilter
                0x0000000008002610       0x58 build/stm32f7xx_hal_i2c_ex.o
                0x0000000008002610                HAL_I2CEx_ConfigDigitalFilter
 .text.HAL_RNG_Init
                0x0000000008002668       0x2e build/stm32f7xx_hal_rng.o
                0x0000000008002668                HAL_RNG_Init
 .text.HAL_SPI_Init
                0x0000000008002696       0xe8 build/stm32f7xx_hal_spi.o
                0x0000000008002696                HAL_SPI_Init
 *fill*         0x000000000800277e        0x2 
 .text.TIM_OC1_SetConfig
                0x0000000008002780       0x68 build/stm32f7xx_hal_tim.o
 .text.TIM_OC3_SetConfig
                0x00000000080027e8       0x70 build/stm32f7xx_hal_tim.o
 .text.TIM_OC4_SetConfig
                0x0000000008002858       0x54 build/stm32f7xx_hal_tim.o
 .text.TIM_OC5_SetConfig
                0x00000000080028ac       0x54 build/stm32f7xx_hal_tim.o
 .text.TIM_OC6_SetConfig
                0x0000000008002900       0x54 build/stm32f7xx_hal_tim.o
 .text.HAL_TIM_Base_Start_IT
                0x0000000008002954       0x90 build/stm32f7xx_hal_tim.o
                0x0000000008002954                HAL_TIM_Base_Start_IT
 .text.HAL_TIM_IC_CaptureCallback
                0x00000000080029e4        0x2 build/stm32f7xx_hal_tim.o
                0x00000000080029e4                HAL_TIM_IC_CaptureCallback
 .text.HAL_TIM_PWM_PulseFinishedCallback
                0x00000000080029e6        0x2 build/stm32f7xx_hal_tim.o
                0x00000000080029e6                HAL_TIM_PWM_PulseFinishedCallback
 .text.HAL_TIM_TriggerCallback
                0x00000000080029e8        0x2 build/stm32f7xx_hal_tim.o
                0x00000000080029e8                HAL_TIM_TriggerCallback
 .text.HAL_TIM_IRQHandler
                0x00000000080029ea      0x19a build/stm32f7xx_hal_tim.o
                0x00000000080029ea                HAL_TIM_IRQHandler
 .text.TIM_Base_SetConfig
                0x0000000008002b84      0x110 build/stm32f7xx_hal_tim.o
                0x0000000008002b84                TIM_Base_SetConfig
 .text.HAL_TIM_Base_Init
                0x0000000008002c94       0x60 build/stm32f7xx_hal_tim.o
                0x0000000008002c94                HAL_TIM_Base_Init
 .text.HAL_TIM_OC_Init
                0x0000000008002cf4       0x60 build/stm32f7xx_hal_tim.o
                0x0000000008002cf4                HAL_TIM_OC_Init
 .text.TIM_OC2_SetConfig
                0x0000000008002d54       0x70 build/stm32f7xx_hal_tim.o
                0x0000000008002d54                TIM_OC2_SetConfig
 .text.HAL_TIM_OC_ConfigChannel
                0x0000000008002dc4       0x7a build/stm32f7xx_hal_tim.o
                0x0000000008002dc4                HAL_TIM_OC_ConfigChannel
 .text.TIM_CCxChannelCmd
                0x0000000008002e3e       0x1e build/stm32f7xx_hal_tim.o
                0x0000000008002e3e                TIM_CCxChannelCmd
 .text.HAL_TIM_OC_Start_IT
                0x0000000008002e5c      0x198 build/stm32f7xx_hal_tim.o
                0x0000000008002e5c                HAL_TIM_OC_Start_IT
 .text.HAL_TIMEx_MasterConfigSynchronization
                0x0000000008002ff4       0xa0 build/stm32f7xx_hal_tim_ex.o
                0x0000000008002ff4                HAL_TIMEx_MasterConfigSynchronization
 .text.HAL_TIMEx_ConfigBreakDeadTime
                0x0000000008003094       0x90 build/stm32f7xx_hal_tim_ex.o
                0x0000000008003094                HAL_TIMEx_ConfigBreakDeadTime
 .text.HAL_TIMEx_CommutCallback
                0x0000000008003124        0x2 build/stm32f7xx_hal_tim_ex.o
                0x0000000008003124                HAL_TIMEx_CommutCallback
 .text.HAL_TIMEx_BreakCallback
                0x0000000008003126        0x2 build/stm32f7xx_hal_tim_ex.o
                0x0000000008003126                HAL_TIMEx_BreakCallback
 .text.HAL_TIMEx_Break2Callback
                0x0000000008003128        0x2 build/stm32f7xx_hal_tim_ex.o
                0x0000000008003128                HAL_TIMEx_Break2Callback
 *fill*         0x000000000800312a        0x2 
 .text.SystemInit
                0x000000000800312c       0x14 build/system_stm32f7xx.o
                0x000000000800312c                SystemInit
 .text.PCD_WriteEmptyTxFifo
                0x0000000008003140       0xd0 build/stm32f7xx_hal_pcd.o
 .text.HAL_PCD_Init
                0x0000000008003210      0x13c build/stm32f7xx_hal_pcd.o
                0x0000000008003210                HAL_PCD_Init
 .text.HAL_PCD_Start
                0x000000000800334c       0x2a build/stm32f7xx_hal_pcd.o
                0x000000000800334c                HAL_PCD_Start
 *fill*         0x0000000008003376        0x2 
 .text.PCD_EP_OutXfrComplete_int
                0x0000000008003378      0x104 build/stm32f7xx_hal_pcd.o
 .text.PCD_EP_OutSetupPacket_int
                0x000000000800347c       0x50 build/stm32f7xx_hal_pcd.o
 .text.HAL_PCD_SetAddress
                0x00000000080034cc       0x28 build/stm32f7xx_hal_pcd.o
                0x00000000080034cc                HAL_PCD_SetAddress
 .text.HAL_PCD_EP_Open
                0x00000000080034f4       0x8a build/stm32f7xx_hal_pcd.o
                0x00000000080034f4                HAL_PCD_EP_Open
 .text.HAL_PCD_EP_Close
                0x000000000800357e       0x72 build/stm32f7xx_hal_pcd.o
                0x000000000800357e                HAL_PCD_EP_Close
 .text.HAL_PCD_EP_Receive
                0x00000000080035f0       0x5e build/stm32f7xx_hal_pcd.o
                0x00000000080035f0                HAL_PCD_EP_Receive
 .text.HAL_PCD_EP_GetRxCount
                0x000000000800364e       0x12 build/stm32f7xx_hal_pcd.o
                0x000000000800364e                HAL_PCD_EP_GetRxCount
 .text.HAL_PCD_EP_Transmit
                0x0000000008003660       0x5e build/stm32f7xx_hal_pcd.o
                0x0000000008003660                HAL_PCD_EP_Transmit
 .text.HAL_PCD_EP_SetStall
                0x00000000080036be       0x88 build/stm32f7xx_hal_pcd.o
                0x00000000080036be                HAL_PCD_EP_SetStall
 .text.HAL_PCD_EP_ClrStall
                0x0000000008003746       0x76 build/stm32f7xx_hal_pcd.o
                0x0000000008003746                HAL_PCD_EP_ClrStall
 .text.HAL_PCD_EP_Abort
                0x00000000080037bc       0x34 build/stm32f7xx_hal_pcd.o
                0x00000000080037bc                HAL_PCD_EP_Abort
 .text.HAL_PCD_IRQHandler
                0x00000000080037f0      0x606 build/stm32f7xx_hal_pcd.o
                0x00000000080037f0                HAL_PCD_IRQHandler
 .text.HAL_PCDEx_SetTxFiFo
                0x0000000008003df6       0x4c build/stm32f7xx_hal_pcd_ex.o
                0x0000000008003df6                HAL_PCDEx_SetTxFiFo
 .text.HAL_PCDEx_SetRxFiFo
                0x0000000008003e42        0x8 build/stm32f7xx_hal_pcd_ex.o
                0x0000000008003e42                HAL_PCDEx_SetRxFiFo
 *fill*         0x0000000008003e4a        0x2 
 .text.HAL_PCDEx_ActivateLPM
                0x0000000008003e4c       0x28 build/stm32f7xx_hal_pcd_ex.o
                0x0000000008003e4c                HAL_PCDEx_ActivateLPM
 .text.HAL_PCDEx_LPM_Callback
                0x0000000008003e74        0x2 build/stm32f7xx_hal_pcd_ex.o
                0x0000000008003e74                HAL_PCDEx_LPM_Callback
 *fill*         0x0000000008003e76        0x2 
 .text.USB_CoreReset
                0x0000000008003e78       0x50 build/stm32f7xx_ll_usb.o
 .text.USB_HS_PHYCInit
                0x0000000008003ec8       0x5c build/stm32f7xx_ll_usb.o
 .text.USB_CoreInit
                0x0000000008003f24       0xd4 build/stm32f7xx_ll_usb.o
                0x0000000008003f24                USB_CoreInit
 .text.USB_SetTurnaroundTime
                0x0000000008003ff8       0xe4 build/stm32f7xx_ll_usb.o
                0x0000000008003ff8                USB_SetTurnaroundTime
 .text.USB_EnableGlobalInt
                0x00000000080040dc        0xc build/stm32f7xx_ll_usb.o
                0x00000000080040dc                USB_EnableGlobalInt
 .text.USB_DisableGlobalInt
                0x00000000080040e8        0xc build/stm32f7xx_ll_usb.o
                0x00000000080040e8                USB_DisableGlobalInt
 .text.USB_FlushTxFifo
                0x00000000080040f4       0x50 build/stm32f7xx_ll_usb.o
                0x00000000080040f4                USB_FlushTxFifo
 .text.USB_FlushRxFifo
                0x0000000008004144       0x4c build/stm32f7xx_ll_usb.o
                0x0000000008004144                USB_FlushRxFifo
 .text.USB_SetDevSpeed
                0x0000000008004190        0xe build/stm32f7xx_ll_usb.o
                0x0000000008004190                USB_SetDevSpeed
 *fill*         0x000000000800419e        0x2 
 .text.USB_DevInit
                0x00000000080041a0      0x1a4 build/stm32f7xx_ll_usb.o
                0x00000000080041a0                USB_DevInit
 .text.USB_GetDevSpeed
                0x0000000008004344       0x1e build/stm32f7xx_ll_usb.o
                0x0000000008004344                USB_GetDevSpeed
 *fill*         0x0000000008004362        0x2 
 .text.USB_ActivateEndpoint
                0x0000000008004364       0x9c build/stm32f7xx_ll_usb.o
                0x0000000008004364                USB_ActivateEndpoint
 .text.USB_DeactivateEndpoint
                0x0000000008004400       0xe0 build/stm32f7xx_ll_usb.o
                0x0000000008004400                USB_DeactivateEndpoint
 .text.USB_EP0StartXfer
                0x00000000080044e0      0x120 build/stm32f7xx_ll_usb.o
                0x00000000080044e0                USB_EP0StartXfer
 .text.USB_EPStopXfer
                0x0000000008004600       0xbe build/stm32f7xx_ll_usb.o
                0x0000000008004600                USB_EPStopXfer
 .text.USB_WritePacket
                0x00000000080046be       0x2e build/stm32f7xx_ll_usb.o
                0x00000000080046be                USB_WritePacket
 .text.USB_EPStartXfer
                0x00000000080046ec      0x230 build/stm32f7xx_ll_usb.o
                0x00000000080046ec                USB_EPStartXfer
 .text.USB_ReadPacket
                0x000000000800491c       0x54 build/stm32f7xx_ll_usb.o
                0x000000000800491c                USB_ReadPacket
 .text.USB_EPSetStall
                0x0000000008004970       0x5a build/stm32f7xx_ll_usb.o
                0x0000000008004970                USB_EPSetStall
 .text.USB_EPClearStall
                0x00000000080049ca       0x5c build/stm32f7xx_ll_usb.o
                0x00000000080049ca                USB_EPClearStall
 .text.USB_SetDevAddress
                0x0000000008004a26       0x20 build/stm32f7xx_ll_usb.o
                0x0000000008004a26                USB_SetDevAddress
 .text.USB_DevConnect
                0x0000000008004a46       0x1c build/stm32f7xx_ll_usb.o
                0x0000000008004a46                USB_DevConnect
 .text.USB_DevDisconnect
                0x0000000008004a62       0x1c build/stm32f7xx_ll_usb.o
                0x0000000008004a62                USB_DevDisconnect
 .text.USB_ReadInterrupts
                0x0000000008004a7e        0x8 build/stm32f7xx_ll_usb.o
                0x0000000008004a7e                USB_ReadInterrupts
 .text.USB_ReadDevAllOutEpInterrupt
                0x0000000008004a86       0x10 build/stm32f7xx_ll_usb.o
                0x0000000008004a86                USB_ReadDevAllOutEpInterrupt
 .text.USB_ReadDevAllInEpInterrupt
                0x0000000008004a96       0x10 build/stm32f7xx_ll_usb.o
                0x0000000008004a96                USB_ReadDevAllInEpInterrupt
 .text.USB_ReadDevOutEPInterrupt
                0x0000000008004aa6       0x12 build/stm32f7xx_ll_usb.o
                0x0000000008004aa6                USB_ReadDevOutEPInterrupt
 .text.USB_ReadDevInEPInterrupt
                0x0000000008004ab8       0x28 build/stm32f7xx_ll_usb.o
                0x0000000008004ab8                USB_ReadDevInEPInterrupt
 .text.USB_GetMode
                0x0000000008004ae0        0x8 build/stm32f7xx_ll_usb.o
                0x0000000008004ae0                USB_GetMode
 .text.USB_SetCurrentMode
                0x0000000008004ae8       0x62 build/stm32f7xx_ll_usb.o
                0x0000000008004ae8                USB_SetCurrentMode
 *fill*         0x0000000008004b4a        0x2 
 .text.USB_ActivateSetup
                0x0000000008004b4c       0x20 build/stm32f7xx_ll_usb.o
                0x0000000008004b4c                USB_ActivateSetup
 .text.USB_EP0_OutStart
                0x0000000008004b6c       0x60 build/stm32f7xx_ll_usb.o
                0x0000000008004b6c                USB_EP0_OutStart
 *fill*         0x0000000008004bcc        0x4 
 .text.getSystemStatusOCRValue
                0x0000000008004bd0       0x60 build/nyan_leds.o
                0x0000000008004bd0                getSystemStatusOCRValue
 .text.NyanOsInit
                0x0000000008004c30       0x24 build/nyan_os.o
                0x0000000008004c30                NyanOsInit
 .text.MX_TIM1_Init
                0x0000000008004c54       0xc8 build/tim.o
                0x0000000008004c54                MX_TIM1_Init
 .text.MX_TIM6_Init
                0x0000000008004d1c       0x50 build/tim.o
                0x0000000008004d1c                MX_TIM6_Init
 .text.MX_TIM7_Init
                0x0000000008004d6c       0x54 build/tim.o
                0x0000000008004d6c                MX_TIM7_Init
 .text.HAL_TIM_OC_MspInit
                0x0000000008004dc0       0x50 build/tim.o
                0x0000000008004dc0                HAL_TIM_OC_MspInit
 .text.HAL_TIM_Base_MspInit
                0x0000000008004e10       0x70 build/tim.o
                0x0000000008004e10                HAL_TIM_Base_MspInit
 .text.MX_USB_OTG_HS_PCD_Init
                0x0000000008004e80       0x38 build/usb_otg.o
                0x0000000008004e80                MX_USB_OTG_HS_PCD_Init
 .text.HAL_PCD_MspInit
                0x0000000008004eb8       0xc4 build/usb_otg.o
                0x0000000008004eb8                HAL_PCD_MspInit
 .text.USBD_COMPOSITE_Init
                0x0000000008004f7c       0x24 build/usbd_composite.o
 .text.USBD_COMPOSITE_DeInit
                0x0000000008004fa0       0x24 build/usbd_composite.o
 .text.USBD_COMPOSITE_Setup
                0x0000000008004fc4       0x54 build/usbd_composite.o
 .text.USBD_COMPOSITE_DataIn
                0x0000000008005018       0x58 build/usbd_composite.o
 .text.USBD_COMPOSITE_EP0_RxReady
                0x0000000008005070       0x10 build/usbd_composite.o
 .text.USBD_COMPOSITE_EP0_TxReady
                0x0000000008005080        0x4 build/usbd_composite.o
 .text.USBD_COMPOSITE_SOF
                0x0000000008005084        0x4 build/usbd_composite.o
 .text.USBD_COMPOSITE_IsoINIncomplete
                0x0000000008005088        0x4 build/usbd_composite.o
 .text.USBD_COMPOSITE_IsoOutIncomplete
                0x000000000800508c        0x4 build/usbd_composite.o
 .text.USBD_COMPOSITE_DataOut
                0x0000000008005090       0x28 build/usbd_composite.o
 .text.USBD_COMPOSITE_GetHSCfgDesc
                0x00000000080050b8        0xc build/usbd_composite.o
 .text.USBD_COMPOSITE_GetFSCfgDesc
                0x00000000080050c4        0xc build/usbd_composite.o
 .text.USBD_COMPOSITE_GetOtherSpeedCfgDesc
                0x00000000080050d0        0xc build/usbd_composite.o
 .text.USBD_COMPOSITE_GetDeviceQualifierDesc
                0x00000000080050dc        0xc build/usbd_composite.o
 .text.USBD_COMPOSITE_GetUsrStringDesc
                0x00000000080050e8       0x7c build/usbd_composite.o
 .text.USBD_COMPOSITE_Mount_Class
                0x0000000008005164      0x13c build/usbd_composite.o
                0x0000000008005164                USBD_COMPOSITE_Mount_Class
 .text.USBD_HID_GetFSCfgDesc
                0x00000000080052a0        0xc build/usbd_hid_keyboard.o
 .text.USBD_HID_GetHSCfgDesc
                0x00000000080052ac        0xc build/usbd_hid_keyboard.o
 .text.USBD_HID_GetOtherSpeedCfgDesc
                0x00000000080052b8        0xc build/usbd_hid_keyboard.o
 .text.USBD_HID_DataIn
                0x00000000080052c4        0xa build/usbd_hid_keyboard.o
 *fill*         0x00000000080052ce        0x2 
 .text.USBD_HID_GetDeviceQualifierDesc
                0x00000000080052d0        0xc build/usbd_hid_keyboard.o
 .text.USBD_HID_Setup
                0x00000000080052dc      0x124 build/usbd_hid_keyboard.o
 .text.USBD_HID_DeInit
                0x0000000008005400       0x34 build/usbd_hid_keyboard.o
 .text.USBD_HID_Init
                0x0000000008005434       0x68 build/usbd_hid_keyboard.o
 .text.USBD_Update_HID_KBD_DESC
                0x000000000800549c       0x20 build/usbd_hid_keyboard.o
                0x000000000800549c                USBD_Update_HID_KBD_DESC
 .text.USBD_Init
                0x00000000080054bc       0x2a build/usbd_core.o
                0x00000000080054bc                USBD_Init
 .text.USBD_RegisterClass
                0x00000000080054e6       0x44 build/usbd_core.o
                0x00000000080054e6                USBD_RegisterClass
 .text.USBD_Start
                0x000000000800552a        0x8 build/usbd_core.o
                0x000000000800552a                USBD_Start
 .text.USBD_SetClassConfig
                0x0000000008005532       0x12 build/usbd_core.o
                0x0000000008005532                USBD_SetClassConfig
 .text.USBD_ClrClassConfig
                0x0000000008005544       0x10 build/usbd_core.o
                0x0000000008005544                USBD_ClrClassConfig
 .text.USBD_LL_SetupStage
                0x0000000008005554       0x58 build/usbd_core.o
                0x0000000008005554                USBD_LL_SetupStage
 .text.USBD_LL_DataOutStage
                0x00000000080055ac       0x78 build/usbd_core.o
                0x00000000080055ac                USBD_LL_DataOutStage
 .text.USBD_LL_DataInStage
                0x0000000008005624       0xbe build/usbd_core.o
                0x0000000008005624                USBD_LL_DataInStage
 .text.USBD_LL_Reset
                0x00000000080056e2       0x54 build/usbd_core.o
                0x00000000080056e2                USBD_LL_Reset
 .text.USBD_LL_SetSpeed
                0x0000000008005736        0x6 build/usbd_core.o
                0x0000000008005736                USBD_LL_SetSpeed
 .text.USBD_LL_Suspend
                0x000000000800573c       0x14 build/usbd_core.o
                0x000000000800573c                USBD_LL_Suspend
 .text.USBD_LL_Resume
                0x0000000008005750       0x1a build/usbd_core.o
                0x0000000008005750                USBD_LL_Resume
 .text.USBD_LL_SOF
                0x000000000800576a       0x28 build/usbd_core.o
                0x000000000800576a                USBD_LL_SOF
 .text.USBD_LL_IsoINIncomplete
                0x0000000008005792       0x28 build/usbd_core.o
                0x0000000008005792                USBD_LL_IsoINIncomplete
 .text.USBD_LL_IsoOUTIncomplete
                0x00000000080057ba       0x28 build/usbd_core.o
                0x00000000080057ba                USBD_LL_IsoOUTIncomplete
 .text.USBD_LL_DevConnected
                0x00000000080057e2        0x4 build/usbd_core.o
                0x00000000080057e2                USBD_LL_DevConnected
 .text.USBD_LL_DevDisconnected
                0x00000000080057e6       0x18 build/usbd_core.o
                0x00000000080057e6                USBD_LL_DevDisconnected
 .text.USBD_GetLen
                0x00000000080057fe       0x14 build/usbd_ctlreq.o
 .text.USBD_SetFeature
                0x0000000008005812       0x14 build/usbd_ctlreq.o
 .text.USBD_ParseSetupRequest
                0x0000000008005826       0x28 build/usbd_ctlreq.o
                0x0000000008005826                USBD_ParseSetupRequest
 .text.USBD_CtlError
                0x000000000800584e       0x14 build/usbd_ctlreq.o
                0x000000000800584e                USBD_CtlError
 .text.USBD_GetDescriptor
                0x0000000008005862      0x19a build/usbd_ctlreq.o
 .text.USBD_SetAddress
                0x00000000080059fc       0x50 build/usbd_ctlreq.o
 .text.USBD_SetConfig
                0x0000000008005a4c       0xc8 build/usbd_ctlreq.o
 .text.USBD_GetConfig
                0x0000000008005b14       0x40 build/usbd_ctlreq.o
 .text.USBD_GetStatus
                0x0000000008005b54       0x38 build/usbd_ctlreq.o
 .text.USBD_ClrFeature
                0x0000000008005b8c       0x26 build/usbd_ctlreq.o
 .text.USBD_StdDevReq
                0x0000000008005bb2       0x70 build/usbd_ctlreq.o
                0x0000000008005bb2                USBD_StdDevReq
 .text.USBD_StdItfReq
                0x0000000008005c22       0x68 build/usbd_ctlreq.o
                0x0000000008005c22                USBD_StdItfReq
 .text.USBD_StdEPReq
                0x0000000008005c8a      0x1f2 build/usbd_ctlreq.o
                0x0000000008005c8a                USBD_StdEPReq
 .text.USBD_GetString
                0x0000000008005e7c       0x3a build/usbd_ctlreq.o
                0x0000000008005e7c                USBD_GetString
 .text.USBD_CtlSendData
                0x0000000008005eb6       0x1a build/usbd_ioreq.o
                0x0000000008005eb6                USBD_CtlSendData
 .text.USBD_CtlContinueSendData
                0x0000000008005ed0       0x10 build/usbd_ioreq.o
                0x0000000008005ed0                USBD_CtlContinueSendData
 .text.USBD_CtlPrepareRx
                0x0000000008005ee0       0x1e build/usbd_ioreq.o
                0x0000000008005ee0                USBD_CtlPrepareRx
 .text.USBD_CtlContinueRx
                0x0000000008005efe       0x10 build/usbd_ioreq.o
                0x0000000008005efe                USBD_CtlContinueRx
 .text.USBD_CtlSendStatus
                0x0000000008005f0e       0x16 build/usbd_ioreq.o
                0x0000000008005f0e                USBD_CtlSendStatus
 .text.USBD_CtlReceiveStatus
                0x0000000008005f24       0x16 build/usbd_ioreq.o
                0x0000000008005f24                USBD_CtlReceiveStatus
 *fill*         0x0000000008005f3a        0x2 
 .text.MX_USB_DEVICE_Init
                0x0000000008005f3c       0x58 build/usb_device.o
                0x0000000008005f3c                MX_USB_DEVICE_Init
 .text.USBD_DeviceDescriptor
                0x0000000008005f94        0xc build/usbd_desc.o
                0x0000000008005f94                USBD_DeviceDescriptor
 .text.USBD_LangIDStrDescriptor
                0x0000000008005fa0        0xc build/usbd_desc.o
                0x0000000008005fa0                USBD_LangIDStrDescriptor
 .text.IntToUnicode
                0x0000000008005fac       0x46 build/usbd_desc.o
 *fill*         0x0000000008005ff2        0x2 
 .text.Get_SerialNum
                0x0000000008005ff4       0x38 build/usbd_desc.o
 .text.USBD_SerialStrDescriptor
                0x000000000800602c       0x14 build/usbd_desc.o
                0x000000000800602c                USBD_SerialStrDescriptor
 .text.USBD_ProductStrDescriptor
                0x0000000008006040       0x24 build/usbd_desc.o
                0x0000000008006040                USBD_ProductStrDescriptor
 .text.USBD_ManufacturerStrDescriptor
                0x0000000008006064       0x1c build/usbd_desc.o
                0x0000000008006064                USBD_ManufacturerStrDescriptor
 .text.USBD_ConfigStrDescriptor
                0x0000000008006080       0x24 build/usbd_desc.o
                0x0000000008006080                USBD_ConfigStrDescriptor
 .text.USBD_InterfaceStrDescriptor
                0x00000000080060a4       0x24 build/usbd_desc.o
                0x00000000080060a4                USBD_InterfaceStrDescriptor
 .text.HAL_PCDEx_SetTxFiFoInBytes
                0x00000000080060c8        0xa build/usbd_conf.o
                0x00000000080060c8                HAL_PCDEx_SetTxFiFoInBytes
 .text.HAL_PCDEx_SetRxFiFoInBytes
                0x00000000080060d2        0xa build/usbd_conf.o
                0x00000000080060d2                HAL_PCDEx_SetRxFiFoInBytes
 .text.HAL_PCD_SetupStageCallback
                0x00000000080060dc       0x10 build/usbd_conf.o
                0x00000000080060dc                HAL_PCD_SetupStageCallback
 .text.HAL_PCD_DataOutStageCallback
                0x00000000080060ec       0x18 build/usbd_conf.o
                0x00000000080060ec                HAL_PCD_DataOutStageCallback
 .text.HAL_PCD_DataInStageCallback
                0x0000000008006104       0x16 build/usbd_conf.o
                0x0000000008006104                HAL_PCD_DataInStageCallback
 .text.HAL_PCD_SOFCallback
                0x000000000800611a        0xc build/usbd_conf.o
                0x000000000800611a                HAL_PCD_SOFCallback
 .text.HAL_PCD_ResetCallback
                0x0000000008006126       0x2c build/usbd_conf.o
                0x0000000008006126                HAL_PCD_ResetCallback
 *fill*         0x0000000008006152        0x2 
 .text.HAL_PCD_SuspendCallback
                0x0000000008006154       0x30 build/usbd_conf.o
                0x0000000008006154                HAL_PCD_SuspendCallback
 .text.HAL_PCD_ResumeCallback
                0x0000000008006184        0xc build/usbd_conf.o
                0x0000000008006184                HAL_PCD_ResumeCallback
 .text.HAL_PCD_ISOOUTIncompleteCallback
                0x0000000008006190        0xc build/usbd_conf.o
                0x0000000008006190                HAL_PCD_ISOOUTIncompleteCallback
 .text.HAL_PCD_ISOINIncompleteCallback
                0x000000000800619c        0xc build/usbd_conf.o
                0x000000000800619c                HAL_PCD_ISOINIncompleteCallback
 .text.HAL_PCD_ConnectCallback
                0x00000000080061a8        0xc build/usbd_conf.o
                0x00000000080061a8                HAL_PCD_ConnectCallback
 .text.HAL_PCD_DisconnectCallback
                0x00000000080061b4        0xc build/usbd_conf.o
                0x00000000080061b4                HAL_PCD_DisconnectCallback
 .text.USBD_LL_Init
                0x00000000080061c0       0x84 build/usbd_conf.o
                0x00000000080061c0                USBD_LL_Init
 .text.USBD_LL_IsStallEP
                0x0000000008006244       0x2e build/usbd_conf.o
                0x0000000008006244                USBD_LL_IsStallEP
 .text.USBD_LL_GetRxDataSize
                0x0000000008006272        0xc build/usbd_conf.o
                0x0000000008006272                USBD_LL_GetRxDataSize
 .text.USBD_Get_USB_Status
                0x000000000800627e       0x14 build/usbd_conf.o
                0x000000000800627e                USBD_Get_USB_Status
 .text.USBD_LL_Start
                0x0000000008006292       0x10 build/usbd_conf.o
                0x0000000008006292                USBD_LL_Start
 .text.USBD_LL_OpenEP
                0x00000000080062a2       0x16 build/usbd_conf.o
                0x00000000080062a2                USBD_LL_OpenEP
 .text.USBD_LL_CloseEP
                0x00000000080062b8       0x10 build/usbd_conf.o
                0x00000000080062b8                USBD_LL_CloseEP
 .text.USBD_LL_StallEP
                0x00000000080062c8       0x10 build/usbd_conf.o
                0x00000000080062c8                USBD_LL_StallEP
 .text.USBD_LL_ClearStallEP
                0x00000000080062d8       0x10 build/usbd_conf.o
                0x00000000080062d8                USBD_LL_ClearStallEP
 .text.USBD_LL_SetUSBAddress
                0x00000000080062e8       0x10 build/usbd_conf.o
                0x00000000080062e8                USBD_LL_SetUSBAddress
 .text.USBD_LL_Transmit
                0x00000000080062f8       0x10 build/usbd_conf.o
                0x00000000080062f8                USBD_LL_Transmit
 .text.USBD_LL_PrepareReceive
                0x0000000008006308       0x10 build/usbd_conf.o
                0x0000000008006308                USBD_LL_PrepareReceive
 .text.USBD_CDC_EP0_RxReady
                0x0000000008006318       0x4c build/usbd_cdc_acm.o
 .text.USBD_CDC_GetFSCfgDesc
                0x0000000008006364        0xc build/usbd_cdc_acm.o
 .text.USBD_CDC_GetHSCfgDesc
                0x0000000008006370        0xc build/usbd_cdc_acm.o
 .text.USBD_CDC_GetOtherSpeedCfgDesc
                0x000000000800637c        0xc build/usbd_cdc_acm.o
 .text.USBD_CDC_GetDeviceQualifierDescriptor
                0x0000000008006388        0xc build/usbd_cdc_acm.o
 .text.USBD_CDC_DataOut
                0x0000000008006394       0x50 build/usbd_cdc_acm.o
 .text.USBD_CDC_DataIn
                0x00000000080063e4       0x98 build/usbd_cdc_acm.o
 .text.USBD_CDC_Setup
                0x000000000800647c      0x150 build/usbd_cdc_acm.o
 .text.USBD_CDC_DeInit
                0x00000000080065cc       0x7c build/usbd_cdc_acm.o
 .text.USBD_CDC_Init
                0x0000000008006648      0x164 build/usbd_cdc_acm.o
 .text.USBD_CDC_ACM_RegisterInterface
                0x00000000080067ac        0xe build/usbd_cdc_acm.o
                0x00000000080067ac                USBD_CDC_ACM_RegisterInterface
 *fill*         0x00000000080067ba        0x2 
 .text.USBD_CDC_SetTxBuffer
                0x00000000080067bc       0x1c build/usbd_cdc_acm.o
                0x00000000080067bc                USBD_CDC_SetTxBuffer
 .text.USBD_CDC_SetRxBuffer
                0x00000000080067d8       0x18 build/usbd_cdc_acm.o
                0x00000000080067d8                USBD_CDC_SetRxBuffer
 .text.USBD_CDC_TransmitPacket
                0x00000000080067f0       0x54 build/usbd_cdc_acm.o
                0x00000000080067f0                USBD_CDC_TransmitPacket
 .text.USBD_CDC_ReceivePacket
                0x0000000008006844       0x50 build/usbd_cdc_acm.o
                0x0000000008006844                USBD_CDC_ReceivePacket
 .text.USBD_Update_CDC_ACM_DESC
                0x0000000008006894       0x98 build/usbd_cdc_acm.o
                0x0000000008006894                USBD_Update_CDC_ACM_DESC
 .text.CDC_DeInit
                0x000000000800692c        0x4 build/usbd_cdc_acm_if.o
 .text.CDC_TransmitCplt
                0x0000000008006930        0x4 build/usbd_cdc_acm_if.o
 .text.CDC_Init
                0x0000000008006934       0x1c build/usbd_cdc_acm_if.o
 .text.CDC_Receive
                0x0000000008006950       0x20 build/usbd_cdc_acm_if.o
 .text.CDC_Transmit
                0x0000000008006970       0x38 build/usbd_cdc_acm_if.o
                0x0000000008006970                CDC_Transmit
 .text.CDC_Control
                0x00000000080069a8       0x90 build/usbd_cdc_acm_if.o
 .text.Reset_Handler
                0x0000000008006a38       0x50 build/startup_stm32f723xx.o
                0x0000000008006a38                Reset_Handler
 .text.Default_Handler
                0x0000000008006a88        0x2 build/startup_stm32f723xx.o
                0x0000000008006a88                RTC_Alarm_IRQHandler
                0x0000000008006a88                EXTI2_IRQHandler
                0x0000000008006a88                TIM8_CC_IRQHandler
                0x0000000008006a88                UART8_IRQHandler
                0x0000000008006a88                SPI4_IRQHandler
                0x0000000008006a88                DMA2_Stream5_IRQHandler
                0x0000000008006a88                DMA1_Stream5_IRQHandler
                0x0000000008006a88                PVD_IRQHandler
                0x0000000008006a88                TAMP_STAMP_IRQHandler
                0x0000000008006a88                EXTI3_IRQHandler
                0x0000000008006a88                TIM8_TRG_COM_TIM14_IRQHandler
                0x0000000008006a88                TIM8_UP_TIM13_IRQHandler
                0x0000000008006a88                I2C3_ER_IRQHandler
                0x0000000008006a88                EXTI0_IRQHandler
                0x0000000008006a88                I2C2_EV_IRQHandler
                0x0000000008006a88                DMA1_Stream2_IRQHandler
                0x0000000008006a88                CAN1_RX0_IRQHandler
                0x0000000008006a88                FPU_IRQHandler
                0x0000000008006a88                OTG_HS_WKUP_IRQHandler
                0x0000000008006a88                DMA2_Stream2_IRQHandler
                0x0000000008006a88                SPI1_IRQHandler
                0x0000000008006a88                TIM1_BRK_TIM9_IRQHandler
                0x0000000008006a88                DMA2_Stream3_IRQHandler
                0x0000000008006a88                SAI2_IRQHandler
                0x0000000008006a88                USART6_IRQHandler
                0x0000000008006a88                USART3_IRQHandler
                0x0000000008006a88                CAN1_RX1_IRQHandler
                0x0000000008006a88                UART5_IRQHandler
                0x0000000008006a88                DMA2_Stream0_IRQHandler
                0x0000000008006a88                TIM4_IRQHandler
                0x0000000008006a88                QUADSPI_IRQHandler
                0x0000000008006a88                I2C1_EV_IRQHandler
                0x0000000008006a88                DMA1_Stream6_IRQHandler
                0x0000000008006a88                DMA1_Stream1_IRQHandler
                0x0000000008006a88                UART4_IRQHandler
                0x0000000008006a88                TIM3_IRQHandler
                0x0000000008006a88                RCC_IRQHandler
                0x0000000008006a88                TIM8_BRK_TIM12_IRQHandler
                0x0000000008006a88                Default_Handler
                0x0000000008006a88                EXTI15_10_IRQHandler
                0x0000000008006a88                ADC_IRQHandler
                0x0000000008006a88                DMA1_Stream7_IRQHandler
                0x0000000008006a88                SPI5_IRQHandler
                0x0000000008006a88                SDMMC1_IRQHandler
                0x0000000008006a88                TIM5_IRQHandler
                0x0000000008006a88                DMA2_Stream7_IRQHandler
                0x0000000008006a88                I2C3_EV_IRQHandler
                0x0000000008006a88                EXTI9_5_IRQHandler
                0x0000000008006a88                RTC_WKUP_IRQHandler
                0x0000000008006a88                SPI2_IRQHandler
                0x0000000008006a88                OTG_HS_EP1_IN_IRQHandler
                0x0000000008006a88                DMA1_Stream0_IRQHandler
                0x0000000008006a88                CAN1_TX_IRQHandler
                0x0000000008006a88                EXTI4_IRQHandler
                0x0000000008006a88                RNG_IRQHandler
                0x0000000008006a88                OTG_HS_EP1_OUT_IRQHandler
                0x0000000008006a88                WWDG_IRQHandler
                0x0000000008006a88                TIM2_IRQHandler
                0x0000000008006a88                OTG_FS_WKUP_IRQHandler
                0x0000000008006a88                TIM1_TRG_COM_TIM11_IRQHandler
                0x0000000008006a88                EXTI1_IRQHandler
                0x0000000008006a88                SDMMC2_IRQHandler
                0x0000000008006a88                UART7_IRQHandler
                0x0000000008006a88                USART2_IRQHandler
                0x0000000008006a88                I2C2_ER_IRQHandler
                0x0000000008006a88                DMA2_Stream1_IRQHandler
                0x0000000008006a88                CAN1_SCE_IRQHandler
                0x0000000008006a88                FLASH_IRQHandler
                0x0000000008006a88                DMA2_Stream4_IRQHandler
                0x0000000008006a88                USART1_IRQHandler
                0x0000000008006a88                OTG_FS_IRQHandler
                0x0000000008006a88                SPI3_IRQHandler
                0x0000000008006a88                DMA1_Stream4_IRQHandler
                0x0000000008006a88                I2C1_ER_IRQHandler
                0x0000000008006a88                FMC_IRQHandler
                0x0000000008006a88                LPTIM1_IRQHandler
                0x0000000008006a88                DMA2_Stream6_IRQHandler
                0x0000000008006a88                SAI1_IRQHandler
                0x0000000008006a88                DMA1_Stream3_IRQHandler
 *fill*         0x0000000008006a8a        0x2 
 .text.__libc_init_array
                0x0000000008006a8c       0x48 /opt/gcc-arm-none-eabi-10.3-2021.10/bin/../lib/gcc/arm-none-eabi/10.3.1/../../../../arm-none-eabi/lib/thumb/v7e-m+fp/hard/libc_nano.a(lib_a-init.o)
                0x0000000008006a8c                __libc_init_array
 .text.memcpy   0x0000000008006ad4       0x1c /opt/gcc-arm-none-eabi-10.3-2021.10/bin/../lib/gcc/arm-none-eabi/10.3.1/../../../../arm-none-eabi/lib/thumb/v7e-m+fp/hard/libc_nano.a(lib_a-memcpy-stub.o)
                0x0000000008006ad4                memcpy
 .text.memset   0x0000000008006af0       0x10 /opt/gcc-arm-none-eabi-10.3-2021.10/bin/../lib/gcc/arm-none-eabi/10.3.1/../../../../arm-none-eabi/lib/thumb/v7e-m+fp/hard/libc_nano.a(lib_a-memset.o)
                0x0000000008006af0                memset
 .text.snprintf
                0x0000000008006b00       0x68 /opt/gcc-arm-none-eabi-10.3-2021.10/bin/../lib/gcc/arm-none-eabi/10.3.1/../../../../arm-none-eabi/lib/thumb/v7e-m+fp/hard/libc_nano.a(lib_a-snprintf.o)
                0x0000000008006b00                snprintf
                0x0000000008006b00                sniprintf
 .text.__ssputs_r
                0x0000000008006b68       0xb6 /opt/gcc-arm-none-eabi-10.3-2021.10/bin/../lib/gcc/arm-none-eabi/10.3.1/../../../../arm-none-eabi/lib/thumb/v7e-m+fp/hard/libc_nano.a(lib_a-nano-svfprintf.o)
                0x0000000008006b68                __ssputs_r
 *fill*         0x0000000008006c1e        0x2 
 .text._svfprintf_r
                0x0000000008006c20      0x200 /opt/gcc-arm-none-eabi-10.3-2021.10/bin/../lib/gcc/arm-none-eabi/10.3.1/../../../../arm-none-eabi/lib/thumb/v7e-m+fp/hard/libc_nano.a(lib_a-nano-svfprintf.o)
                0x0000000008006c20                _svfprintf_r
                0x0000000008006c20                _svfiprintf_r
 .text._printf_common
                0x0000000008006e20       0xda /opt/gcc-arm-none-eabi-10.3-2021.10/bin/../lib/gcc/arm-none-eabi/10.3.1/../../../../arm-none-eabi/lib/thumb/v7e-m+fp/hard/libc_nano.a(lib_a-nano-vfprintf_i.o)
                0x0000000008006e20                _printf_common
 *fill*         0x0000000008006efa        0x2 
 .text._printf_i
                0x0000000008006efc      0x24c /opt/gcc-arm-none-eabi-10.3-2021.10/bin/../lib/gcc/arm-none-eabi/10.3.1/../../../../arm-none-eabi/lib/thumb/v7e-m+fp/hard/libc_nano.a(lib_a-nano-vfprintf_i.o)
                0x0000000008006efc                _printf_i
 .text.memmove  0x0000000008007148       0x34 /opt/gcc-arm-none-eabi-10.3-2021.10/bin/../lib/gcc/arm-none-eabi/10.3.1/../../../../arm-none-eabi/lib/thumb/v7e-m+fp/hard/libc_nano.a(lib_a-memmove.o)
                0x0000000008007148                memmove
 .text._free_r  0x000000000800717c       0x98 /opt/gcc-arm-none-eabi-10.3-2021.10/bin/../lib/gcc/arm-none-eabi/10.3.1/../../../../arm-none-eabi/lib/thumb/v7e-m+fp/hard/libc_nano.a(lib_a-nano-freer.o)
                0x000000000800717c                _free_r
 .text.sbrk_aligned
                0x0000000008007214       0x40 /opt/gcc-arm-none-eabi-10.3-2021.10/bin/../lib/gcc/arm-none-eabi/10.3.1/../../../../arm-none-eabi/lib/thumb/v7e-m+fp/hard/libc_nano.a(lib_a-nano-mallocr.o)
 .text._malloc_r
                0x0000000008007254       0xe8 /opt/gcc-arm-none-eabi-10.3-2021.10/bin/../lib/gcc/arm-none-eabi/10.3.1/../../../../arm-none-eabi/lib/thumb/v7e-m+fp/hard/libc_nano.a(lib_a-nano-mallocr.o)
                0x0000000008007254                _malloc_r
 .text._realloc_r
                0x000000000800733c       0x5e /opt/gcc-arm-none-eabi-10.3-2021.10/bin/../lib/gcc/arm-none-eabi/10.3.1/../../../../arm-none-eabi/lib/thumb/v7e-m+fp/hard/libc_nano.a(lib_a-nano-reallocr.o)
                0x000000000800733c                _realloc_r
 *fill*         0x000000000800739a        0x2 
 .text._sbrk_r  0x000000000800739c       0x20 /opt/gcc-arm-none-eabi-10.3-2021.10/bin/../lib/gcc/arm-none-eabi/10.3.1/../../../../arm-none-eabi/lib/thumb/v7e-m+fp/hard/libc_nano.a(lib_a-sbrkr.o)
                0x000000000800739c                _sbrk_r
 .text.__malloc_lock
                0x00000000080073bc        0xc /opt/gcc-arm-none-eabi-10.3-2021.10/bin/../lib/gcc/arm-none-eabi/10.3.1/../../../../arm-none-eabi/lib/thumb/v7e-m+fp/hard/libc_nano.a(lib_a-mlock.o)
                0x00000000080073bc                __malloc_lock
 .text.__malloc_unlock
                0x00000000080073c8        0xc /opt/gcc-arm-none-eabi-10.3-2021.10/bin/../lib/gcc/arm-none-eabi/10.3.1/../../../../arm-none-eabi/lib/thumb/v7e-m+fp/hard/libc_nano.a(lib_a-mlock.o)
                0x00000000080073c8                __malloc_unlock
 .text._malloc_usable_size_r
                0x00000000080073d4       0x10 /opt/gcc-arm-none-eabi-10.3-2021.10/bin/../lib/gcc/arm-none-eabi/10.3.1/../../../../arm-none-eabi/lib/thumb/v7e-m+fp/hard/libc_nano.a(lib_a-nano-msizer.o)
                0x00000000080073d4                _malloc_usable_size_r
 .text.__retarget_lock_acquire_recursive
                0x00000000080073e4        0x2 /opt/gcc-arm-none-eabi-10.3-2021.10/bin/../lib/gcc/arm-none-eabi/10.3.1/../../../../arm-none-eabi/lib/thumb/v7e-m+fp/hard/libc_nano.a(lib_a-lock.o)
                0x00000000080073e4                __retarget_lock_acquire_recursive
 .text.__retarget_lock_release_recursive
                0x00000000080073e6        0x2 /opt/gcc-arm-none-eabi-10.3-2021.10/bin/../lib/gcc/arm-none-eabi/10.3.1/../../../../arm-none-eabi/lib/thumb/v7e-m+fp/hard/libc_nano.a(lib_a-lock.o)
                0x00000000080073e6                __retarget_lock_release_recursive
 .text.floor    0x00000000080073e8      0x108 /opt/gcc-arm-none-eabi-10.3-2021.10/bin/../lib/gcc/arm-none-eabi/10.3.1/../../../../arm-none-eabi/lib/thumb/v7e-m+fp/hard/libm.a(lib_a-s_floor.o)
                0x00000000080073e8                floor
 .text.cosf     0x00000000080074f0       0x70 /opt/gcc-arm-none-eabi-10.3-2021.10/bin/../lib/gcc/arm-none-eabi/10.3.1/../../../../arm-none-eabi/lib/thumb/v7e-m+fp/hard/libm.a(lib_a-sf_cos.o)
                0x00000000080074f0                cosf
 .text.pow      0x0000000008007560       0xf0 /opt/gcc-arm-none-eabi-10.3-2021.10/bin/../lib/gcc/arm-none-eabi/10.3.1/../../../../arm-none-eabi/lib/thumb/v7e-m+fp/hard/libm.a(lib_a-w_pow.o)
                0x0000000008007560                pow
 .text.__ieee754_pow
                0x0000000008007650      0xb74 /opt/gcc-arm-none-eabi-10.3-2021.10/bin/../lib/gcc/arm-none-eabi/10.3.1/../../../../arm-none-eabi/lib/thumb/v7e-m+fp/hard/libm.a(lib_a-e_pow.o)
                0x0000000008007650                __ieee754_pow
 .text.__ieee754_sqrt
                0x00000000080081c4      0x198 /opt/gcc-arm-none-eabi-10.3-2021.10/bin/../lib/gcc/arm-none-eabi/10.3.1/../../../../arm-none-eabi/lib/thumb/v7e-m+fp/hard/libm.a(lib_a-e_sqrt.o)
                0x00000000080081c4                __ieee754_sqrt
 .text.__ieee754_rem_pio2f
                0x000000000800835c      0x264 /opt/gcc-arm-none-eabi-10.3-2021.10/bin/../lib/gcc/arm-none-eabi/10.3.1/../../../../arm-none-eabi/lib/thumb/v7e-m+fp/hard/libm.a(lib_a-ef_rem_pio2.o)
                0x000000000800835c                __ieee754_rem_pio2f
 .text.__kernel_cosf
                0x00000000080085c0      0x104 /opt/gcc-arm-none-eabi-10.3-2021.10/bin/../lib/gcc/arm-none-eabi/10.3.1/../../../../arm-none-eabi/lib/thumb/v7e-m+fp/hard/libm.a(lib_a-kf_cos.o)
                0x00000000080085c0                __kernel_cosf
 .text.__kernel_rem_pio2f
                0x00000000080086c4      0x674 /opt/gcc-arm-none-eabi-10.3-2021.10/bin/../lib/gcc/arm-none-eabi/10.3.1/../../../../arm-none-eabi/lib/thumb/v7e-m+fp/hard/libm.a(lib_a-kf_rem_pio2.o)
                0x00000000080086c4                __kernel_rem_pio2f
 .text.__kernel_sinf
                0x0000000008008d38       0x90 /opt/gcc-arm-none-eabi-10.3-2021.10/bin/../lib/gcc/arm-none-eabi/10.3.1/../../../../arm-none-eabi/lib/thumb/v7e-m+fp/hard/libm.a(lib_a-kf_sin.o)
                0x0000000008008d38                __kernel_sinf
 .text.with_errno
                0x0000000008008dc8       0x18 /opt/gcc-arm-none-eabi-10.3-2021.10/bin/../lib/gcc/arm-none-eabi/10.3.1/../../../../arm-none-eabi/lib/thumb/v7e-m+fp/hard/libm.a(lib_a-math_err.o)
 .text.xflow    0x0000000008008de0       0x2c /opt/gcc-arm-none-eabi-10.3-2021.10/bin/../lib/gcc/arm-none-eabi/10.3.1/../../../../arm-none-eabi/lib/thumb/v7e-m+fp/hard/libm.a(lib_a-math_err.o)
 .text.__math_uflow
                0x0000000008008e0c       0x14 /opt/gcc-arm-none-eabi-10.3-2021.10/bin/../lib/gcc/arm-none-eabi/10.3.1/../../../../arm-none-eabi/lib/thumb/v7e-m+fp/hard/libm.a(lib_a-math_err.o)
                0x0000000008008e0c                __math_uflow
 .text.__math_oflow
                0x0000000008008e20       0x14 /opt/gcc-arm-none-eabi-10.3-2021.10/bin/../lib/gcc/arm-none-eabi/10.3.1/../../../../arm-none-eabi/lib/thumb/v7e-m+fp/hard/libm.a(lib_a-math_err.o)
                0x0000000008008e20                __math_oflow
 .text.fabs     0x0000000008008e34       0x14 /opt/gcc-arm-none-eabi-10.3-2021.10/bin/../lib/gcc/arm-none-eabi/10.3.1/../../../../arm-none-eabi/lib/thumb/v7e-m+fp/hard/libm.a(lib_a-s_fabs.o)
                0x0000000008008e34                fabs
 .text.finite   0x0000000008008e48       0x18 /opt/gcc-arm-none-eabi-10.3-2021.10/bin/../lib/gcc/arm-none-eabi/10.3.1/../../../../arm-none-eabi/lib/thumb/v7e-m+fp/hard/libm.a(lib_a-s_finite.o)
                0x0000000008008e48                finite
 .text.scalbn   0x0000000008008e60      0x124 /opt/gcc-arm-none-eabi-10.3-2021.10/bin/../lib/gcc/arm-none-eabi/10.3.1/../../../../arm-none-eabi/lib/thumb/v7e-m+fp/hard/libm.a(lib_a-s_scalbn.o)
                0x0000000008008e60                scalbn
 .text.fabsf    0x0000000008008f84       0x10 /opt/gcc-arm-none-eabi-10.3-2021.10/bin/../lib/gcc/arm-none-eabi/10.3.1/../../../../arm-none-eabi/lib/thumb/v7e-m+fp/hard/libm.a(lib_a-sf_fabs.o)
                0x0000000008008f84                fabsf
 .text.floorf   0x0000000008008f94       0x8c /opt/gcc-arm-none-eabi-10.3-2021.10/bin/../lib/gcc/arm-none-eabi/10.3.1/../../../../arm-none-eabi/lib/thumb/v7e-m+fp/hard/libm.a(lib_a-sf_floor.o)
                0x0000000008008f94                floorf
 .text.scalbnf  0x0000000008009020       0xe4 /opt/gcc-arm-none-eabi-10.3-2021.10/bin/../lib/gcc/arm-none-eabi/10.3.1/../../../../arm-none-eabi/lib/thumb/v7e-m+fp/hard/libm.a(lib_a-sf_scalbn.o)
                0x0000000008009020                scalbnf
 .text._sbrk    0x0000000008009104       0x1c /opt/gcc-arm-none-eabi-10.3-2021.10/bin/../lib/gcc/arm-none-eabi/10.3.1/../../../../arm-none-eabi/lib/thumb/v7e-m+fp/hard/libnosys.a(sbrk.o)
                0x0000000008009104                _sbrk
 .text.__errno  0x0000000008009120        0xc /opt/gcc-arm-none-eabi-10.3-2021.10/bin/../lib/gcc/arm-none-eabi/10.3.1/../../../../arm-none-eabi/lib/thumb/v7e-m+fp/hard/libc_nano.a(lib_a-errno.o)
                0x0000000008009120                __errno
 *(.glue_7)
 .glue_7        0x000000000800912c        0x0 linker stubs
 *(.glue_7t)
 .glue_7t       0x000000000800912c        0x0 linker stubs
 *(.eh_frame)
 .eh_frame      0x000000000800912c        0x0 /opt/gcc-arm-none-eabi-10.3-2021.10/bin/../lib/gcc/arm-none-eabi/10.3.1/thumb/v7e-m+fp/hard/crtbegin.o
 *(.init)
 .init          0x000000000800912c        0x4 /opt/gcc-arm-none-eabi-10.3-2021.10/bin/../lib/gcc/arm-none-eabi/10.3.1/thumb/v7e-m+fp/hard/crti.o
                0x000000000800912c                _init
 .init          0x0000000008009130        0x8 /opt/gcc-arm-none-eabi-10.3-2021.10/bin/../lib/gcc/arm-none-eabi/10.3.1/thumb/v7e-m+fp/hard/crtn.o
 *(.fini)
 .fini          0x0000000008009138        0x4 /opt/gcc-arm-none-eabi-10.3-2021.10/bin/../lib/gcc/arm-none-eabi/10.3.1/thumb/v7e-m+fp/hard/crti.o
                0x0000000008009138                _fini
 .fini          0x000000000800913c        0x8 /opt/gcc-arm-none-eabi-10.3-2021.10/bin/../lib/gcc/arm-none-eabi/10.3.1/thumb/v7e-m+fp/hard/crtn.o
                0x0000000008009144                . = ALIGN (0x4)
                0x0000000008009144                _etext = .

.vfp11_veneer   0x0000000008009144        0x0
 .vfp11_veneer  0x0000000008009144        0x0 linker stubs

.v4_bx          0x0000000008009144        0x0
 .v4_bx         0x0000000008009144        0x0 linker stubs

.iplt           0x0000000008009144        0x0
 .iplt          0x0000000008009144        0x0 /opt/gcc-arm-none-eabi-10.3-2021.10/bin/../lib/gcc/arm-none-eabi/10.3.1/thumb/v7e-m+fp/hard/crtbegin.o

.rodata         0x0000000008009148      0x490
                0x0000000008009148                . = ALIGN (0x4)
 *(.rodata)
 *(.rodata*)
 .rodata.AHBPrescTable
                0x0000000008009148       0x10 build/system_stm32f7xx.o
                0x0000000008009148                AHBPrescTable
 .rodata.SYSTEM_STATUS_DEGREE_INCREMENT
                0x0000000008009158        0x8 build/nyan_leds.o
                0x0000000008009158                SYSTEM_STATUS_DEGREE_INCREMENT
 .rodata.USBD_COMPOSITE_GetUsrStringDesc.str1.4
                0x0000000008009160       0x23 build/usbd_composite.o
 *fill*         0x0000000008009183        0x1 
 .rodata.USBD_ProductStrDescriptor.str1.4
                0x0000000008009184       0x17 build/usbd_desc.o
 *fill*         0x000000000800919b        0x1 
 .rodata.USBD_ManufacturerStrDescriptor.str1.4
                0x000000000800919c       0x13 build/usbd_desc.o
 *fill*         0x00000000080091af        0x1 
 .rodata.USBD_ConfigStrDescriptor.str1.4
                0x00000000080091b0       0x10 build/usbd_desc.o
 .rodata.USBD_InterfaceStrDescriptor.str1.4
                0x00000000080091c0       0x14 build/usbd_desc.o
 .rodata._svfprintf_r.str1.1
                0x00000000080091d4       0x11 /opt/gcc-arm-none-eabi-10.3-2021.10/bin/../lib/gcc/arm-none-eabi/10.3.1/../../../../arm-none-eabi/lib/thumb/v7e-m+fp/hard/libc_nano.a(lib_a-nano-svfprintf.o)
 .rodata._printf_i.str1.1
                0x00000000080091e5       0x22 /opt/gcc-arm-none-eabi-10.3-2021.10/bin/../lib/gcc/arm-none-eabi/10.3.1/../../../../arm-none-eabi/lib/thumb/v7e-m+fp/hard/libc_nano.a(lib_a-nano-vfprintf_i.o)
 *fill*         0x0000000008009207        0x1 
 .rodata.npio2_hw
                0x0000000008009208       0x80 /opt/gcc-arm-none-eabi-10.3-2021.10/bin/../lib/gcc/arm-none-eabi/10.3.1/../../../../arm-none-eabi/lib/thumb/v7e-m+fp/hard/libm.a(lib_a-ef_rem_pio2.o)
 .rodata.two_over_pi
                0x0000000008009288      0x318 /opt/gcc-arm-none-eabi-10.3-2021.10/bin/../lib/gcc/arm-none-eabi/10.3.1/../../../../arm-none-eabi/lib/thumb/v7e-m+fp/hard/libm.a(lib_a-ef_rem_pio2.o)
 .rodata.PIo2   0x00000000080095a0       0x2c /opt/gcc-arm-none-eabi-10.3-2021.10/bin/../lib/gcc/arm-none-eabi/10.3.1/../../../../arm-none-eabi/lib/thumb/v7e-m+fp/hard/libm.a(lib_a-kf_rem_pio2.o)
 .rodata.init_jk
                0x00000000080095cc        0xc /opt/gcc-arm-none-eabi-10.3-2021.10/bin/../lib/gcc/arm-none-eabi/10.3.1/../../../../arm-none-eabi/lib/thumb/v7e-m+fp/hard/libm.a(lib_a-kf_rem_pio2.o)
                0x00000000080095d8                . = ALIGN (0x4)

.ARM.extab
 *(.ARM.extab* .gnu.linkonce.armextab.*)

.ARM            0x00000000080095d8        0x8
                0x00000000080095d8                __exidx_start = .
 *(.ARM.exidx*)
 .ARM.exidx     0x00000000080095d8        0x8 /opt/gcc-arm-none-eabi-10.3-2021.10/bin/../lib/gcc/arm-none-eabi/10.3.1/thumb/v7e-m+fp/hard/libgcc.a(_udivmoddi4.o)
                0x00000000080095e0                __exidx_end = .

.rel.dyn        0x00000000080095e0        0x0
 .rel.iplt      0x00000000080095e0        0x0 /opt/gcc-arm-none-eabi-10.3-2021.10/bin/../lib/gcc/arm-none-eabi/10.3.1/thumb/v7e-m+fp/hard/crtbegin.o

.preinit_array  0x00000000080095e0        0x0
                0x00000000080095e0                PROVIDE (__preinit_array_start = .)
 *(.preinit_array*)
                0x00000000080095e0                PROVIDE (__preinit_array_end = .)

.init_array     0x00000000080095e0        0x4
                0x00000000080095e0                PROVIDE (__init_array_start = .)
 *(SORT_BY_NAME(.init_array.*))
 *(.init_array*)
 .init_array    0x00000000080095e0        0x4 /opt/gcc-arm-none-eabi-10.3-2021.10/bin/../lib/gcc/arm-none-eabi/10.3.1/thumb/v7e-m+fp/hard/crtbegin.o
                0x00000000080095e4                PROVIDE (__init_array_end = .)

.fini_array     0x00000000080095e4        0x4
                [!provide]                        PROVIDE (__fini_array_start = .)
 *(SORT_BY_NAME(.fini_array.*))
 *(.fini_array*)
 .fini_array    0x00000000080095e4        0x4 /opt/gcc-arm-none-eabi-10.3-2021.10/bin/../lib/gcc/arm-none-eabi/10.3.1/thumb/v7e-m+fp/hard/crtbegin.o
                [!provide]                        PROVIDE (__fini_array_end = .)
                0x00000000080095e8                _sidata = LOADADDR (.data)

.data           0x0000000020000000      0x384 load address 0x00000000080095e8
                0x0000000020000000                . = ALIGN (0x4)
                0x0000000020000000                _sdata = .
 *(.data)
 *(.data*)
 .data.uwTickFreq
                0x0000000020000000        0x1 build/stm32f7xx_hal.o
                0x0000000020000000                uwTickFreq
 *fill*         0x0000000020000001        0x3 
 .data.uwTickPrio
                0x0000000020000004        0x4 build/stm32f7xx_hal.o
                0x0000000020000004                uwTickPrio
 .data.SystemCoreClock
                0x0000000020000008        0x4 build/system_stm32f7xx.o
                0x0000000020000008                SystemCoreClock
 .data.USBD_COMPOSITE
                0x000000002000000c       0x3c build/usbd_composite.o
                0x000000002000000c                USBD_COMPOSITE
 .data.USBD_COMPOSITE_DeviceQualifierDesc
                0x0000000020000048        0xa build/usbd_composite.o
 .data.USBD_Track_String_Index
                0x0000000020000052        0x1 build/usbd_composite.o
                0x0000000020000052                USBD_Track_String_Index
 .data.HID_KEYBOARD_IN_EP
                0x0000000020000053        0x1 build/usbd_hid_keyboard.o
                0x0000000020000053                HID_KEYBOARD_IN_EP
 .data.HID_KEYBOARD_ReportDesc
                0x0000000020000054       0xbb build/usbd_hid_keyboard.o
 *fill*         0x000000002000010f        0x1 
 .data.USBD_HID_DeviceQualifierDesc
                0x0000000020000110        0xa build/usbd_hid_keyboard.o
 *fill*         0x000000002000011a        0x2 
 .data.USBD_HID_KEYBOARD
                0x000000002000011c       0x3c build/usbd_hid_keyboard.o
                0x000000002000011c                USBD_HID_KEYBOARD
 .data.USBD_HID_KEYBOARD_CfgFSDesc
                0x0000000020000158       0x22 build/usbd_hid_keyboard.o
 *fill*         0x000000002000017a        0x2 
 .data.USBD_HID_KEYBOARD_CfgHSDesc
                0x000000002000017c       0x22 build/usbd_hid_keyboard.o
 *fill*         0x000000002000019e        0x2 
 .data.USBD_HID_KEYBOARD_Desc
                0x00000000200001a0        0x9 build/usbd_hid_keyboard.o
 *fill*         0x00000000200001a9        0x3 
 .data.USBD_Desc
                0x00000000200001ac       0x1c build/usbd_desc.o
                0x00000000200001ac                USBD_Desc
 .data.USBD_DeviceDesc
                0x00000000200001c8       0x12 build/usbd_desc.o
                0x00000000200001c8                USBD_DeviceDesc
 *fill*         0x00000000200001da        0x2 
 .data.USBD_LangIDDesc
                0x00000000200001dc        0x4 build/usbd_desc.o
                0x00000000200001dc                USBD_LangIDDesc
 .data.USBD_StringSerial
                0x00000000200001e0       0x1a build/usbd_desc.o
                0x00000000200001e0                USBD_StringSerial
 *fill*         0x00000000200001fa        0x2 
 .data.USBD_CDC_ACM
                0x00000000200001fc       0x3c build/usbd_cdc_acm.o
                0x00000000200001fc                USBD_CDC_ACM
 .data.USBD_CDC_CfgFSDesc
                0x0000000020000238       0x4b build/usbd_cdc_acm.o
 *fill*         0x0000000020000283        0x1 
 .data.USBD_CDC_CfgHSDesc
                0x0000000020000284       0x4b build/usbd_cdc_acm.o
 *fill*         0x00000000200002cf        0x1 
 .data.USBD_CDC_DeviceQualifierDesc
                0x00000000200002d0        0xa build/usbd_cdc_acm.o
 *fill*         0x00000000200002da        0x2 
 .data.USBD_CDC_ACM_fops
                0x00000000200002dc       0x14 build/usbd_cdc_acm_if.o
                0x00000000200002dc                USBD_CDC_ACM_fops
 .data.nyan_keys_welcome_text
                0x00000000200002f0       0x2f build/usbd_cdc_acm_if.o
 *fill*         0x000000002000031f        0x1 
 .data._impure_ptr
                0x0000000020000320        0x4 /opt/gcc-arm-none-eabi-10.3-2021.10/bin/../lib/gcc/arm-none-eabi/10.3.1/../../../../arm-none-eabi/lib/thumb/v7e-m+fp/hard/libc_nano.a(lib_a-impure.o)
                0x0000000020000320                _impure_ptr
 .data.impure_data
                0x0000000020000324       0x60 /opt/gcc-arm-none-eabi-10.3-2021.10/bin/../lib/gcc/arm-none-eabi/10.3.1/../../../../arm-none-eabi/lib/thumb/v7e-m+fp/hard/libc_nano.a(lib_a-impure.o)
                0x0000000020000384                . = ALIGN (0x4)
                0x0000000020000384                _edata = .

.igot.plt       0x0000000020000384        0x0 load address 0x000000000800996c
 .igot.plt      0x0000000020000384        0x0 /opt/gcc-arm-none-eabi-10.3-2021.10/bin/../lib/gcc/arm-none-eabi/10.3.1/thumb/v7e-m+fp/hard/crtbegin.o
                0x0000000020000384                . = ALIGN (0x4)

.bss            0x0000000020000388     0x1140 load address 0x000000000800996c
                0x0000000020000388                _sbss = .
                0x0000000020000388                __bss_start__ = _sbss
 *(.bss)
 .bss           0x0000000020000388       0x1c /opt/gcc-arm-none-eabi-10.3-2021.10/bin/../lib/gcc/arm-none-eabi/10.3.1/thumb/v7e-m+fp/hard/crtbegin.o
 *(.bss*)
 .bss.nos       0x00000000200003a4       0x8c build/main.o
                0x00000000200003a4                nos
 .bss.system_status_led_angle
                0x0000000020000430        0x8 build/main.o
                0x0000000020000430                system_status_led_angle
 .bss.hi2c1     0x0000000020000438       0x54 build/i2c.o
                0x0000000020000438                hi2c1
 .bss.hrng      0x000000002000048c       0x10 build/rng.o
                0x000000002000048c                hrng
 .bss.hspi1     0x000000002000049c       0x64 build/spi.o
                0x000000002000049c                hspi1
 .bss.hspi2     0x0000000020000500       0x64 build/spi.o
                0x0000000020000500                hspi2
 .bss.hspi4     0x0000000020000564       0x64 build/spi.o
                0x0000000020000564                hspi4
 .bss.uwTick    0x00000000200005c8        0x4 build/stm32f7xx_hal.o
                0x00000000200005c8                uwTick
 .bss.htim1     0x00000000200005cc       0x4c build/tim.o
                0x00000000200005cc                htim1
 .bss.htim6     0x0000000020000618       0x4c build/tim.o
                0x0000000020000618                htim6
 .bss.htim7     0x0000000020000664       0x4c build/tim.o
                0x0000000020000664                htim7
 .bss.hpcd_USB_OTG_HS
                0x00000000200006b0      0x508 build/usb_otg.o
                0x00000000200006b0                hpcd_USB_OTG_HS
 .bss.USBD_COMPOSITE_FSCfgDesc
                0x0000000020000bb8       0x64 build/usbd_composite.o
                0x0000000020000bb8                USBD_COMPOSITE_FSCfgDesc
 .bss.USBD_COMPOSITE_HSCfgDesc
                0x0000000020000c1c       0x64 build/usbd_composite.o
                0x0000000020000c1c                USBD_COMPOSITE_HSCfgDesc
 .bss.USBD_StrDesc.0
                0x0000000020000c80       0x40 build/usbd_composite.o
 .bss.HID_KEYBOARD_ITF_NBR
                0x0000000020000cc0        0x1 build/usbd_hid_keyboard.o
                0x0000000020000cc0                HID_KEYBOARD_ITF_NBR
 .bss.HID_KEYBOARD_STR_DESC_IDX
                0x0000000020000cc1        0x1 build/usbd_hid_keyboard.o
                0x0000000020000cc1                HID_KEYBOARD_STR_DESC_IDX
 *fill*         0x0000000020000cc2        0x2 
 .bss.USBD_HID_KBD_Instace
                0x0000000020000cc4       0x10 build/usbd_hid_keyboard.o
 .bss.cfgidx.0  0x0000000020000cd4        0x1 build/usbd_ctlreq.o
 *fill*         0x0000000020000cd5        0x3 
 .bss.hUsbDevice
                0x0000000020000cd8      0x31c build/usb_device.o
                0x0000000020000cd8                hUsbDevice
 .bss.USBD_StrDesc
                0x0000000020000ff4      0x200 build/usbd_desc.o
                0x0000000020000ff4                USBD_StrDesc
 .bss.hpcd_USB_OTG_PTR
                0x00000000200011f4        0x4 build/usbd_conf.o
                0x00000000200011f4                hpcd_USB_OTG_PTR
 .bss.CDC_ACM_Class_Data
                0x00000000200011f8      0x21c build/usbd_cdc_acm.o
                0x00000000200011f8                CDC_ACM_Class_Data
 .bss.CDC_CMD_EP
                0x0000000020001414        0x1 build/usbd_cdc_acm.o
                0x0000000020001414                CDC_CMD_EP
 *fill*         0x0000000020001415        0x3 
 .bss.CDC_CMD_ITF_NBR
                0x0000000020001418        0x1 build/usbd_cdc_acm.o
                0x0000000020001418                CDC_CMD_ITF_NBR
 *fill*         0x0000000020001419        0x3 
 .bss.CDC_COM_ITF_NBR
                0x000000002000141c        0x1 build/usbd_cdc_acm.o
                0x000000002000141c                CDC_COM_ITF_NBR
 *fill*         0x000000002000141d        0x3 
 .bss.CDC_IN_EP
                0x0000000020001420        0x1 build/usbd_cdc_acm.o
                0x0000000020001420                CDC_IN_EP
 *fill*         0x0000000020001421        0x3 
 .bss.CDC_OUT_EP
                0x0000000020001424        0x1 build/usbd_cdc_acm.o
                0x0000000020001424                CDC_OUT_EP
 *fill*         0x0000000020001425        0x3 
 .bss.CDC_STR_DESC_IDX
                0x0000000020001428        0x1 build/usbd_cdc_acm.o
                0x0000000020001428                CDC_STR_DESC_IDX
 *fill*         0x0000000020001429        0x3 
 .bss.Line_Coding
                0x000000002000142c        0x8 build/usbd_cdc_acm_if.o
                0x000000002000142c                Line_Coding
 .bss.RX_Buffer
                0x0000000020001434       0x80 build/usbd_cdc_acm_if.o
                0x0000000020001434                RX_Buffer
 .bss.__malloc_free_list
                0x00000000200014b4        0x4 /opt/gcc-arm-none-eabi-10.3-2021.10/bin/../lib/gcc/arm-none-eabi/10.3.1/../../../../arm-none-eabi/lib/thumb/v7e-m+fp/hard/libc_nano.a(lib_a-nano-mallocr.o)
                0x00000000200014b4                __malloc_free_list
 .bss.__malloc_sbrk_start
                0x00000000200014b8        0x4 /opt/gcc-arm-none-eabi-10.3-2021.10/bin/../lib/gcc/arm-none-eabi/10.3.1/../../../../arm-none-eabi/lib/thumb/v7e-m+fp/hard/libc_nano.a(lib_a-nano-mallocr.o)
                0x00000000200014b8                __malloc_sbrk_start
 .bss.errno     0x00000000200014bc        0x4 /opt/gcc-arm-none-eabi-10.3-2021.10/bin/../lib/gcc/arm-none-eabi/10.3.1/../../../../arm-none-eabi/lib/thumb/v7e-m+fp/hard/libc_nano.a(lib_a-reent.o)
                0x00000000200014bc                errno
 .bss.__lock___malloc_recursive_mutex
                0x00000000200014c0        0x1 /opt/gcc-arm-none-eabi-10.3-2021.10/bin/../lib/gcc/arm-none-eabi/10.3.1/../../../../arm-none-eabi/lib/thumb/v7e-m+fp/hard/libc_nano.a(lib_a-lock.o)
                0x00000000200014c0                __lock___malloc_recursive_mutex
 *fill*         0x00000000200014c1        0x3 
 .bss.heap_end.0
                0x00000000200014c4        0x4 /opt/gcc-arm-none-eabi-10.3-2021.10/bin/../lib/gcc/arm-none-eabi/10.3.1/../../../../arm-none-eabi/lib/thumb/v7e-m+fp/hard/libnosys.a(sbrk.o)
 *(COMMON)
                0x00000000200014c8                . = ALIGN (0x4)
                0x00000000200014c8                _ebss = .
                0x00000000200014c8                __bss_end__ = _ebss

._user_heap_stack
                0x00000000200014c8      0x600 load address 0x000000000800996c
                0x00000000200014c8                . = ALIGN (0x8)
                0x00000000200014c8                PROVIDE (end = .)
                [!provide]                        PROVIDE (_end = .)
                0x00000000200016c8                . = (. + _Min_Heap_Size)
 *fill*         0x00000000200014c8      0x200 
                0x0000000020001ac8                . = (. + _Min_Stack_Size)
 *fill*         0x00000000200016c8      0x400 
                0x0000000020001ac8                . = ALIGN (0x8)

/DISCARD/
 libc.a(*)
 libm.a(*)
 libgcc.a(*)

.ARM.attributes
                0x0000000000000000       0x30
 *(.ARM.attributes)
 .ARM.attributes
                0x0000000000000000       0x1e /opt/gcc-arm-none-eabi-10.3-2021.10/bin/../lib/gcc/arm-none-eabi/10.3.1/thumb/v7e-m+fp/hard/crti.o
 .ARM.attributes
                0x000000000000001e       0x34 /opt/gcc-arm-none-eabi-10.3-2021.10/bin/../lib/gcc/arm-none-eabi/10.3.1/thumb/v7e-m+fp/hard/crtbegin.o
 .ARM.attributes
                0x0000000000000052       0x34 build/main.o
 .ARM.attributes
                0x0000000000000086       0x34 build/gpio.o
 .ARM.attributes
                0x00000000000000ba       0x34 build/i2c.o
 .ARM.attributes
                0x00000000000000ee       0x34 build/rng.o
 .ARM.attributes
                0x0000000000000122       0x34 build/spi.o
 .ARM.attributes
                0x0000000000000156       0x34 build/stm32f7xx_it.o
 .ARM.attributes
                0x000000000000018a       0x34 build/stm32f7xx_hal_msp.o
 .ARM.attributes
                0x00000000000001be       0x34 build/stm32f7xx_hal_rcc.o
 .ARM.attributes
                0x00000000000001f2       0x34 build/stm32f7xx_hal_rcc_ex.o
 .ARM.attributes
                0x0000000000000226       0x34 build/stm32f7xx_hal_gpio.o
 .ARM.attributes
                0x000000000000025a       0x34 build/stm32f7xx_hal_pwr_ex.o
 .ARM.attributes
                0x000000000000028e       0x34 build/stm32f7xx_hal_cortex.o
 .ARM.attributes
                0x00000000000002c2       0x34 build/stm32f7xx_hal.o
 .ARM.attributes
                0x00000000000002f6       0x34 build/stm32f7xx_hal_i2c.o
 .ARM.attributes
                0x000000000000032a       0x34 build/stm32f7xx_hal_i2c_ex.o
 .ARM.attributes
                0x000000000000035e       0x34 build/stm32f7xx_hal_rng.o
 .ARM.attributes
                0x0000000000000392       0x34 build/stm32f7xx_hal_spi.o
 .ARM.attributes
                0x00000000000003c6       0x34 build/stm32f7xx_hal_tim.o
 .ARM.attributes
                0x00000000000003fa       0x34 build/stm32f7xx_hal_tim_ex.o
 .ARM.attributes
                0x000000000000042e       0x34 build/system_stm32f7xx.o
 .ARM.attributes
                0x0000000000000462       0x34 build/stm32f7xx_hal_pcd.o
 .ARM.attributes
                0x0000000000000496       0x34 build/stm32f7xx_hal_pcd_ex.o
 .ARM.attributes
                0x00000000000004ca       0x34 build/stm32f7xx_ll_usb.o
 .ARM.attributes
                0x00000000000004fe       0x34 build/nyan_leds.o
 .ARM.attributes
                0x0000000000000532       0x34 build/nyan_os.o
 .ARM.attributes
                0x0000000000000566       0x34 build/tim.o
 .ARM.attributes
                0x000000000000059a       0x34 build/usb_otg.o
 .ARM.attributes
                0x00000000000005ce       0x34 build/usbd_composite.o
 .ARM.attributes
                0x0000000000000602       0x34 build/usbd_hid_keyboard.o
 .ARM.attributes
                0x0000000000000636       0x34 build/usbd_core.o
 .ARM.attributes
                0x000000000000066a       0x34 build/usbd_ctlreq.o
 .ARM.attributes
                0x000000000000069e       0x34 build/usbd_ioreq.o
 .ARM.attributes
                0x00000000000006d2       0x34 build/usb_device.o
 .ARM.attributes
                0x0000000000000706       0x34 build/usbd_desc.o
 .ARM.attributes
                0x000000000000073a       0x34 build/usbd_conf.o
 .ARM.attributes
                0x000000000000076e       0x34 build/usbd_cdc_acm.o
 .ARM.attributes
                0x00000000000007a2       0x34 build/usbd_cdc_acm_if.o
 .ARM.attributes
                0x00000000000007d6       0x21 build/startup_stm32f723xx.o
 .ARM.attributes
                0x00000000000007f7       0x34 /opt/gcc-arm-none-eabi-10.3-2021.10/bin/../lib/gcc/arm-none-eabi/10.3.1/../../../../arm-none-eabi/lib/thumb/v7e-m+fp/hard/libc_nano.a(lib_a-impure.o)
 .ARM.attributes
                0x000000000000082b       0x34 /opt/gcc-arm-none-eabi-10.3-2021.10/bin/../lib/gcc/arm-none-eabi/10.3.1/../../../../arm-none-eabi/lib/thumb/v7e-m+fp/hard/libc_nano.a(lib_a-init.o)
 .ARM.attributes
                0x000000000000085f       0x34 /opt/gcc-arm-none-eabi-10.3-2021.10/bin/../lib/gcc/arm-none-eabi/10.3.1/../../../../arm-none-eabi/lib/thumb/v7e-m+fp/hard/libc_nano.a(lib_a-memcpy-stub.o)
 .ARM.attributes
                0x0000000000000893       0x34 /opt/gcc-arm-none-eabi-10.3-2021.10/bin/../lib/gcc/arm-none-eabi/10.3.1/../../../../arm-none-eabi/lib/thumb/v7e-m+fp/hard/libc_nano.a(lib_a-memset.o)
 .ARM.attributes
                0x00000000000008c7       0x34 /opt/gcc-arm-none-eabi-10.3-2021.10/bin/../lib/gcc/arm-none-eabi/10.3.1/../../../../arm-none-eabi/lib/thumb/v7e-m+fp/hard/libc_nano.a(lib_a-snprintf.o)
 .ARM.attributes
                0x00000000000008fb       0x34 /opt/gcc-arm-none-eabi-10.3-2021.10/bin/../lib/gcc/arm-none-eabi/10.3.1/../../../../arm-none-eabi/lib/thumb/v7e-m+fp/hard/libc_nano.a(lib_a-nano-svfprintf.o)
 .ARM.attributes
                0x000000000000092f       0x34 /opt/gcc-arm-none-eabi-10.3-2021.10/bin/../lib/gcc/arm-none-eabi/10.3.1/../../../../arm-none-eabi/lib/thumb/v7e-m+fp/hard/libc_nano.a(lib_a-nano-vfprintf_i.o)
 .ARM.attributes
                0x0000000000000963       0x1c /opt/gcc-arm-none-eabi-10.3-2021.10/bin/../lib/gcc/arm-none-eabi/10.3.1/../../../../arm-none-eabi/lib/thumb/v7e-m+fp/hard/libc_nano.a(lib_a-memchr.o)
 .ARM.attributes
                0x000000000000097f       0x34 /opt/gcc-arm-none-eabi-10.3-2021.10/bin/../lib/gcc/arm-none-eabi/10.3.1/../../../../arm-none-eabi/lib/thumb/v7e-m+fp/hard/libc_nano.a(lib_a-memmove.o)
 .ARM.attributes
                0x00000000000009b3       0x34 /opt/gcc-arm-none-eabi-10.3-2021.10/bin/../lib/gcc/arm-none-eabi/10.3.1/../../../../arm-none-eabi/lib/thumb/v7e-m+fp/hard/libc_nano.a(lib_a-nano-freer.o)
 .ARM.attributes
                0x00000000000009e7       0x34 /opt/gcc-arm-none-eabi-10.3-2021.10/bin/../lib/gcc/arm-none-eabi/10.3.1/../../../../arm-none-eabi/lib/thumb/v7e-m+fp/hard/libc_nano.a(lib_a-nano-mallocr.o)
 .ARM.attributes
                0x0000000000000a1b       0x34 /opt/gcc-arm-none-eabi-10.3-2021.10/bin/../lib/gcc/arm-none-eabi/10.3.1/../../../../arm-none-eabi/lib/thumb/v7e-m+fp/hard/libc_nano.a(lib_a-nano-reallocr.o)
 .ARM.attributes
                0x0000000000000a4f       0x34 /opt/gcc-arm-none-eabi-10.3-2021.10/bin/../lib/gcc/arm-none-eabi/10.3.1/../../../../arm-none-eabi/lib/thumb/v7e-m+fp/hard/libc_nano.a(lib_a-sbrkr.o)
 .ARM.attributes
                0x0000000000000a83       0x34 /opt/gcc-arm-none-eabi-10.3-2021.10/bin/../lib/gcc/arm-none-eabi/10.3.1/../../../../arm-none-eabi/lib/thumb/v7e-m+fp/hard/libc_nano.a(lib_a-mlock.o)
 .ARM.attributes
                0x0000000000000ab7       0x34 /opt/gcc-arm-none-eabi-10.3-2021.10/bin/../lib/gcc/arm-none-eabi/10.3.1/../../../../arm-none-eabi/lib/thumb/v7e-m+fp/hard/libc_nano.a(lib_a-nano-msizer.o)
 .ARM.attributes
                0x0000000000000aeb       0x34 /opt/gcc-arm-none-eabi-10.3-2021.10/bin/../lib/gcc/arm-none-eabi/10.3.1/../../../../arm-none-eabi/lib/thumb/v7e-m+fp/hard/libc_nano.a(lib_a-reent.o)
 .ARM.attributes
                0x0000000000000b1f       0x34 /opt/gcc-arm-none-eabi-10.3-2021.10/bin/../lib/gcc/arm-none-eabi/10.3.1/../../../../arm-none-eabi/lib/thumb/v7e-m+fp/hard/libc_nano.a(lib_a-lock.o)
 .ARM.attributes
                0x0000000000000b53       0x34 /opt/gcc-arm-none-eabi-10.3-2021.10/bin/../lib/gcc/arm-none-eabi/10.3.1/../../../../arm-none-eabi/lib/thumb/v7e-m+fp/hard/libm.a(lib_a-s_floor.o)
 .ARM.attributes
                0x0000000000000b87       0x34 /opt/gcc-arm-none-eabi-10.3-2021.10/bin/../lib/gcc/arm-none-eabi/10.3.1/../../../../arm-none-eabi/lib/thumb/v7e-m+fp/hard/libm.a(lib_a-sf_cos.o)
 .ARM.attributes
                0x0000000000000bbb       0x34 /opt/gcc-arm-none-eabi-10.3-2021.10/bin/../lib/gcc/arm-none-eabi/10.3.1/../../../../arm-none-eabi/lib/thumb/v7e-m+fp/hard/libm.a(lib_a-w_pow.o)
 .ARM.attributes
                0x0000000000000bef       0x34 /opt/gcc-arm-none-eabi-10.3-2021.10/bin/../lib/gcc/arm-none-eabi/10.3.1/../../../../arm-none-eabi/lib/thumb/v7e-m+fp/hard/libm.a(lib_a-e_pow.o)
 .ARM.attributes
                0x0000000000000c23       0x34 /opt/gcc-arm-none-eabi-10.3-2021.10/bin/../lib/gcc/arm-none-eabi/10.3.1/../../../../arm-none-eabi/lib/thumb/v7e-m+fp/hard/libm.a(lib_a-e_sqrt.o)
 .ARM.attributes
                0x0000000000000c57       0x34 /opt/gcc-arm-none-eabi-10.3-2021.10/bin/../lib/gcc/arm-none-eabi/10.3.1/../../../../arm-none-eabi/lib/thumb/v7e-m+fp/hard/libm.a(lib_a-ef_rem_pio2.o)
 .ARM.attributes
                0x0000000000000c8b       0x34 /opt/gcc-arm-none-eabi-10.3-2021.10/bin/../lib/gcc/arm-none-eabi/10.3.1/../../../../arm-none-eabi/lib/thumb/v7e-m+fp/hard/libm.a(lib_a-kf_cos.o)
 .ARM.attributes
                0x0000000000000cbf       0x34 /opt/gcc-arm-none-eabi-10.3-2021.10/bin/../lib/gcc/arm-none-eabi/10.3.1/../../../../arm-none-eabi/lib/thumb/v7e-m+fp/hard/libm.a(lib_a-kf_rem_pio2.o)
 .ARM.attributes
                0x0000000000000cf3       0x34 /opt/gcc-arm-none-eabi-10.3-2021.10/bin/../lib/gcc/arm-none-eabi/10.3.1/../../../../arm-none-eabi/lib/thumb/v7e-m+fp/hard/libm.a(lib_a-kf_sin.o)
 .ARM.attributes
                0x0000000000000d27       0x34 /opt/gcc-arm-none-eabi-10.3-2021.10/bin/../lib/gcc/arm-none-eabi/10.3.1/../../../../arm-none-eabi/lib/thumb/v7e-m+fp/hard/libm.a(lib_a-math_err.o)
 .ARM.attributes
                0x0000000000000d5b       0x34 /opt/gcc-arm-none-eabi-10.3-2021.10/bin/../lib/gcc/arm-none-eabi/10.3.1/../../../../arm-none-eabi/lib/thumb/v7e-m+fp/hard/libm.a(lib_a-s_fabs.o)
 .ARM.attributes
                0x0000000000000d8f       0x34 /opt/gcc-arm-none-eabi-10.3-2021.10/bin/../lib/gcc/arm-none-eabi/10.3.1/../../../../arm-none-eabi/lib/thumb/v7e-m+fp/hard/libm.a(lib_a-s_finite.o)
 .ARM.attributes
                0x0000000000000dc3       0x34 /opt/gcc-arm-none-eabi-10.3-2021.10/bin/../lib/gcc/arm-none-eabi/10.3.1/../../../../arm-none-eabi/lib/thumb/v7e-m+fp/hard/libm.a(lib_a-s_scalbn.o)
 .ARM.attributes
                0x0000000000000df7       0x34 /opt/gcc-arm-none-eabi-10.3-2021.10/bin/../lib/gcc/arm-none-eabi/10.3.1/../../../../arm-none-eabi/lib/thumb/v7e-m+fp/hard/libm.a(lib_a-sf_fabs.o)
 .ARM.attributes
                0x0000000000000e2b       0x34 /opt/gcc-arm-none-eabi-10.3-2021.10/bin/../lib/gcc/arm-none-eabi/10.3.1/../../../../arm-none-eabi/lib/thumb/v7e-m+fp/hard/libm.a(lib_a-sf_floor.o)
 .ARM.attributes
                0x0000000000000e5f       0x34 /opt/gcc-arm-none-eabi-10.3-2021.10/bin/../lib/gcc/arm-none-eabi/10.3.1/../../../../arm-none-eabi/lib/thumb/v7e-m+fp/hard/libm.a(lib_a-sf_scalbn.o)
 .ARM.attributes
                0x0000000000000e93       0x34 /opt/gcc-arm-none-eabi-10.3-2021.10/bin/../lib/gcc/arm-none-eabi/10.3.1/../../../../arm-none-eabi/lib/thumb/v7e-m+fp/hard/libnosys.a(sbrk.o)
 .ARM.attributes
                0x0000000000000ec7       0x1e /opt/gcc-arm-none-eabi-10.3-2021.10/bin/../lib/gcc/arm-none-eabi/10.3.1/thumb/v7e-m+fp/hard/libgcc.a(_arm_addsubdf3.o)
 .ARM.attributes
                0x0000000000000ee5       0x1e /opt/gcc-arm-none-eabi-10.3-2021.10/bin/../lib/gcc/arm-none-eabi/10.3.1/thumb/v7e-m+fp/hard/libgcc.a(_arm_muldivdf3.o)
 .ARM.attributes
                0x0000000000000f03       0x1e /opt/gcc-arm-none-eabi-10.3-2021.10/bin/../lib/gcc/arm-none-eabi/10.3.1/thumb/v7e-m+fp/hard/libgcc.a(_arm_cmpdf2.o)
 .ARM.attributes
                0x0000000000000f21       0x1e /opt/gcc-arm-none-eabi-10.3-2021.10/bin/../lib/gcc/arm-none-eabi/10.3.1/thumb/v7e-m+fp/hard/libgcc.a(_arm_unorddf2.o)
 .ARM.attributes
                0x0000000000000f3f       0x1e /opt/gcc-arm-none-eabi-10.3-2021.10/bin/../lib/gcc/arm-none-eabi/10.3.1/thumb/v7e-m+fp/hard/libgcc.a(_arm_fixunsdfsi.o)
 .ARM.attributes
                0x0000000000000f5d       0x1e /opt/gcc-arm-none-eabi-10.3-2021.10/bin/../lib/gcc/arm-none-eabi/10.3.1/thumb/v7e-m+fp/hard/libgcc.a(_arm_truncdfsf2.o)
 .ARM.attributes
                0x0000000000000f7b       0x1e /opt/gcc-arm-none-eabi-10.3-2021.10/bin/../lib/gcc/arm-none-eabi/10.3.1/thumb/v7e-m+fp/hard/libgcc.a(_aeabi_uldivmod.o)
 .ARM.attributes
                0x0000000000000f99       0x34 /opt/gcc-arm-none-eabi-10.3-2021.10/bin/../lib/gcc/arm-none-eabi/10.3.1/thumb/v7e-m+fp/hard/libgcc.a(_udivmoddi4.o)
 .ARM.attributes
                0x0000000000000fcd       0x1e /opt/gcc-arm-none-eabi-10.3-2021.10/bin/../lib/gcc/arm-none-eabi/10.3.1/thumb/v7e-m+fp/hard/libgcc.a(_dvmd_tls.o)
 .ARM.attributes
                0x0000000000000feb       0x34 /opt/gcc-arm-none-eabi-10.3-2021.10/bin/../lib/gcc/arm-none-eabi/10.3.1/../../../../arm-none-eabi/lib/thumb/v7e-m+fp/hard/libc_nano.a(lib_a-errno.o)
 .ARM.attributes
                0x000000000000101f       0x1e /opt/gcc-arm-none-eabi-10.3-2021.10/bin/../lib/gcc/arm-none-eabi/10.3.1/thumb/v7e-m+fp/hard/crtn.o
OUTPUT(build/nyan_keys.elf elf32-littlearm)
LOAD linker stubs
LOAD /opt/gcc-arm-none-eabi-10.3-2021.10/bin/../lib/gcc/arm-none-eabi/10.3.1/../../../../arm-none-eabi/lib/thumb/v7e-m+fp/hard/libc.a
LOAD /opt/gcc-arm-none-eabi-10.3-2021.10/bin/../lib/gcc/arm-none-eabi/10.3.1/../../../../arm-none-eabi/lib/thumb/v7e-m+fp/hard/libm.a
LOAD /opt/gcc-arm-none-eabi-10.3-2021.10/bin/../lib/gcc/arm-none-eabi/10.3.1/thumb/v7e-m+fp/hard/libgcc.a

.debug_info     0x0000000000000000    0x28cbf
 .debug_info    0x0000000000000000     0x116e build/main.o
 .debug_info    0x000000000000116e      0x54a build/gpio.o
 .debug_info    0x00000000000016b8      0xeee build/i2c.o
 .debug_info    0x00000000000025a6      0x7a4 build/rng.o
 .debug_info    0x0000000000002d4a      0xd66 build/spi.o
 .debug_info    0x0000000000003ab0      0xef6 build/stm32f7xx_it.o
 .debug_info    0x00000000000049a6      0x31e build/stm32f7xx_hal_msp.o
 .debug_info    0x0000000000004cc4      0xcb8 build/stm32f7xx_hal_rcc.o