Archive member included to satisfy reference by file (symbol)

/home/qrsnap/.config/Code/User/globalStorage/bmd.stm32-for-vscode/@xpack-dev-tools/arm-none-eabi-gcc/12.3.1-1.2.1/.content/bin/../lib/gcc/arm-none-eabi/12.3.1/../../../../arm-none-eabi/lib/thumb/v7e-m+fp/hard/libc_nano.a(libc_a-atexit.o)
                              /home/qrsnap/.config/Code/User/globalStorage/bmd.stm32-for-vscode/@xpack-dev-tools/arm-none-eabi-gcc/12.3.1-1.2.1/.content/bin/../lib/gcc/arm-none-eabi/12.3.1/../../../../arm-none-eabi/lib/thumb/v7e-m+fp/hard/crt0.o (atexit)
/home/qrsnap/.config/Code/User/globalStorage/bmd.stm32-for-vscode/@xpack-dev-tools/arm-none-eabi-gcc/12.3.1-1.2.1/.content/bin/../lib/gcc/arm-none-eabi/12.3.1/../../../../arm-none-eabi/lib/thumb/v7e-m+fp/hard/libc_nano.a(libc_a-atoi.o)
                              build/nyan_os.o (atoi)
/home/qrsnap/.config/Code/User/globalStorage/bmd.stm32-for-vscode/@xpack-dev-tools/arm-none-eabi-gcc/12.3.1-1.2.1/.content/bin/../lib/gcc/arm-none-eabi/12.3.1/../../../../arm-none-eabi/lib/thumb/v7e-m+fp/hard/libc_nano.a(libc_a-exit.o)
                              /home/qrsnap/.config/Code/User/globalStorage/bmd.stm32-for-vscode/@xpack-dev-tools/arm-none-eabi-gcc/12.3.1-1.2.1/.content/bin/../lib/gcc/arm-none-eabi/12.3.1/../../../../arm-none-eabi/lib/thumb/v7e-m+fp/hard/crt0.o (exit)
/home/qrsnap/.config/Code/User/globalStorage/bmd.stm32-for-vscode/@xpack-dev-tools/arm-none-eabi-gcc/12.3.1-1.2.1/.content/bin/../lib/gcc/arm-none-eabi/12.3.1/../../../../arm-none-eabi/lib/thumb/v7e-m+fp/hard/libc_nano.a(libc_a-malloc.o)
                              build/nyan_os.o (malloc)
/home/qrsnap/.config/Code/User/globalStorage/bmd.stm32-for-vscode/@xpack-dev-tools/arm-none-eabi-gcc/12.3.1-1.2.1/.content/bin/../lib/gcc/arm-none-eabi/12.3.1/../../../../arm-none-eabi/lib/thumb/v7e-m+fp/hard/libc_nano.a(libc_a-mallocr.o)
                              /home/qrsnap/.config/Code/User/globalStorage/bmd.stm32-for-vscode/@xpack-dev-tools/arm-none-eabi-gcc/12.3.1-1.2.1/.content/bin/../lib/gcc/arm-none-eabi/12.3.1/../../../../arm-none-eabi/lib/thumb/v7e-m+fp/hard/libc_nano.a(libc_a-malloc.o) (_malloc_r)
/home/qrsnap/.config/Code/User/globalStorage/bmd.stm32-for-vscode/@xpack-dev-tools/arm-none-eabi-gcc/12.3.1-1.2.1/.content/bin/../lib/gcc/arm-none-eabi/12.3.1/../../../../arm-none-eabi/lib/thumb/v7e-m+fp/hard/libc_nano.a(libc_a-mlock.o)
                              /home/qrsnap/.config/Code/User/globalStorage/bmd.stm32-for-vscode/@xpack-dev-tools/arm-none-eabi-gcc/12.3.1-1.2.1/.content/bin/../lib/gcc/arm-none-eabi/12.3.1/../../../../arm-none-eabi/lib/thumb/v7e-m+fp/hard/libc_nano.a(libc_a-mallocr.o) (__malloc_lock)
/home/qrsnap/.config/Code/User/globalStorage/bmd.stm32-for-vscode/@xpack-dev-tools/arm-none-eabi-gcc/12.3.1-1.2.1/.content/bin/../lib/gcc/arm-none-eabi/12.3.1/../../../../arm-none-eabi/lib/thumb/v7e-m+fp/hard/libc_nano.a(libc_a-realloc.o)
                              build/lattice_ice_hx.o (realloc)
/home/qrsnap/.config/Code/User/globalStorage/bmd.stm32-for-vscode/@xpack-dev-tools/arm-none-eabi-gcc/12.3.1-1.2.1/.content/bin/../lib/gcc/arm-none-eabi/12.3.1/../../../../arm-none-eabi/lib/thumb/v7e-m+fp/hard/libc_nano.a(libc_a-reallocr.o)
                              /home/qrsnap/.config/Code/User/globalStorage/bmd.stm32-for-vscode/@xpack-dev-tools/arm-none-eabi-gcc/12.3.1-1.2.1/.content/bin/../lib/gcc/arm-none-eabi/12.3.1/../../../../arm-none-eabi/lib/thumb/v7e-m+fp/hard/libc_nano.a(libc_a-realloc.o) (_realloc_r)
/home/qrsnap/.config/Code/User/globalStorage/bmd.stm32-for-vscode/@xpack-dev-tools/arm-none-eabi-gcc/12.3.1-1.2.1/.content/bin/../lib/gcc/arm-none-eabi/12.3.1/../../../../arm-none-eabi/lib/thumb/v7e-m+fp/hard/libc_nano.a(libc_a-strtol.o)
                              /home/qrsnap/.config/Code/User/globalStorage/bmd.stm32-for-vscode/@xpack-dev-tools/arm-none-eabi-gcc/12.3.1-1.2.1/.content/bin/../lib/gcc/arm-none-eabi/12.3.1/../../../../arm-none-eabi/lib/thumb/v7e-m+fp/hard/libc_nano.a(libc_a-atoi.o) (_strtol_r)
/home/qrsnap/.config/Code/User/globalStorage/bmd.stm32-for-vscode/@xpack-dev-tools/arm-none-eabi-gcc/12.3.1-1.2.1/.content/bin/../lib/gcc/arm-none-eabi/12.3.1/../../../../arm-none-eabi/lib/thumb/v7e-m+fp/hard/libc_nano.a(libc_a-ctype_.o)
                              /home/qrsnap/.config/Code/User/globalStorage/bmd.stm32-for-vscode/@xpack-dev-tools/arm-none-eabi-gcc/12.3.1-1.2.1/.content/bin/../lib/gcc/arm-none-eabi/12.3.1/../../../../arm-none-eabi/lib/thumb/v7e-m+fp/hard/libc_nano.a(libc_a-strtol.o) (_ctype_)
/home/qrsnap/.config/Code/User/globalStorage/bmd.stm32-for-vscode/@xpack-dev-tools/arm-none-eabi-gcc/12.3.1-1.2.1/.content/bin/../lib/gcc/arm-none-eabi/12.3.1/../../../../arm-none-eabi/lib/thumb/v7e-m+fp/hard/libc_nano.a(libc_a-fgetc.o)
                              build/iceuncompr.o (fgetc)
[...]
Memory Configuration

Name             Origin             Length             Attributes
RAM              0x20000000         0x00040000         xrw
FLASH            0x08000000         0x00080000         xr
*default*        0x00000000         0xffffffff

Linker script and memory map

LOAD /home/qrsnap/.config/Code/User/globalStorage/bmd.stm32-for-vscode/@xpack-dev-tools/arm-none-eabi-gcc/12.3.1-1.2.1/.content/bin/../lib/gcc/arm-none-eabi/12.3.1/thumb/v7e-m+fp/hard/crti.o
LOAD /home/qrsnap/.config/Code/User/globalStorage/bmd.stm32-for-vscode/@xpack-dev-tools/arm-none-eabi-gcc/12.3.1-1.2.1/.content/bin/../lib/gcc/arm-none-eabi/12.3.1/thumb/v7e-m+fp/hard/crtbegin.o
LOAD /home/qrsnap/.config/Code/User/globalStorage/bmd.stm32-for-vscode/@xpack-dev-tools/arm-none-eabi-gcc/12.3.1-1.2.1/.content/bin/../lib/gcc/arm-none-eabi/12.3.1/../../../../arm-none-eabi/lib/thumb/v7e-m+fp/hard/crt0.o
LOAD build/24xx_eeprom.o
LOAD build/dma.o
LOAD build/gpio.o
LOAD build/i2c.o
LOAD build/iceuncompr.o
LOAD build/lattice_ice_hx.o
LOAD build/main.o
LOAD build/nyan_leds.o
LOAD build/nyan_os.o
LOAD build/nyan_sha256.o
LOAD build/rng.o
LOAD build/spi.o
LOAD build/stm32f7xx_hal_msp.o
LOAD build/stm32f7xx_it.o
LOAD build/system_stm32f7xx.o
LOAD build/tim.o
LOAD build/usb_otg.o
LOAD build/stm32f7xx_hal.o
LOAD build/stm32f7xx_hal_cortex.o
LOAD build/stm32f7xx_hal_dma.o
LOAD build/stm32f7xx_hal_dma_ex.o
LOAD build/stm32f7xx_hal_exti.o
LOAD build/stm32f7xx_hal_flash.o
LOAD build/stm32f7xx_hal_flash_ex.o
LOAD build/stm32f7xx_hal_gpio.o
LOAD build/stm32f7xx_hal_i2c.o
LOAD build/stm32f7xx_hal_i2c_ex.o
LOAD build/stm32f7xx_hal_pcd.o
LOAD build/stm32f7xx_hal_pcd_ex.o
LOAD build/stm32f7xx_hal_pwr.o
LOAD build/stm32f7xx_hal_pwr_ex.o
LOAD build/stm32f7xx_hal_rcc.o
LOAD build/stm32f7xx_hal_rcc_ex.o
LOAD build/stm32f7xx_hal_rng.o
LOAD build/stm32f7xx_hal_spi.o
LOAD build/stm32f7xx_hal_spi_ex.o
LOAD build/stm32f7xx_hal_tim.o
LOAD build/stm32f7xx_hal_tim_ex.o
LOAD build/stm32f7xx_ll_usb.o
LOAD build/usb_device.o
LOAD build/usbd_cdc_acm_if.o
LOAD build/usbd_desc.o
LOAD build/usbd_cdc_acm.o
LOAD build/usbd_composite.o
LOAD build/usbd_hid_keyboard.o
LOAD build/usbd_core.o
LOAD build/usbd_ctlreq.o
LOAD build/usbd_ioreq.o
LOAD build/usbd_conf.o
LOAD build/startup_stm32f723xx.o
LOAD /home/qrsnap/.config/Code/User/globalStorage/bmd.stm32-for-vscode/@xpack-dev-tools/arm-none-eabi-gcc/12.3.1-1.2.1/.content/bin/../lib/gcc/arm-none-eabi/12.3.1/../../../../arm-none-eabi/lib/thumb/v7e-m+fp/hard/libc_nano.a
LOAD /home/qrsnap/.config/Code/User/globalStorage/bmd.stm32-for-vscode/@xpack-dev-tools/arm-none-eabi-gcc/12.3.1-1.2.1/.content/bin/../lib/gcc/arm-none-eabi/12.3.1/../../../../arm-none-eabi/lib/thumb/v7e-m+fp/hard/libm.a
LOAD /home/qrsnap/.config/Code/User/globalStorage/bmd.stm32-for-vscode/@xpack-dev-tools/arm-none-eabi-gcc/12.3.1-1.2.1/.content/bin/../lib/gcc/arm-none-eabi/12.3.1/../../../../arm-none-eabi/lib/thumb/v7e-m+fp/hard/libnosys.a
START GROUP
LOAD /home/qrsnap/.config/Code/User/globalStorage/bmd.stm32-for-vscode/@xpack-dev-tools/arm-none-eabi-gcc/12.3.1-1.2.1/.content/bin/../lib/gcc/arm-none-eabi/12.3.1/thumb/v7e-m+fp/hard/libgcc.a
LOAD /home/qrsnap/.config/Code/User/globalStorage/bmd.stm32-for-vscode/@xpack-dev-tools/arm-none-eabi-gcc/12.3.1-1.2.1/.content/bin/../lib/gcc/arm-none-eabi/12.3.1/../../../../arm-none-eabi/lib/thumb/v7e-m+fp/hard/libc_nano.a
END GROUP
START GROUP
LOAD /home/qrsnap/.config/Code/User/globalStorage/bmd.stm32-for-vscode/@xpack-dev-tools/arm-none-eabi-gcc/12.3.1-1.2.1/.content/bin/../lib/gcc/arm-none-eabi/12.3.1/thumb/v7e-m+fp/hard/libgcc.a
LOAD /home/qrsnap/.config/Code/User/globalStorage/bmd.stm32-for-vscode/@xpack-dev-tools/arm-none-eabi-gcc/12.3.1-1.2.1/.content/bin/../lib/gcc/arm-none-eabi/12.3.1/../../../../arm-none-eabi/lib/thumb/v7e-m+fp/hard/libc_nano.a
END GROUP
LOAD /home/qrsnap/.config/Code/User/globalStorage/bmd.stm32-for-vscode/@xpack-dev-tools/arm-none-eabi-gcc/12.3.1-1.2.1/.content/bin/../lib/gcc/arm-none-eabi/12.3.1/thumb/v7e-m+fp/hard/crtend.o
LOAD /home/qrsnap/.config/Code/User/globalStorage/bmd.stm32-for-vscode/@xpack-dev-tools/arm-none-eabi-gcc/12.3.1-1.2.1/.content/bin/../lib/gcc/arm-none-eabi/12.3.1/thumb/v7e-m+fp/hard/crtn.o
                0x20040000                        _estack = (ORIGIN (RAM) + LENGTH (RAM))
                0x00000800                        _Min_Heap_Size = 0x800
                0x00000800                        _Min_Stack_Size = 0x800

.isr_vector     0x08000000      0x1e0
                0x08000000                        . = ALIGN (0x4)
 *(.isr_vector)
 .isr_vector    0x08000000      0x1e0 build/startup_stm32f723xx.o
                0x08000000                g_pfnVectors
                0x080001e0                        . = ALIGN (0x4)

.text           0x080001e0     0xd284
                0x080001e0                        . = ALIGN (0x4)
 *(.text)
 .text          0x080001e0       0xa0 /home/qrsnap/.config/Code/User/globalStorage/bmd.stm32-for-vscode/@xpack-dev-tools/arm-none-eabi-gcc/12.3.1-1.2.1/.content/bin/../lib/gcc/arm-none-eabi/12.3.1/../../../../arm-none-eabi/lib/thumb/v7e-m+fp/hard/libc_nano.a(libc_a-memchr.o)
                0x080001e0                memchr
 .text          0x08000280       0x10 /home/qrsnap/.config/Code/User/globalStorage/bmd.stm32-for-vscode/@xpack-dev-tools/arm-none-eabi-gcc/12.3.1-1.2.1/.content/bin/../lib/gcc/arm-none-eabi/12.3.1/../../../../arm-none-eabi/lib/thumb/v7e-m+fp/hard/libc_nano.a(libc_a-strlen.o)
                0x08000280                strlen
 .text          0x08000290      0x378 /home/qrsnap/.config/Code/User/globalStorage/bmd.stm32-for-vscode/@xpack-dev-tools/arm-none-eabi-gcc/12.3.1-1.2.1/.content/bin/../lib/gcc/arm-none-eabi/12.3.1/thumb/v7e-m+fp/hard/libgcc.a(_arm_addsubdf3.o)
                0x08000290                __aeabi_drsub
                0x08000298                __aeabi_dsub
                0x08000298                __subdf3
                0x0800029c                __adddf3
                0x0800029c                __aeabi_dadd
                0x08000514                __aeabi_ui2d
                0x08000514                __floatunsidf
                0x08000534                __floatsidf
                0x08000534                __aeabi_i2d
                0x08000558                __extendsfdf2
                0x08000558                __aeabi_f2d
                0x0800059c                __aeabi_ul2d
                0x0800059c                __floatundidf
                0x080005ac                __floatdidf
                0x080005ac                __aeabi_l2d
 .text          0x08000608      0x424 /home/qrsnap/.config/Code/User/globalStorage/bmd.stm32-for-vscode/@xpack-dev-tools/arm-none-eabi-gcc/12.3.1-1.2.1/.content/bin/../lib/gcc/arm-none-eabi/12.3.1/thumb/v7e-m+fp/hard/libgcc.a(_arm_muldivdf3.o)
                0x08000608                __aeabi_dmul
                0x08000608                __muldf3
                0x0800085c                __aeabi_ddiv
                0x0800085c                __divdf3
 .text          0x08000a2c      0x110 /home/qrsnap/.config/Code/User/globalStorage/bmd.stm32-for-vscode/@xpack-dev-tools/arm-none-eabi-gcc/12.3.1-1.2.1/.content/bin/../lib/gcc/arm-none-eabi/12.3.1/thumb/v7e-m+fp/hard/libgcc.a(_arm_cmpdf2.o)
                0x08000a2c                __gtdf2
                0x08000a2c                __gedf2
                0x08000a34                __ltdf2
                0x08000a34                __ledf2
                0x08000a3c                __cmpdf2
                0x08000a3c                __eqdf2
                0x08000a3c                __nedf2
                0x08000ab8                __aeabi_cdrcmple
                0x08000ac8                __aeabi_cdcmple
                0x08000ac8                __aeabi_cdcmpeq
                0x08000ad8                __aeabi_dcmpeq
                0x08000aec                __aeabi_dcmplt
                0x08000b00                __aeabi_dcmple
                0x08000b14                __aeabi_dcmpge
                0x08000b28                __aeabi_dcmpgt
 .text          0x08000b3c       0x2c /home/qrsnap/.config/Code/User/globalStorage/bmd.stm32-for-vscode/@xpack-dev-tools/arm-none-eabi-gcc/12.3.1-1.2.1/.content/bin/../lib/gcc/arm-none-eabi/12.3.1/thumb/v7e-m+fp/hard/libgcc.a(_arm_unorddf2.o)
                0x08000b3c                __aeabi_dcmpun
                0x08000b3c                __unorddf2
 .text          0x08000b68       0x40 /home/qrsnap/.config/Code/User/globalStorage/bmd.stm32-for-vscode/@xpack-dev-tools/arm-none-eabi-gcc/12.3.1-1.2.1/.content/bin/../lib/gcc/arm-none-eabi/12.3.1/thumb/v7e-m+fp/hard/libgcc.a(_arm_fixunsdfsi.o)
                0x08000b68                __fixunsdfsi
                0x08000b68                __aeabi_d2uiz
 .text          0x08000ba8       0xa0 /home/qrsnap/.config/Code/User/globalStorage/bmd.stm32-for-vscode/@xpack-dev-tools/arm-none-eabi-gcc/12.3.1-1.2.1/.content/bin/../lib/gcc/arm-none-eabi/12.3.1/thumb/v7e-m+fp/hard/libgcc.a(_arm_truncdfsf2.o)
                0x08000ba8                __aeabi_d2f
                0x08000ba8                __truncdfsf2
 .text          0x08000c48       0x30 /home/qrsnap/.config/Code/User/globalStorage/bmd.stm32-for-vscode/@xpack-dev-tools/arm-none-eabi-gcc/12.3.1-1.2.1/.content/bin/../lib/gcc/arm-none-eabi/12.3.1/thumb/v7e-m+fp/hard/libgcc.a(_aeabi_uldivmod.o)
                0x08000c48                __aeabi_uldivmod
 .text          0x08000c78        0x4 /home/qrsnap/.config/Code/User/globalStorage/bmd.stm32-for-vscode/@xpack-dev-tools/arm-none-eabi-gcc/12.3.1-1.2.1/.content/bin/../lib/gcc/arm-none-eabi/12.3.1/thumb/v7e-m+fp/hard/libgcc.a(_dvmd_tls.o)
                0x08000c78                __aeabi_ldiv0
                0x08000c78                __aeabi_idiv0
 *(.text*)
 .text.__do_global_dtors_aux
                0x08000c7c       0x24 /home/qrsnap/.config/Code/User/globalStorage/bmd.stm32-for-vscode/@xpack-dev-tools/arm-none-eabi-gcc/12.3.1-1.2.1/.content/bin/../lib/gcc/arm-none-eabi/12.3.1/thumb/v7e-m+fp/hard/crtbegin.o
 .text.frame_dummy
                0x08000ca0       0x1c /home/qrsnap/.config/Code/User/globalStorage/bmd.stm32-for-vscode/@xpack-dev-tools/arm-none-eabi-gcc/12.3.1-1.2.1/.content/bin/../lib/gcc/arm-none-eabi/12.3.1/thumb/v7e-m+fp/hard/crtbegin.o
 .text.EepromInit
                0x08000cbc       0x2a build/24xx_eeprom.o
                0x08000cbc                EepromInit
 .text.EepromFlushTxBuff
                0x08000ce6       0x10 build/24xx_eeprom.o
                0x08000ce6                EepromFlushTxBuff
 .text.EepromCreateControlByte
                0x08000cf6       0x26 build/24xx_eeprom.o
                0x08000cf6                EepromCreateControlByte
 .text.EepromWrite
                0x08000d1c       0x44 build/24xx_eeprom.o
                0x08000d1c                EepromWrite
 .text.EepromRead
                0x08000d60       0x50 build/24xx_eeprom.o
                0x08000d60                EepromRead
 .text.MX_DMA_Init
                0x08000db0       0x44 build/dma.o
                0x08000db0                MX_DMA_Init
 .text.MX_GPIO_Init
                0x08000df4      0x108 build/gpio.o
                0x08000df4                MX_GPIO_Init
 .text.MX_I2C1_Init
                0x08000efc       0x5c build/i2c.o
                0x08000efc                MX_I2C1_Init
 .text.HAL_I2C_MspInit
                0x08000f58      0x130 build/i2c.o
                0x08000f58                HAL_I2C_MspInit
 .text.read_bit
                0x08001088       0x32 build/iceuncompr.o
                0x08001088                read_bit
 *fill*         0x080010ba        0x2 
 .text.write_bit
                0x080010bc       0x38 build/iceuncompr.o
                0x080010bc                write_bit
 .text.read_int
                0x080010f4       0x2e build/iceuncompr.o
                0x080010f4                read_int
 .text.write_zeros
                0x08001122       0x18 build/iceuncompr.o
                0x08001122                write_zeros
 *fill*         0x0800113a        0x2 
 .text.ice_uncompress
                0x0800113c      0x108 build/iceuncompr.o
                0x0800113c                ice_uncompress
 .text.WriteUncomprBitstream
                0x08001244       0x24 build/iceuncompr.o
                0x08001244                WriteUncomprBitstream
 .text.FPGAGetBitstreamData
                0x08001268       0x7c build/lattice_ice_hx.o
                0x08001268                FPGAGetBitstreamData
 .text.FPGAGetBitstreamCompressedSize
                0x080012e4       0x28 build/lattice_ice_hx.o
                0x080012e4                FPGAGetBitstreamCompressedSize
 .text.FPGAInit
                0x0800130c       0x84 build/lattice_ice_hx.o
                0x0800130c                FPGAInit
 .text.HAL_I2C_MemTxCpltCallback
                0x08001390        0xc build/main.o
                0x08001390                HAL_I2C_MemTxCpltCallback
 .text.HAL_I2C_MemRxCpltCallback
                0x0800139c        0xc build/main.o
                0x0800139c                HAL_I2C_MemRxCpltCallback
 .text.HAL_TIM_PeriodElapsedCallback
                0x080013a8       0xa0 build/main.o
                0x080013a8                HAL_TIM_PeriodElapsedCallback
 .text.HAL_TIM_OC_DelayElapsedCallback
                0x08001448       0x88 build/main.o
                0x08001448                HAL_TIM_OC_DelayElapsedCallback
 .text.Error_Handler
                0x080014d0       0x40 build/main.o
                0x080014d0                Error_Handler
 .text.SystemClock_Config
                0x08001510       0xb0 build/main.o
                0x08001510                SystemClock_Config
 .text.main     0x080015c0       0xa8 build/main.o
                0x080015c0                main
 .text.HAL_I2C_ErrorCallback
                0x08001668       0x1c build/main.o
                0x08001668                HAL_I2C_ErrorCallback
 *fill*         0x08001684        0x4 
 .text.getSystemStatusOCRValue
                0x08001688       0x60 build/nyan_leds.o
                0x08001688                getSystemStatusOCRValue
 .text.NyanPrint
                0x080016e8       0xa0 build/nyan_os.o
                0x080016e8                NyanPrint
 .text.NyanWelcomeDisplay
                0x08001788       0x3c build/nyan_os.o
                0x08001788                NyanWelcomeDisplay
 .text.NyanCdcTX
                0x080017c4       0xb4 build/nyan_os.o
                0x080017c4                NyanCdcTX
 .text.NyanExeGetinfo
                0x08001878       0x70 build/nyan_os.o
                0x08001878                NyanExeGetinfo
 .text.NyanExeSetOwner
                0x080018e8      0x112 build/nyan_os.o
                0x080018e8                NyanExeSetOwner
 *fill*         0x080019fa        0x2 
 .text.NyanExeWriteFpgaBitstream
                0x080019fc      0x1e4 build/nyan_os.o
                0x080019fc                NyanExeWriteFpgaBitstream
 .text.NyanExecute
                0x08001be0       0xcc build/nyan_os.o
                0x08001be0                NyanExecute
 .text.FreeNyanCommandArgs
                0x08001cac       0x36 build/nyan_os.o
                0x08001cac                FreeNyanCommandArgs
 *fill*         0x08001ce2        0x2 
 .text.NyanDecodeArgs
                0x08001ce4       0x9c build/nyan_os.o
                0x08001ce4                NyanDecodeArgs
 .text.NyanDecode
                0x08001d80       0x48 build/nyan_os.o
                0x08001d80                NyanDecode
 .text.FreeNyanString
                0x08001dc8       0x24 build/nyan_os.o
                0x08001dc8                FreeNyanString
 .text.ClearNyanCommandBuffer
                0x08001dec       0x12 build/nyan_os.o
                0x08001dec                ClearNyanCommandBuffer
 .text.NyanOsInit
                0x08001dfe       0x54 build/nyan_os.o
                0x08001dfe                NyanOsInit
 *fill*         0x08001e52        0x2 
 .text.NyanAddInputBuffer
                0x08001e54      0x15c build/nyan_os.o
                0x08001e54                NyanAddInputBuffer
 .text.sha256_transform
                0x08001fb0      0x174 build/nyan_sha256.o
                0x08001fb0                sha256_transform
 .text.sha256_init
                0x08002124       0x54 build/nyan_sha256.o
                0x08002124                sha256_init
 .text.sha256_update
                0x08002178       0x40 build/nyan_sha256.o
                0x08002178                sha256_update
 .text.sha256_final
                0x080021b8       0xe6 build/nyan_sha256.o
                0x080021b8                sha256_final
 *fill*         0x0800229e        0x2 
 .text.MX_RNG_Init
                0x080022a0       0x20 build/rng.o
                0x080022a0                MX_RNG_Init
 .text.HAL_RNG_MspInit
                0x080022c0       0x50 build/rng.o
                0x080022c0                HAL_RNG_MspInit
 .text.MX_SPI1_Init
                0x08002310       0x4c build/spi.o
                0x08002310                MX_SPI1_Init
 .text.MX_SPI2_Init
                0x0800235c       0x4c build/spi.o
                0x0800235c                MX_SPI2_Init
 .text.MX_SPI4_Init
                0x080023a8       0x4c build/spi.o
                0x080023a8                MX_SPI4_Init
 .text.HAL_SPI_MspInit
                0x080023f4      0x134 build/spi.o
                0x080023f4                HAL_SPI_MspInit
 .text.HAL_MspInit
                0x08002528       0x30 build/stm32f7xx_hal_msp.o
                0x08002528                HAL_MspInit
 .text.NMI_Handler
                0x08002558        0x2 build/stm32f7xx_it.o
                0x08002558                NMI_Handler
 *fill*         0x0800255a        0x2 
 .text.HardFault_Handler
                0x0800255c       0x3c build/stm32f7xx_it.o
                0x0800255c                HardFault_Handler
 .text.MemManage_Handler
                0x08002598        0x2 build/stm32f7xx_it.o
                0x08002598                MemManage_Handler
 .text.BusFault_Handler
                0x0800259a        0x2 build/stm32f7xx_it.o
                0x0800259a                BusFault_Handler
 .text.UsageFault_Handler
                0x0800259c        0x2 build/stm32f7xx_it.o
                0x0800259c                UsageFault_Handler
 .text.SVC_Handler
                0x0800259e        0x2 build/stm32f7xx_it.o
                0x0800259e                SVC_Handler
 .text.DebugMon_Handler
                0x080025a0        0x2 build/stm32f7xx_it.o
                0x080025a0                DebugMon_Handler
 .text.PendSV_Handler
                0x080025a2        0x2 build/stm32f7xx_it.o
                0x080025a2                PendSV_Handler
 .text.SysTick_Handler
                0x080025a4        0x8 build/stm32f7xx_it.o
                0x080025a4                SysTick_Handler
 .text.DMA1_Stream0_IRQHandler
                0x080025ac       0x10 build/stm32f7xx_it.o
                0x080025ac                DMA1_Stream0_IRQHandler
 .text.DMA1_Stream6_IRQHandler
                0x080025bc       0x10 build/stm32f7xx_it.o
                0x080025bc                DMA1_Stream6_IRQHandler
 .text.TIM1_UP_TIM10_IRQHandler
                0x080025cc       0x10 build/stm32f7xx_it.o
                0x080025cc                TIM1_UP_TIM10_IRQHandler
 .text.TIM1_CC_IRQHandler
                0x080025dc       0x10 build/stm32f7xx_it.o
                0x080025dc                TIM1_CC_IRQHandler
 .text.I2C1_EV_IRQHandler
                0x080025ec       0x10 build/stm32f7xx_it.o
                0x080025ec                I2C1_EV_IRQHandler
 .text.I2C1_ER_IRQHandler
                0x080025fc       0x10 build/stm32f7xx_it.o
                0x080025fc                I2C1_ER_IRQHandler
 .text.TIM8_CC_IRQHandler
                0x0800260c       0x10 build/stm32f7xx_it.o
                0x0800260c                TIM8_CC_IRQHandler
 .text.TIM6_DAC_IRQHandler
                0x0800261c       0x10 build/stm32f7xx_it.o
                0x0800261c                TIM6_DAC_IRQHandler
 .text.TIM7_IRQHandler
                0x0800262c       0x10 build/stm32f7xx_it.o
                0x0800262c                TIM7_IRQHandler
 .text.OTG_HS_IRQHandler
                0x0800263c       0x10 build/stm32f7xx_it.o
                0x0800263c                OTG_HS_IRQHandler
 .text.SystemInit
                0x0800264c       0x14 build/system_stm32f7xx.o
                0x0800264c                SystemInit
 .text.MX_TIM1_Init
                0x08002660       0xc8 build/tim.o
                0x08002660                MX_TIM1_Init
 .text.MX_TIM6_Init
                0x08002728       0x50 build/tim.o
                0x08002728                MX_TIM6_Init
 .text.MX_TIM7_Init
                0x08002778       0x54 build/tim.o
                0x08002778                MX_TIM7_Init
 .text.MX_TIM8_Init
                0x080027cc       0xf4 build/tim.o
                0x080027cc                MX_TIM8_Init
 .text.HAL_TIM_OC_MspInit
                0x080028c0       0x50 build/tim.o
                0x080028c0                HAL_TIM_OC_MspInit
 .text.HAL_TIM_Base_MspInit
                0x08002910       0xa0 build/tim.o
                0x08002910                HAL_TIM_Base_MspInit
 .text.MX_USB_OTG_HS_PCD_Init
                0x080029b0       0x38 build/usb_otg.o
                0x080029b0                MX_USB_OTG_HS_PCD_Init
 .text.HAL_PCD_MspInit
                0x080029e8       0xf8 build/usb_otg.o
                0x080029e8                HAL_PCD_MspInit
 .text.HAL_InitTick
                0x08002ae0       0x4c build/stm32f7xx_hal.o
                0x08002ae0                HAL_InitTick
 .text.HAL_Init
                0x08002b2c       0x24 build/stm32f7xx_hal.o
                0x08002b2c                HAL_Init
 .text.HAL_IncTick
                0x08002b50       0x18 build/stm32f7xx_hal.o
                0x08002b50                HAL_IncTick
 .text.HAL_GetTick
                0x08002b68        0xc build/stm32f7xx_hal.o
                0x08002b68                HAL_GetTick
 .text.HAL_Delay
                0x08002b74       0x28 build/stm32f7xx_hal.o
                0x08002b74                HAL_Delay
 .text.__NVIC_SetPriority
                0x08002b9c       0x24 build/stm32f7xx_hal_cortex.o
 .text.NVIC_EncodePriority
                0x08002bc0       0x3e build/stm32f7xx_hal_cortex.o
 *fill*         0x08002bfe        0x2 
 .text.HAL_NVIC_SetPriorityGrouping
                0x08002c00       0x24 build/stm32f7xx_hal_cortex.o
                0x08002c00                HAL_NVIC_SetPriorityGrouping
 .text.HAL_NVIC_SetPriority
                0x08002c24       0x20 build/stm32f7xx_hal_cortex.o
                0x08002c24                HAL_NVIC_SetPriority
 .text.HAL_NVIC_EnableIRQ
                0x08002c44       0x1c build/stm32f7xx_hal_cortex.o
                0x08002c44                HAL_NVIC_EnableIRQ
 .text.HAL_SYSTICK_Config
                0x08002c60       0x28 build/stm32f7xx_hal_cortex.o
                0x08002c60                HAL_SYSTICK_Config
 .text.DMA_SetConfig
                0x08002c88       0x2c build/stm32f7xx_hal_dma.o
 .text.DMA_CalcBaseAndBitshift
                0x08002cb4       0x40 build/stm32f7xx_hal_dma.o
 .text.DMA_CheckFifoParam
                0x08002cf4       0x8e build/stm32f7xx_hal_dma.o
 *fill*         0x08002d82        0x2 
 .text.HAL_DMA_Init
                0x08002d84       0xcc build/stm32f7xx_hal_dma.o
                0x08002d84                HAL_DMA_Init
 .text.HAL_DMA_Start_IT
                0x08002e50       0x74 build/stm32f7xx_hal_dma.o
                0x08002e50                HAL_DMA_Start_IT
 .text.HAL_DMA_Abort_IT
                0x08002ec4       0x26 build/stm32f7xx_hal_dma.o
                0x08002ec4                HAL_DMA_Abort_IT
 *fill*         0x08002eea        0x2 
 .text.HAL_DMA_IRQHandler
                0x08002eec      0x1dc build/stm32f7xx_hal_dma.o
                0x08002eec                HAL_DMA_IRQHandler
 .text.HAL_DMA_GetState
                0x080030c8        0x6 build/stm32f7xx_hal_dma.o
                0x080030c8                HAL_DMA_GetState
 .text.HAL_DMA_GetError
                0x080030ce        0x4 build/stm32f7xx_hal_dma.o
                0x080030ce                HAL_DMA_GetError
 *fill*         0x080030d2        0x2 
 .text.HAL_GPIO_Init
                0x080030d4      0x1e8 build/stm32f7xx_hal_gpio.o
                0x080030d4                HAL_GPIO_Init
 .text.HAL_GPIO_ReadPin
                0x080032bc        0xe build/stm32f7xx_hal_gpio.o
                0x080032bc                HAL_GPIO_ReadPin
 .text.HAL_GPIO_WritePin
                0x080032ca        0xc build/stm32f7xx_hal_gpio.o
                0x080032ca                HAL_GPIO_WritePin
 .text.I2C_Flush_TXDR
                0x080032d6       0x22 build/stm32f7xx_hal_i2c.o
 .text.I2C_TransferConfig
                0x080032f8       0x3c build/stm32f7xx_hal_i2c.o
 .text.I2C_Enable_IRQ
                0x08003334       0x7c build/stm32f7xx_hal_i2c.o
 .text.I2C_Disable_IRQ
                0x080033b0       0x70 build/stm32f7xx_hal_i2c.o
 .text.HAL_I2C_Init
                0x08003420       0xbc build/stm32f7xx_hal_i2c.o
                0x08003420                HAL_I2C_Init
 .text.HAL_I2C_Mem_Write_DMA
                0x080034dc      0x134 build/stm32f7xx_hal_i2c.o
                0x080034dc                HAL_I2C_Mem_Write_DMA
 .text.HAL_I2C_Mem_Read_DMA
                0x08003610      0x134 build/stm32f7xx_hal_i2c.o
                0x08003610                HAL_I2C_Mem_Read_DMA
 .text.HAL_I2C_EV_IRQHandler
                0x08003744       0x10 build/stm32f7xx_hal_i2c.o
                0x08003744                HAL_I2C_EV_IRQHandler
 .text.HAL_I2C_MasterTxCpltCallback
                0x08003754        0x2 build/stm32f7xx_hal_i2c.o
                0x08003754                HAL_I2C_MasterTxCpltCallback
 .text.HAL_I2C_MasterRxCpltCallback
                0x08003756        0x2 build/stm32f7xx_hal_i2c.o
                0x08003756                HAL_I2C_MasterRxCpltCallback
 .text.I2C_ITMasterSeqCplt
                0x08003758       0x54 build/stm32f7xx_hal_i2c.o
 .text.HAL_I2C_SlaveTxCpltCallback
                0x080037ac        0x2 build/stm32f7xx_hal_i2c.o
                0x080037ac                HAL_I2C_SlaveTxCpltCallback
 .text.HAL_I2C_SlaveRxCpltCallback
                0x080037ae        0x2 build/stm32f7xx_hal_i2c.o
                0x080037ae                HAL_I2C_SlaveRxCpltCallback
 .text.I2C_ITSlaveSeqCplt
                0x080037b0       0x82 build/stm32f7xx_hal_i2c.o
 .text.HAL_I2C_AddrCallback
                0x08003832        0x2 build/stm32f7xx_hal_i2c.o
                0x08003832                HAL_I2C_AddrCallback
 .text.I2C_ITAddrCplt
                0x08003834       0xa0 build/stm32f7xx_hal_i2c.o
 .text.HAL_I2C_ListenCpltCallback
                0x080038d4        0x2 build/stm32f7xx_hal_i2c.o
                0x080038d4                HAL_I2C_ListenCpltCallback
 *fill*         0x080038d6        0x2 
 .text.I2C_ITListenCplt
                0x080038d8       0x68 build/stm32f7xx_hal_i2c.o
 .text.HAL_I2C_AbortCpltCallback
                0x08003940        0x2 build/stm32f7xx_hal_i2c.o
                0x08003940                HAL_I2C_AbortCpltCallback
 .text.I2C_TreatErrorCallback
                0x08003942       0x2e build/stm32f7xx_hal_i2c.o
 .text.I2C_ITError
                0x08003970      0x108 build/stm32f7xx_hal_i2c.o
 .text.I2C_ITSlaveCplt
                0x08003a78      0x168 build/stm32f7xx_hal_i2c.o
 .text.I2C_Slave_ISR_IT
                0x08003be0      0x150 build/stm32f7xx_hal_i2c.o
 .text.I2C_ITMasterCplt
                0x08003d30      0x12e build/stm32f7xx_hal_i2c.o
 .text.I2C_Slave_ISR_DMA
                0x08003e5e      0x122 build/stm32f7xx_hal_i2c.o
 .text.I2C_Master_ISR_DMA
                0x08003f80      0x142 build/stm32f7xx_hal_i2c.o
 .text.I2C_DMAError
                0x080040c2       0x44 build/stm32f7xx_hal_i2c.o
 .text.I2C_DMAMasterTransmitCplt
                0x08004106       0x5a build/stm32f7xx_hal_i2c.o
 .text.I2C_DMAMasterReceiveCplt
                0x08004160       0x5a build/stm32f7xx_hal_i2c.o
 *fill*         0x080041ba        0x2 
 .text.I2C_Mem_ISR_DMA
                0x080041bc      0x194 build/stm32f7xx_hal_i2c.o
 .text.HAL_I2C_ER_IRQHandler
                0x08004350       0x6a build/stm32f7xx_hal_i2c.o
                0x08004350                HAL_I2C_ER_IRQHandler
 .text.I2C_DMAAbort
                0x080043ba       0x1a build/stm32f7xx_hal_i2c.o
 .text.HAL_I2C_GetError
                0x080043d4        0x4 build/stm32f7xx_hal_i2c.o
                0x080043d4                HAL_I2C_GetError
 .text.HAL_I2CEx_ConfigAnalogFilter
                0x080043d8       0x5c build/stm32f7xx_hal_i2c_ex.o
                0x080043d8                HAL_I2CEx_ConfigAnalogFilter
 .text.HAL_I2CEx_ConfigDigitalFilter
                0x08004434       0x58 build/stm32f7xx_hal_i2c_ex.o
                0x08004434                HAL_I2CEx_ConfigDigitalFilter
 .text.PCD_WriteEmptyTxFifo
                0x0800448c       0xd0 build/stm32f7xx_hal_pcd.o
 .text.HAL_PCD_Init
                0x0800455c      0x13c build/stm32f7xx_hal_pcd.o
                0x0800455c                HAL_PCD_Init
 .text.HAL_PCD_Start
                0x08004698       0x2a build/stm32f7xx_hal_pcd.o
                0x08004698                HAL_PCD_Start
 *fill*         0x080046c2        0x2 
 .text.PCD_EP_OutXfrComplete_int
                0x080046c4      0x104 build/stm32f7xx_hal_pcd.o
 .text.PCD_EP_OutSetupPacket_int
                0x080047c8       0x50 build/stm32f7xx_hal_pcd.o
 .text.HAL_PCD_SetAddress
                0x08004818       0x28 build/stm32f7xx_hal_pcd.o
                0x08004818                HAL_PCD_SetAddress
 .text.HAL_PCD_EP_Open
                0x08004840       0x8a build/stm32f7xx_hal_pcd.o
                0x08004840                HAL_PCD_EP_Open
 .text.HAL_PCD_EP_Close
                0x080048ca       0x72 build/stm32f7xx_hal_pcd.o
                0x080048ca                HAL_PCD_EP_Close
 .text.HAL_PCD_EP_Receive
                0x0800493c       0x5e build/stm32f7xx_hal_pcd.o
                0x0800493c                HAL_PCD_EP_Receive
 .text.HAL_PCD_EP_GetRxCount
                0x0800499a       0x12 build/stm32f7xx_hal_pcd.o
                0x0800499a                HAL_PCD_EP_GetRxCount
 .text.HAL_PCD_EP_Transmit
                0x080049ac       0x5e build/stm32f7xx_hal_pcd.o
                0x080049ac                HAL_PCD_EP_Transmit
 .text.HAL_PCD_EP_SetStall
                0x08004a0a       0x88 build/stm32f7xx_hal_pcd.o
                0x08004a0a                HAL_PCD_EP_SetStall
 .text.HAL_PCD_EP_ClrStall
                0x08004a92       0x76 build/stm32f7xx_hal_pcd.o
                0x08004a92                HAL_PCD_EP_ClrStall
 .text.HAL_PCD_EP_Abort
                0x08004b08       0x34 build/stm32f7xx_hal_pcd.o
                0x08004b08                HAL_PCD_EP_Abort
 .text.HAL_PCD_IRQHandler
                0x08004b3c      0x606 build/stm32f7xx_hal_pcd.o
                0x08004b3c                HAL_PCD_IRQHandler
 .text.HAL_PCDEx_SetTxFiFo
                0x08005142       0x4c build/stm32f7xx_hal_pcd_ex.o
                0x08005142                HAL_PCDEx_SetTxFiFo
 .text.HAL_PCDEx_SetRxFiFo
                0x0800518e        0x8 build/stm32f7xx_hal_pcd_ex.o
                0x0800518e                HAL_PCDEx_SetRxFiFo
 *fill*         0x08005196        0x2 
 .text.HAL_PCDEx_ActivateLPM
                0x08005198       0x28 build/stm32f7xx_hal_pcd_ex.o
                0x08005198                HAL_PCDEx_ActivateLPM
 .text.HAL_PCDEx_LPM_Callback
                0x080051c0        0x2 build/stm32f7xx_hal_pcd_ex.o
                0x080051c0                HAL_PCDEx_LPM_Callback
 *fill*         0x080051c2        0x2 
 .text.HAL_PWREx_EnableOverDrive
                0x080051c4       0x7c build/stm32f7xx_hal_pwr_ex.o
                0x080051c4                HAL_PWREx_EnableOverDrive
 .text.HAL_RCC_OscConfig
                0x08005240      0x434 build/stm32f7xx_hal_rcc.o
                0x08005240                HAL_RCC_OscConfig
 .text.HAL_RCC_GetSysClockFreq
                0x08005674       0xa8 build/stm32f7xx_hal_rcc.o
                0x08005674                HAL_RCC_GetSysClockFreq
 .text.HAL_RCC_ClockConfig
                0x0800571c      0x16c build/stm32f7xx_hal_rcc.o
                0x0800571c                HAL_RCC_ClockConfig
 .text.HAL_RCC_GetHCLKFreq
                0x08005888        0xc build/stm32f7xx_hal_rcc.o
                0x08005888                HAL_RCC_GetHCLKFreq
 .text.HAL_RCCEx_PeriphCLKConfig
                0x08005894      0x4e4 build/stm32f7xx_hal_rcc_ex.o
                0x08005894                HAL_RCCEx_PeriphCLKConfig
 .text.HAL_RNG_Init
                0x08005d78       0x2e build/stm32f7xx_hal_rng.o
                0x08005d78                HAL_RNG_Init
 *fill*         0x08005da6        0x2 
 .text.SPI_WaitFlagStateUntilTimeout
                0x08005da8       0xc8 build/stm32f7xx_hal_spi.o
 .text.SPI_WaitFifoStateUntilTimeout
                0x08005e70       0xf0 build/stm32f7xx_hal_spi.o
 .text.SPI_EndRxTxTransaction
                0x08005f60       0xa0 build/stm32f7xx_hal_spi.o
 .text.HAL_SPI_Init
                0x08006000       0xe8 build/stm32f7xx_hal_spi.o
                0x08006000                HAL_SPI_Init
 .text.HAL_SPI_Transmit
                0x080060e8      0x200 build/stm32f7xx_hal_spi.o
                0x080060e8                HAL_SPI_Transmit
 .text.TIM_OC1_SetConfig
                0x080062e8       0x68 build/stm32f7xx_hal_tim.o
 .text.TIM_OC3_SetConfig
                0x08006350       0x70 build/stm32f7xx_hal_tim.o
 .text.TIM_OC4_SetConfig
                0x080063c0       0x54 build/stm32f7xx_hal_tim.o
 .text.TIM_OC5_SetConfig
                0x08006414       0x54 build/stm32f7xx_hal_tim.o
 .text.TIM_OC6_SetConfig
                0x08006468       0x54 build/stm32f7xx_hal_tim.o
 .text.TIM_TI1_ConfigInputStage
                0x080064bc       0x26 build/stm32f7xx_hal_tim.o
 .text.TIM_TI2_ConfigInputStage
                0x080064e2       0x28 build/stm32f7xx_hal_tim.o
 .text.TIM_ITRx_SetConfig
                0x0800650a       0x10 build/stm32f7xx_hal_tim.o
 *fill*         0x0800651a        0x2 
 .text.HAL_TIM_Base_Start_IT
                0x0800651c       0x90 build/stm32f7xx_hal_tim.o
                0x0800651c                HAL_TIM_Base_Start_IT
 .text.HAL_TIM_IC_CaptureCallback
                0x080065ac        0x2 build/stm32f7xx_hal_tim.o
                0x080065ac                HAL_TIM_IC_CaptureCallback
 .text.HAL_TIM_PWM_PulseFinishedCallback
                0x080065ae        0x2 build/stm32f7xx_hal_tim.o
                0x080065ae                HAL_TIM_PWM_PulseFinishedCallback
 .text.HAL_TIM_TriggerCallback
                0x080065b0        0x2 build/stm32f7xx_hal_tim.o
                0x080065b0                HAL_TIM_TriggerCallback
 .text.HAL_TIM_IRQHandler
                0x080065b2      0x19a build/stm32f7xx_hal_tim.o
                0x080065b2                HAL_TIM_IRQHandler
 .text.TIM_Base_SetConfig
                0x0800674c      0x110 build/stm32f7xx_hal_tim.o
                0x0800674c                TIM_Base_SetConfig
 .text.HAL_TIM_Base_Init
                0x0800685c       0x60 build/stm32f7xx_hal_tim.o
                0x0800685c                HAL_TIM_Base_Init
 .text.HAL_TIM_OC_Init
                0x080068bc       0x60 build/stm32f7xx_hal_tim.o
                0x080068bc                HAL_TIM_OC_Init
 .text.TIM_OC2_SetConfig
                0x0800691c       0x70 build/stm32f7xx_hal_tim.o
                0x0800691c                TIM_OC2_SetConfig
 .text.HAL_TIM_OC_ConfigChannel
                0x0800698c       0x7a build/stm32f7xx_hal_tim.o
                0x0800698c                HAL_TIM_OC_ConfigChannel
 .text.TIM_ETR_SetConfig
                0x08006a06       0x1a build/stm32f7xx_hal_tim.o
                0x08006a06                TIM_ETR_SetConfig
 .text.HAL_TIM_ConfigClockSource
                0x08006a20      0x100 build/stm32f7xx_hal_tim.o
                0x08006a20                HAL_TIM_ConfigClockSource
 .text.TIM_CCxChannelCmd
                0x08006b20       0x1e build/stm32f7xx_hal_tim.o
                0x08006b20                TIM_CCxChannelCmd
 *fill*         0x08006b3e        0x2 
 .text.HAL_TIM_OC_Start_IT
                0x08006b40      0x1c4 build/stm32f7xx_hal_tim.o
                0x08006b40                HAL_TIM_OC_Start_IT
 .text.HAL_TIM_OC_Stop_IT
                0x08006d04      0x100 build/stm32f7xx_hal_tim.o
                0x08006d04                HAL_TIM_OC_Stop_IT
 .text.HAL_TIMEx_MasterConfigSynchronization
                0x08006e04       0xa0 build/stm32f7xx_hal_tim_ex.o
                0x08006e04                HAL_TIMEx_MasterConfigSynchronization
 .text.HAL_TIMEx_ConfigBreakDeadTime
                0x08006ea4       0x90 build/stm32f7xx_hal_tim_ex.o
                0x08006ea4                HAL_TIMEx_ConfigBreakDeadTime
 .text.HAL_TIMEx_CommutCallback
                0x08006f34        0x2 build/stm32f7xx_hal_tim_ex.o
                0x08006f34                HAL_TIMEx_CommutCallback
 .text.HAL_TIMEx_BreakCallback
                0x08006f36        0x2 build/stm32f7xx_hal_tim_ex.o
                0x08006f36                HAL_TIMEx_BreakCallback
 .text.HAL_TIMEx_Break2Callback
                0x08006f38        0x2 build/stm32f7xx_hal_tim_ex.o
                0x08006f38                HAL_TIMEx_Break2Callback
 *fill*         0x08006f3a        0x2 
 .text.USB_CoreReset
                0x08006f3c       0x50 build/stm32f7xx_ll_usb.o
 .text.USB_HS_PHYCInit
                0x08006f8c       0x5c build/stm32f7xx_ll_usb.o
 .text.USB_CoreInit
                0x08006fe8       0xd4 build/stm32f7xx_ll_usb.o
                0x08006fe8                USB_CoreInit
 .text.USB_SetTurnaroundTime
                0x080070bc       0xe4 build/stm32f7xx_ll_usb.o
                0x080070bc                USB_SetTurnaroundTime
 .text.USB_EnableGlobalInt
                0x080071a0        0xc build/stm32f7xx_ll_usb.o
                0x080071a0                USB_EnableGlobalInt
 .text.USB_DisableGlobalInt
                0x080071ac        0xc build/stm32f7xx_ll_usb.o
                0x080071ac                USB_DisableGlobalInt
 .text.USB_FlushTxFifo
                0x080071b8       0x50 build/stm32f7xx_ll_usb.o
                0x080071b8                USB_FlushTxFifo
 .text.USB_FlushRxFifo
                0x08007208       0x4c build/stm32f7xx_ll_usb.o
                0x08007208                USB_FlushRxFifo
 .text.USB_SetDevSpeed
                0x08007254        0xe build/stm32f7xx_ll_usb.o
                0x08007254                USB_SetDevSpeed
 *fill*         0x08007262        0x2 
 .text.USB_DevInit
                0x08007264      0x1a4 build/stm32f7xx_ll_usb.o
                0x08007264                USB_DevInit
 .text.USB_GetDevSpeed
                0x08007408       0x1e build/stm32f7xx_ll_usb.o
                0x08007408                USB_GetDevSpeed
 *fill*         0x08007426        0x2 
 .text.USB_ActivateEndpoint
                0x08007428       0x98 build/stm32f7xx_ll_usb.o
                0x08007428                USB_ActivateEndpoint
 .text.USB_DeactivateEndpoint
                0x080074c0       0xe0 build/stm32f7xx_ll_usb.o
                0x080074c0                USB_DeactivateEndpoint
 .text.USB_EP0StartXfer
                0x080075a0      0x120 build/stm32f7xx_ll_usb.o
                0x080075a0                USB_EP0StartXfer
 .text.USB_EPStopXfer
                0x080076c0       0xbe build/stm32f7xx_ll_usb.o
                0x080076c0                USB_EPStopXfer
 .text.USB_WritePacket
                0x0800777e       0x2e build/stm32f7xx_ll_usb.o
                0x0800777e                USB_WritePacket
 .text.USB_EPStartXfer
                0x080077ac      0x230 build/stm32f7xx_ll_usb.o
                0x080077ac                USB_EPStartXfer
 .text.USB_ReadPacket
                0x080079dc       0x46 build/stm32f7xx_ll_usb.o
                0x080079dc                USB_ReadPacket
 .text.USB_EPSetStall
                0x08007a22       0x5a build/stm32f7xx_ll_usb.o
                0x08007a22                USB_EPSetStall
 .text.USB_EPClearStall
                0x08007a7c       0x5c build/stm32f7xx_ll_usb.o
                0x08007a7c                USB_EPClearStall
 .text.USB_SetDevAddress
                0x08007ad8       0x20 build/stm32f7xx_ll_usb.o
                0x08007ad8                USB_SetDevAddress
 .text.USB_DevConnect
                0x08007af8       0x1c build/stm32f7xx_ll_usb.o
                0x08007af8                USB_DevConnect
 .text.USB_DevDisconnect
                0x08007b14       0x1c build/stm32f7xx_ll_usb.o
                0x08007b14                USB_DevDisconnect
 .text.USB_ReadInterrupts
                0x08007b30        0x8 build/stm32f7xx_ll_usb.o
                0x08007b30                USB_ReadInterrupts
 .text.USB_ReadDevAllOutEpInterrupt
                0x08007b38       0x10 build/stm32f7xx_ll_usb.o
                0x08007b38                USB_ReadDevAllOutEpInterrupt
 .text.USB_ReadDevAllInEpInterrupt
                0x08007b48       0x10 build/stm32f7xx_ll_usb.o
                0x08007b48                USB_ReadDevAllInEpInterrupt
 .text.USB_ReadDevOutEPInterrupt
                0x08007b58       0x12 build/stm32f7xx_ll_usb.o
                0x08007b58                USB_ReadDevOutEPInterrupt
 .text.USB_ReadDevInEPInterrupt
                0x08007b6a       0x24 build/stm32f7xx_ll_usb.o
                0x08007b6a                USB_ReadDevInEPInterrupt
 .text.USB_GetMode
                0x08007b8e        0x8 build/stm32f7xx_ll_usb.o
                0x08007b8e                USB_GetMode
 .text.USB_SetCurrentMode
                0x08007b96       0x62 build/stm32f7xx_ll_usb.o
                0x08007b96                USB_SetCurrentMode
 .text.USB_ActivateSetup
                0x08007bf8       0x20 build/stm32f7xx_ll_usb.o
                0x08007bf8                USB_ActivateSetup
 .text.USB_EP0_OutStart
                0x08007c18       0x60 build/stm32f7xx_ll_usb.o
                0x08007c18                USB_EP0_OutStart
 .text.MX_USB_DEVICE_Init
                0x08007c78       0x58 build/usb_device.o
                0x08007c78                MX_USB_DEVICE_Init
 .text.CDC_DeInit
                0x08007cd0        0x4 build/usbd_cdc_acm_if.o
 .text.CDC_TransmitCplt
                0x08007cd4       0x24 build/usbd_cdc_acm_if.o
 .text.CDC_Init
                0x08007cf8       0x1c build/usbd_cdc_acm_if.o
 .text.CDC_Receive
                0x08007d14       0x74 build/usbd_cdc_acm_if.o
 .text.CDC_Control
                0x08007d88       0xa0 build/usbd_cdc_acm_if.o
 .text.CDC_Transmit
                0x08007e28       0x44 build/usbd_cdc_acm_if.o
                0x08007e28                CDC_Transmit
 .text.USBD_DeviceDescriptor
                0x08007e6c        0xc build/usbd_desc.o
                0x08007e6c                USBD_DeviceDescriptor
 .text.USBD_LangIDStrDescriptor
                0x08007e78        0xc build/usbd_desc.o
                0x08007e78                USBD_LangIDStrDescriptor
 .text.IntToUnicode
                0x08007e84       0x46 build/usbd_desc.o
 *fill*         0x08007eca        0x2 
 .text.Get_SerialNum
                0x08007ecc       0x38 build/usbd_desc.o
 .text.USBD_SerialStrDescriptor
                0x08007f04       0x14 build/usbd_desc.o
                0x08007f04                USBD_SerialStrDescriptor
 .text.USBD_ProductStrDescriptor
                0x08007f18       0x24 build/usbd_desc.o
                0x08007f18                USBD_ProductStrDescriptor
 .text.USBD_ManufacturerStrDescriptor
                0x08007f3c       0x1c build/usbd_desc.o
                0x08007f3c                USBD_ManufacturerStrDescriptor
 .text.USBD_ConfigStrDescriptor
                0x08007f58       0x24 build/usbd_desc.o
                0x08007f58                USBD_ConfigStrDescriptor
 .text.USBD_InterfaceStrDescriptor
                0x08007f7c       0x24 build/usbd_desc.o
                0x08007f7c                USBD_InterfaceStrDescriptor
 .text.USBD_CDC_EP0_RxReady
                0x08007fa0       0x4c build/usbd_cdc_acm.o
 .text.USBD_CDC_GetFSCfgDesc
                0x08007fec        0xc build/usbd_cdc_acm.o
 .text.USBD_CDC_GetHSCfgDesc
                0x08007ff8        0xc build/usbd_cdc_acm.o
 .text.USBD_CDC_GetOtherSpeedCfgDesc
                0x08008004        0xc build/usbd_cdc_acm.o
 .text.USBD_CDC_GetDeviceQualifierDescriptor
                0x08008010        0xc build/usbd_cdc_acm.o
 .text.USBD_CDC_DataOut
                0x0800801c       0x50 build/usbd_cdc_acm.o
 .text.USBD_CDC_DataIn
                0x0800806c       0x98 build/usbd_cdc_acm.o
 .text.USBD_CDC_Setup
                0x08008104      0x150 build/usbd_cdc_acm.o
 .text.USBD_CDC_DeInit
                0x08008254       0x7c build/usbd_cdc_acm.o
 .text.USBD_CDC_Init
                0x080082d0      0x164 build/usbd_cdc_acm.o
 .text.USBD_CDC_ACM_RegisterInterface
                0x08008434        0xe build/usbd_cdc_acm.o
                0x08008434                USBD_CDC_ACM_RegisterInterface
 *fill*         0x08008442        0x2 
 .text.USBD_CDC_SetTxBuffer
                0x08008444       0x1c build/usbd_cdc_acm.o
                0x08008444                USBD_CDC_SetTxBuffer
 .text.USBD_CDC_SetRxBuffer
                0x08008460       0x18 build/usbd_cdc_acm.o
                0x08008460                USBD_CDC_SetRxBuffer
 .text.USBD_CDC_TransmitPacket
                0x08008478       0x50 build/usbd_cdc_acm.o
                0x08008478                USBD_CDC_TransmitPacket
 .text.USBD_CDC_ReceivePacket
                0x080084c8       0x50 build/usbd_cdc_acm.o
                0x080084c8                USBD_CDC_ReceivePacket
 .text.USBD_Update_CDC_ACM_DESC
                0x08008518       0x98 build/usbd_cdc_acm.o
                0x08008518                USBD_Update_CDC_ACM_DESC
 .text.USBD_COMPOSITE_Init
                0x080085b0       0x24 build/usbd_composite.o
 .text.USBD_COMPOSITE_DeInit
                0x080085d4       0x24 build/usbd_composite.o
 .text.USBD_COMPOSITE_Setup
                0x080085f8       0x54 build/usbd_composite.o
 .text.USBD_COMPOSITE_DataIn
                0x0800864c       0x58 build/usbd_composite.o
 .text.USBD_COMPOSITE_EP0_RxReady
                0x080086a4       0x10 build/usbd_composite.o
 .text.USBD_COMPOSITE_EP0_TxReady
                0x080086b4        0x4 build/usbd_composite.o
 .text.USBD_COMPOSITE_SOF
                0x080086b8        0x4 build/usbd_composite.o
 .text.USBD_COMPOSITE_IsoINIncomplete
                0x080086bc        0x4 build/usbd_composite.o
 .text.USBD_COMPOSITE_IsoOutIncomplete
                0x080086c0        0x4 build/usbd_composite.o
 .text.USBD_COMPOSITE_DataOut
                0x080086c4       0x28 build/usbd_composite.o
 .text.USBD_COMPOSITE_GetHSCfgDesc
                0x080086ec        0xc build/usbd_composite.o
 .text.USBD_COMPOSITE_GetFSCfgDesc
                0x080086f8        0xc build/usbd_composite.o
 .text.USBD_COMPOSITE_GetOtherSpeedCfgDesc
                0x08008704        0xc build/usbd_composite.o
 .text.USBD_COMPOSITE_GetDeviceQualifierDesc
                0x08008710        0xc build/usbd_composite.o
 .text.USBD_COMPOSITE_GetUsrStringDesc
                0x0800871c       0x7c build/usbd_composite.o
 .text.USBD_COMPOSITE_Mount_Class
                0x08008798      0x150 build/usbd_composite.o
                0x08008798                USBD_COMPOSITE_Mount_Class
 .text.USBD_HID_GetFSCfgDesc
                0x080088e8        0xc build/usbd_hid_keyboard.o
 .text.USBD_HID_GetHSCfgDesc
                0x080088f4        0xc build/usbd_hid_keyboard.o
 .text.USBD_HID_GetOtherSpeedCfgDesc
                0x08008900        0xc build/usbd_hid_keyboard.o
 .text.USBD_HID_DataIn
                0x0800890c        0xa build/usbd_hid_keyboard.o
 *fill*         0x08008916        0x2 
 .text.USBD_HID_GetDeviceQualifierDesc
                0x08008918        0xc build/usbd_hid_keyboard.o
 .text.USBD_HID_Setup
                0x08008924      0x124 build/usbd_hid_keyboard.o
 .text.USBD_HID_DeInit
                0x08008a48       0x34 build/usbd_hid_keyboard.o
 .text.USBD_HID_Init
                0x08008a7c       0x68 build/usbd_hid_keyboard.o
 .text.USBD_Update_HID_KBD_DESC
                0x08008ae4       0x20 build/usbd_hid_keyboard.o
                0x08008ae4                USBD_Update_HID_KBD_DESC
 .text.USBD_Init
                0x08008b04       0x2a build/usbd_core.o
                0x08008b04                USBD_Init
 .text.USBD_RegisterClass
                0x08008b2e       0x44 build/usbd_core.o
                0x08008b2e                USBD_RegisterClass
 .text.USBD_Start
                0x08008b72        0x8 build/usbd_core.o
                0x08008b72                USBD_Start
 .text.USBD_SetClassConfig
                0x08008b7a       0x12 build/usbd_core.o
                0x08008b7a                USBD_SetClassConfig
 .text.USBD_ClrClassConfig
                0x08008b8c       0x10 build/usbd_core.o
                0x08008b8c                USBD_ClrClassConfig
 .text.USBD_LL_SetupStage
                0x08008b9c       0x58 build/usbd_core.o
                0x08008b9c                USBD_LL_SetupStage
 .text.USBD_LL_DataOutStage
                0x08008bf4       0x78 build/usbd_core.o
                0x08008bf4                USBD_LL_DataOutStage
 .text.USBD_LL_DataInStage
                0x08008c6c       0xbe build/usbd_core.o
                0x08008c6c                USBD_LL_DataInStage
 .text.USBD_LL_Reset
                0x08008d2a       0x54 build/usbd_core.o
                0x08008d2a                USBD_LL_Reset
 .text.USBD_LL_SetSpeed
                0x08008d7e        0x6 build/usbd_core.o
                0x08008d7e                USBD_LL_SetSpeed
 .text.USBD_LL_Suspend
                0x08008d84       0x14 build/usbd_core.o
                0x08008d84                USBD_LL_Suspend
 .text.USBD_LL_Resume
                0x08008d98       0x1a build/usbd_core.o
                0x08008d98                USBD_LL_Resume
 .text.USBD_LL_SOF
                0x08008db2       0x28 build/usbd_core.o
                0x08008db2                USBD_LL_SOF
 .text.USBD_LL_IsoINIncomplete
                0x08008dda       0x28 build/usbd_core.o
                0x08008dda                USBD_LL_IsoINIncomplete
 .text.USBD_LL_IsoOUTIncomplete
                0x08008e02       0x28 build/usbd_core.o
                0x08008e02                USBD_LL_IsoOUTIncomplete
 .text.USBD_LL_DevConnected
                0x08008e2a        0x4 build/usbd_core.o
                0x08008e2a                USBD_LL_DevConnected
 .text.USBD_LL_DevDisconnected
                0x08008e2e       0x18 build/usbd_core.o
                0x08008e2e                USBD_LL_DevDisconnected
 .text.USBD_GetLen
                0x08008e46       0x14 build/usbd_ctlreq.o
 .text.USBD_SetFeature
                0x08008e5a       0x14 build/usbd_ctlreq.o
 .text.USBD_ParseSetupRequest
                0x08008e6e       0x28 build/usbd_ctlreq.o
                0x08008e6e                USBD_ParseSetupRequest
 .text.USBD_CtlError
                0x08008e96       0x14 build/usbd_ctlreq.o
                0x08008e96                USBD_CtlError
 .text.USBD_GetDescriptor
                0x08008eaa      0x19a build/usbd_ctlreq.o
 .text.USBD_SetAddress
                0x08009044       0x50 build/usbd_ctlreq.o
 .text.USBD_SetConfig
                0x08009094       0xc8 build/usbd_ctlreq.o
 .text.USBD_GetConfig
                0x0800915c       0x40 build/usbd_ctlreq.o
 .text.USBD_GetStatus
                0x0800919c       0x38 build/usbd_ctlreq.o
 .text.USBD_ClrFeature
                0x080091d4       0x26 build/usbd_ctlreq.o
 .text.USBD_StdDevReq
                0x080091fa       0x70 build/usbd_ctlreq.o
                0x080091fa                USBD_StdDevReq
 .text.USBD_StdItfReq
                0x0800926a       0x68 build/usbd_ctlreq.o
                0x0800926a                USBD_StdItfReq
 .text.USBD_StdEPReq
                0x080092d2      0x1f2 build/usbd_ctlreq.o
                0x080092d2                USBD_StdEPReq
 .text.USBD_GetString
                0x080094c4       0x3a build/usbd_ctlreq.o
                0x080094c4                USBD_GetString
 .text.USBD_CtlSendData
                0x080094fe       0x1a build/usbd_ioreq.o
                0x080094fe                USBD_CtlSendData
 .text.USBD_CtlContinueSendData
                0x08009518       0x10 build/usbd_ioreq.o
                0x08009518                USBD_CtlContinueSendData
 .text.USBD_CtlPrepareRx
                0x08009528       0x1e build/usbd_ioreq.o
                0x08009528                USBD_CtlPrepareRx
 .text.USBD_CtlContinueRx
                0x08009546       0x10 build/usbd_ioreq.o
                0x08009546                USBD_CtlContinueRx
 .text.USBD_CtlSendStatus
                0x08009556       0x16 build/usbd_ioreq.o
                0x08009556                USBD_CtlSendStatus
 .text.USBD_CtlReceiveStatus
                0x0800956c       0x16 build/usbd_ioreq.o
                0x0800956c                USBD_CtlReceiveStatus
 .text.HAL_PCDEx_SetTxFiFoInBytes
                0x08009582        0xa build/usbd_conf.o
                0x08009582                HAL_PCDEx_SetTxFiFoInBytes
 .text.HAL_PCDEx_SetRxFiFoInBytes
                0x0800958c        0xa build/usbd_conf.o
                0x0800958c                HAL_PCDEx_SetRxFiFoInBytes
 .text.HAL_PCD_SetupStageCallback
                0x08009596       0x10 build/usbd_conf.o
                0x08009596                HAL_PCD_SetupStageCallback
 .text.HAL_PCD_DataOutStageCallback
                0x080095a6       0x18 build/usbd_conf.o
                0x080095a6                HAL_PCD_DataOutStageCallback
 .text.HAL_PCD_DataInStageCallback
                0x080095be       0x16 build/usbd_conf.o
                0x080095be                HAL_PCD_DataInStageCallback
 .text.HAL_PCD_SOFCallback
                0x080095d4        0xc build/usbd_conf.o
                0x080095d4                HAL_PCD_SOFCallback
 .text.HAL_PCD_ResetCallback
                0x080095e0       0x2c build/usbd_conf.o
                0x080095e0                HAL_PCD_ResetCallback
 .text.HAL_PCD_SuspendCallback
                0x0800960c       0x30 build/usbd_conf.o
                0x0800960c                HAL_PCD_SuspendCallback
 .text.HAL_PCD_ResumeCallback
                0x0800963c        0xc build/usbd_conf.o
                0x0800963c                HAL_PCD_ResumeCallback
 .text.HAL_PCD_ISOOUTIncompleteCallback
                0x08009648        0xc build/usbd_conf.o
                0x08009648                HAL_PCD_ISOOUTIncompleteCallback
 .text.HAL_PCD_ISOINIncompleteCallback
                0x08009654        0xc build/usbd_conf.o
                0x08009654                HAL_PCD_ISOINIncompleteCallback
 .text.HAL_PCD_ConnectCallback
                0x08009660        0xc build/usbd_conf.o
                0x08009660                HAL_PCD_ConnectCallback
 .text.HAL_PCD_DisconnectCallback
                0x0800966c        0xc build/usbd_conf.o
                0x0800966c                HAL_PCD_DisconnectCallback
 .text.USBD_LL_Init
                0x08009678       0x84 build/usbd_conf.o
                0x08009678                USBD_LL_Init
 .text.USBD_LL_IsStallEP
                0x080096fc       0x2e build/usbd_conf.o
                0x080096fc                USBD_LL_IsStallEP
 .text.USBD_LL_GetRxDataSize
                0x0800972a        0xc build/usbd_conf.o
                0x0800972a                USBD_LL_GetRxDataSize
 .text.USBD_Get_USB_Status
                0x08009736       0x14 build/usbd_conf.o
                0x08009736                USBD_Get_USB_Status
 .text.USBD_LL_Start
                0x0800974a       0x10 build/usbd_conf.o
                0x0800974a                USBD_LL_Start
 .text.USBD_LL_OpenEP
                0x0800975a       0x16 build/usbd_conf.o
                0x0800975a                USBD_LL_OpenEP
 .text.USBD_LL_CloseEP
                0x08009770       0x10 build/usbd_conf.o
                0x08009770                USBD_LL_CloseEP
 .text.USBD_LL_StallEP
                0x08009780       0x10 build/usbd_conf.o
                0x08009780                USBD_LL_StallEP
 .text.USBD_LL_ClearStallEP
                0x08009790       0x10 build/usbd_conf.o
                0x08009790                USBD_LL_ClearStallEP
 .text.USBD_LL_SetUSBAddress
                0x080097a0       0x10 build/usbd_conf.o
                0x080097a0                USBD_LL_SetUSBAddress
 .text.USBD_LL_Transmit
                0x080097b0       0x10 build/usbd_conf.o
                0x080097b0                USBD_LL_Transmit
 .text.USBD_LL_PrepareReceive
                0x080097c0       0x10 build/usbd_conf.o
                0x080097c0                USBD_LL_PrepareReceive
 .text.Reset_Handler
                0x080097d0       0x50 build/startup_stm32f723xx.o
                0x080097d0                Reset_Handler
 .text.Default_Handler
                0x08009820        0x2 build/startup_stm32f723xx.o
                0x08009820                RTC_Alarm_IRQHandler
                0x08009820                EXTI2_IRQHandler
                0x08009820                UART8_IRQHandler
                0x08009820                SPI4_IRQHandler
                0x08009820                DMA2_Stream5_IRQHandler
                0x08009820                DMA1_Stream5_IRQHandler
                0x08009820                PVD_IRQHandler
                0x08009820                TAMP_STAMP_IRQHandler
                0x08009820                EXTI3_IRQHandler
                0x08009820                TIM8_TRG_COM_TIM14_IRQHandler
                0x08009820                TIM8_UP_TIM13_IRQHandler
                0x08009820                I2C3_ER_IRQHandler
                0x08009820                EXTI0_IRQHandler
                0x08009820                I2C2_EV_IRQHandler
                0x08009820                DMA1_Stream2_IRQHandler
                0x08009820                CAN1_RX0_IRQHandler
                0x08009820                FPU_IRQHandler
                0x08009820                OTG_HS_WKUP_IRQHandler
                0x08009820                DMA2_Stream2_IRQHandler
                0x08009820                SPI1_IRQHandler
                0x08009820                TIM1_BRK_TIM9_IRQHandler
                0x08009820                DMA2_Stream3_IRQHandler
                0x08009820                SAI2_IRQHandler
                0x08009820                USART6_IRQHandler
                0x08009820                USART3_IRQHandler
                0x08009820                CAN1_RX1_IRQHandler
                0x08009820                UART5_IRQHandler
                0x08009820                DMA2_Stream0_IRQHandler
                0x08009820                TIM4_IRQHandler
                0x08009820                QUADSPI_IRQHandler
                0x08009820                DMA1_Stream1_IRQHandler
                0x08009820                UART4_IRQHandler
                0x08009820                TIM3_IRQHandler
                0x08009820                RCC_IRQHandler
                0x08009820                TIM8_BRK_TIM12_IRQHandler
                0x08009820                Default_Handler
                0x08009820                EXTI15_10_IRQHandler
                0x08009820                ADC_IRQHandler
                0x08009820                DMA1_Stream7_IRQHandler
                0x08009820                SPI5_IRQHandler
                0x08009820                SDMMC1_IRQHandler
                0x08009820                TIM5_IRQHandler
                0x08009820                DMA2_Stream7_IRQHandler
                0x08009820                I2C3_EV_IRQHandler
                0x08009820                EXTI9_5_IRQHandler
                0x08009820                RTC_WKUP_IRQHandler
                0x08009820                SPI2_IRQHandler
                0x08009820                OTG_HS_EP1_IN_IRQHandler
                0x08009820                CAN1_TX_IRQHandler
                0x08009820                EXTI4_IRQHandler
                0x08009820                RNG_IRQHandler
                0x08009820                OTG_HS_EP1_OUT_IRQHandler
                0x08009820                WWDG_IRQHandler
                0x08009820                TIM2_IRQHandler
                0x08009820                OTG_FS_WKUP_IRQHandler
                0x08009820                TIM1_TRG_COM_TIM11_IRQHandler
                0x08009820                EXTI1_IRQHandler
                0x08009820                SDMMC2_IRQHandler
                0x08009820                UART7_IRQHandler
                0x08009820                USART2_IRQHandler
                0x08009820                I2C2_ER_IRQHandler
                0x08009820                DMA2_Stream1_IRQHandler
                0x08009820                CAN1_SCE_IRQHandler
                0x08009820                FLASH_IRQHandler
                0x08009820                DMA2_Stream4_IRQHandler
                0x08009820                USART1_IRQHandler
                0x08009820                OTG_FS_IRQHandler
                0x08009820                SPI3_IRQHandler
                0x08009820                DMA1_Stream4_IRQHandler
                0x08009820                FMC_IRQHandler
                0x08009820                LPTIM1_IRQHandler
                0x08009820                DMA2_Stream6_IRQHandler
                0x08009820                SAI1_IRQHandler
                0x08009820                DMA1_Stream3_IRQHandler
 .text.atoi     0x08009822        0x8 /home/qrsnap/.config/Code/User/globalStorage/bmd.stm32-for-vscode/@xpack-dev-tools/arm-none-eabi-gcc/12.3.1-1.2.1/.content/bin/../lib/gcc/arm-none-eabi/12.3.1/../../../../arm-none-eabi/lib/thumb/v7e-m+fp/hard/libc_nano.a(libc_a-atoi.o)
                0x08009822                atoi
 *fill*         0x0800982a        0x2 
 .text.malloc   0x0800982c       0x10 /home/qrsnap/.config/Code/User/globalStorage/bmd.stm32-for-vscode/@xpack-dev-tools/arm-none-eabi-gcc/12.3.1-1.2.1/.content/bin/../lib/gcc/arm-none-eabi/12.3.1/../../../../arm-none-eabi/lib/thumb/v7e-m+fp/hard/libc_nano.a(libc_a-malloc.o)
                0x0800982c                malloc
 .text.free     0x0800983c       0x10 /home/qrsnap/.config/Code/User/globalStorage/bmd.stm32-for-vscode/@xpack-dev-tools/arm-none-eabi-gcc/12.3.1-1.2.1/.content/bin/../lib/gcc/arm-none-eabi/12.3.1/../../../../arm-none-eabi/lib/thumb/v7e-m+fp/hard/libc_nano.a(libc_a-malloc.o)
                0x0800983c                free
 .text.sbrk_aligned
                0x0800984c       0x44 /home/qrsnap/.config/Code/User/globalStorage/bmd.stm32-for-vscode/@xpack-dev-tools/arm-none-eabi-gcc/12.3.1-1.2.1/.content/bin/../lib/gcc/arm-none-eabi/12.3.1/../../../../arm-none-eabi/lib/thumb/v7e-m+fp/hard/libc_nano.a(libc_a-mallocr.o)
 .text._malloc_r
                0x08009890      0x100 /home/qrsnap/.config/Code/User/globalStorage/bmd.stm32-for-vscode/@xpack-dev-tools/arm-none-eabi-gcc/12.3.1-1.2.1/.content/bin/../lib/gcc/arm-none-eabi/12.3.1/../../../../arm-none-eabi/lib/thumb/v7e-m+fp/hard/libc_nano.a(libc_a-mallocr.o)
                0x08009890                _malloc_r
 .text.__malloc_lock
                0x08009990        0xc /home/qrsnap/.config/Code/User/globalStorage/bmd.stm32-for-vscode/@xpack-dev-tools/arm-none-eabi-gcc/12.3.1-1.2.1/.content/bin/../lib/gcc/arm-none-eabi/12.3.1/../../../../arm-none-eabi/lib/thumb/v7e-m+fp/hard/libc_nano.a(libc_a-mlock.o)
                0x08009990                __malloc_lock
 .text.__malloc_unlock
                0x0800999c        0xc /home/qrsnap/.config/Code/User/globalStorage/bmd.stm32-for-vscode/@xpack-dev-tools/arm-none-eabi-gcc/12.3.1-1.2.1/.content/bin/../lib/gcc/arm-none-eabi/12.3.1/../../../../arm-none-eabi/lib/thumb/v7e-m+fp/hard/libc_nano.a(libc_a-mlock.o)
                0x0800999c                __malloc_unlock
 .text.realloc  0x080099a8       0x10 /home/qrsnap/.config/Code/User/globalStorage/bmd.stm32-for-vscode/@xpack-dev-tools/arm-none-eabi-gcc/12.3.1-1.2.1/.content/bin/../lib/gcc/arm-none-eabi/12.3.1/../../../../arm-none-eabi/lib/thumb/v7e-m+fp/hard/libc_nano.a(libc_a-realloc.o)
                0x080099a8                realloc
 .text._realloc_r
                0x080099b8       0x5c /home/qrsnap/.config/Code/User/globalStorage/bmd.stm32-for-vscode/@xpack-dev-tools/arm-none-eabi-gcc/12.3.1-1.2.1/.content/bin/../lib/gcc/arm-none-eabi/12.3.1/../../../../arm-none-eabi/lib/thumb/v7e-m+fp/hard/libc_nano.a(libc_a-reallocr.o)
                0x080099b8                _realloc_r
 .text._strtol_l.constprop.0
                0x08009a14       0xfc /home/qrsnap/.config/Code/User/globalStorage/bmd.stm32-for-vscode/@xpack-dev-tools/arm-none-eabi-gcc/12.3.1-1.2.1/.content/bin/../lib/gcc/arm-none-eabi/12.3.1/../../../../arm-none-eabi/lib/thumb/v7e-m+fp/hard/libc_nano.a(libc_a-strtol.o)
 .text.strtol   0x08009b10       0x14 /home/qrsnap/.config/Code/User/globalStorage/bmd.stm32-for-vscode/@xpack-dev-tools/arm-none-eabi-gcc/12.3.1-1.2.1/.content/bin/../lib/gcc/arm-none-eabi/12.3.1/../../../../arm-none-eabi/lib/thumb/v7e-m+fp/hard/libc_nano.a(libc_a-strtol.o)
                0x08009b10                strtol
 .text._fgetc_r
                0x08009b24       0x56 /home/qrsnap/.config/Code/User/globalStorage/bmd.stm32-for-vscode/@xpack-dev-tools/arm-none-eabi-gcc/12.3.1-1.2.1/.content/bin/../lib/gcc/arm-none-eabi/12.3.1/../../../../arm-none-eabi/lib/thumb/v7e-m+fp/hard/libc_nano.a(libc_a-fgetc.o)
                0x08009b24                _fgetc_r
 *fill*         0x08009b7a        0x2 
 .text.fgetc    0x08009b7c       0x10 /home/qrsnap/.config/Code/User/globalStorage/bmd.stm32-for-vscode/@xpack-dev-tools/arm-none-eabi-gcc/12.3.1-1.2.1/.content/bin/../lib/gcc/arm-none-eabi/12.3.1/../../../../arm-none-eabi/lib/thumb/v7e-m+fp/hard/libc_nano.a(libc_a-fgetc.o)
                0x08009b7c                fgetc
 .text.std      0x08009b8c       0x6c /home/qrsnap/.config/Code/User/globalStorage/bmd.stm32-for-vscode/@xpack-dev-tools/arm-none-eabi-gcc/12.3.1-1.2.1/.content/bin/../lib/gcc/arm-none-eabi/12.3.1/../../../../arm-none-eabi/lib/thumb/v7e-m+fp/hard/libc_nano.a(libc_a-findfp.o)
 .text.stdio_exit_handler
                0x08009bf8       0x18 /home/qrsnap/.config/Code/User/globalStorage/bmd.stm32-for-vscode/@xpack-dev-tools/arm-none-eabi-gcc/12.3.1-1.2.1/.content/bin/../lib/gcc/arm-none-eabi/12.3.1/../../../../arm-none-eabi/lib/thumb/v7e-m+fp/hard/libc_nano.a(libc_a-findfp.o)
 .text.cleanup_stdio
                0x08009c10       0x40 /home/qrsnap/.config/Code/User/globalStorage/bmd.stm32-for-vscode/@xpack-dev-tools/arm-none-eabi-gcc/12.3.1-1.2.1/.content/bin/../lib/gcc/arm-none-eabi/12.3.1/../../../../arm-none-eabi/lib/thumb/v7e-m+fp/hard/libc_nano.a(libc_a-findfp.o)
 .text.global_stdio_init.part.0
                0x08009c50       0x3c /home/qrsnap/.config/Code/User/globalStorage/bmd.stm32-for-vscode/@xpack-dev-tools/arm-none-eabi-gcc/12.3.1-1.2.1/.content/bin/../lib/gcc/arm-none-eabi/12.3.1/../../../../arm-none-eabi/lib/thumb/v7e-m+fp/hard/libc_nano.a(libc_a-findfp.o)
 .text.__sfp_lock_acquire
                0x08009c8c        0xc /home/qrsnap/.config/Code/User/globalStorage/bmd.stm32-for-vscode/@xpack-dev-tools/arm-none-eabi-gcc/12.3.1-1.2.1/.content/bin/../lib/gcc/arm-none-eabi/12.3.1/../../../../arm-none-eabi/lib/thumb/v7e-m+fp/hard/libc_nano.a(libc_a-findfp.o)
                0x08009c8c                __sfp_lock_acquire
 .text.__sfp_lock_release
                0x08009c98        0xc /home/qrsnap/.config/Code/User/globalStorage/bmd.stm32-for-vscode/@xpack-dev-tools/arm-none-eabi-gcc/12.3.1-1.2.1/.content/bin/../lib/gcc/arm-none-eabi/12.3.1/../../../../arm-none-eabi/lib/thumb/v7e-m+fp/hard/libc_nano.a(libc_a-findfp.o)
                0x08009c98                __sfp_lock_release
 .text.__sfp    0x08009ca4       0xa4 /home/qrsnap/.config/Code/User/globalStorage/bmd.stm32-for-vscode/@xpack-dev-tools/arm-none-eabi-gcc/12.3.1-1.2.1/.content/bin/../lib/gcc/arm-none-eabi/12.3.1/../../../../arm-none-eabi/lib/thumb/v7e-m+fp/hard/libc_nano.a(libc_a-findfp.o)
                0x08009ca4                __sfp
 .text.__sinit  0x08009d48       0x30 /home/qrsnap/.config/Code/User/globalStorage/bmd.stm32-for-vscode/@xpack-dev-tools/arm-none-eabi-gcc/12.3.1-1.2.1/.content/bin/../lib/gcc/arm-none-eabi/12.3.1/../../../../arm-none-eabi/lib/thumb/v7e-m+fp/hard/libc_nano.a(libc_a-findfp.o)
                0x08009d48                __sinit
 .text._fwalk_sglue
                0x08009d78       0x3c /home/qrsnap/.config/Code/User/globalStorage/bmd.stm32-for-vscode/@xpack-dev-tools/arm-none-eabi-gcc/12.3.1-1.2.1/.content/bin/../lib/gcc/arm-none-eabi/12.3.1/../../../../arm-none-eabi/lib/thumb/v7e-m+fp/hard/libc_nano.a(libc_a-fwalk.o)
                0x08009d78                _fwalk_sglue
 .text.__srget_r
                0x08009db4       0x30 /home/qrsnap/.config/Code/User/globalStorage/bmd.stm32-for-vscode/@xpack-dev-tools/arm-none-eabi-gcc/12.3.1-1.2.1/.content/bin/../lib/gcc/arm-none-eabi/12.3.1/../../../../arm-none-eabi/lib/thumb/v7e-m+fp/hard/libc_nano.a(libc_a-rget.o)
                0x08009db4                __srget_r
 .text.snprintf
                0x08009de4       0x68 /home/qrsnap/.config/Code/User/globalStorage/bmd.stm32-for-vscode/@xpack-dev-tools/arm-none-eabi-gcc/12.3.1-1.2.1/.content/bin/../lib/gcc/arm-none-eabi/12.3.1/../../../../arm-none-eabi/lib/thumb/v7e-m+fp/hard/libc_nano.a(libc_a-snprintf.o)
                0x08009de4                snprintf
                0x08009de4                sniprintf
 .text.sprintf  0x08009e4c       0x40 /home/qrsnap/.config/Code/User/globalStorage/bmd.stm32-for-vscode/@xpack-dev-tools/arm-none-eabi-gcc/12.3.1-1.2.1/.content/bin/../lib/gcc/arm-none-eabi/12.3.1/../../../../arm-none-eabi/lib/thumb/v7e-m+fp/hard/libc_nano.a(libc_a-sprintf.o)
                0x08009e4c                sprintf
                0x08009e4c                siprintf
 .text.__sread  0x08009e8c       0x22 /home/qrsnap/.config/Code/User/globalStorage/bmd.stm32-for-vscode/@xpack-dev-tools/arm-none-eabi-gcc/12.3.1-1.2.1/.content/bin/../lib/gcc/arm-none-eabi/12.3.1/../../../../arm-none-eabi/lib/thumb/v7e-m+fp/hard/libc_nano.a(libc_a-stdio.o)
                0x08009e8c                __sread
 .text.__swrite
                0x08009eae       0x38 /home/qrsnap/.config/Code/User/globalStorage/bmd.stm32-for-vscode/@xpack-dev-tools/arm-none-eabi-gcc/12.3.1-1.2.1/.content/bin/../lib/gcc/arm-none-eabi/12.3.1/../../../../arm-none-eabi/lib/thumb/v7e-m+fp/hard/libc_nano.a(libc_a-stdio.o)
                0x08009eae                __swrite
 .text.__sseek  0x08009ee6       0x24 /home/qrsnap/.config/Code/User/globalStorage/bmd.stm32-for-vscode/@xpack-dev-tools/arm-none-eabi-gcc/12.3.1-1.2.1/.content/bin/../lib/gcc/arm-none-eabi/12.3.1/../../../../arm-none-eabi/lib/thumb/v7e-m+fp/hard/libc_nano.a(libc_a-stdio.o)
                0x08009ee6                __sseek
 .text.__sclose
                0x08009f0a        0x8 /home/qrsnap/.config/Code/User/globalStorage/bmd.stm32-for-vscode/@xpack-dev-tools/arm-none-eabi-gcc/12.3.1-1.2.1/.content/bin/../lib/gcc/arm-none-eabi/12.3.1/../../../../arm-none-eabi/lib/thumb/v7e-m+fp/hard/libc_nano.a(libc_a-stdio.o)
                0x08009f0a                __sclose
 .text.fmemseeker
                0x08009f12       0x5c /home/qrsnap/.config/Code/User/globalStorage/bmd.stm32-for-vscode/@xpack-dev-tools/arm-none-eabi-gcc/12.3.1-1.2.1/.content/bin/../lib/gcc/arm-none-eabi/12.3.1/../../../../arm-none-eabi/lib/thumb/v7e-m+fp/hard/libc_nano.a(libc_a-fmemopen.o)
 .text.fmemcloser
                0x08009f6e        0xc /home/qrsnap/.config/Code/User/globalStorage/bmd.stm32-for-vscode/@xpack-dev-tools/arm-none-eabi-gcc/12.3.1-1.2.1/.content/bin/../lib/gcc/arm-none-eabi/12.3.1/../../../../arm-none-eabi/lib/thumb/v7e-m+fp/hard/libc_nano.a(libc_a-fmemopen.o)
 .text.fmemwriter
                0x08009f7a       0x90 /home/qrsnap/.config/Code/User/globalStorage/bmd.stm32-for-vscode/@xpack-dev-tools/arm-none-eabi-gcc/12.3.1-1.2.1/.content/bin/../lib/gcc/arm-none-eabi/12.3.1/../../../../arm-none-eabi/lib/thumb/v7e-m+fp/hard/libc_nano.a(libc_a-fmemopen.o)
 .text.fmemreader
                0x0800a00a       0x30 /home/qrsnap/.config/Code/User/globalStorage/bmd.stm32-for-vscode/@xpack-dev-tools/arm-none-eabi-gcc/12.3.1-1.2.1/.content/bin/../lib/gcc/arm-none-eabi/12.3.1/../../../../arm-none-eabi/lib/thumb/v7e-m+fp/hard/libc_nano.a(libc_a-fmemopen.o)
 *fill*         0x0800a03a        0x2 
 .text._fmemopen_r
                0x0800a03c      0x144 /home/qrsnap/.config/Code/User/globalStorage/bmd.stm32-for-vscode/@xpack-dev-tools/arm-none-eabi-gcc/12.3.1-1.2.1/.content/bin/../lib/gcc/arm-none-eabi/12.3.1/../../../../arm-none-eabi/lib/thumb/v7e-m+fp/hard/libc_nano.a(libc_a-fmemopen.o)
                0x0800a03c                _fmemopen_r
 .text.fmemopen
                0x0800a180       0x14 /home/qrsnap/.config/Code/User/globalStorage/bmd.stm32-for-vscode/@xpack-dev-tools/arm-none-eabi-gcc/12.3.1-1.2.1/.content/bin/../lib/gcc/arm-none-eabi/12.3.1/../../../../arm-none-eabi/lib/thumb/v7e-m+fp/hard/libc_nano.a(libc_a-fmemopen.o)
                0x0800a180                fmemopen
 .text.memcmp   0x0800a194       0x20 /home/qrsnap/.config/Code/User/globalStorage/bmd.stm32-for-vscode/@xpack-dev-tools/arm-none-eabi-gcc/12.3.1-1.2.1/.content/bin/../lib/gcc/arm-none-eabi/12.3.1/../../../../arm-none-eabi/lib/thumb/v7e-m+fp/hard/libc_nano.a(libc_a-memcmp.o)
                0x0800a194                memcmp
 .text.memset   0x0800a1b4       0x10 /home/qrsnap/.config/Code/User/globalStorage/bmd.stm32-for-vscode/@xpack-dev-tools/arm-none-eabi-gcc/12.3.1-1.2.1/.content/bin/../lib/gcc/arm-none-eabi/12.3.1/../../../../arm-none-eabi/lib/thumb/v7e-m+fp/hard/libc_nano.a(libc_a-memset.o)
                0x0800a1b4                memset
 .text.strncpy  0x0800a1c4       0x26 /home/qrsnap/.config/Code/User/globalStorage/bmd.stm32-for-vscode/@xpack-dev-tools/arm-none-eabi-gcc/12.3.1-1.2.1/.content/bin/../lib/gcc/arm-none-eabi/12.3.1/../../../../arm-none-eabi/lib/thumb/v7e-m+fp/hard/libc_nano.a(libc_a-strncpy.o)
                0x0800a1c4                strncpy
 *fill*         0x0800a1ea        0x2 
 .text.strtok   0x0800a1ec       0x68 /home/qrsnap/.config/Code/User/globalStorage/bmd.stm32-for-vscode/@xpack-dev-tools/arm-none-eabi-gcc/12.3.1-1.2.1/.content/bin/../lib/gcc/arm-none-eabi/12.3.1/../../../../arm-none-eabi/lib/thumb/v7e-m+fp/hard/libc_nano.a(libc_a-strtok.o)
                0x0800a1ec                strtok
 .text.__strtok_r
                0x0800a254       0x50 /home/qrsnap/.config/Code/User/globalStorage/bmd.stm32-for-vscode/@xpack-dev-tools/arm-none-eabi-gcc/12.3.1-1.2.1/.content/bin/../lib/gcc/arm-none-eabi/12.3.1/../../../../arm-none-eabi/lib/thumb/v7e-m+fp/hard/libc_nano.a(libc_a-strtok_r.o)
                0x0800a254                __strtok_r
 .text._close_r
                0x0800a2a4       0x20 /home/qrsnap/.config/Code/User/globalStorage/bmd.stm32-for-vscode/@xpack-dev-tools/arm-none-eabi-gcc/12.3.1-1.2.1/.content/bin/../lib/gcc/arm-none-eabi/12.3.1/../../../../arm-none-eabi/lib/thumb/v7e-m+fp/hard/libc_nano.a(libc_a-closer.o)
                0x0800a2a4                _close_r
 .text._lseek_r
                0x0800a2c4       0x24 /home/qrsnap/.config/Code/User/globalStorage/bmd.stm32-for-vscode/@xpack-dev-tools/arm-none-eabi-gcc/12.3.1-1.2.1/.content/bin/../lib/gcc/arm-none-eabi/12.3.1/../../../../arm-none-eabi/lib/thumb/v7e-m+fp/hard/libc_nano.a(libc_a-lseekr.o)
                0x0800a2c4                _lseek_r
 .text._read_r  0x0800a2e8       0x24 /home/qrsnap/.config/Code/User/globalStorage/bmd.stm32-for-vscode/@xpack-dev-tools/arm-none-eabi-gcc/12.3.1-1.2.1/.content/bin/../lib/gcc/arm-none-eabi/12.3.1/../../../../arm-none-eabi/lib/thumb/v7e-m+fp/hard/libc_nano.a(libc_a-readr.o)
                0x0800a2e8                _read_r
 .text._sbrk_r  0x0800a30c       0x20 /home/qrsnap/.config/Code/User/globalStorage/bmd.stm32-for-vscode/@xpack-dev-tools/arm-none-eabi-gcc/12.3.1-1.2.1/.content/bin/../lib/gcc/arm-none-eabi/12.3.1/../../../../arm-none-eabi/lib/thumb/v7e-m+fp/hard/libc_nano.a(libc_a-sbrkr.o)
                0x0800a30c                _sbrk_r
 .text._write_r
                0x0800a32c       0x24 /home/qrsnap/.config/Code/User/globalStorage/bmd.stm32-for-vscode/@xpack-dev-tools/arm-none-eabi-gcc/12.3.1-1.2.1/.content/bin/../lib/gcc/arm-none-eabi/12.3.1/../../../../arm-none-eabi/lib/thumb/v7e-m+fp/hard/libc_nano.a(libc_a-writer.o)
                0x0800a32c                _write_r
 .text.__errno  0x0800a350        0xc /home/qrsnap/.config/Code/User/globalStorage/bmd.stm32-for-vscode/@xpack-dev-tools/arm-none-eabi-gcc/12.3.1-1.2.1/.content/bin/../lib/gcc/arm-none-eabi/12.3.1/../../../../arm-none-eabi/lib/thumb/v7e-m+fp/hard/libc_nano.a(libc_a-errno.o)
                0x0800a350                __errno
 .text.__libc_init_array
                0x0800a35c       0x48 /home/qrsnap/.config/Code/User/globalStorage/bmd.stm32-for-vscode/@xpack-dev-tools/arm-none-eabi-gcc/12.3.1-1.2.1/.content/bin/../lib/gcc/arm-none-eabi/12.3.1/../../../../arm-none-eabi/lib/thumb/v7e-m+fp/hard/libc_nano.a(libc_a-init.o)
                0x0800a35c                __libc_init_array
 .text.__retarget_lock_init_recursive
                0x0800a3a4        0x2 /home/qrsnap/.config/Code/User/globalStorage/bmd.stm32-for-vscode/@xpack-dev-tools/arm-none-eabi-gcc/12.3.1-1.2.1/.content/bin/../lib/gcc/arm-none-eabi/12.3.1/../../../../arm-none-eabi/lib/thumb/v7e-m+fp/hard/libc_nano.a(libc_a-lock.o)
                0x0800a3a4                __retarget_lock_init_recursive
 .text.__retarget_lock_close_recursive
                0x0800a3a6        0x2 /home/qrsnap/.config/Code/User/globalStorage/bmd.stm32-for-vscode/@xpack-dev-tools/arm-none-eabi-gcc/12.3.1-1.2.1/.content/bin/../lib/gcc/arm-none-eabi/12.3.1/../../../../arm-none-eabi/lib/thumb/v7e-m+fp/hard/libc_nano.a(libc_a-lock.o)
                0x0800a3a6                __retarget_lock_close_recursive
 .text.__retarget_lock_acquire_recursive
                0x0800a3a8        0x2 /home/qrsnap/.config/Code/User/globalStorage/bmd.stm32-for-vscode/@xpack-dev-tools/arm-none-eabi-gcc/12.3.1-1.2.1/.content/bin/../lib/gcc/arm-none-eabi/12.3.1/../../../../arm-none-eabi/lib/thumb/v7e-m+fp/hard/libc_nano.a(libc_a-lock.o)
                0x0800a3a8                __retarget_lock_acquire_recursive
 .text.__retarget_lock_release_recursive
                0x0800a3aa        0x2 /home/qrsnap/.config/Code/User/globalStorage/bmd.stm32-for-vscode/@xpack-dev-tools/arm-none-eabi-gcc/12.3.1-1.2.1/.content/bin/../lib/gcc/arm-none-eabi/12.3.1/../../../../arm-none-eabi/lib/thumb/v7e-m+fp/hard/libc_nano.a(libc_a-lock.o)
                0x0800a3aa                __retarget_lock_release_recursive
 .text.strcpy   0x0800a3ac       0x10 /home/qrsnap/.config/Code/User/globalStorage/bmd.stm32-for-vscode/@xpack-dev-tools/arm-none-eabi-gcc/12.3.1-1.2.1/.content/bin/../lib/gcc/arm-none-eabi/12.3.1/../../../../arm-none-eabi/lib/thumb/v7e-m+fp/hard/libc_nano.a(libc_a-strcpy.o)
                0x0800a3ac                strcpy
 .text.memcpy   0x0800a3bc       0x1c /home/qrsnap/.config/Code/User/globalStorage/bmd.stm32-for-vscode/@xpack-dev-tools/arm-none-eabi-gcc/12.3.1-1.2.1/.content/bin/../lib/gcc/arm-none-eabi/12.3.1/../../../../arm-none-eabi/lib/thumb/v7e-m+fp/hard/libc_nano.a(libc_a-memcpy-stub.o)
                0x0800a3bc                memcpy
 .text.abort    0x0800a3d8        0xe /home/qrsnap/.config/Code/User/globalStorage/bmd.stm32-for-vscode/@xpack-dev-tools/arm-none-eabi-gcc/12.3.1-1.2.1/.content/bin/../lib/gcc/arm-none-eabi/12.3.1/../../../../arm-none-eabi/lib/thumb/v7e-m+fp/hard/libc_nano.a(libc_a-abort.o)
                0x0800a3d8                abort
 *fill*         0x0800a3e6        0x2 
 .text.__assert_func
                0x0800a3e8       0x3c /home/qrsnap/.config/Code/User/globalStorage/bmd.stm32-for-vscode/@xpack-dev-tools/arm-none-eabi-gcc/12.3.1-1.2.1/.content/bin/../lib/gcc/arm-none-eabi/12.3.1/../../../../arm-none-eabi/lib/thumb/v7e-m+fp/hard/libc_nano.a(libc_a-assert.o)
                0x0800a3e8                __assert_func
 .text._free_r  0x0800a424       0x94 /home/qrsnap/.config/Code/User/globalStorage/bmd.stm32-for-vscode/@xpack-dev-tools/arm-none-eabi-gcc/12.3.1-1.2.1/.content/bin/../lib/gcc/arm-none-eabi/12.3.1/../../../../arm-none-eabi/lib/thumb/v7e-m+fp/hard/libc_nano.a(libc_a-freer.o)
                0x0800a424                _free_r
 .text._malloc_usable_size_r
                0x0800a4b8       0x10 /home/qrsnap/.config/Code/User/globalStorage/bmd.stm32-for-vscode/@xpack-dev-tools/arm-none-eabi-gcc/12.3.1-1.2.1/.content/bin/../lib/gcc/arm-none-eabi/12.3.1/../../../../arm-none-eabi/lib/thumb/v7e-m+fp/hard/libc_nano.a(libc_a-msizer.o)
                0x0800a4b8                _malloc_usable_size_r
 .text.__ssputs_r
                0x0800a4c8       0xb6 /home/qrsnap/.config/Code/User/globalStorage/bmd.stm32-for-vscode/@xpack-dev-tools/arm-none-eabi-gcc/12.3.1-1.2.1/.content/bin/../lib/gcc/arm-none-eabi/12.3.1/../../../../arm-none-eabi/lib/thumb/v7e-m+fp/hard/libc_nano.a(libc_a-nano-svfprintf.o)
                0x0800a4c8                __ssputs_r
 *fill*         0x0800a57e        0x2 
 .text._svfprintf_r
                0x0800a580      0x1f8 /home/qrsnap/.config/Code/User/globalStorage/bmd.stm32-for-vscode/@xpack-dev-tools/arm-none-eabi-gcc/12.3.1-1.2.1/.content/bin/../lib/gcc/arm-none-eabi/12.3.1/../../../../arm-none-eabi/lib/thumb/v7e-m+fp/hard/libc_nano.a(libc_a-nano-svfprintf.o)
                0x0800a580                _svfprintf_r
                0x0800a580                _svfiprintf_r
 .text._printf_common
                0x0800a778       0xda /home/qrsnap/.config/Code/User/globalStorage/bmd.stm32-for-vscode/@xpack-dev-tools/arm-none-eabi-gcc/12.3.1-1.2.1/.content/bin/../lib/gcc/arm-none-eabi/12.3.1/../../../../arm-none-eabi/lib/thumb/v7e-m+fp/hard/libc_nano.a(libc_a-nano-vfprintf_i.o)
                0x0800a778                _printf_common
 *fill*         0x0800a852        0x2 
 .text._printf_i
                0x0800a854      0x258 /home/qrsnap/.config/Code/User/globalStorage/bmd.stm32-for-vscode/@xpack-dev-tools/arm-none-eabi-gcc/12.3.1-1.2.1/.content/bin/../lib/gcc/arm-none-eabi/12.3.1/../../../../arm-none-eabi/lib/thumb/v7e-m+fp/hard/libc_nano.a(libc_a-nano-vfprintf_i.o)
                0x0800a854                _printf_i
 .text.__sflush_r
                0x0800aaac      0x108 /home/qrsnap/.config/Code/User/globalStorage/bmd.stm32-for-vscode/@xpack-dev-tools/arm-none-eabi-gcc/12.3.1-1.2.1/.content/bin/../lib/gcc/arm-none-eabi/12.3.1/../../../../arm-none-eabi/lib/thumb/v7e-m+fp/hard/libc_nano.a(libc_a-fflush.o)
                0x0800aaac                __sflush_r
 .text._fflush_r
                0x0800abb4       0x50 /home/qrsnap/.config/Code/User/globalStorage/bmd.stm32-for-vscode/@xpack-dev-tools/arm-none-eabi-gcc/12.3.1-1.2.1/.content/bin/../lib/gcc/arm-none-eabi/12.3.1/../../../../arm-none-eabi/lib/thumb/v7e-m+fp/hard/libc_nano.a(libc_a-fflush.o)
                0x0800abb4                _fflush_r
 .text.__sflags
                0x0800ac04       0x6c /home/qrsnap/.config/Code/User/globalStorage/bmd.stm32-for-vscode/@xpack-dev-tools/arm-none-eabi-gcc/12.3.1-1.2.1/.content/bin/../lib/gcc/arm-none-eabi/12.3.1/../../../../arm-none-eabi/lib/thumb/v7e-m+fp/hard/libc_nano.a(libc_a-flags.o)
                0x0800ac04                __sflags
 .text.fprintf  0x0800ac70       0x24 /home/qrsnap/.config/Code/User/globalStorage/bmd.stm32-for-vscode/@xpack-dev-tools/arm-none-eabi-gcc/12.3.1-1.2.1/.content/bin/../lib/gcc/arm-none-eabi/12.3.1/../../../../arm-none-eabi/lib/thumb/v7e-m+fp/hard/libc_nano.a(libc_a-fprintf.o)
                0x0800ac70                fprintf
                0x0800ac70                fiprintf
 .text.lflush   0x0800ac94       0x1c /home/qrsnap/.config/Code/User/globalStorage/bmd.stm32-for-vscode/@xpack-dev-tools/arm-none-eabi-gcc/12.3.1-1.2.1/.content/bin/../lib/gcc/arm-none-eabi/12.3.1/../../../../arm-none-eabi/lib/thumb/v7e-m+fp/hard/libc_nano.a(libc_a-refill.o)
 .text.__srefill_r
                0x0800acb0       0xe8 /home/qrsnap/.config/Code/User/globalStorage/bmd.stm32-for-vscode/@xpack-dev-tools/arm-none-eabi-gcc/12.3.1-1.2.1/.content/bin/../lib/gcc/arm-none-eabi/12.3.1/../../../../arm-none-eabi/lib/thumb/v7e-m+fp/hard/libc_nano.a(libc_a-refill.o)
                0x0800acb0                __srefill_r
 .text.memmove  0x0800ad98       0x34 /home/qrsnap/.config/Code/User/globalStorage/bmd.stm32-for-vscode/@xpack-dev-tools/arm-none-eabi-gcc/12.3.1-1.2.1/.content/bin/../lib/gcc/arm-none-eabi/12.3.1/../../../../arm-none-eabi/lib/thumb/v7e-m+fp/hard/libc_nano.a(libc_a-memmove.o)
                0x0800ad98                memmove
 .text._raise_r
                0x0800adcc       0x50 /home/qrsnap/.config/Code/User/globalStorage/bmd.stm32-for-vscode/@xpack-dev-tools/arm-none-eabi-gcc/12.3.1-1.2.1/.content/bin/../lib/gcc/arm-none-eabi/12.3.1/../../../../arm-none-eabi/lib/thumb/v7e-m+fp/hard/libc_nano.a(libc_a-signal.o)
                0x0800adcc                _raise_r
 .text.raise    0x0800ae1c       0x10 /home/qrsnap/.config/Code/User/globalStorage/bmd.stm32-for-vscode/@xpack-dev-tools/arm-none-eabi-gcc/12.3.1-1.2.1/.content/bin/../lib/gcc/arm-none-eabi/12.3.1/../../../../arm-none-eabi/lib/thumb/v7e-m+fp/hard/libc_nano.a(libc_a-signal.o)
                0x0800ae1c                raise
 .text._kill_r  0x0800ae2c       0x24 /home/qrsnap/.config/Code/User/globalStorage/bmd.stm32-for-vscode/@xpack-dev-tools/arm-none-eabi-gcc/12.3.1-1.2.1/.content/bin/../lib/gcc/arm-none-eabi/12.3.1/../../../../arm-none-eabi/lib/thumb/v7e-m+fp/hard/libc_nano.a(libc_a-signalr.o)
                0x0800ae2c                _kill_r
 .text._getpid_r
                0x0800ae50        0x4 /home/qrsnap/.config/Code/User/globalStorage/bmd.stm32-for-vscode/@xpack-dev-tools/arm-none-eabi-gcc/12.3.1-1.2.1/.content/bin/../lib/gcc/arm-none-eabi/12.3.1/../../../../arm-none-eabi/lib/thumb/v7e-m+fp/hard/libc_nano.a(libc_a-signalr.o)
                0x0800ae50                _getpid_r
 .text.__sfputc_r
                0x0800ae54       0x2e /home/qrsnap/.config/Code/User/globalStorage/bmd.stm32-for-vscode/@xpack-dev-tools/arm-none-eabi-gcc/12.3.1-1.2.1/.content/bin/../lib/gcc/arm-none-eabi/12.3.1/../../../../arm-none-eabi/lib/thumb/v7e-m+fp/hard/libc_nano.a(libc_a-nano-vfprintf.o)
 .text.__sfputs_r
                0x0800ae82       0x24 /home/qrsnap/.config/Code/User/globalStorage/bmd.stm32-for-vscode/@xpack-dev-tools/arm-none-eabi-gcc/12.3.1-1.2.1/.content/bin/../lib/gcc/arm-none-eabi/12.3.1/../../../../arm-none-eabi/lib/thumb/v7e-m+fp/hard/libc_nano.a(libc_a-nano-vfprintf.o)
                0x0800ae82                __sfputs_r
 *fill*         0x0800aea6        0x2 
 .text._vfprintf_r
                0x0800aea8      0x230 /home/qrsnap/.config/Code/User/globalStorage/bmd.stm32-for-vscode/@xpack-dev-tools/arm-none-eabi-gcc/12.3.1-1.2.1/.content/bin/../lib/gcc/arm-none-eabi/12.3.1/../../../../arm-none-eabi/lib/thumb/v7e-m+fp/hard/libc_nano.a(libc_a-nano-vfprintf.o)
                0x0800aea8                _vfiprintf_r
                0x0800aea8                _vfprintf_r
 .text.__swhatbuf_r
                0x0800b0d8       0x4c /home/qrsnap/.config/Code/User/globalStorage/bmd.stm32-for-vscode/@xpack-dev-tools/arm-none-eabi-gcc/12.3.1-1.2.1/.content/bin/../lib/gcc/arm-none-eabi/12.3.1/../../../../arm-none-eabi/lib/thumb/v7e-m+fp/hard/libc_nano.a(libc_a-makebuf.o)
                0x0800b0d8                __swhatbuf_r
 .text.__smakebuf_r
                0x0800b124       0x78 /home/qrsnap/.config/Code/User/globalStorage/bmd.stm32-for-vscode/@xpack-dev-tools/arm-none-eabi-gcc/12.3.1-1.2.1/.content/bin/../lib/gcc/arm-none-eabi/12.3.1/../../../../arm-none-eabi/lib/thumb/v7e-m+fp/hard/libc_nano.a(libc_a-makebuf.o)
                0x0800b124                __smakebuf_r
 .text.__swbuf_r
                0x0800b19c       0x7c /home/qrsnap/.config/Code/User/globalStorage/bmd.stm32-for-vscode/@xpack-dev-tools/arm-none-eabi-gcc/12.3.1-1.2.1/.content/bin/../lib/gcc/arm-none-eabi/12.3.1/../../../../arm-none-eabi/lib/thumb/v7e-m+fp/hard/libc_nano.a(libc_a-wbuf.o)
                0x0800b19c                __swbuf_r
 .text.__swsetup_r
                0x0800b218       0xac /home/qrsnap/.config/Code/User/globalStorage/bmd.stm32-for-vscode/@xpack-dev-tools/arm-none-eabi-gcc/12.3.1-1.2.1/.content/bin/../lib/gcc/arm-none-eabi/12.3.1/../../../../arm-none-eabi/lib/thumb/v7e-m+fp/hard/libc_nano.a(libc_a-wsetup.o)
                0x0800b218                __swsetup_r
 .text._fstat_r
                0x0800b2c4       0x24 /home/qrsnap/.config/Code/User/globalStorage/bmd.stm32-for-vscode/@xpack-dev-tools/arm-none-eabi-gcc/12.3.1-1.2.1/.content/bin/../lib/gcc/arm-none-eabi/12.3.1/../../../../arm-none-eabi/lib/thumb/v7e-m+fp/hard/libc_nano.a(libc_a-fstatr.o)
                0x0800b2c4                _fstat_r
 .text._isatty_r
                0x0800b2e8       0x20 /home/qrsnap/.config/Code/User/globalStorage/bmd.stm32-for-vscode/@xpack-dev-tools/arm-none-eabi-gcc/12.3.1-1.2.1/.content/bin/../lib/gcc/arm-none-eabi/12.3.1/../../../../arm-none-eabi/lib/thumb/v7e-m+fp/hard/libc_nano.a(libc_a-isattyr.o)
                0x0800b2e8                _isatty_r
 .text.pow      0x0800b308       0xf0 /home/qrsnap/.config/Code/User/globalStorage/bmd.stm32-for-vscode/@xpack-dev-tools/arm-none-eabi-gcc/12.3.1-1.2.1/.content/bin/../lib/gcc/arm-none-eabi/12.3.1/../../../../arm-none-eabi/lib/thumb/v7e-m+fp/hard/libm.a(libm_a-w_pow.o)
                0x0800b308                pow
 .text.cosf     0x0800b3f8       0x70 /home/qrsnap/.config/Code/User/globalStorage/bmd.stm32-for-vscode/@xpack-dev-tools/arm-none-eabi-gcc/12.3.1-1.2.1/.content/bin/../lib/gcc/arm-none-eabi/12.3.1/../../../../arm-none-eabi/lib/thumb/v7e-m+fp/hard/libm.a(libm_a-sf_cos.o)
                0x0800b3f8                cosf
 .text.finite   0x0800b468       0x18 /home/qrsnap/.config/Code/User/globalStorage/bmd.stm32-for-vscode/@xpack-dev-tools/arm-none-eabi-gcc/12.3.1-1.2.1/.content/bin/../lib/gcc/arm-none-eabi/12.3.1/../../../../arm-none-eabi/lib/thumb/v7e-m+fp/hard/libm.a(libm_a-s_finite.o)
                0x0800b468                finite
 .text.floor    0x0800b480      0x108 /home/qrsnap/.config/Code/User/globalStorage/bmd.stm32-for-vscode/@xpack-dev-tools/arm-none-eabi-gcc/12.3.1-1.2.1/.content/bin/../lib/gcc/arm-none-eabi/12.3.1/../../../../arm-none-eabi/lib/thumb/v7e-m+fp/hard/libm.a(libm_a-s_floor.o)
                0x0800b480                floor
 .text.__ieee754_pow
                0x0800b588      0xbec /home/qrsnap/.config/Code/User/globalStorage/bmd.stm32-for-vscode/@xpack-dev-tools/arm-none-eabi-gcc/12.3.1-1.2.1/.content/bin/../lib/gcc/arm-none-eabi/12.3.1/../../../../arm-none-eabi/lib/thumb/v7e-m+fp/hard/libm.a(libm_a-e_pow.o)
                0x0800b588                __ieee754_pow
 .text.fabs     0x0800c174       0x10 /home/qrsnap/.config/Code/User/globalStorage/bmd.stm32-for-vscode/@xpack-dev-tools/arm-none-eabi-gcc/12.3.1-1.2.1/.content/bin/../lib/gcc/arm-none-eabi/12.3.1/../../../../arm-none-eabi/lib/thumb/v7e-m+fp/hard/libm.a(libm_a-s_fabs.o)
                0x0800c174                fabs
 .text.__kernel_cosf
                0x0800c184      0x104 /home/qrsnap/.config/Code/User/globalStorage/bmd.stm32-for-vscode/@xpack-dev-tools/arm-none-eabi-gcc/12.3.1-1.2.1/.content/bin/../lib/gcc/arm-none-eabi/12.3.1/../../../../arm-none-eabi/lib/thumb/v7e-m+fp/hard/libm.a(libm_a-kf_cos.o)
                0x0800c184                __kernel_cosf
 .text.__kernel_sinf
                0x0800c288       0x90 /home/qrsnap/.config/Code/User/globalStorage/bmd.stm32-for-vscode/@xpack-dev-tools/arm-none-eabi-gcc/12.3.1-1.2.1/.content/bin/../lib/gcc/arm-none-eabi/12.3.1/../../../../arm-none-eabi/lib/thumb/v7e-m+fp/hard/libm.a(libm_a-kf_sin.o)
                0x0800c288                __kernel_sinf
 .text.__ieee754_rem_pio2f
                0x0800c318      0x260 /home/qrsnap/.config/Code/User/globalStorage/bmd.stm32-for-vscode/@xpack-dev-tools/arm-none-eabi-gcc/12.3.1-1.2.1/.content/bin/../lib/gcc/arm-none-eabi/12.3.1/../../../../arm-none-eabi/lib/thumb/v7e-m+fp/hard/libm.a(libm_a-ef_rem_pio2.o)
                0x0800c318                __ieee754_rem_pio2f
 .text.fabsf    0x0800c578       0x10 /home/qrsnap/.config/Code/User/globalStorage/bmd.stm32-for-vscode/@xpack-dev-tools/arm-none-eabi-gcc/12.3.1-1.2.1/.content/bin/../lib/gcc/arm-none-eabi/12.3.1/../../../../arm-none-eabi/lib/thumb/v7e-m+fp/hard/libm.a(libm_a-sf_fabs.o)
                0x0800c578                fabsf
 .text.scalbn   0x0800c588      0x114 /home/qrsnap/.config/Code/User/globalStorage/bmd.stm32-for-vscode/@xpack-dev-tools/arm-none-eabi-gcc/12.3.1-1.2.1/.content/bin/../lib/gcc/arm-none-eabi/12.3.1/../../../../arm-none-eabi/lib/thumb/v7e-m+fp/hard/libm.a(libm_a-s_scalbn.o)
                0x0800c588                scalbn
 .text.with_errno
                0x0800c69c       0x24 /home/qrsnap/.config/Code/User/globalStorage/bmd.stm32-for-vscode/@xpack-dev-tools/arm-none-eabi-gcc/12.3.1-1.2.1/.content/bin/../lib/gcc/arm-none-eabi/12.3.1/../../../../arm-none-eabi/lib/thumb/v7e-m+fp/hard/libm.a(libm_a-math_err.o)
 .text.xflow    0x0800c6c0       0x34 /home/qrsnap/.config/Code/User/globalStorage/bmd.stm32-for-vscode/@xpack-dev-tools/arm-none-eabi-gcc/12.3.1-1.2.1/.content/bin/../lib/gcc/arm-none-eabi/12.3.1/../../../../arm-none-eabi/lib/thumb/v7e-m+fp/hard/libm.a(libm_a-math_err.o)
 *fill*         0x0800c6f4        0x4 
 .text.__math_uflow
                0x0800c6f8       0x10 /home/qrsnap/.config/Code/User/globalStorage/bmd.stm32-for-vscode/@xpack-dev-tools/arm-none-eabi-gcc/12.3.1-1.2.1/.content/bin/../lib/gcc/arm-none-eabi/12.3.1/../../../../arm-none-eabi/lib/thumb/v7e-m+fp/hard/libm.a(libm_a-math_err.o)
                0x0800c6f8                __math_uflow
 .text.__math_oflow
                0x0800c708       0x10 /home/qrsnap/.config/Code/User/globalStorage/bmd.stm32-for-vscode/@xpack-dev-tools/arm-none-eabi-gcc/12.3.1-1.2.1/.content/bin/../lib/gcc/arm-none-eabi/12.3.1/../../../../arm-none-eabi/lib/thumb/v7e-m+fp/hard/libm.a(libm_a-math_err.o)
                0x0800c708                __math_oflow
 .text.__ieee754_sqrt