Archive member included to satisfy reference by file (symbol)

/opt/gcc-arm-none-eabi-10.3-2021.10/bin/../lib/gcc/arm-none-eabi/10.3.1/../../../../arm-none-eabi/lib/thumb/v7e-m+fp/hard/libc_nano.a(lib_a-atoi.o)
                              build/nyan_os.o (atoi)
/opt/gcc-arm-none-eabi-10.3-2021.10/bin/../lib/gcc/arm-none-eabi/10.3.1/../../../../arm-none-eabi/lib/thumb/v7e-m+fp/hard/libc_nano.a(lib_a-exit.o)
                              /opt/gcc-arm-none-eabi-10.3-2021.10/bin/../lib/gcc/arm-none-eabi/10.3.1/../../../../arm-none-eabi/lib/thumb/v7e-m+fp/hard/crt0.o (exit)
/opt/gcc-arm-none-eabi-10.3-2021.10/bin/../lib/gcc/arm-none-eabi/10.3.1/../../../../arm-none-eabi/lib/thumb/v7e-m+fp/hard/libc_nano.a(lib_a-fgetc.o)
                              build/iceuncompr.o (fgetc)
/opt/gcc-arm-none-eabi-10.3-2021.10/bin/../lib/gcc/arm-none-eabi/10.3.1/../../../../arm-none-eabi/lib/thumb/v7e-m+fp/hard/libc_nano.a(lib_a-findfp.o)
                              /opt/gcc-arm-none-eabi-10.3-2021.10/bin/../lib/gcc/arm-none-eabi/10.3.1/../../../../arm-none-eabi/lib/thumb/v7e-m+fp/hard/libc_nano.a(lib_a-fgetc.o) (__sinit)
/opt/gcc-arm-none-eabi-10.3-2021.10/bin/../lib/gcc/arm-none-eabi/10.3.1/../../../../arm-none-eabi/lib/thumb/v7e-m+fp/hard/libc_nano.a(lib_a-fmemopen.o)
                              build/iceuncompr.o (fmemopen)
/opt/gcc-arm-none-eabi-10.3-2021.10/bin/../lib/gcc/arm-none-eabi/10.3.1/../../../../arm-none-eabi/lib/thumb/v7e-m+fp/hard/libc_nano.a(lib_a-fwalk.o)
                              /opt/gcc-arm-none-eabi-10.3-2021.10/bin/../lib/gcc/arm-none-eabi/10.3.1/../../../../arm-none-eabi/lib/thumb/v7e-m+fp/hard/libc_nano.a(lib_a-findfp.o) (_fwalk)
/opt/gcc-arm-none-eabi-10.3-2021.10/bin/../lib/gcc/arm-none-eabi/10.3.1/../../../../arm-none-eabi/lib/thumb/v7e-m+fp/hard/libc_nano.a(lib_a-impure.o)
                              /opt/gcc-arm-none-eabi-10.3-2021.10/bin/../lib/gcc/arm-none-eabi/10.3.1/../../../../arm-none-eabi/lib/thumb/v7e-m+fp/hard/libc_nano.a(lib_a-exit.o) (_global_impure_ptr)
/opt/gcc-arm-none-eabi-10.3-2021.10/bin/../lib/gcc/arm-none-eabi/10.3.1/../../../../arm-none-eabi/lib/thumb/v7e-m+fp/hard/libc_nano.a(lib_a-init.o)
                              /opt/gcc-arm-none-eabi-10.3-2021.10/bin/../lib/gcc/arm-none-eabi/10.3.1/../../../../arm-none-eabi/lib/thumb/v7e-m+fp/hard/crt0.o (__libc_init_array)
/opt/gcc-arm-none-eabi-10.3-2021.10/bin/../lib/gcc/arm-none-eabi/10.3.1/../../../../arm-none-eabi/lib/thumb/v7e-m+fp/hard/libc_nano.a(lib_a-lock.o)
                              /opt/gcc-arm-none-eabi-10.3-2021.10/bin/../lib/gcc/arm-none-eabi/10.3.1/../../../../arm-none-eabi/lib/thumb/v7e-m+fp/hard/libc_nano.a(lib_a-findfp.o) (__retarget_lock_init_recursive)
/opt/gcc-arm-none-eabi-10.3-2021.10/bin/../lib/gcc/arm-none-eabi/10.3.1/../../../../arm-none-eabi/lib/thumb/v7e-m+fp/hard/libc_nano.a(lib_a-malloc.o)
                              build/nyan_os.o (malloc)
/opt/gcc-arm-none-eabi-10.3-2021.10/bin/../lib/gcc/arm-none-eabi/10.3.1/../../../../arm-none-eabi/lib/thumb/v7e-m+fp/hard/libc_nano.a(lib_a-memchr.o)
                              /opt/gcc-arm-none-eabi-10.3-2021.10/bin/../lib/gcc/arm-none-eabi/10.3.1/../../../../arm-none-eabi/lib/thumb/v7e-m+fp/hard/libc_nano.a(lib_a-fmemopen.o) (memchr)
/opt/gcc-arm-none-eabi-10.3-2021.10/bin/../lib/gcc/arm-none-eabi/10.3.1/../../../../arm-none-eabi/lib/thumb/v7e-m+fp/hard/libc_nano.a(lib_a-memcmp.o)
                              build/nyan_os.o (memcmp)
/opt/gcc-arm-none-eabi-10.3-2021.10/bin/../lib/gcc/arm-none-eabi/10.3.1/../../../../arm-none-eabi/lib/thumb/v7e-m+fp/hard/libc_nano.a(lib_a-memcpy-stub.o)
                              build/nyan_os.o (memcpy)
/opt/gcc-arm-none-eabi-10.3-2021.10/bin/../lib/gcc/arm-none-eabi/10.3.1/../../../../arm-none-eabi/lib/thumb/v7e-m+fp/hard/libc_nano.a(lib_a-memset.o)
                              /opt/gcc-arm-none-eabi-10.3-2021.10/bin/../lib/gcc/arm-none-eabi/10.3.1/../../../../arm-none-eabi/lib/thumb/v7e-m+fp/hard/crt0.o (memset)
/opt/gcc-arm-none-eabi-10.3-2021.10/bin/../lib/gcc/arm-none-eabi/10.3.1/../../../../arm-none-eabi/lib/thumb/v7e-m+fp/hard/libc_nano.a(lib_a-nano-freer.o)
                              /opt/gcc-arm-none-eabi-10.3-2021.10/bin/../lib/gcc/arm-none-eabi/10.3.1/../../../../arm-none-eabi/lib/thumb/v7e-m+fp/hard/libc_nano.a(lib_a-fmemopen.o) (_free_r)
/opt/gcc-arm-none-eabi-10.3-2021.10/bin/../lib/gcc/arm-none-eabi/10.3.1/../../../../arm-none-eabi/lib/thumb/v7e-m+fp/hard/libc_nano.a(lib_a-nano-mallocr.o)
                              /opt/gcc-arm-none-eabi-10.3-2021.10/bin/../lib/gcc/arm-none-eabi/10.3.1/../../../../arm-none-eabi/lib/thumb/v7e-m+fp/hard/libc_nano.a(lib_a-findfp.o) (_malloc_r)
/opt/gcc-arm-none-eabi-10.3-2021.10/bin/../lib/gcc/arm-none-eabi/10.3.1/../../../../arm-none-eabi/lib/thumb/v7e-m+fp/hard/libc_nano.a(lib_a-realloc.o)
                              build/nyan_os.o (realloc)
[...]
Memory Configuration

Name             Origin             Length             Attributes
RAM              0x0000000020000000 0x0000000000040000 xrw
FLASH            0x0000000008000000 0x0000000000080000 xr
*default*        0x0000000000000000 0xffffffffffffffff

Linker script and memory map

LOAD /opt/gcc-arm-none-eabi-10.3-2021.10/bin/../lib/gcc/arm-none-eabi/10.3.1/thumb/v7e-m+fp/hard/crti.o
LOAD /opt/gcc-arm-none-eabi-10.3-2021.10/bin/../lib/gcc/arm-none-eabi/10.3.1/thumb/v7e-m+fp/hard/crtbegin.o
LOAD /opt/gcc-arm-none-eabi-10.3-2021.10/bin/../lib/gcc/arm-none-eabi/10.3.1/../../../../arm-none-eabi/lib/thumb/v7e-m+fp/hard/crt0.o
LOAD build/main.o
LOAD build/gpio.o
LOAD build/i2c.o
LOAD build/rng.o
LOAD build/spi.o
LOAD build/stm32f7xx_it.o
LOAD build/stm32f7xx_hal_msp.o
LOAD build/stm32f7xx_hal_rcc.o
LOAD build/stm32f7xx_hal_rcc_ex.o
LOAD build/stm32f7xx_hal_flash.o
LOAD build/stm32f7xx_hal_flash_ex.o
LOAD build/stm32f7xx_hal_gpio.o
LOAD build/stm32f7xx_hal_dma.o
LOAD build/stm32f7xx_hal_dma_ex.o
LOAD build/stm32f7xx_hal_pwr.o
LOAD build/stm32f7xx_hal_pwr_ex.o
LOAD build/stm32f7xx_hal_cortex.o
LOAD build/stm32f7xx_hal.o
LOAD build/stm32f7xx_hal_i2c.o
LOAD build/stm32f7xx_hal_i2c_ex.o
LOAD build/stm32f7xx_hal_exti.o
LOAD build/stm32f7xx_hal_rng.o
LOAD build/stm32f7xx_hal_spi.o
LOAD build/stm32f7xx_hal_spi_ex.o
LOAD build/stm32f7xx_hal_tim.o
LOAD build/stm32f7xx_hal_tim_ex.o
LOAD build/system_stm32f7xx.o
LOAD build/stm32f7xx_hal_pcd.o
LOAD build/stm32f7xx_hal_pcd_ex.o
LOAD build/stm32f7xx_ll_usb.o
LOAD build/nyan_leds.o
LOAD build/nyan_os.o
LOAD build/nyan_keys.o
LOAD build/nyan_sha256.o
LOAD build/iceuncompr.o
LOAD build/lattice_ice_hx.o
LOAD build/24xx_eeprom.o
LOAD build/tim.o
LOAD build/usb_otg.o
LOAD build/usbd_composite.o
LOAD build/usbd_hid_keyboard.o
LOAD build/usbd_core.o
LOAD build/usbd_ctlreq.o
LOAD build/usbd_ioreq.o
LOAD build/usb_device.o
LOAD build/usbd_desc.o
LOAD build/usbd_conf.o
LOAD build/usbd_cdc_acm.o
LOAD build/usbd_cdc_acm_if.o
LOAD build/dma.o
LOAD build/startup_stm32f723xx.o
LOAD /opt/gcc-arm-none-eabi-10.3-2021.10/bin/../lib/gcc/arm-none-eabi/10.3.1/../../../../arm-none-eabi/lib/thumb/v7e-m+fp/hard/libc_nano.a
LOAD /opt/gcc-arm-none-eabi-10.3-2021.10/bin/../lib/gcc/arm-none-eabi/10.3.1/../../../../arm-none-eabi/lib/thumb/v7e-m+fp/hard/libm.a
LOAD /opt/gcc-arm-none-eabi-10.3-2021.10/bin/../lib/gcc/arm-none-eabi/10.3.1/../../../../arm-none-eabi/lib/thumb/v7e-m+fp/hard/libnosys.a
START GROUP
LOAD /opt/gcc-arm-none-eabi-10.3-2021.10/bin/../lib/gcc/arm-none-eabi/10.3.1/thumb/v7e-m+fp/hard/libgcc.a
LOAD /opt/gcc-arm-none-eabi-10.3-2021.10/bin/../lib/gcc/arm-none-eabi/10.3.1/../../../../arm-none-eabi/lib/thumb/v7e-m+fp/hard/libc_nano.a
END GROUP
START GROUP
LOAD /opt/gcc-arm-none-eabi-10.3-2021.10/bin/../lib/gcc/arm-none-eabi/10.3.1/thumb/v7e-m+fp/hard/libgcc.a
LOAD /opt/gcc-arm-none-eabi-10.3-2021.10/bin/../lib/gcc/arm-none-eabi/10.3.1/../../../../arm-none-eabi/lib/thumb/v7e-m+fp/hard/libc_nano.a
END GROUP
LOAD /opt/gcc-arm-none-eabi-10.3-2021.10/bin/../lib/gcc/arm-none-eabi/10.3.1/thumb/v7e-m+fp/hard/crtend.o
LOAD /opt/gcc-arm-none-eabi-10.3-2021.10/bin/../lib/gcc/arm-none-eabi/10.3.1/thumb/v7e-m+fp/hard/crtn.o
                0x0000000020040000                _estack = (ORIGIN (RAM) + LENGTH (RAM))
                0x0000000000000800                _Min_Heap_Size = 0x800
                0x0000000000000800                _Min_Stack_Size = 0x800

.isr_vector     0x0000000008000000      0x1e0
                0x0000000008000000                . = ALIGN (0x4)
 *(.isr_vector)
 .isr_vector    0x0000000008000000      0x1e0 build/startup_stm32f723xx.o
                0x0000000008000000                g_pfnVectors
                0x00000000080001e0                . = ALIGN (0x4)

.text           0x00000000080001e0     0xda94
                0x00000000080001e0                . = ALIGN (0x4)
 *(.text)
 .text          0x00000000080001e0       0x40 /opt/gcc-arm-none-eabi-10.3-2021.10/bin/../lib/gcc/arm-none-eabi/10.3.1/thumb/v7e-m+fp/hard/crtbegin.o
 .text          0x0000000008000220       0xa0 /opt/gcc-arm-none-eabi-10.3-2021.10/bin/../lib/gcc/arm-none-eabi/10.3.1/../../../../arm-none-eabi/lib/thumb/v7e-m+fp/hard/libc_nano.a(lib_a-memchr.o)
                0x0000000008000220                memchr
 .text          0x00000000080002c0       0x10 /opt/gcc-arm-none-eabi-10.3-2021.10/bin/../lib/gcc/arm-none-eabi/10.3.1/../../../../arm-none-eabi/lib/thumb/v7e-m+fp/hard/libc_nano.a(lib_a-strlen.o)
                0x00000000080002c0                strlen
 .text          0x00000000080002d0      0x378 /opt/gcc-arm-none-eabi-10.3-2021.10/bin/../lib/gcc/arm-none-eabi/10.3.1/thumb/v7e-m+fp/hard/libgcc.a(_arm_addsubdf3.o)
                0x00000000080002d0                __aeabi_drsub
                0x00000000080002d8                __aeabi_dsub
                0x00000000080002d8                __subdf3
                0x00000000080002dc                __adddf3
                0x00000000080002dc                __aeabi_dadd
                0x0000000008000554                __aeabi_ui2d
                0x0000000008000554                __floatunsidf
                0x0000000008000574                __floatsidf
                0x0000000008000574                __aeabi_i2d
                0x0000000008000598                __extendsfdf2
                0x0000000008000598                __aeabi_f2d
                0x00000000080005dc                __aeabi_ul2d
                0x00000000080005dc                __floatundidf
                0x00000000080005ec                __floatdidf
                0x00000000080005ec                __aeabi_l2d
 .text          0x0000000008000648      0x424 /opt/gcc-arm-none-eabi-10.3-2021.10/bin/../lib/gcc/arm-none-eabi/10.3.1/thumb/v7e-m+fp/hard/libgcc.a(_arm_muldivdf3.o)
                0x0000000008000648                __aeabi_dmul
                0x0000000008000648                __muldf3
                0x000000000800089c                __aeabi_ddiv
                0x000000000800089c                __divdf3
 .text          0x0000000008000a6c      0x110 /opt/gcc-arm-none-eabi-10.3-2021.10/bin/../lib/gcc/arm-none-eabi/10.3.1/thumb/v7e-m+fp/hard/libgcc.a(_arm_cmpdf2.o)
                0x0000000008000a6c                __gtdf2
                0x0000000008000a6c                __gedf2
                0x0000000008000a74                __ltdf2
                0x0000000008000a74                __ledf2
                0x0000000008000a7c                __cmpdf2
                0x0000000008000a7c                __eqdf2
                0x0000000008000a7c                __nedf2
                0x0000000008000af8                __aeabi_cdrcmple
                0x0000000008000b08                __aeabi_cdcmple
                0x0000000008000b08                __aeabi_cdcmpeq
                0x0000000008000b18                __aeabi_dcmpeq
                0x0000000008000b2c                __aeabi_dcmplt
                0x0000000008000b40                __aeabi_dcmple
                0x0000000008000b54                __aeabi_dcmpge
                0x0000000008000b68                __aeabi_dcmpgt
 .text          0x0000000008000b7c       0x2c /opt/gcc-arm-none-eabi-10.3-2021.10/bin/../lib/gcc/arm-none-eabi/10.3.1/thumb/v7e-m+fp/hard/libgcc.a(_arm_unorddf2.o)
                0x0000000008000b7c                __aeabi_dcmpun
                0x0000000008000b7c                __unorddf2
 .text          0x0000000008000ba8       0x40 /opt/gcc-arm-none-eabi-10.3-2021.10/bin/../lib/gcc/arm-none-eabi/10.3.1/thumb/v7e-m+fp/hard/libgcc.a(_arm_fixunsdfsi.o)
                0x0000000008000ba8                __fixunsdfsi
                0x0000000008000ba8                __aeabi_d2uiz
 .text          0x0000000008000be8       0xa0 /opt/gcc-arm-none-eabi-10.3-2021.10/bin/../lib/gcc/arm-none-eabi/10.3.1/thumb/v7e-m+fp/hard/libgcc.a(_arm_truncdfsf2.o)
                0x0000000008000be8                __aeabi_d2f
                0x0000000008000be8                __truncdfsf2
 .text          0x0000000008000c88       0x30 /opt/gcc-arm-none-eabi-10.3-2021.10/bin/../lib/gcc/arm-none-eabi/10.3.1/thumb/v7e-m+fp/hard/libgcc.a(_aeabi_uldivmod.o)
                0x0000000008000c88                __aeabi_uldivmod
 .text          0x0000000008000cb8      0x2d0 /opt/gcc-arm-none-eabi-10.3-2021.10/bin/../lib/gcc/arm-none-eabi/10.3.1/thumb/v7e-m+fp/hard/libgcc.a(_udivmoddi4.o)
                0x0000000008000cb8                __udivmoddi4
 .text          0x0000000008000f88        0x4 /opt/gcc-arm-none-eabi-10.3-2021.10/bin/../lib/gcc/arm-none-eabi/10.3.1/thumb/v7e-m+fp/hard/libgcc.a(_dvmd_tls.o)
                0x0000000008000f88                __aeabi_ldiv0
                0x0000000008000f88                __aeabi_idiv0
 *(.text*)
 .text.HAL_SPI_TxRxCpltCallback
                0x0000000008000f8c       0x1c build/main.o
                0x0000000008000f8c                HAL_SPI_TxRxCpltCallback
 .text.HAL_I2C_MemTxCpltCallback
                0x0000000008000fa8        0xc build/main.o
                0x0000000008000fa8                HAL_I2C_MemTxCpltCallback
 .text.HAL_I2C_MemRxCpltCallback
                0x0000000008000fb4        0xc build/main.o
                0x0000000008000fb4                HAL_I2C_MemRxCpltCallback
 .text.HAL_TIM_PeriodElapsedCallback
                0x0000000008000fc0       0xb0 build/main.o
                0x0000000008000fc0                HAL_TIM_PeriodElapsedCallback
 .text.HAL_TIM_OC_DelayElapsedCallback
                0x0000000008001070       0xa4 build/main.o
                0x0000000008001070                HAL_TIM_OC_DelayElapsedCallback
 .text.Error_Handler
                0x0000000008001114       0x40 build/main.o
                0x0000000008001114                Error_Handler
 .text.SystemClock_Config
                0x0000000008001154       0xb0 build/main.o
                0x0000000008001154                SystemClock_Config
 .text.main     0x0000000008001204      0x148 build/main.o
                0x0000000008001204                main
 .text.HAL_I2C_ErrorCallback
                0x000000000800134c       0x1c build/main.o
                0x000000000800134c                HAL_I2C_ErrorCallback
 .text.MX_GPIO_Init
                0x0000000008001368      0x128 build/gpio.o
                0x0000000008001368                MX_GPIO_Init
 .text.MX_I2C1_Init
                0x0000000008001490       0x58 build/i2c.o
                0x0000000008001490                MX_I2C1_Init
 .text.HAL_I2C_MspInit
                0x00000000080014e8      0x130 build/i2c.o
                0x00000000080014e8                HAL_I2C_MspInit
 .text.MX_RNG_Init
                0x0000000008001618       0x20 build/rng.o
                0x0000000008001618                MX_RNG_Init
 .text.HAL_RNG_MspInit
                0x0000000008001638       0x50 build/rng.o
                0x0000000008001638                HAL_RNG_MspInit
 .text.MX_SPI1_Init
                0x0000000008001688       0x4c build/spi.o
                0x0000000008001688                MX_SPI1_Init
 .text.MX_SPI2_Init
                0x00000000080016d4       0x4c build/spi.o
                0x00000000080016d4                MX_SPI2_Init
 .text.MX_SPI4_Init
                0x0000000008001720       0x4c build/spi.o
                0x0000000008001720                MX_SPI4_Init
 .text.HAL_SPI_MspInit
                0x000000000800176c      0x1c4 build/spi.o
                0x000000000800176c                HAL_SPI_MspInit
 .text.NMI_Handler
                0x0000000008001930        0x2 build/stm32f7xx_it.o
                0x0000000008001930                NMI_Handler
 *fill*         0x0000000008001932        0x2 
 .text.HardFault_Handler
                0x0000000008001934       0x3c build/stm32f7xx_it.o
                0x0000000008001934                HardFault_Handler
 .text.MemManage_Handler
                0x0000000008001970        0x2 build/stm32f7xx_it.o
                0x0000000008001970                MemManage_Handler
 .text.BusFault_Handler
                0x0000000008001972        0x2 build/stm32f7xx_it.o
                0x0000000008001972                BusFault_Handler
 .text.UsageFault_Handler
                0x0000000008001974        0x2 build/stm32f7xx_it.o
                0x0000000008001974                UsageFault_Handler
 .text.SVC_Handler
                0x0000000008001976        0x2 build/stm32f7xx_it.o
                0x0000000008001976                SVC_Handler
 .text.DebugMon_Handler
                0x0000000008001978        0x2 build/stm32f7xx_it.o
                0x0000000008001978                DebugMon_Handler
 .text.PendSV_Handler
                0x000000000800197a        0x2 build/stm32f7xx_it.o
                0x000000000800197a                PendSV_Handler
 .text.SysTick_Handler
                0x000000000800197c        0x8 build/stm32f7xx_it.o
                0x000000000800197c                SysTick_Handler
 .text.DMA1_Stream0_IRQHandler
                0x0000000008001984       0x10 build/stm32f7xx_it.o
                0x0000000008001984                DMA1_Stream0_IRQHandler
 .text.DMA1_Stream3_IRQHandler
                0x0000000008001994       0x10 build/stm32f7xx_it.o
                0x0000000008001994                DMA1_Stream3_IRQHandler
 .text.DMA1_Stream4_IRQHandler
                0x00000000080019a4       0x10 build/stm32f7xx_it.o
                0x00000000080019a4                DMA1_Stream4_IRQHandler
 .text.DMA1_Stream6_IRQHandler
                0x00000000080019b4       0x10 build/stm32f7xx_it.o
                0x00000000080019b4                DMA1_Stream6_IRQHandler
 .text.TIM1_UP_TIM10_IRQHandler
                0x00000000080019c4       0x10 build/stm32f7xx_it.o
                0x00000000080019c4                TIM1_UP_TIM10_IRQHandler
 .text.TIM1_CC_IRQHandler
                0x00000000080019d4       0x10 build/stm32f7xx_it.o
                0x00000000080019d4                TIM1_CC_IRQHandler
 .text.I2C1_EV_IRQHandler
                0x00000000080019e4       0x10 build/stm32f7xx_it.o
                0x00000000080019e4                I2C1_EV_IRQHandler
 .text.I2C1_ER_IRQHandler
                0x00000000080019f4       0x10 build/stm32f7xx_it.o
                0x00000000080019f4                I2C1_ER_IRQHandler
 .text.SPI2_IRQHandler
                0x0000000008001a04       0x10 build/stm32f7xx_it.o
                0x0000000008001a04                SPI2_IRQHandler
 .text.TIM8_CC_IRQHandler
                0x0000000008001a14       0x10 build/stm32f7xx_it.o
                0x0000000008001a14                TIM8_CC_IRQHandler
 .text.TIM6_DAC_IRQHandler
                0x0000000008001a24       0x10 build/stm32f7xx_it.o
                0x0000000008001a24                TIM6_DAC_IRQHandler
 .text.TIM7_IRQHandler
                0x0000000008001a34       0x10 build/stm32f7xx_it.o
                0x0000000008001a34                TIM7_IRQHandler
 .text.OTG_HS_IRQHandler
                0x0000000008001a44       0x10 build/stm32f7xx_it.o
                0x0000000008001a44                OTG_HS_IRQHandler
 .text.HAL_MspInit
                0x0000000008001a54       0x30 build/stm32f7xx_hal_msp.o
                0x0000000008001a54                HAL_MspInit
 .text.HAL_RCC_OscConfig
                0x0000000008001a84      0x434 build/stm32f7xx_hal_rcc.o
                0x0000000008001a84                HAL_RCC_OscConfig
 .text.HAL_RCC_GetSysClockFreq
                0x0000000008001eb8       0xa8 build/stm32f7xx_hal_rcc.o
                0x0000000008001eb8                HAL_RCC_GetSysClockFreq
 .text.HAL_RCC_ClockConfig
                0x0000000008001f60      0x16c build/stm32f7xx_hal_rcc.o
                0x0000000008001f60                HAL_RCC_ClockConfig
 .text.HAL_RCC_GetHCLKFreq
                0x00000000080020cc        0xc build/stm32f7xx_hal_rcc.o
                0x00000000080020cc                HAL_RCC_GetHCLKFreq
 .text.HAL_RCCEx_PeriphCLKConfig
                0x00000000080020d8      0x4e4 build/stm32f7xx_hal_rcc_ex.o
                0x00000000080020d8                HAL_RCCEx_PeriphCLKConfig
 .text.HAL_GPIO_Init
                0x00000000080025bc      0x1e8 build/stm32f7xx_hal_gpio.o
                0x00000000080025bc                HAL_GPIO_Init
 .text.HAL_GPIO_ReadPin
                0x00000000080027a4        0xe build/stm32f7xx_hal_gpio.o
                0x00000000080027a4                HAL_GPIO_ReadPin
 .text.HAL_GPIO_WritePin
                0x00000000080027b2        0xc build/stm32f7xx_hal_gpio.o
                0x00000000080027b2                HAL_GPIO_WritePin
 .text.DMA_SetConfig
                0x00000000080027be       0x2c build/stm32f7xx_hal_dma.o
 *fill*         0x00000000080027ea        0x2 
 .text.DMA_CalcBaseAndBitshift
                0x00000000080027ec       0x40 build/stm32f7xx_hal_dma.o
 .text.DMA_CheckFifoParam
                0x000000000800282c       0x8e build/stm32f7xx_hal_dma.o
 *fill*         0x00000000080028ba        0x2 
 .text.HAL_DMA_Init
                0x00000000080028bc       0xcc build/stm32f7xx_hal_dma.o
                0x00000000080028bc                HAL_DMA_Init
 .text.HAL_DMA_Start_IT
                0x0000000008002988       0x74 build/stm32f7xx_hal_dma.o
                0x0000000008002988                HAL_DMA_Start_IT
 .text.HAL_DMA_Abort_IT
                0x00000000080029fc       0x26 build/stm32f7xx_hal_dma.o
                0x00000000080029fc                HAL_DMA_Abort_IT
 *fill*         0x0000000008002a22        0x2 
 .text.HAL_DMA_IRQHandler
                0x0000000008002a24      0x1dc build/stm32f7xx_hal_dma.o
                0x0000000008002a24                HAL_DMA_IRQHandler
 .text.HAL_DMA_GetState
                0x0000000008002c00        0x6 build/stm32f7xx_hal_dma.o
                0x0000000008002c00                HAL_DMA_GetState
 .text.HAL_DMA_GetError
                0x0000000008002c06        0x4 build/stm32f7xx_hal_dma.o
                0x0000000008002c06                HAL_DMA_GetError
 *fill*         0x0000000008002c0a        0x2 
 .text.HAL_PWREx_EnableOverDrive
                0x0000000008002c0c       0x7c build/stm32f7xx_hal_pwr_ex.o
                0x0000000008002c0c                HAL_PWREx_EnableOverDrive
 .text.__NVIC_SetPriority
                0x0000000008002c88       0x24 build/stm32f7xx_hal_cortex.o
 .text.NVIC_EncodePriority
                0x0000000008002cac       0x3e build/stm32f7xx_hal_cortex.o
 *fill*         0x0000000008002cea        0x2 
 .text.HAL_NVIC_SetPriorityGrouping
                0x0000000008002cec       0x24 build/stm32f7xx_hal_cortex.o
                0x0000000008002cec                HAL_NVIC_SetPriorityGrouping
 .text.HAL_NVIC_SetPriority
                0x0000000008002d10       0x20 build/stm32f7xx_hal_cortex.o
                0x0000000008002d10                HAL_NVIC_SetPriority
 .text.HAL_NVIC_EnableIRQ
                0x0000000008002d30       0x1c build/stm32f7xx_hal_cortex.o
                0x0000000008002d30                HAL_NVIC_EnableIRQ
 .text.HAL_SYSTICK_Config
                0x0000000008002d4c       0x28 build/stm32f7xx_hal_cortex.o
                0x0000000008002d4c                HAL_SYSTICK_Config
 .text.HAL_InitTick
                0x0000000008002d74       0x4c build/stm32f7xx_hal.o
                0x0000000008002d74                HAL_InitTick
 .text.HAL_Init
                0x0000000008002dc0       0x24 build/stm32f7xx_hal.o
                0x0000000008002dc0                HAL_Init
 .text.HAL_IncTick
                0x0000000008002de4       0x18 build/stm32f7xx_hal.o
                0x0000000008002de4                HAL_IncTick
 .text.HAL_GetTick
                0x0000000008002dfc        0xc build/stm32f7xx_hal.o
                0x0000000008002dfc                HAL_GetTick
 .text.HAL_Delay
                0x0000000008002e08       0x28 build/stm32f7xx_hal.o
                0x0000000008002e08                HAL_Delay
 .text.I2C_Flush_TXDR
                0x0000000008002e30       0x22 build/stm32f7xx_hal_i2c.o
 .text.I2C_TransferConfig
                0x0000000008002e52       0x3c build/stm32f7xx_hal_i2c.o
 *fill*         0x0000000008002e8e        0x2 
 .text.I2C_Enable_IRQ
                0x0000000008002e90       0x7c build/stm32f7xx_hal_i2c.o
 .text.I2C_Disable_IRQ
                0x0000000008002f0c       0x70 build/stm32f7xx_hal_i2c.o
 .text.HAL_I2C_Init
                0x0000000008002f7c       0xbc build/stm32f7xx_hal_i2c.o
                0x0000000008002f7c                HAL_I2C_Init
 .text.HAL_I2C_Mem_Write_DMA
                0x0000000008003038      0x134 build/stm32f7xx_hal_i2c.o
                0x0000000008003038                HAL_I2C_Mem_Write_DMA
 .text.HAL_I2C_Mem_Read_DMA
                0x000000000800316c      0x134 build/stm32f7xx_hal_i2c.o
                0x000000000800316c                HAL_I2C_Mem_Read_DMA
 .text.HAL_I2C_EV_IRQHandler
                0x00000000080032a0       0x10 build/stm32f7xx_hal_i2c.o
                0x00000000080032a0                HAL_I2C_EV_IRQHandler
 .text.HAL_I2C_MasterTxCpltCallback
                0x00000000080032b0        0x2 build/stm32f7xx_hal_i2c.o
                0x00000000080032b0                HAL_I2C_MasterTxCpltCallback
 .text.HAL_I2C_MasterRxCpltCallback
                0x00000000080032b2        0x2 build/stm32f7xx_hal_i2c.o
                0x00000000080032b2                HAL_I2C_MasterRxCpltCallback
 .text.I2C_ITMasterSeqCplt
                0x00000000080032b4       0x54 build/stm32f7xx_hal_i2c.o
 .text.HAL_I2C_SlaveTxCpltCallback
                0x0000000008003308        0x2 build/stm32f7xx_hal_i2c.o
                0x0000000008003308                HAL_I2C_SlaveTxCpltCallback
 .text.HAL_I2C_SlaveRxCpltCallback
                0x000000000800330a        0x2 build/stm32f7xx_hal_i2c.o
                0x000000000800330a                HAL_I2C_SlaveRxCpltCallback
 .text.I2C_ITSlaveSeqCplt
                0x000000000800330c       0x82 build/stm32f7xx_hal_i2c.o
 .text.HAL_I2C_AddrCallback
                0x000000000800338e        0x2 build/stm32f7xx_hal_i2c.o
                0x000000000800338e                HAL_I2C_AddrCallback
 .text.I2C_ITAddrCplt
                0x0000000008003390       0xa0 build/stm32f7xx_hal_i2c.o
 .text.HAL_I2C_ListenCpltCallback
                0x0000000008003430        0x2 build/stm32f7xx_hal_i2c.o
                0x0000000008003430                HAL_I2C_ListenCpltCallback
 *fill*         0x0000000008003432        0x2 
 .text.I2C_ITListenCplt
                0x0000000008003434       0x68 build/stm32f7xx_hal_i2c.o
 .text.HAL_I2C_AbortCpltCallback
                0x000000000800349c        0x2 build/stm32f7xx_hal_i2c.o
                0x000000000800349c                HAL_I2C_AbortCpltCallback
 .text.I2C_TreatErrorCallback
                0x000000000800349e       0x2e build/stm32f7xx_hal_i2c.o
 .text.I2C_ITError
                0x00000000080034cc      0x108 build/stm32f7xx_hal_i2c.o
 .text.I2C_ITSlaveCplt
                0x00000000080035d4      0x168 build/stm32f7xx_hal_i2c.o
 .text.I2C_Slave_ISR_IT
                0x000000000800373c      0x150 build/stm32f7xx_hal_i2c.o
 .text.I2C_ITMasterCplt
                0x000000000800388c      0x12e build/stm32f7xx_hal_i2c.o
 .text.I2C_Slave_ISR_DMA
                0x00000000080039ba      0x122 build/stm32f7xx_hal_i2c.o
 .text.I2C_Master_ISR_DMA
                0x0000000008003adc      0x142 build/stm32f7xx_hal_i2c.o
 .text.I2C_DMAError
                0x0000000008003c1e       0x44 build/stm32f7xx_hal_i2c.o
 .text.I2C_DMAMasterTransmitCplt
                0x0000000008003c62       0x5a build/stm32f7xx_hal_i2c.o
 .text.I2C_DMAMasterReceiveCplt
                0x0000000008003cbc       0x5a build/stm32f7xx_hal_i2c.o
 *fill*         0x0000000008003d16        0x2 
 .text.I2C_Mem_ISR_DMA
                0x0000000008003d18      0x194 build/stm32f7xx_hal_i2c.o
 .text.HAL_I2C_ER_IRQHandler
                0x0000000008003eac       0x6a build/stm32f7xx_hal_i2c.o
                0x0000000008003eac                HAL_I2C_ER_IRQHandler
 .text.I2C_DMAAbort
                0x0000000008003f16       0x1a build/stm32f7xx_hal_i2c.o
 .text.HAL_I2C_GetError
                0x0000000008003f30        0x4 build/stm32f7xx_hal_i2c.o
                0x0000000008003f30                HAL_I2C_GetError
 .text.HAL_I2CEx_ConfigAnalogFilter
                0x0000000008003f34       0x5c build/stm32f7xx_hal_i2c_ex.o
                0x0000000008003f34                HAL_I2CEx_ConfigAnalogFilter
 .text.HAL_I2CEx_ConfigDigitalFilter
                0x0000000008003f90       0x58 build/stm32f7xx_hal_i2c_ex.o
                0x0000000008003f90                HAL_I2CEx_ConfigDigitalFilter
 .text.HAL_RNG_Init
                0x0000000008003fe8       0x2e build/stm32f7xx_hal_rng.o
                0x0000000008003fe8                HAL_RNG_Init
 *fill*         0x0000000008004016        0x2 
 .text.SPI_WaitFlagStateUntilTimeout
                0x0000000008004018       0xc8 build/stm32f7xx_hal_spi.o
 .text.SPI_WaitFifoStateUntilTimeout
                0x00000000080040e0       0xf0 build/stm32f7xx_hal_spi.o
 .text.SPI_EndRxTxTransaction
                0x00000000080041d0       0xa0 build/stm32f7xx_hal_spi.o
 .text.SPI_EndRxTransaction
                0x0000000008004270       0xc4 build/stm32f7xx_hal_spi.o
 .text.HAL_SPI_Init
                0x0000000008004334       0xe8 build/stm32f7xx_hal_spi.o
                0x0000000008004334                HAL_SPI_Init
 .text.HAL_SPI_Transmit
                0x000000000800441c      0x200 build/stm32f7xx_hal_spi.o
                0x000000000800441c                HAL_SPI_Transmit
 .text.HAL_SPI_TransmitReceive_DMA
                0x000000000800461c      0x210 build/stm32f7xx_hal_spi.o
                0x000000000800461c                HAL_SPI_TransmitReceive_DMA
 .text.HAL_SPI_RxCpltCallback
                0x000000000800482c        0x2 build/stm32f7xx_hal_spi.o
                0x000000000800482c                HAL_SPI_RxCpltCallback
 .text.HAL_SPI_RxHalfCpltCallback
                0x000000000800482e        0x2 build/stm32f7xx_hal_spi.o
                0x000000000800482e                HAL_SPI_RxHalfCpltCallback
 .text.SPI_DMAHalfReceiveCplt
                0x0000000008004830        0xa build/stm32f7xx_hal_spi.o
 .text.HAL_SPI_TxRxHalfCpltCallback
                0x000000000800483a        0x2 build/stm32f7xx_hal_spi.o
                0x000000000800483a                HAL_SPI_TxRxHalfCpltCallback
 .text.SPI_DMAHalfTransmitReceiveCplt
                0x000000000800483c        0xa build/stm32f7xx_hal_spi.o
 .text.HAL_SPI_ErrorCallback
                0x0000000008004846        0x2 build/stm32f7xx_hal_spi.o
                0x0000000008004846                HAL_SPI_ErrorCallback
 .text.SPI_DMAError
                0x0000000008004848       0x22 build/stm32f7xx_hal_spi.o
 .text.SPI_DMAReceiveCplt
                0x000000000800486a       0x70 build/stm32f7xx_hal_spi.o
 .text.SPI_DMATransmitReceiveCplt
                0x00000000080048da       0x5e build/stm32f7xx_hal_spi.o
 .text.HAL_SPI_IRQHandler
                0x0000000008004938      0x118 build/stm32f7xx_hal_spi.o
                0x0000000008004938                HAL_SPI_IRQHandler
 .text.SPI_DMAAbortOnError
                0x0000000008004a50       0x12 build/stm32f7xx_hal_spi.o
 *fill*         0x0000000008004a62        0x2 
 .text.TIM_OC1_SetConfig
                0x0000000008004a64       0x68 build/stm32f7xx_hal_tim.o
 .text.TIM_OC3_SetConfig
                0x0000000008004acc       0x70 build/stm32f7xx_hal_tim.o
 .text.TIM_OC4_SetConfig
                0x0000000008004b3c       0x54 build/stm32f7xx_hal_tim.o
 .text.TIM_OC5_SetConfig
                0x0000000008004b90       0x54 build/stm32f7xx_hal_tim.o
 .text.TIM_OC6_SetConfig
                0x0000000008004be4       0x54 build/stm32f7xx_hal_tim.o
 .text.TIM_TI1_ConfigInputStage
                0x0000000008004c38       0x26 build/stm32f7xx_hal_tim.o
 .text.TIM_TI2_ConfigInputStage
                0x0000000008004c5e       0x28 build/stm32f7xx_hal_tim.o
 .text.TIM_ITRx_SetConfig
                0x0000000008004c86       0x10 build/stm32f7xx_hal_tim.o
 *fill*         0x0000000008004c96        0x2 
 .text.HAL_TIM_Base_Start_IT
                0x0000000008004c98       0x90 build/stm32f7xx_hal_tim.o
                0x0000000008004c98                HAL_TIM_Base_Start_IT
 .text.HAL_TIM_IC_CaptureCallback
                0x0000000008004d28        0x2 build/stm32f7xx_hal_tim.o
                0x0000000008004d28                HAL_TIM_IC_CaptureCallback
 .text.HAL_TIM_PWM_PulseFinishedCallback
                0x0000000008004d2a        0x2 build/stm32f7xx_hal_tim.o
                0x0000000008004d2a                HAL_TIM_PWM_PulseFinishedCallback
 .text.HAL_TIM_TriggerCallback
                0x0000000008004d2c        0x2 build/stm32f7xx_hal_tim.o
                0x0000000008004d2c                HAL_TIM_TriggerCallback
 .text.HAL_TIM_IRQHandler
                0x0000000008004d2e      0x19a build/stm32f7xx_hal_tim.o
                0x0000000008004d2e                HAL_TIM_IRQHandler
 .text.TIM_Base_SetConfig
                0x0000000008004ec8      0x110 build/stm32f7xx_hal_tim.o
                0x0000000008004ec8                TIM_Base_SetConfig
 .text.HAL_TIM_Base_Init
                0x0000000008004fd8       0x60 build/stm32f7xx_hal_tim.o
                0x0000000008004fd8                HAL_TIM_Base_Init
 .text.HAL_TIM_OC_Init
                0x0000000008005038       0x60 build/stm32f7xx_hal_tim.o
                0x0000000008005038                HAL_TIM_OC_Init
 .text.TIM_OC2_SetConfig
                0x0000000008005098       0x70 build/stm32f7xx_hal_tim.o
                0x0000000008005098                TIM_OC2_SetConfig
 .text.HAL_TIM_OC_ConfigChannel
                0x0000000008005108       0x7a build/stm32f7xx_hal_tim.o
                0x0000000008005108                HAL_TIM_OC_ConfigChannel
 .text.TIM_ETR_SetConfig
                0x0000000008005182       0x1a build/stm32f7xx_hal_tim.o
                0x0000000008005182                TIM_ETR_SetConfig
 .text.HAL_TIM_ConfigClockSource
                0x000000000800519c      0x100 build/stm32f7xx_hal_tim.o
                0x000000000800519c                HAL_TIM_ConfigClockSource
 .text.TIM_CCxChannelCmd
                0x000000000800529c       0x1e build/stm32f7xx_hal_tim.o
                0x000000000800529c                TIM_CCxChannelCmd
 *fill*         0x00000000080052ba        0x2 
 .text.HAL_TIM_OC_Start_IT
                0x00000000080052bc      0x1c4 build/stm32f7xx_hal_tim.o
                0x00000000080052bc                HAL_TIM_OC_Start_IT
 .text.HAL_TIM_OC_Stop_IT
                0x0000000008005480      0x100 build/stm32f7xx_hal_tim.o
                0x0000000008005480                HAL_TIM_OC_Stop_IT
 .text.HAL_TIMEx_MasterConfigSynchronization
                0x0000000008005580       0xa0 build/stm32f7xx_hal_tim_ex.o
                0x0000000008005580                HAL_TIMEx_MasterConfigSynchronization
 .text.HAL_TIMEx_ConfigBreakDeadTime
                0x0000000008005620       0x90 build/stm32f7xx_hal_tim_ex.o
                0x0000000008005620                HAL_TIMEx_ConfigBreakDeadTime
 .text.HAL_TIMEx_CommutCallback
                0x00000000080056b0        0x2 build/stm32f7xx_hal_tim_ex.o
                0x00000000080056b0                HAL_TIMEx_CommutCallback
 .text.HAL_TIMEx_BreakCallback
                0x00000000080056b2        0x2 build/stm32f7xx_hal_tim_ex.o
                0x00000000080056b2                HAL_TIMEx_BreakCallback
 .text.HAL_TIMEx_Break2Callback
                0x00000000080056b4        0x2 build/stm32f7xx_hal_tim_ex.o
                0x00000000080056b4                HAL_TIMEx_Break2Callback
 *fill*         0x00000000080056b6        0x2 
 .text.SystemInit
                0x00000000080056b8       0x14 build/system_stm32f7xx.o
                0x00000000080056b8                SystemInit
 .text.PCD_WriteEmptyTxFifo
                0x00000000080056cc       0xd0 build/stm32f7xx_hal_pcd.o
 .text.HAL_PCD_Init
                0x000000000800579c      0x13c build/stm32f7xx_hal_pcd.o
                0x000000000800579c                HAL_PCD_Init
 .text.HAL_PCD_Start
                0x00000000080058d8       0x2a build/stm32f7xx_hal_pcd.o
                0x00000000080058d8                HAL_PCD_Start
 *fill*         0x0000000008005902        0x2 
 .text.PCD_EP_OutXfrComplete_int
                0x0000000008005904      0x104 build/stm32f7xx_hal_pcd.o
 .text.PCD_EP_OutSetupPacket_int
                0x0000000008005a08       0x50 build/stm32f7xx_hal_pcd.o
 .text.HAL_PCD_SetAddress
                0x0000000008005a58       0x28 build/stm32f7xx_hal_pcd.o
                0x0000000008005a58                HAL_PCD_SetAddress
 .text.HAL_PCD_EP_Open
                0x0000000008005a80       0x8a build/stm32f7xx_hal_pcd.o
                0x0000000008005a80                HAL_PCD_EP_Open
 .text.HAL_PCD_EP_Close
                0x0000000008005b0a       0x72 build/stm32f7xx_hal_pcd.o
                0x0000000008005b0a                HAL_PCD_EP_Close
 .text.HAL_PCD_EP_Receive
                0x0000000008005b7c       0x5e build/stm32f7xx_hal_pcd.o
                0x0000000008005b7c                HAL_PCD_EP_Receive
 .text.HAL_PCD_EP_GetRxCount
                0x0000000008005bda       0x12 build/stm32f7xx_hal_pcd.o
                0x0000000008005bda                HAL_PCD_EP_GetRxCount
 .text.HAL_PCD_EP_Transmit
                0x0000000008005bec       0x5e build/stm32f7xx_hal_pcd.o
                0x0000000008005bec                HAL_PCD_EP_Transmit
 .text.HAL_PCD_EP_SetStall
                0x0000000008005c4a       0x88 build/stm32f7xx_hal_pcd.o
                0x0000000008005c4a                HAL_PCD_EP_SetStall
 .text.HAL_PCD_EP_ClrStall
                0x0000000008005cd2       0x76 build/stm32f7xx_hal_pcd.o
                0x0000000008005cd2                HAL_PCD_EP_ClrStall
 .text.HAL_PCD_EP_Abort
                0x0000000008005d48       0x34 build/stm32f7xx_hal_pcd.o
                0x0000000008005d48                HAL_PCD_EP_Abort
 .text.HAL_PCD_IRQHandler
                0x0000000008005d7c      0x606 build/stm32f7xx_hal_pcd.o
                0x0000000008005d7c                HAL_PCD_IRQHandler
 .text.HAL_PCDEx_SetTxFiFo
                0x0000000008006382       0x4c build/stm32f7xx_hal_pcd_ex.o
                0x0000000008006382                HAL_PCDEx_SetTxFiFo
 .text.HAL_PCDEx_SetRxFiFo
                0x00000000080063ce        0x8 build/stm32f7xx_hal_pcd_ex.o
                0x00000000080063ce                HAL_PCDEx_SetRxFiFo
 *fill*         0x00000000080063d6        0x2 
 .text.HAL_PCDEx_ActivateLPM
                0x00000000080063d8       0x28 build/stm32f7xx_hal_pcd_ex.o
                0x00000000080063d8                HAL_PCDEx_ActivateLPM
 .text.HAL_PCDEx_LPM_Callback
                0x0000000008006400        0x2 build/stm32f7xx_hal_pcd_ex.o
                0x0000000008006400                HAL_PCDEx_LPM_Callback
 *fill*         0x0000000008006402        0x2 
 .text.USB_CoreReset
                0x0000000008006404       0x50 build/stm32f7xx_ll_usb.o
 .text.USB_HS_PHYCInit
                0x0000000008006454       0x5c build/stm32f7xx_ll_usb.o
 .text.USB_CoreInit
                0x00000000080064b0       0xd4 build/stm32f7xx_ll_usb.o
                0x00000000080064b0                USB_CoreInit
 .text.USB_SetTurnaroundTime
                0x0000000008006584       0xe4 build/stm32f7xx_ll_usb.o
                0x0000000008006584                USB_SetTurnaroundTime
 .text.USB_EnableGlobalInt
                0x0000000008006668        0xc build/stm32f7xx_ll_usb.o
                0x0000000008006668                USB_EnableGlobalInt
 .text.USB_DisableGlobalInt
                0x0000000008006674        0xc build/stm32f7xx_ll_usb.o
                0x0000000008006674                USB_DisableGlobalInt
 .text.USB_FlushTxFifo
                0x0000000008006680       0x50 build/stm32f7xx_ll_usb.o
                0x0000000008006680                USB_FlushTxFifo
 .text.USB_FlushRxFifo
                0x00000000080066d0       0x4c build/stm32f7xx_ll_usb.o
                0x00000000080066d0                USB_FlushRxFifo
 .text.USB_SetDevSpeed
                0x000000000800671c        0xe build/stm32f7xx_ll_usb.o
                0x000000000800671c                USB_SetDevSpeed
 *fill*         0x000000000800672a        0x2 
 .text.USB_DevInit
                0x000000000800672c      0x1a4 build/stm32f7xx_ll_usb.o
                0x000000000800672c                USB_DevInit
 .text.USB_GetDevSpeed
                0x00000000080068d0       0x1e build/stm32f7xx_ll_usb.o
                0x00000000080068d0                USB_GetDevSpeed
 *fill*         0x00000000080068ee        0x2 
 .text.USB_ActivateEndpoint
                0x00000000080068f0       0x98 build/stm32f7xx_ll_usb.o
                0x00000000080068f0                USB_ActivateEndpoint
 .text.USB_DeactivateEndpoint
                0x0000000008006988       0xe0 build/stm32f7xx_ll_usb.o
                0x0000000008006988                USB_DeactivateEndpoint
 .text.USB_EP0StartXfer
                0x0000000008006a68      0x120 build/stm32f7xx_ll_usb.o
                0x0000000008006a68                USB_EP0StartXfer
 .text.USB_EPStopXfer
                0x0000000008006b88       0xbe build/stm32f7xx_ll_usb.o
                0x0000000008006b88                USB_EPStopXfer
 .text.USB_WritePacket
                0x0000000008006c46       0x2e build/stm32f7xx_ll_usb.o
                0x0000000008006c46                USB_WritePacket
 .text.USB_EPStartXfer
                0x0000000008006c74      0x230 build/stm32f7xx_ll_usb.o
                0x0000000008006c74                USB_EPStartXfer
 .text.USB_ReadPacket
                0x0000000008006ea4       0x46 build/stm32f7xx_ll_usb.o
                0x0000000008006ea4                USB_ReadPacket
 .text.USB_EPSetStall
                0x0000000008006eea       0x5a build/stm32f7xx_ll_usb.o
                0x0000000008006eea                USB_EPSetStall
 .text.USB_EPClearStall
                0x0000000008006f44       0x5c build/stm32f7xx_ll_usb.o
                0x0000000008006f44                USB_EPClearStall
 .text.USB_SetDevAddress
                0x0000000008006fa0       0x20 build/stm32f7xx_ll_usb.o
                0x0000000008006fa0                USB_SetDevAddress
 .text.USB_DevConnect
                0x0000000008006fc0       0x1c build/stm32f7xx_ll_usb.o
                0x0000000008006fc0                USB_DevConnect
 .text.USB_DevDisconnect
                0x0000000008006fdc       0x1c build/stm32f7xx_ll_usb.o
                0x0000000008006fdc                USB_DevDisconnect
 .text.USB_ReadInterrupts
                0x0000000008006ff8        0x8 build/stm32f7xx_ll_usb.o
                0x0000000008006ff8                USB_ReadInterrupts
 .text.USB_ReadDevAllOutEpInterrupt
                0x0000000008007000       0x10 build/stm32f7xx_ll_usb.o
                0x0000000008007000                USB_ReadDevAllOutEpInterrupt
 .text.USB_ReadDevAllInEpInterrupt
                0x0000000008007010       0x10 build/stm32f7xx_ll_usb.o
                0x0000000008007010                USB_ReadDevAllInEpInterrupt
 .text.USB_ReadDevOutEPInterrupt
                0x0000000008007020       0x12 build/stm32f7xx_ll_usb.o
                0x0000000008007020                USB_ReadDevOutEPInterrupt
 .text.USB_ReadDevInEPInterrupt
                0x0000000008007032       0x24 build/stm32f7xx_ll_usb.o
                0x0000000008007032                USB_ReadDevInEPInterrupt
 .text.USB_GetMode
                0x0000000008007056        0x8 build/stm32f7xx_ll_usb.o
                0x0000000008007056                USB_GetMode
 .text.USB_SetCurrentMode
                0x000000000800705e       0x62 build/stm32f7xx_ll_usb.o
                0x000000000800705e                USB_SetCurrentMode
 .text.USB_ActivateSetup
                0x00000000080070c0       0x20 build/stm32f7xx_ll_usb.o
                0x00000000080070c0                USB_ActivateSetup
 .text.USB_EP0_OutStart
                0x00000000080070e0       0x60 build/stm32f7xx_ll_usb.o
                0x00000000080070e0                USB_EP0_OutStart
 .text.getSystemStatusOCRValue
                0x0000000008007140       0x60 build/nyan_leds.o
                0x0000000008007140                getSystemStatusOCRValue
 .text.NyanPrint
                0x00000000080071a0       0xa0 build/nyan_os.o
                0x00000000080071a0                NyanPrint
 .text.NyanWelcomeDisplay
                0x0000000008007240       0x3c build/nyan_os.o
                0x0000000008007240                NyanWelcomeDisplay
 .text.NyanCdcTX
                0x000000000800727c       0xb4 build/nyan_os.o
                0x000000000800727c                NyanCdcTX
 .text.NyanExeGetinfo
                0x0000000008007330       0x70 build/nyan_os.o
                0x0000000008007330                NyanExeGetinfo
 .text.NyanExeSetOwner
                0x00000000080073a0      0x112 build/nyan_os.o
                0x00000000080073a0                NyanExeSetOwner
 *fill*         0x00000000080074b2        0x2 
 .text.NyanExeWriteFpgaBitstream
                0x00000000080074b4      0x1ec build/nyan_os.o
                0x00000000080074b4                NyanExeWriteFpgaBitstream
 .text.NyanExecute
                0x00000000080076a0       0xcc build/nyan_os.o
                0x00000000080076a0                NyanExecute
 .text.FreeNyanCommandArgs
                0x000000000800776c       0x36 build/nyan_os.o
                0x000000000800776c                FreeNyanCommandArgs
 *fill*         0x00000000080077a2        0x2 
 .text.NyanDecodeArgs
                0x00000000080077a4       0x9c build/nyan_os.o
                0x00000000080077a4                NyanDecodeArgs
 .text.NyanDecode
                0x0000000008007840       0x48 build/nyan_os.o
                0x0000000008007840                NyanDecode
 .text.FreeNyanString
                0x0000000008007888       0x24 build/nyan_os.o
                0x0000000008007888                FreeNyanString
 .text.ClearNyanCommandBuffer
                0x00000000080078ac       0x12 build/nyan_os.o
                0x00000000080078ac                ClearNyanCommandBuffer
 .text.NyanOsInit
                0x00000000080078be       0x54 build/nyan_os.o
                0x00000000080078be                NyanOsInit
 *fill*         0x0000000008007912        0x2 
 .text.NyanAddInputBuffer
                0x0000000008007914      0x15c build/nyan_os.o
                0x0000000008007914                NyanAddInputBuffer
 .text.NyanKeysInit
                0x0000000008007a70       0x1c build/nyan_keys.o
                0x0000000008007a70                NyanKeysInit
 .text.NyanGetKeys
                0x0000000008007a8c       0x38 build/nyan_keys.o
                0x0000000008007a8c                NyanGetKeys
 .text.sha256_transform
                0x0000000008007ac4      0x174 build/nyan_sha256.o
                0x0000000008007ac4                sha256_transform
 .text.sha256_init
                0x0000000008007c38       0x54 build/nyan_sha256.o
                0x0000000008007c38                sha256_init
 .text.sha256_update
                0x0000000008007c8c       0x40 build/nyan_sha256.o
                0x0000000008007c8c                sha256_update
 .text.sha256_final
                0x0000000008007ccc       0xe6 build/nyan_sha256.o
                0x0000000008007ccc                sha256_final
 .text.read_bit
                0x0000000008007db2       0x32 build/iceuncompr.o
                0x0000000008007db2                read_bit
 .text.write_bit
                0x0000000008007de4       0x38 build/iceuncompr.o
                0x0000000008007de4                write_bit
 .text.read_int
                0x0000000008007e1c       0x2e build/iceuncompr.o
                0x0000000008007e1c                read_int
 .text.write_zeros
                0x0000000008007e4a       0x18 build/iceuncompr.o
                0x0000000008007e4a                write_zeros
 *fill*         0x0000000008007e62        0x2 
 .text.ice_uncompress
                0x0000000008007e64      0x108 build/iceuncompr.o
                0x0000000008007e64                ice_uncompress
 .text.WriteUncomprBitstream
                0x0000000008007f6c       0x24 build/iceuncompr.o
                0x0000000008007f6c                WriteUncomprBitstream
 .text.FPGAGetBitstreamData
                0x0000000008007f90       0x7c build/lattice_ice_hx.o
                0x0000000008007f90                FPGAGetBitstreamData
 .text.FPGAGetBitstreamCompressedSize
                0x000000000800800c       0x28 build/lattice_ice_hx.o
                0x000000000800800c                FPGAGetBitstreamCompressedSize
 .text.FPGAInit
                0x0000000008008034       0xac build/lattice_ice_hx.o
                0x0000000008008034                FPGAInit
 .text.EepromInit
                0x00000000080080e0       0x2a build/24xx_eeprom.o
                0x00000000080080e0                EepromInit
 .text.EepromFlushTxBuff
                0x000000000800810a       0x10 build/24xx_eeprom.o
                0x000000000800810a                EepromFlushTxBuff
 .text.EepromCreateControlByte
                0x000000000800811a       0x26 build/24xx_eeprom.o
                0x000000000800811a                EepromCreateControlByte
 .text.EepromWrite
                0x0000000008008140       0x44 build/24xx_eeprom.o
                0x0000000008008140                EepromWrite
 .text.EepromRead
                0x0000000008008184       0x50 build/24xx_eeprom.o
                0x0000000008008184                EepromRead
 .text.MX_TIM1_Init
                0x00000000080081d4       0xe0 build/tim.o
                0x00000000080081d4                MX_TIM1_Init
 .text.MX_TIM6_Init
                0x00000000080082b4       0x50 build/tim.o
                0x00000000080082b4                MX_TIM6_Init
 .text.MX_TIM7_Init
                0x0000000008008304       0x54 build/tim.o
                0x0000000008008304                MX_TIM7_Init
 .text.MX_TIM8_Init
                0x0000000008008358       0xf4 build/tim.o
                0x0000000008008358                MX_TIM8_Init
 .text.HAL_TIM_OC_MspInit
                0x000000000800844c       0x50 build/tim.o
                0x000000000800844c                HAL_TIM_OC_MspInit
 .text.HAL_TIM_Base_MspInit
                0x000000000800849c       0xa0 build/tim.o
                0x000000000800849c                HAL_TIM_Base_MspInit
 .text.MX_USB_OTG_HS_PCD_Init
                0x000000000800853c       0x38 build/usb_otg.o
                0x000000000800853c                MX_USB_OTG_HS_PCD_Init
 .text.HAL_PCD_MspInit
                0x0000000008008574       0xf8 build/usb_otg.o
                0x0000000008008574                HAL_PCD_MspInit
 .text.USBD_COMPOSITE_Init
                0x000000000800866c       0x24 build/usbd_composite.o
 .text.USBD_COMPOSITE_DeInit
                0x0000000008008690       0x24 build/usbd_composite.o
 .text.USBD_COMPOSITE_Setup
                0x00000000080086b4       0x54 build/usbd_composite.o
 .text.USBD_COMPOSITE_DataIn
                0x0000000008008708       0x58 build/usbd_composite.o
 .text.USBD_COMPOSITE_EP0_RxReady
                0x0000000008008760       0x10 build/usbd_composite.o
 .text.USBD_COMPOSITE_EP0_TxReady
                0x0000000008008770        0x4 build/usbd_composite.o
 .text.USBD_COMPOSITE_SOF
                0x0000000008008774        0x4 build/usbd_composite.o
 .text.USBD_COMPOSITE_IsoINIncomplete
                0x0000000008008778        0x4 build/usbd_composite.o
 .text.USBD_COMPOSITE_IsoOutIncomplete
                0x000000000800877c        0x4 build/usbd_composite.o
 .text.USBD_COMPOSITE_DataOut
                0x0000000008008780       0x28 build/usbd_composite.o
 .text.USBD_COMPOSITE_GetHSCfgDesc
                0x00000000080087a8        0xc build/usbd_composite.o
 .text.USBD_COMPOSITE_GetFSCfgDesc
                0x00000000080087b4        0xc build/usbd_composite.o
 .text.USBD_COMPOSITE_GetOtherSpeedCfgDesc
                0x00000000080087c0        0xc build/usbd_composite.o
 .text.USBD_COMPOSITE_GetDeviceQualifierDesc
                0x00000000080087cc        0xc build/usbd_composite.o
 .text.USBD_COMPOSITE_GetUsrStringDesc
                0x00000000080087d8       0x7c build/usbd_composite.o
 .text.USBD_COMPOSITE_Mount_Class
                0x0000000008008854      0x150 build/usbd_composite.o
                0x0000000008008854                USBD_COMPOSITE_Mount_Class
 .text.USBD_HID_GetFSCfgDesc
                0x00000000080089a4        0xc build/usbd_hid_keyboard.o
 .text.USBD_HID_GetHSCfgDesc
                0x00000000080089b0        0xc build/usbd_hid_keyboard.o
 .text.USBD_HID_GetOtherSpeedCfgDesc
                0x00000000080089bc        0xc build/usbd_hid_keyboard.o
 .text.USBD_HID_DataIn
                0x00000000080089c8        0xa build/usbd_hid_keyboard.o
 *fill*         0x00000000080089d2        0x2 
 .text.USBD_HID_GetDeviceQualifierDesc
                0x00000000080089d4        0xc build/usbd_hid_keyboard.o
 .text.USBD_HID_Setup
                0x00000000080089e0      0x124 build/usbd_hid_keyboard.o
 .text.USBD_HID_DeInit
                0x0000000008008b04       0x34 build/usbd_hid_keyboard.o
 .text.USBD_HID_Init
                0x0000000008008b38       0x68 build/usbd_hid_keyboard.o
 .text.USBD_Update_HID_KBD_DESC
                0x0000000008008ba0       0x20 build/usbd_hid_keyboard.o
                0x0000000008008ba0                USBD_Update_HID_KBD_DESC
 .text.USBD_Init
                0x0000000008008bc0       0x2a build/usbd_core.o
                0x0000000008008bc0                USBD_Init
 .text.USBD_RegisterClass
                0x0000000008008bea       0x44 build/usbd_core.o
                0x0000000008008bea                USBD_RegisterClass
 .text.USBD_Start
                0x0000000008008c2e        0x8 build/usbd_core.o
                0x0000000008008c2e                USBD_Start
 .text.USBD_SetClassConfig
                0x0000000008008c36       0x12 build/usbd_core.o
                0x0000000008008c36                USBD_SetClassConfig
 .text.USBD_ClrClassConfig
                0x0000000008008c48       0x10 build/usbd_core.o
                0x0000000008008c48                USBD_ClrClassConfig
 .text.USBD_LL_SetupStage
                0x0000000008008c58       0x58 build/usbd_core.o
                0x0000000008008c58                USBD_LL_SetupStage
 .text.USBD_LL_DataOutStage
                0x0000000008008cb0       0x78 build/usbd_core.o
                0x0000000008008cb0                USBD_LL_DataOutStage
 .text.USBD_LL_DataInStage
                0x0000000008008d28       0xbe build/usbd_core.o
                0x0000000008008d28                USBD_LL_DataInStage
 .text.USBD_LL_Reset
                0x0000000008008de6       0x54 build/usbd_core.o
                0x0000000008008de6                USBD_LL_Reset
 .text.USBD_LL_SetSpeed
                0x0000000008008e3a        0x6 build/usbd_core.o
                0x0000000008008e3a                USBD_LL_SetSpeed
 .text.USBD_LL_Suspend
                0x0000000008008e40       0x14 build/usbd_core.o
                0x0000000008008e40                USBD_LL_Suspend
 .text.USBD_LL_Resume
                0x0000000008008e54       0x1a build/usbd_core.o
                0x0000000008008e54                USBD_LL_Resume
 .text.USBD_LL_SOF
                0x0000000008008e6e       0x28 build/usbd_core.o
                0x0000000008008e6e                USBD_LL_SOF
 .text.USBD_LL_IsoINIncomplete
                0x0000000008008e96       0x28 build/usbd_core.o
                0x0000000008008e96                USBD_LL_IsoINIncomplete
 .text.USBD_LL_IsoOUTIncomplete
                0x0000000008008ebe       0x28 build/usbd_core.o
                0x0000000008008ebe                USBD_LL_IsoOUTIncomplete
 .text.USBD_LL_DevConnected
                0x0000000008008ee6        0x4 build/usbd_core.o
                0x0000000008008ee6                USBD_LL_DevConnected
 .text.USBD_LL_DevDisconnected
                0x0000000008008eea       0x18 build/usbd_core.o
                0x0000000008008eea                USBD_LL_DevDisconnected
 .text.USBD_GetLen
                0x0000000008008f02       0x14 build/usbd_ctlreq.o
 .text.USBD_SetFeature
                0x0000000008008f16       0x14 build/usbd_ctlreq.o
 .text.USBD_ParseSetupRequest
                0x0000000008008f2a       0x28 build/usbd_ctlreq.o
                0x0000000008008f2a                USBD_ParseSetupRequest
 .text.USBD_CtlError
                0x0000000008008f52       0x14 build/usbd_ctlreq.o
                0x0000000008008f52                USBD_CtlError
 .text.USBD_GetDescriptor
                0x0000000008008f66      0x19a build/usbd_ctlreq.o
 .text.USBD_SetAddress
                0x0000000008009100       0x50 build/usbd_ctlreq.o
 .text.USBD_SetConfig
                0x0000000008009150       0xc8 build/usbd_ctlreq.o
 .text.USBD_GetConfig
                0x0000000008009218       0x40 build/usbd_ctlreq.o
 .text.USBD_GetStatus
                0x0000000008009258       0x38 build/usbd_ctlreq.o
 .text.USBD_ClrFeature
                0x0000000008009290       0x26 build/usbd_ctlreq.o
 .text.USBD_StdDevReq
                0x00000000080092b6       0x70 build/usbd_ctlreq.o
                0x00000000080092b6                USBD_StdDevReq
 .text.USBD_StdItfReq
                0x0000000008009326       0x68 build/usbd_ctlreq.o
                0x0000000008009326                USBD_StdItfReq
 .text.USBD_StdEPReq
                0x000000000800938e      0x1f2 build/usbd_ctlreq.o
                0x000000000800938e                USBD_StdEPReq
 .text.USBD_GetString
                0x0000000008009580       0x3a build/usbd_ctlreq.o
                0x0000000008009580                USBD_GetString
 .text.USBD_CtlSendData
                0x00000000080095ba       0x1a build/usbd_ioreq.o
                0x00000000080095ba                USBD_CtlSendData
 .text.USBD_CtlContinueSendData
                0x00000000080095d4       0x10 build/usbd_ioreq.o
                0x00000000080095d4                USBD_CtlContinueSendData
 .text.USBD_CtlPrepareRx
                0x00000000080095e4       0x1e build/usbd_ioreq.o
                0x00000000080095e4                USBD_CtlPrepareRx
 .text.USBD_CtlContinueRx
                0x0000000008009602       0x10 build/usbd_ioreq.o
                0x0000000008009602                USBD_CtlContinueRx
 .text.USBD_CtlSendStatus
                0x0000000008009612       0x16 build/usbd_ioreq.o
                0x0000000008009612                USBD_CtlSendStatus
 .text.USBD_CtlReceiveStatus
                0x0000000008009628       0x16 build/usbd_ioreq.o
                0x0000000008009628                USBD_CtlReceiveStatus
 *fill*         0x000000000800963e        0x2 
 .text.MX_USB_DEVICE_Init
                0x0000000008009640       0x58 build/usb_device.o
                0x0000000008009640                MX_USB_DEVICE_Init
 .text.USBD_DeviceDescriptor
                0x0000000008009698        0xc build/usbd_desc.o
                0x0000000008009698                USBD_DeviceDescriptor
 .text.USBD_LangIDStrDescriptor
                0x00000000080096a4        0xc build/usbd_desc.o
                0x00000000080096a4                USBD_LangIDStrDescriptor
 .text.IntToUnicode
                0x00000000080096b0       0x46 build/usbd_desc.o
 *fill*         0x00000000080096f6        0x2 
 .text.Get_SerialNum
                0x00000000080096f8       0x38 build/usbd_desc.o
 .text.USBD_SerialStrDescriptor
                0x0000000008009730       0x14 build/usbd_desc.o
                0x0000000008009730                USBD_SerialStrDescriptor
 .text.USBD_ProductStrDescriptor
                0x0000000008009744       0x24 build/usbd_desc.o
                0x0000000008009744                USBD_ProductStrDescriptor
 .text.USBD_ManufacturerStrDescriptor
                0x0000000008009768       0x1c build/usbd_desc.o
                0x0000000008009768                USBD_ManufacturerStrDescriptor
 .text.USBD_ConfigStrDescriptor
                0x0000000008009784       0x24 build/usbd_desc.o
                0x0000000008009784                USBD_ConfigStrDescriptor
 .text.USBD_InterfaceStrDescriptor
                0x00000000080097a8       0x24 build/usbd_desc.o
                0x00000000080097a8                USBD_InterfaceStrDescriptor
 .text.HAL_PCDEx_SetTxFiFoInBytes
                0x00000000080097cc        0xa build/usbd_conf.o
                0x00000000080097cc                HAL_PCDEx_SetTxFiFoInBytes
 .text.HAL_PCDEx_SetRxFiFoInBytes
                0x00000000080097d6        0xa build/usbd_conf.o
                0x00000000080097d6                HAL_PCDEx_SetRxFiFoInBytes
 .text.HAL_PCD_SetupStageCallback
                0x00000000080097e0       0x10 build/usbd_conf.o
                0x00000000080097e0                HAL_PCD_SetupStageCallback
 .text.HAL_PCD_DataOutStageCallback
                0x00000000080097f0       0x18 build/usbd_conf.o
                0x00000000080097f0                HAL_PCD_DataOutStageCallback
 .text.HAL_PCD_DataInStageCallback
                0x0000000008009808       0x16 build/usbd_conf.o
                0x0000000008009808                HAL_PCD_DataInStageCallback
 .text.HAL_PCD_SOFCallback
                0x000000000800981e        0xc build/usbd_conf.o
                0x000000000800981e                HAL_PCD_SOFCallback
 .text.HAL_PCD_ResetCallback
                0x000000000800982a       0x2c build/usbd_conf.o
                0x000000000800982a                HAL_PCD_ResetCallback
 *fill*         0x0000000008009856        0x2 
 .text.HAL_PCD_SuspendCallback
                0x0000000008009858       0x30 build/usbd_conf.o
                0x0000000008009858                HAL_PCD_SuspendCallback
 .text.HAL_PCD_ResumeCallback
                0x0000000008009888        0xc build/usbd_conf.o
                0x0000000008009888                HAL_PCD_ResumeCallback
 .text.HAL_PCD_ISOOUTIncompleteCallback
                0x0000000008009894        0xc build/usbd_conf.o
                0x0000000008009894                HAL_PCD_ISOOUTIncompleteCallback
 .text.HAL_PCD_ISOINIncompleteCallback
                0x00000000080098a0        0xc build/usbd_conf.o
                0x00000000080098a0                HAL_PCD_ISOINIncompleteCallback
 .text.HAL_PCD_ConnectCallback
                0x00000000080098ac        0xc build/usbd_conf.o
                0x00000000080098ac                HAL_PCD_ConnectCallback
 .text.HAL_PCD_DisconnectCallback
                0x00000000080098b8        0xc build/usbd_conf.o
                0x00000000080098b8                HAL_PCD_DisconnectCallback
 .text.USBD_LL_Init
                0x00000000080098c4       0x84 build/usbd_conf.o
                0x00000000080098c4                USBD_LL_Init
 .text.USBD_LL_IsStallEP
                0x0000000008009948       0x2e build/usbd_conf.o
                0x0000000008009948                USBD_LL_IsStallEP
 .text.USBD_LL_GetRxDataSize
                0x0000000008009976        0xc build/usbd_conf.o
                0x0000000008009976                USBD_LL_GetRxDataSize
 .text.USBD_Get_USB_Status
                0x0000000008009982       0x14 build/usbd_conf.o
                0x0000000008009982                USBD_Get_USB_Status
 .text.USBD_LL_Start
                0x0000000008009996       0x10 build/usbd_conf.o
                0x0000000008009996                USBD_LL_Start
 .text.USBD_LL_OpenEP
                0x00000000080099a6       0x16 build/usbd_conf.o
                0x00000000080099a6                USBD_LL_OpenEP
 .text.USBD_LL_CloseEP
                0x00000000080099bc       0x10 build/usbd_conf.o
                0x00000000080099bc                USBD_LL_CloseEP
 .text.USBD_LL_StallEP
                0x00000000080099cc       0x10 build/usbd_conf.o
                0x00000000080099cc                USBD_LL_StallEP
 .text.USBD_LL_ClearStallEP
                0x00000000080099dc       0x10 build/usbd_conf.o
                0x00000000080099dc                USBD_LL_ClearStallEP
 .text.USBD_LL_SetUSBAddress
                0x00000000080099ec       0x10 build/usbd_conf.o
                0x00000000080099ec                USBD_LL_SetUSBAddress
 .text.USBD_LL_Transmit
                0x00000000080099fc       0x10 build/usbd_conf.o
                0x00000000080099fc                USBD_LL_Transmit
 .text.USBD_LL_PrepareReceive
                0x0000000008009a0c       0x10 build/usbd_conf.o
                0x0000000008009a0c                USBD_LL_PrepareReceive
 .text.USBD_CDC_EP0_RxReady
                0x0000000008009a1c       0x4c build/usbd_cdc_acm.o
 .text.USBD_CDC_GetFSCfgDesc
                0x0000000008009a68        0xc build/usbd_cdc_acm.o
 .text.USBD_CDC_GetHSCfgDesc
                0x0000000008009a74        0xc build/usbd_cdc_acm.o
 .text.USBD_CDC_GetOtherSpeedCfgDesc
                0x0000000008009a80        0xc build/usbd_cdc_acm.o
 .text.USBD_CDC_GetDeviceQualifierDescriptor
                0x0000000008009a8c        0xc build/usbd_cdc_acm.o
 .text.USBD_CDC_DataOut
                0x0000000008009a98       0x50 build/usbd_cdc_acm.o
 .text.USBD_CDC_DataIn
                0x0000000008009ae8       0x98 build/usbd_cdc_acm.o
 .text.USBD_CDC_Setup
                0x0000000008009b80      0x150 build/usbd_cdc_acm.o
 .text.USBD_CDC_DeInit
                0x0000000008009cd0       0x7c build/usbd_cdc_acm.o
 .text.USBD_CDC_Init
                0x0000000008009d4c      0x164 build/usbd_cdc_acm.o
 .text.USBD_CDC_ACM_RegisterInterface
                0x0000000008009eb0        0xe build/usbd_cdc_acm.o
                0x0000000008009eb0                USBD_CDC_ACM_RegisterInterface
 *fill*         0x0000000008009ebe        0x2 
 .text.USBD_CDC_SetTxBuffer
                0x0000000008009ec0       0x1c build/usbd_cdc_acm.o
                0x0000000008009ec0                USBD_CDC_SetTxBuffer
 .text.USBD_CDC_SetRxBuffer
                0x0000000008009edc       0x18 build/usbd_cdc_acm.o
                0x0000000008009edc                USBD_CDC_SetRxBuffer
 .text.USBD_CDC_TransmitPacket
                0x0000000008009ef4       0x50 build/usbd_cdc_acm.o
                0x0000000008009ef4                USBD_CDC_TransmitPacket
 .text.USBD_CDC_ReceivePacket
                0x0000000008009f44       0x50 build/usbd_cdc_acm.o
                0x0000000008009f44                USBD_CDC_ReceivePacket
 .text.USBD_Update_CDC_ACM_DESC
                0x0000000008009f94       0x98 build/usbd_cdc_acm.o
                0x0000000008009f94                USBD_Update_CDC_ACM_DESC
 .text.CDC_DeInit
                0x000000000800a02c        0x4 build/usbd_cdc_acm_if.o
 .text.CDC_TransmitCplt
                0x000000000800a030       0x24 build/usbd_cdc_acm_if.o
 .text.CDC_Init
                0x000000000800a054       0x1c build/usbd_cdc_acm_if.o
 .text.CDC_Receive
                0x000000000800a070       0x74 build/usbd_cdc_acm_if.o
 .text.CDC_Control
                0x000000000800a0e4       0xa0 build/usbd_cdc_acm_if.o
 .text.CDC_Transmit
                0x000000000800a184       0x44 build/usbd_cdc_acm_if.o
                0x000000000800a184                CDC_Transmit
 .text.MX_DMA_Init
                0x000000000800a1c8       0x64 build/dma.o
                0x000000000800a1c8                MX_DMA_Init
 .text.Reset_Handler
                0x000000000800a22c       0x50 build/startup_stm32f723xx.o
                0x000000000800a22c                Reset_Handler
 .text.Default_Handler
                0x000000000800a27c        0x2 build/startup_stm32f723xx.o
                0x000000000800a27c                RTC_Alarm_IRQHandler
                0x000000000800a27c                EXTI2_IRQHandler
                0x000000000800a27c                UART8_IRQHandler
                0x000000000800a27c                SPI4_IRQHandler
                0x000000000800a27c                DMA2_Stream5_IRQHandler
                0x000000000800a27c                DMA1_Stream5_IRQHandler
                0x000000000800a27c                PVD_IRQHandler
                0x000000000800a27c                TAMP_STAMP_IRQHandler
                0x000000000800a27c                EXTI3_IRQHandler
                0x000000000800a27c                TIM8_TRG_COM_TIM14_IRQHandler
                0x000000000800a27c                TIM8_UP_TIM13_IRQHandler
                0x000000000800a27c                I2C3_ER_IRQHandler
                0x000000000800a27c                EXTI0_IRQHandler
                0x000000000800a27c                I2C2_EV_IRQHandler
                0x000000000800a27c                DMA1_Stream2_IRQHandler
                0x000000000800a27c                CAN1_RX0_IRQHandler
                0x000000000800a27c                FPU_IRQHandler
                0x000000000800a27c                OTG_HS_WKUP_IRQHandler
                0x000000000800a27c                DMA2_Stream2_IRQHandler
                0x000000000800a27c                SPI1_IRQHandler
                0x000000000800a27c                TIM1_BRK_TIM9_IRQHandler
                0x000000000800a27c                DMA2_Stream3_IRQHandler
                0x000000000800a27c                SAI2_IRQHandler
                0x000000000800a27c                USART6_IRQHandler
                0x000000000800a27c                USART3_IRQHandler
                0x000000000800a27c                CAN1_RX1_IRQHandler
                0x000000000800a27c                UART5_IRQHandler
                0x000000000800a27c                DMA2_Stream0_IRQHandler
                0x000000000800a27c                TIM4_IRQHandler
                0x000000000800a27c                QUADSPI_IRQHandler
                0x000000000800a27c                DMA1_Stream1_IRQHandler
                0x000000000800a27c                UART4_IRQHandler
                0x000000000800a27c                TIM3_IRQHandler
                0x000000000800a27c                RCC_IRQHandler
                0x000000000800a27c                TIM8_BRK_TIM12_IRQHandler
                0x000000000800a27c                Default_Handler
                0x000000000800a27c                EXTI15_10_IRQHandler
                0x000000000800a27c                ADC_IRQHandler
                0x000000000800a27c                DMA1_Stream7_IRQHandler
                0x000000000800a27c                SPI5_IRQHandler
                0x000000000800a27c                SDMMC1_IRQHandler
                0x000000000800a27c                TIM5_IRQHandler
                0x000000000800a27c                DMA2_Stream7_IRQHandler
                0x000000000800a27c                I2C3_EV_IRQHandler
                0x000000000800a27c                EXTI9_5_IRQHandler
                0x000000000800a27c                RTC_WKUP_IRQHandler
                0x000000000800a27c                OTG_HS_EP1_IN_IRQHandler
                0x000000000800a27c                CAN1_TX_IRQHandler
                0x000000000800a27c                EXTI4_IRQHandler
                0x000000000800a27c                RNG_IRQHandler
                0x000000000800a27c                OTG_HS_EP1_OUT_IRQHandler
                0x000000000800a27c                WWDG_IRQHandler
                0x000000000800a27c                TIM2_IRQHandler
                0x000000000800a27c                OTG_FS_WKUP_IRQHandler
                0x000000000800a27c                TIM1_TRG_COM_TIM11_IRQHandler
                0x000000000800a27c                EXTI1_IRQHandler
                0x000000000800a27c                SDMMC2_IRQHandler
                0x000000000800a27c                UART7_IRQHandler
                0x000000000800a27c                USART2_IRQHandler
                0x000000000800a27c                I2C2_ER_IRQHandler
                0x000000000800a27c                DMA2_Stream1_IRQHandler
                0x000000000800a27c                CAN1_SCE_IRQHandler
                0x000000000800a27c                FLASH_IRQHandler
                0x000000000800a27c                DMA2_Stream4_IRQHandler
                0x000000000800a27c                USART1_IRQHandler
                0x000000000800a27c                OTG_FS_IRQHandler
                0x000000000800a27c                SPI3_IRQHandler
                0x000000000800a27c                FMC_IRQHandler
                0x000000000800a27c                LPTIM1_IRQHandler
                0x000000000800a27c                DMA2_Stream6_IRQHandler
                0x000000000800a27c                SAI1_IRQHandler
 .text.atoi     0x000000000800a27e        0x8 /opt/gcc-arm-none-eabi-10.3-2021.10/bin/../lib/gcc/arm-none-eabi/10.3.1/../../../../arm-none-eabi/lib/thumb/v7e-m+fp/hard/libc_nano.a(lib_a-atoi.o)
                0x000000000800a27e                atoi
 *fill*         0x000000000800a286        0x2 
 .text._fgetc_r
                0x000000000800a288       0x80 /opt/gcc-arm-none-eabi-10.3-2021.10/bin/../lib/gcc/arm-none-eabi/10.3.1/../../../../arm-none-eabi/lib/thumb/v7e-m+fp/hard/libc_nano.a(lib_a-fgetc.o)
                0x000000000800a288                _fgetc_r
 .text.fgetc    0x000000000800a308       0x10 /opt/gcc-arm-none-eabi-10.3-2021.10/bin/../lib/gcc/arm-none-eabi/10.3.1/../../../../arm-none-eabi/lib/thumb/v7e-m+fp/hard/libc_nano.a(lib_a-fgetc.o)
                0x000000000800a308                fgetc
 .text.std      0x000000000800a318       0x48 /opt/gcc-arm-none-eabi-10.3-2021.10/bin/../lib/gcc/arm-none-eabi/10.3.1/../../../../arm-none-eabi/lib/thumb/v7e-m+fp/hard/libc_nano.a(lib_a-findfp.o)
 .text._cleanup_r
                0x000000000800a360        0xc /opt/gcc-arm-none-eabi-10.3-2021.10/bin/../lib/gcc/arm-none-eabi/10.3.1/../../../../arm-none-eabi/lib/thumb/v7e-m+fp/hard/libc_nano.a(lib_a-findfp.o)
                0x000000000800a360                _cleanup_r
 .text.__sfmoreglue
                0x000000000800a36c       0x2c /opt/gcc-arm-none-eabi-10.3-2021.10/bin/../lib/gcc/arm-none-eabi/10.3.1/../../../../arm-none-eabi/lib/thumb/v7e-m+fp/hard/libc_nano.a(lib_a-findfp.o)
                0x000000000800a36c                __sfmoreglue
 .text.__sfp_lock_acquire
                0x000000000800a398        0xc /opt/gcc-arm-none-eabi-10.3-2021.10/bin/../lib/gcc/arm-none-eabi/10.3.1/../../../../arm-none-eabi/lib/thumb/v7e-m+fp/hard/libc_nano.a(lib_a-findfp.o)
                0x000000000800a398                __sfp_lock_acquire
 .text.__sfp_lock_release
                0x000000000800a3a4        0xc /opt/gcc-arm-none-eabi-10.3-2021.10/bin/../lib/gcc/arm-none-eabi/10.3.1/../../../../arm-none-eabi/lib/thumb/v7e-m+fp/hard/libc_nano.a(lib_a-findfp.o)
                0x000000000800a3a4                __sfp_lock_release
 .text.__sinit_lock_acquire
                0x000000000800a3b0        0xc /opt/gcc-arm-none-eabi-10.3-2021.10/bin/../lib/gcc/arm-none-eabi/10.3.1/../../../../arm-none-eabi/lib/thumb/v7e-m+fp/hard/libc_nano.a(lib_a-findfp.o)
                0x000000000800a3b0                __sinit_lock_acquire
 .text.__sinit_lock_release
                0x000000000800a3bc        0xc /opt/gcc-arm-none-eabi-10.3-2021.10/bin/../lib/gcc/arm-none-eabi/10.3.1/../../../../arm-none-eabi/lib/thumb/v7e-m+fp/hard/libc_nano.a(lib_a-findfp.o)
                0x000000000800a3bc                __sinit_lock_release
 .text.__sinit  0x000000000800a3c8       0x70 /opt/gcc-arm-none-eabi-10.3-2021.10/bin/../lib/gcc/arm-none-eabi/10.3.1/../../../../arm-none-eabi/lib/thumb/v7e-m+fp/hard/libc_nano.a(lib_a-findfp.o)
                0x000000000800a3c8                __sinit
 .text.__sfp    0x000000000800a438       0x8c /opt/gcc-arm-none-eabi-10.3-2021.10/bin/../lib/gcc/arm-none-eabi/10.3.1/../../../../arm-none-eabi/lib/thumb/v7e-m+fp/hard/libc_nano.a(lib_a-findfp.o)
                0x000000000800a438                __sfp
 .text.fmemseeker
                0x000000000800a4c4       0x5c /opt/gcc-arm-none-eabi-10.3-2021.10/bin/../lib/gcc/arm-none-eabi/10.3.1/../../../../arm-none-eabi/lib/thumb/v7e-m+fp/hard/libc_nano.a(lib_a-fmemopen.o)
 .text.fmemcloser
                0x000000000800a520        0xc /opt/gcc-arm-none-eabi-10.3-2021.10/bin/../lib/gcc/arm-none-eabi/10.3.1/../../../../arm-none-eabi/lib/thumb/v7e-m+fp/hard/libc_nano.a(lib_a-fmemopen.o)
 .text.fmemwriter
                0x000000000800a52c       0x96 /opt/gcc-arm-none-eabi-10.3-2021.10/bin/../lib/gcc/arm-none-eabi/10.3.1/../../../../arm-none-eabi/lib/thumb/v7e-m+fp/hard/libc_nano.a(lib_a-fmemopen.o)
 .text.fmemreader
                0x000000000800a5c2       0x30 /opt/gcc-arm-none-eabi-10.3-2021.10/bin/../lib/gcc/arm-none-eabi/10.3.1/../../../../arm-none-eabi/lib/thumb/v7e-m+fp/hard/libc_nano.a(lib_a-fmemopen.o)
 *fill*         0x000000000800a5f2        0x2 
 .text._fmemopen_r
                0x000000000800a5f4      0x13c /opt/gcc-arm-none-eabi-10.3-2021.10/bin/../lib/gcc/arm-none-eabi/10.3.1/../../../../arm-none-eabi/lib/thumb/v7e-m+fp/hard/libc_nano.a(lib_a-fmemopen.o)
                0x000000000800a5f4                _fmemopen_r
 .text.fmemopen
                0x000000000800a730       0x14 /opt/gcc-arm-none-eabi-10.3-2021.10/bin/../lib/gcc/arm-none-eabi/10.3.1/../../../../arm-none-eabi/lib/thumb/v7e-m+fp/hard/libc_nano.a(lib_a-fmemopen.o)
                0x000000000800a730                fmemopen
 .text._fwalk   0x000000000800a744       0x3a /opt/gcc-arm-none-eabi-10.3-2021.10/bin/../lib/gcc/arm-none-eabi/10.3.1/../../../../arm-none-eabi/lib/thumb/v7e-m+fp/hard/libc_nano.a(lib_a-fwalk.o)
                0x000000000800a744                _fwalk
 .text._fwalk_reent
                0x000000000800a77e       0x3e /opt/gcc-arm-none-eabi-10.3-2021.10/bin/../lib/gcc/arm-none-eabi/10.3.1/../../../../arm-none-eabi/lib/thumb/v7e-m+fp/hard/libc_nano.a(lib_a-fwalk.o)
                0x000000000800a77e                _fwalk_reent
 .text.__libc_init_array
                0x000000000800a7bc       0x48 /opt/gcc-arm-none-eabi-10.3-2021.10/bin/../lib/gcc/arm-none-eabi/10.3.1/../../../../arm-none-eabi/lib/thumb/v7e-m+fp/hard/libc_nano.a(lib_a-init.o)
                0x000000000800a7bc                __libc_init_array
 .text.__retarget_lock_init_recursive
                0x000000000800a804        0x2 /opt/gcc-arm-none-eabi-10.3-2021.10/bin/../lib/gcc/arm-none-eabi/10.3.1/../../../../arm-none-eabi/lib/thumb/v7e-m+fp/hard/libc_nano.a(lib_a-lock.o)
                0x000000000800a804                __retarget_lock_init_recursive
 .text.__retarget_lock_close_recursive
                0x000000000800a806        0x2 /opt/gcc-arm-none-eabi-10.3-2021.10/bin/../lib/gcc/arm-none-eabi/10.3.1/../../../../arm-none-eabi/lib/thumb/v7e-m+fp/hard/libc_nano.a(lib_a-lock.o)
                0x000000000800a806                __retarget_lock_close_recursive
 .text.__retarget_lock_acquire_recursive
                0x000000000800a808        0x2 /opt/gcc-arm-none-eabi-10.3-2021.10/bin/../lib/gcc/arm-none-eabi/10.3.1/../../../../arm-none-eabi/lib/thumb/v7e-m+fp/hard/libc_nano.a(lib_a-lock.o)
                0x000000000800a808                __retarget_lock_acquire_recursive
 .text.__retarget_lock_release_recursive
                0x000000000800a80a        0x2 /opt/gcc-arm-none-eabi-10.3-2021.10/bin/../lib/gcc/arm-none-eabi/10.3.1/../../../../arm-none-eabi/lib/thumb/v7e-m+fp/hard/libc_nano.a(lib_a-lock.o)
                0x000000000800a80a                __retarget_lock_release_recursive
 .text.malloc   0x000000000800a80c       0x10 /opt/gcc-arm-none-eabi-10.3-2021.10/bin/../lib/gcc/arm-none-eabi/10.3.1/../../../../arm-none-eabi/lib/thumb/v7e-m+fp/hard/libc_nano.a(lib_a-malloc.o)
                0x000000000800a80c                malloc
 .text.free     0x000000000800a81c       0x10 /opt/gcc-arm-none-eabi-10.3-2021.10/bin/../lib/gcc/arm-none-eabi/10.3.1/../../../../arm-none-eabi/lib/thumb/v7e-m+fp/hard/libc_nano.a(lib_a-malloc.o)
                0x000000000800a81c                free
 .text.memcmp   0x000000000800a82c       0x20 /opt/gcc-arm-none-eabi-10.3-2021.10/bin/../lib/gcc/arm-none-eabi/10.3.1/../../../../arm-none-eabi/lib/thumb/v7e-m+fp/hard/libc_nano.a(lib_a-memcmp.o)
                0x000000000800a82c                memcmp
 .text.memcpy   0x000000000800a84c       0x1c /opt/gcc-arm-none-eabi-10.3-2021.10/bin/../lib/gcc/arm-none-eabi/10.3.1/../../../../arm-none-eabi/lib/thumb/v7e-m+fp/hard/libc_nano.a(lib_a-memcpy-stub.o)
                0x000000000800a84c                memcpy
 .text.memset   0x000000000800a868       0x10 /opt/gcc-arm-none-eabi-10.3-2021.10/bin/../lib/gcc/arm-none-eabi/10.3.1/../../../../arm-none-eabi/lib/thumb/v7e-m+fp/hard/libc_nano.a(lib_a-memset.o)
                0x000000000800a868                memset
 .text._free_r  0x000000000800a878       0x98 /opt/gcc-arm-none-eabi-10.3-2021.10/bin/../lib/gcc/arm-none-eabi/10.3.1/../../../../arm-none-eabi/lib/thumb/v7e-m+fp/hard/libc_nano.a(lib_a-nano-freer.o)
                0x000000000800a878                _free_r
 .text.sbrk_aligned
                0x000000000800a910       0x40 /opt/gcc-arm-none-eabi-10.3-2021.10/bin/../lib/gcc/arm-none-eabi/10.3.1/../../../../arm-none-eabi/lib/thumb/v7e-m+fp/hard/libc_nano.a(lib_a-nano-mallocr.o)
 .text._malloc_r
                0x000000000800a950       0xe8 /opt/gcc-arm-none-eabi-10.3-2021.10/bin/../lib/gcc/arm-none-eabi/10.3.1/../../../../arm-none-eabi/lib/thumb/v7e-m+fp/hard/libc_nano.a(lib_a-nano-mallocr.o)
                0x000000000800a950                _malloc_r
 .text.realloc  0x000000000800aa38       0x10 /opt/gcc-arm-none-eabi-10.3-2021.10/bin/../lib/gcc/arm-none-eabi/10.3.1/../../../../arm-none-eabi/lib/thumb/v7e-m+fp/hard/libc_nano.a(lib_a-realloc.o)
                0x000000000800aa38                realloc
 .text.__srget_r
                0x000000000800aa48       0x58 /opt/gcc-arm-none-eabi-10.3-2021.10/bin/../lib/gcc/arm-none-eabi/10.3.1/../../../../arm-none-eabi/lib/thumb/v7e-m+fp/hard/libc_nano.a(lib_a-rget.o)
                0x000000000800aa48                __srget_r
 .text._sbrk_r  0x000000000800aaa0       0x20 /opt/gcc-arm-none-eabi-10.3-2021.10/bin/../lib/gcc/arm-none-eabi/10.3.1/../../../../arm-none-eabi/lib/thumb/v7e-m+fp/hard/libc_nano.a(lib_a-sbrkr.o)
                0x000000000800aaa0                _sbrk_r
 .text.snprintf
                0x000000000800aac0       0x68 /opt/gcc-arm-none-eabi-10.3-2021.10/bin/../lib/gcc/arm-none-eabi/10.3.1/../../../../arm-none-eabi/lib/thumb/v7e-m+fp/hard/libc_nano.a(lib_a-snprintf.o)
                0x000000000800aac0                snprintf
                0x000000000800aac0                sniprintf
 .text.sprintf  0x000000000800ab28       0x40 /opt/gcc-arm-none-eabi-10.3-2021.10/bin/../lib/gcc/arm-none-eabi/10.3.1/../../../../arm-none-eabi/lib/thumb/v7e-m+fp/hard/libc_nano.a(lib_a-sprintf.o)
                0x000000000800ab28                sprintf
                0x000000000800ab28                siprintf
 .text.__sread  0x000000000800ab68       0x22 /opt/gcc-arm-none-eabi-10.3-2021.10/bin/../lib/gcc/arm-none-eabi/10.3.1/../../../../arm-none-eabi/lib/thumb/v7e-m+fp/hard/libc_nano.a(lib_a-stdio.o)
                0x000000000800ab68                __sread
 .text.__swrite
                0x000000000800ab8a       0x38 /opt/gcc-arm-none-eabi-10.3-2021.10/bin/../lib/gcc/arm-none-eabi/10.3.1/../../../../arm-none-eabi/lib/thumb/v7e-m+fp/hard/libc_nano.a(lib_a-stdio.o)
                0x000000000800ab8a                __swrite
 .text.__sseek  0x000000000800abc2       0x24 /opt/gcc-arm-none-eabi-10.3-2021.10/bin/../lib/gcc/arm-none-eabi/10.3.1/../../../../arm-none-eabi/lib/thumb/v7e-m+fp/hard/libc_nano.a(lib_a-stdio.o)
                0x000000000800abc2                __sseek
 .text.__sclose
                0x000000000800abe6        0x8 /opt/gcc-arm-none-eabi-10.3-2021.10/bin/../lib/gcc/arm-none-eabi/10.3.1/../../../../arm-none-eabi/lib/thumb/v7e-m+fp/hard/libc_nano.a(lib_a-stdio.o)
                0x000000000800abe6                __sclose
 .text.strcpy   0x000000000800abee       0x10 /opt/gcc-arm-none-eabi-10.3-2021.10/bin/../lib/gcc/arm-none-eabi/10.3.1/../../../../arm-none-eabi/lib/thumb/v7e-m+fp/hard/libc_nano.a(lib_a-strcpy.o)
                0x000000000800abee                strcpy
 .text.strncpy  0x000000000800abfe       0x26 /opt/gcc-arm-none-eabi-10.3-2021.10/bin/../lib/gcc/arm-none-eabi/10.3.1/../../../../arm-none-eabi/lib/thumb/v7e-m+fp/hard/libc_nano.a(lib_a-strncpy.o)
                0x000000000800abfe                strncpy
 .text.strtok   0x000000000800ac24       0x68 /opt/gcc-arm-none-eabi-10.3-2021.10/bin/../lib/gcc/arm-none-eabi/10.3.1/../../../../arm-none-eabi/lib/thumb/v7e-m+fp/hard/libc_nano.a(lib_a-strtok.o)
                0x000000000800ac24                strtok
 .text.__strtok_r
                0x000000000800ac8c       0x50 /opt/gcc-arm-none-eabi-10.3-2021.10/bin/../lib/gcc/arm-none-eabi/10.3.1/../../../../arm-none-eabi/lib/thumb/v7e-m+fp/hard/libc_nano.a(lib_a-strtok_r.o)
                0x000000000800ac8c                __strtok_r
 .text._strtol_l.constprop.0
                0x000000000800acdc      0x104 /opt/gcc-arm-none-eabi-10.3-2021.10/bin/../lib/gcc/arm-none-eabi/10.3.1/../../../../arm-none-eabi/lib/thumb/v7e-m+fp/hard/libc_nano.a(lib_a-strtol.o)
 .text.strtol   0x000000000800ade0       0x14 /opt/gcc-arm-none-eabi-10.3-2021.10/bin/../lib/gcc/arm-none-eabi/10.3.1/../../../../arm-none-eabi/lib/thumb/v7e-m+fp/hard/libc_nano.a(lib_a-strtol.o)
                0x000000000800ade0                strtol
 .text._write_r
                0x000000000800adf4       0x24 /opt/gcc-arm-none-eabi-10.3-2021.10/bin/../lib/gcc/arm-none-eabi/10.3.1/../../../../arm-none-eabi/lib/thumb/v7e-m+fp/hard/libc_nano.a(lib_a-writer.o)
                0x000000000800adf4                _write_r
 .text.abort    0x000000000800ae18        0xe /opt/gcc-arm-none-eabi-10.3-2021.10/bin/../lib/gcc/arm-none-eabi/10.3.1/../../../../arm-none-eabi/lib/thumb/v7e-m+fp/hard/libc_nano.a(lib_a-abort.o)
                0x000000000800ae18                abort
 *fill*         0x000000000800ae26        0x2 
 .text.__assert_func
                0x000000000800ae28       0x3c /opt/gcc-arm-none-eabi-10.3-2021.10/bin/../lib/gcc/arm-none-eabi/10.3.1/../../../../arm-none-eabi/lib/thumb/v7e-m+fp/hard/libc_nano.a(lib_a-assert.o)
                0x000000000800ae28                __assert_func
 .text._close_r
                0x000000000800ae64       0x20 /opt/gcc-arm-none-eabi-10.3-2021.10/bin/../lib/gcc/arm-none-eabi/10.3.1/../../../../arm-none-eabi/lib/thumb/v7e-m+fp/hard/libc_nano.a(lib_a-closer.o)
                0x000000000800ae64                _close_r
 .text.__errno  0x000000000800ae84        0xc /opt/gcc-arm-none-eabi-10.3-2021.10/bin/../lib/gcc/arm-none-eabi/10.3.1/../../../../arm-none-eabi/lib/thumb/v7e-m+fp/hard/libc_nano.a(lib_a-errno.o)
                0x000000000800ae84                __errno
 .text.__sflush_r
                0x000000000800ae90      0x10c /opt/gcc-arm-none-eabi-10.3-2021.10/bin/../lib/gcc/arm-none-eabi/10.3.1/../../../../arm-none-eabi/lib/thumb/v7e-m+fp/hard/libc_nano.a(lib_a-fflush.o)
                0x000000000800ae90                __sflush_r
 .text._fflush_r
                0x000000000800af9c       0x78 /opt/gcc-arm-none-eabi-10.3-2021.10/bin/../lib/gcc/arm-none-eabi/10.3.1/../../../../arm-none-eabi/lib/thumb/v7e-m+fp/hard/libc_nano.a(lib_a-fflush.o)
                0x000000000800af9c                _fflush_r
 .text.fflush   0x000000000800b014       0x24 /opt/gcc-arm-none-eabi-10.3-2021.10/bin/../lib/gcc/arm-none-eabi/10.3.1/../../../../arm-none-eabi/lib/thumb/v7e-m+fp/hard/libc_nano.a(lib_a-fflush.o)
                0x000000000800b014                fflush
 .text.__sflags
                0x000000000800b038       0x6c /opt/gcc-arm-none-eabi-10.3-2021.10/bin/../lib/gcc/arm-none-eabi/10.3.1/../../../../arm-none-eabi/lib/thumb/v7e-m+fp/hard/libc_nano.a(lib_a-flags.o)
                0x000000000800b038                __sflags
 .text.fprintf  0x000000000800b0a4       0x24 /opt/gcc-arm-none-eabi-10.3-2021.10/bin/../lib/gcc/arm-none-eabi/10.3.1/../../../../arm-none-eabi/lib/thumb/v7e-m+fp/hard/libc_nano.a(lib_a-fprintf.o)
                0x000000000800b0a4                fprintf
                0x000000000800b0a4                fiprintf
 .text._lseek_r
                0x000000000800b0c8       0x24 /opt/gcc-arm-none-eabi-10.3-2021.10/bin/../lib/gcc/arm-none-eabi/10.3.1/../../../../arm-none-eabi/lib/thumb/v7e-m+fp/hard/libc_nano.a(lib_a-lseekr.o)
                0x000000000800b0c8                _lseek_r
 .text.__malloc_lock
                0x000000000800b0ec        0xc /opt/gcc-arm-none-eabi-10.3-2021.10/bin/../lib/gcc/arm-none-eabi/10.3.1/../../../../arm-none-eabi/lib/thumb/v7e-m+fp/hard/libc_nano.a(lib_a-mlock.o)
                0x000000000800b0ec                __malloc_lock
 .text.__malloc_unlock
                0x000000000800b0f8        0xc /opt/gcc-arm-none-eabi-10.3-2021.10/bin/../lib/gcc/arm-none-eabi/10.3.1/../../../../arm-none-eabi/lib/thumb/v7e-m+fp/hard/libc_nano.a(lib_a-mlock.o)
                0x000000000800b0f8                __malloc_unlock
 .text._realloc_r
                0x000000000800b104       0x5e /opt/gcc-arm-none-eabi-10.3-2021.10/bin/../lib/gcc/arm-none-eabi/10.3.1/../../../../arm-none-eabi/lib/thumb/v7e-m+fp/hard/libc_nano.a(lib_a-nano-reallocr.o)
                0x000000000800b104                _realloc_r
 .text.__ssputs_r
                0x000000000800b162       0xb6 /opt/gcc-arm-none-eabi-10.3-2021.10/bin/../lib/gcc/arm-none-eabi/10.3.1/../../../../arm-none-eabi/lib/thumb/v7e-m+fp/hard/libc_nano.a(lib_a-nano-svfprintf.o)
                0x000000000800b162                __ssputs_r
 .text._svfprintf_r
                0x000000000800b218      0x200 /opt/gcc-arm-none-eabi-10.3-2021.10/bin/../lib/gcc/arm-none-eabi/10.3.1/../../../../arm-none-eabi/lib/thumb/v7e-m+fp/hard/libc_nano.a(lib_a-nano-svfprintf.o)
                0x000000000800b218                _svfprintf_r
                0x000000000800b218                _svfiprintf_r
 .text.__sfputc_r
                0x000000000800b418       0x2e /opt/gcc-arm-none-eabi-10.3-2021.10/bin/../lib/gcc/arm-none-eabi/10.3.1/../../../../arm-none-eabi/lib/thumb/v7e-m+fp/hard/libc_nano.a(lib_a-nano-vfprintf.o)
 .text.__sfputs_r
                0x000000000800b446       0x24 /opt/gcc-arm-none-eabi-10.3-2021.10/bin/../lib/gcc/arm-none-eabi/10.3.1/../../../../arm-none-eabi/lib/thumb/v7e-m+fp/hard/libc_nano.a(lib_a-nano-vfprintf.o)
                0x000000000800b446                __sfputs_r
 *fill*         0x000000000800b46a        0x2 
 .text._vfprintf_r
                0x000000000800b46c      0x260 /opt/gcc-arm-none-eabi-10.3-2021.10/bin/../lib/gcc/arm-none-eabi/10.3.1/../../../../arm-none-eabi/lib/thumb/v7e-m+fp/hard/libc_nano.a(lib_a-nano-vfprintf.o)
                0x000000000800b46c                _vfiprintf_r
                0x000000000800b46c                _vfprintf_r
 .text._printf_common
                0x000000000800b6cc       0xda /opt/gcc-arm-none-eabi-10.3-2021.10/bin/../lib/gcc/arm-none-eabi/10.3.1/../../../../arm-none-eabi/lib/thumb/v7e-m+fp/hard/libc_nano.a(lib_a-nano-vfprintf_i.o)
                0x000000000800b6cc                _printf_common
 *fill*         0x000000000800b7a6        0x2 
 .text._printf_i
                0x000000000800b7a8      0x24c /opt/gcc-arm-none-eabi-10.3-2021.10/bin/../lib/gcc/arm-none-eabi/10.3.1/../../../../arm-none-eabi/lib/thumb/v7e-m+fp/hard/libc_nano.a(lib_a-nano-vfprintf_i.o)
                0x000000000800b7a8                _printf_i
 .text._read_r  0x000000000800b9f4       0x24 /opt/gcc-arm-none-eabi-10.3-2021.10/bin/../lib/gcc/arm-none-eabi/10.3.1/../../../../arm-none-eabi/lib/thumb/v7e-m+fp/hard/libc_nano.a(lib_a-readr.o)
                0x000000000800b9f4                _read_r
 .text.lflush   0x000000000800ba18       0x12 /opt/gcc-arm-none-eabi-10.3-2021.10/bin/../lib/gcc/arm-none-eabi/10.3.1/../../../../arm-none-eabi/lib/thumb/v7e-m+fp/hard/libc_nano.a(lib_a-refill.o)
 *fill*         0x000000000800ba2a        0x2 
 .text.__srefill_r
                0x000000000800ba2c      0x114 /opt/gcc-arm-none-eabi-10.3-2021.10/bin/../lib/gcc/arm-none-eabi/10.3.1/../../../../arm-none-eabi/lib/thumb/v7e-m+fp/hard/libc_nano.a(lib_a-refill.o)
                0x000000000800ba2c                __srefill_r
 .text._raise_r
                0x000000000800bb40       0x50 /opt/gcc-arm-none-eabi-10.3-2021.10/bin/../lib/gcc/arm-none-eabi/10.3.1/../../../../arm-none-eabi/lib/thumb/v7e-m+fp/hard/libc_nano.a(lib_a-signal.o)
                0x000000000800bb40                _raise_r
 .text.raise    0x000000000800bb90       0x10 /opt/gcc-arm-none-eabi-10.3-2021.10/bin/../lib/gcc/arm-none-eabi/10.3.1/../../../../arm-none-eabi/lib/thumb/v7e-m+fp/hard/libc_nano.a(lib_a-signal.o)
                0x000000000800bb90                raise
 .text._kill_r  0x000000000800bba0       0x24 /opt/gcc-arm-none-eabi-10.3-2021.10/bin/../lib/gcc/arm-none-eabi/10.3.1/../../../../arm-none-eabi/lib/thumb/v7e-m+fp/hard/libc_nano.a(lib_a-signalr.o)
                0x000000000800bba0                _kill_r
 .text._getpid_r
                0x000000000800bbc4        0x4 /opt/gcc-arm-none-eabi-10.3-2021.10/bin/../lib/gcc/arm-none-eabi/10.3.1/../../../../arm-none-eabi/lib/thumb/v7e-m+fp/hard/libc_nano.a(lib_a-signalr.o)
                0x000000000800bbc4                _getpid_r
 .text.__swbuf_r
                0x000000000800bbc8       0xa4 /opt/gcc-arm-none-eabi-10.3-2021.10/bin/../lib/gcc/arm-none-eabi/10.3.1/../../../../arm-none-eabi/lib/thumb/v7e-m+fp/hard/libc_nano.a(lib_a-wbuf.o)
                0x000000000800bbc8                __swbuf_r
 .text.__swsetup_r
                0x000000000800bc6c       0xdc /opt/gcc-arm-none-eabi-10.3-2021.10/bin/../lib/gcc/arm-none-eabi/10.3.1/../../../../arm-none-eabi/lib/thumb/v7e-m+fp/hard/libc_nano.a(lib_a-wsetup.o)
                0x000000000800bc6c                __swsetup_r
 .text.__swhatbuf_r
                0x000000000800bd48       0x4a /opt/gcc-arm-none-eabi-10.3-2021.10/bin/../lib/gcc/arm-none-eabi/10.3.1/../../../../arm-none-eabi/lib/thumb/v7e-m+fp/hard/libc_nano.a(lib_a-makebuf.o)
                0x000000000800bd48                __swhatbuf_r
 *fill*         0x000000000800bd92        0x2 
 .text.__smakebuf_r
                0x000000000800bd94       0x80 /opt/gcc-arm-none-eabi-10.3-2021.10/bin/../lib/gcc/arm-none-eabi/10.3.1/../../../../arm-none-eabi/lib/thumb/v7e-m+fp/hard/libc_nano.a(lib_a-makebuf.o)
                0x000000000800bd94                __smakebuf_r
 .text.memmove  0x000000000800be14       0x34 /opt/gcc-arm-none-eabi-10.3-2021.10/bin/../lib/gcc/arm-none-eabi/10.3.1/../../../../arm-none-eabi/lib/thumb/v7e-m+fp/hard/libc_nano.a(lib_a-memmove.o)
                0x000000000800be14                memmove
 .text._malloc_usable_size_r
                0x000000000800be48       0x10 /opt/gcc-arm-none-eabi-10.3-2021.10/bin/../lib/gcc/arm-none-eabi/10.3.1/../../../../arm-none-eabi/lib/thumb/v7e-m+fp/hard/libc_nano.a(lib_a-nano-msizer.o)
                0x000000000800be48                _malloc_usable_size_r
 .text._fstat_r
                0x000000000800be58       0x24 /opt/gcc-arm-none-eabi-10.3-2021.10/bin/../lib/gcc/arm-none-eabi/10.3.1/../../../../arm-none-eabi/lib/thumb/v7e-m+fp/hard/libc_nano.a(lib_a-fstatr.o)
                0x000000000800be58                _fstat_r
 .text._isatty_r
                0x000000000800be7c       0x20 /opt/gcc-arm-none-eabi-10.3-2021.10/bin/../lib/gcc/arm-none-eabi/10.3.1/../../../../arm-none-eabi/lib/thumb/v7e-m+fp/hard/libc_nano.a(lib_a-isattyr.o)
                0x000000000800be7c                _isatty_r
 *fill*         0x000000000800be9c        0x4 
 .text.floor    0x000000000800bea0      0x108 /opt/gcc-arm-none-eabi-10.3-2021.10/bin/../lib/gcc/arm-none-eabi/10.3.1/../../../../arm-none-eabi/lib/thumb/v7e-m+fp/hard/libm.a(lib_a-s_floor.o)
                0x000000000800bea0                floor
 .text.cosf     0x000000000800bfa8       0x70 /opt/gcc-arm-none-eabi-10.3-2021.10/bin/../lib/gcc/arm-none-eabi/10.3.1/../../../../arm-none-eabi/lib/thumb/v7e-m+fp/hard/libm.a(lib_a-sf_cos.o)
                0x000000000800bfa8                cosf
 .text.pow      0x000000000800c018       0xf0 /opt/gcc-arm-none-eabi-10.3-2021.10/bin/../lib/gcc/arm-none-eabi/10.3.1/../../../../arm-none-eabi/lib/thumb/v7e-m+fp/hard/libm.a(lib_a-w_pow.o)
                0x000000000800c018                pow
 .text.__ieee754_pow
                0x000000000800c108      0xb74 /opt/gcc-arm-none-eabi-10.3-2021.10/bin/../lib/gcc/arm-none-eabi/10.3.1/../../../../arm-none-eabi/lib/thumb/v7e-m+fp/hard/libm.a(lib_a-e_pow.o)
                0x000000000800c108                __ieee754_pow
 .text.__ieee754_sqrt
                0x000000000800cc7c      0x198 /opt/gcc-arm-none-eabi-10.3-2021.10/bin/../lib/gcc/arm-none-eabi/10.3.1/../../../../arm-none-eabi/lib/thumb/v7e-m+fp/hard/libm.a(lib_a-e_sqrt.o)
                0x000000000800cc7c                __ieee754_sqrt
 .text.__ieee754_rem_pio2f
                0x000000000800ce14      0x264 /opt/gcc-arm-none-eabi-10.3-2021.10/bin/../lib/gcc/arm-none-eabi/10.3.1/../../../../arm-none-eabi/lib/thumb/v7e-m+fp/hard/libm.a(lib_a-ef_rem_pio2.o)
                0x000000000800ce14                __ieee754_rem_pio2f
 .text.__kernel_cosf
                0x000000000800d078      0x104 /opt/gcc-arm-none-eabi-10.3-2021.10/bin/../lib/gcc/arm-none-eabi/10.3.1/../../../../arm-none-eabi/lib/thumb/v7e-m+fp/hard/libm.a(lib_a-kf_cos.o)
                0x000000000800d078                __kernel_cosf
 .text.__kernel_rem_pio2f
                0x000000000800d17c      0x674 /opt/gcc-arm-none-eabi-10.3-2021.10/bin/../lib/gcc/arm-none-eabi/10.3.1/../../../../arm-none-eabi/lib/thumb/v7e-m+fp/hard/libm.a(lib_a-kf_rem_pio2.o)
                0x000000000800d17c                __kernel_rem_pio2f
 .text.__kernel_sinf
                0x000000000800d7f0       0x90 /opt/gcc-arm-none-eabi-10.3-2021.10/bin/../lib/gcc/arm-none-eabi/10.3.1/../../../../arm-none-eabi/lib/thumb/v7e-m+fp/hard/libm.a(lib_a-kf_sin.o)
                0x000000000800d7f0                __kernel_sinf
 .text.with_errno
                0x000000000800d880       0x18 /opt/gcc-arm-none-eabi-10.3-2021.10/bin/../lib/gcc/arm-none-eabi/10.3.1/../../../../arm-none-eabi/lib/thumb/v7e-m+fp/hard/libm.a(lib_a-math_err.o)
 .text.xflow    0x000000000800d898       0x2c /opt/gcc-arm-none-eabi-10.3-2021.10/bin/../lib/gcc/arm-none-eabi/10.3.1/../../../../arm-none-eabi/lib/thumb/v7e-m+fp/hard/libm.a(lib_a-math_err.o)
 .text.__math_uflow
                0x000000000800d8c4       0x14 /opt/gcc-arm-none-eabi-10.3-2021.10/bin/../lib/gcc/arm-none-eabi/10.3.1/../../../../arm-none-eabi/lib/thumb/v7e-m+fp/hard/libm.a(lib_a-math_err.o)
                0x000000000800d8c4                __math_uflow
 .text.__math_oflow