Archive member included to satisfy reference by file (symbol)

/opt/gcc-arm-none-eabi-10.3-2021.10/bin/../lib/gcc/arm-none-eabi/10.3.1/../../../../arm-none-eabi/lib/thumb/v7e-m+fp/hard/libc_nano.a(lib_a-exit.o)
                              /opt/gcc-arm-none-eabi-10.3-2021.10/bin/../lib/gcc/arm-none-eabi/10.3.1/../../../../arm-none-eabi/lib/thumb/v7e-m+fp/hard/crt0.o (exit)
/opt/gcc-arm-none-eabi-10.3-2021.10/bin/../lib/gcc/arm-none-eabi/10.3.1/../../../../arm-none-eabi/lib/thumb/v7e-m+fp/hard/libc_nano.a(lib_a-impure.o)
                              /opt/gcc-arm-none-eabi-10.3-2021.10/bin/../lib/gcc/arm-none-eabi/10.3.1/../../../../arm-none-eabi/lib/thumb/v7e-m+fp/hard/libc_nano.a(lib_a-exit.o) (_global_impure_ptr)
/opt/gcc-arm-none-eabi-10.3-2021.10/bin/../lib/gcc/arm-none-eabi/10.3.1/../../../../arm-none-eabi/lib/thumb/v7e-m+fp/hard/libc_nano.a(lib_a-init.o)
                              /opt/gcc-arm-none-eabi-10.3-2021.10/bin/../lib/gcc/arm-none-eabi/10.3.1/../../../../arm-none-eabi/lib/thumb/v7e-m+fp/hard/crt0.o (__libc_init_array)
/opt/gcc-arm-none-eabi-10.3-2021.10/bin/../lib/gcc/arm-none-eabi/10.3.1/../../../../arm-none-eabi/lib/thumb/v7e-m+fp/hard/libc_nano.a(lib_a-malloc.o)
                              build/nyan_os.o (malloc)
/opt/gcc-arm-none-eabi-10.3-2021.10/bin/../lib/gcc/arm-none-eabi/10.3.1/../../../../arm-none-eabi/lib/thumb/v7e-m+fp/hard/libc_nano.a(lib_a-memcmp.o)
                              build/nyan_os.o (memcmp)
/opt/gcc-arm-none-eabi-10.3-2021.10/bin/../lib/gcc/arm-none-eabi/10.3.1/../../../../arm-none-eabi/lib/thumb/v7e-m+fp/hard/libc_nano.a(lib_a-memcpy-stub.o)
                              build/nyan_os.o (memcpy)
/opt/gcc-arm-none-eabi-10.3-2021.10/bin/../lib/gcc/arm-none-eabi/10.3.1/../../../../arm-none-eabi/lib/thumb/v7e-m+fp/hard/libc_nano.a(lib_a-memset.o)
                              /opt/gcc-arm-none-eabi-10.3-2021.10/bin/../lib/gcc/arm-none-eabi/10.3.1/../../../../arm-none-eabi/lib/thumb/v7e-m+fp/hard/crt0.o (memset)
/opt/gcc-arm-none-eabi-10.3-2021.10/bin/../lib/gcc/arm-none-eabi/10.3.1/../../../../arm-none-eabi/lib/thumb/v7e-m+fp/hard/libc_nano.a(lib_a-nano-freer.o)
                              /opt/gcc-arm-none-eabi-10.3-2021.10/bin/../lib/gcc/arm-none-eabi/10.3.1/../../../../arm-none-eabi/lib/thumb/v7e-m+fp/hard/libc_nano.a(lib_a-malloc.o) (_free_r)
/opt/gcc-arm-none-eabi-10.3-2021.10/bin/../lib/gcc/arm-none-eabi/10.3.1/../../../../arm-none-eabi/lib/thumb/v7e-m+fp/hard/libc_nano.a(lib_a-nano-mallocr.o)
                              /opt/gcc-arm-none-eabi-10.3-2021.10/bin/../lib/gcc/arm-none-eabi/10.3.1/../../../../arm-none-eabi/lib/thumb/v7e-m+fp/hard/libc_nano.a(lib_a-malloc.o) (_malloc_r)
/opt/gcc-arm-none-eabi-10.3-2021.10/bin/../lib/gcc/arm-none-eabi/10.3.1/../../../../arm-none-eabi/lib/thumb/v7e-m+fp/hard/libc_nano.a(lib_a-realloc.o)
                              build/nyan_os.o (realloc)
/opt/gcc-arm-none-eabi-10.3-2021.10/bin/../lib/gcc/arm-none-eabi/10.3.1/../../../../arm-none-eabi/lib/thumb/v7e-m+fp/hard/libc_nano.a(lib_a-sbrkr.o)
                              /opt/gcc-arm-none-eabi-10.3-2021.10/bin/../lib/gcc/arm-none-eabi/10.3.1/../../../../arm-none-eabi/lib/thumb/v7e-m+fp/hard/libc_nano.a(lib_a-nano-mallocr.o) (_sbrk_r)
/opt/gcc-arm-none-eabi-10.3-2021.10/bin/../lib/gcc/arm-none-eabi/10.3.1/../../../../arm-none-eabi/lib/thumb/v7e-m+fp/hard/libc_nano.a(lib_a-snprintf.o)
                              build/usbd_composite.o (snprintf)
/opt/gcc-arm-none-eabi-10.3-2021.10/bin/../lib/gcc/arm-none-eabi/10.3.1/../../../../arm-none-eabi/lib/thumb/v7e-m+fp/hard/libc_nano.a(lib_a-strlen.o)
                              build/nyan_os.o (strlen)
/opt/gcc-arm-none-eabi-10.3-2021.10/bin/../lib/gcc/arm-none-eabi/10.3.1/../../../../arm-none-eabi/lib/thumb/v7e-m+fp/hard/libc_nano.a(lib_a-mlock.o)
                              /opt/gcc-arm-none-eabi-10.3-2021.10/bin/../lib/gcc/arm-none-eabi/10.3.1/../../../../arm-none-eabi/lib/thumb/v7e-m+fp/hard/libc_nano.a(lib_a-nano-freer.o) (__malloc_lock)
/opt/gcc-arm-none-eabi-10.3-2021.10/bin/../lib/gcc/arm-none-eabi/10.3.1/../../../../arm-none-eabi/lib/thumb/v7e-m+fp/hard/libc_nano.a(lib_a-nano-reallocr.o)
                              /opt/gcc-arm-none-eabi-10.3-2021.10/bin/../lib/gcc/arm-none-eabi/10.3.1/../../../../arm-none-eabi/lib/thumb/v7e-m+fp/hard/libc_nano.a(lib_a-realloc.o) (_realloc_r)
/opt/gcc-arm-none-eabi-10.3-2021.10/bin/../lib/gcc/arm-none-eabi/10.3.1/../../../../arm-none-eabi/lib/thumb/v7e-m+fp/hard/libc_nano.a(lib_a-nano-svfprintf.o)
                              /opt/gcc-arm-none-eabi-10.3-2021.10/bin/../lib/gcc/arm-none-eabi/10.3.1/../../../../arm-none-eabi/lib/thumb/v7e-m+fp/hard/libc_nano.a(lib_a-snprintf.o) (_svfprintf_r)
/opt/gcc-arm-none-eabi-10.3-2021.10/bin/../lib/gcc/arm-none-eabi/10.3.1/../../../../arm-none-eabi/lib/thumb/v7e-m+fp/hard/libc_nano.a(lib_a-nano-vfprintf_i.o)
[...]
Memory Configuration

Name             Origin             Length             Attributes
RAM              0x0000000020000000 0x0000000000040000 xrw
FLASH            0x0000000008000000 0x0000000000080000 xr
*default*        0x0000000000000000 0xffffffffffffffff

Linker script and memory map

LOAD /opt/gcc-arm-none-eabi-10.3-2021.10/bin/../lib/gcc/arm-none-eabi/10.3.1/thumb/v7e-m+fp/hard/crti.o
LOAD /opt/gcc-arm-none-eabi-10.3-2021.10/bin/../lib/gcc/arm-none-eabi/10.3.1/thumb/v7e-m+fp/hard/crtbegin.o
LOAD /opt/gcc-arm-none-eabi-10.3-2021.10/bin/../lib/gcc/arm-none-eabi/10.3.1/../../../../arm-none-eabi/lib/thumb/v7e-m+fp/hard/crt0.o
LOAD build/main.o
LOAD build/gpio.o
LOAD build/i2c.o
LOAD build/rng.o
LOAD build/spi.o
LOAD build/stm32f7xx_it.o
LOAD build/stm32f7xx_hal_msp.o
LOAD build/stm32f7xx_hal_rcc.o
LOAD build/stm32f7xx_hal_rcc_ex.o
LOAD build/stm32f7xx_hal_flash.o
LOAD build/stm32f7xx_hal_flash_ex.o
LOAD build/stm32f7xx_hal_gpio.o
LOAD build/stm32f7xx_hal_dma.o
LOAD build/stm32f7xx_hal_dma_ex.o
LOAD build/stm32f7xx_hal_pwr.o
LOAD build/stm32f7xx_hal_pwr_ex.o
LOAD build/stm32f7xx_hal_cortex.o
LOAD build/stm32f7xx_hal.o
LOAD build/stm32f7xx_hal_i2c.o
LOAD build/stm32f7xx_hal_i2c_ex.o
LOAD build/stm32f7xx_hal_exti.o
LOAD build/stm32f7xx_hal_rng.o
LOAD build/stm32f7xx_hal_spi.o
LOAD build/stm32f7xx_hal_spi_ex.o
LOAD build/stm32f7xx_hal_tim.o
LOAD build/stm32f7xx_hal_tim_ex.o
LOAD build/system_stm32f7xx.o
LOAD build/stm32f7xx_hal_pcd.o
LOAD build/stm32f7xx_hal_pcd_ex.o
LOAD build/stm32f7xx_ll_usb.o
LOAD build/nyan_leds.o
LOAD build/nyan_os.o
LOAD build/24xx_eeprom.o
LOAD build/tim.o
LOAD build/usb_otg.o
LOAD build/usbd_composite.o
LOAD build/usbd_hid_keyboard.o
LOAD build/usbd_core.o
LOAD build/usbd_ctlreq.o
LOAD build/usbd_ioreq.o
LOAD build/usb_device.o
LOAD build/usbd_desc.o
LOAD build/usbd_conf.o
LOAD build/usbd_cdc_acm.o
LOAD build/usbd_cdc_acm_if.o
LOAD build/dma.o
LOAD build/startup_stm32f723xx.o
LOAD /opt/gcc-arm-none-eabi-10.3-2021.10/bin/../lib/gcc/arm-none-eabi/10.3.1/../../../../arm-none-eabi/lib/thumb/v7e-m+fp/hard/libc_nano.a
LOAD /opt/gcc-arm-none-eabi-10.3-2021.10/bin/../lib/gcc/arm-none-eabi/10.3.1/../../../../arm-none-eabi/lib/thumb/v7e-m+fp/hard/libm.a
LOAD /opt/gcc-arm-none-eabi-10.3-2021.10/bin/../lib/gcc/arm-none-eabi/10.3.1/../../../../arm-none-eabi/lib/thumb/v7e-m+fp/hard/libnosys.a
START GROUP
LOAD /opt/gcc-arm-none-eabi-10.3-2021.10/bin/../lib/gcc/arm-none-eabi/10.3.1/thumb/v7e-m+fp/hard/libgcc.a
LOAD /opt/gcc-arm-none-eabi-10.3-2021.10/bin/../lib/gcc/arm-none-eabi/10.3.1/../../../../arm-none-eabi/lib/thumb/v7e-m+fp/hard/libc_nano.a
END GROUP
START GROUP
LOAD /opt/gcc-arm-none-eabi-10.3-2021.10/bin/../lib/gcc/arm-none-eabi/10.3.1/thumb/v7e-m+fp/hard/libgcc.a
LOAD /opt/gcc-arm-none-eabi-10.3-2021.10/bin/../lib/gcc/arm-none-eabi/10.3.1/../../../../arm-none-eabi/lib/thumb/v7e-m+fp/hard/libc_nano.a
END GROUP
LOAD /opt/gcc-arm-none-eabi-10.3-2021.10/bin/../lib/gcc/arm-none-eabi/10.3.1/thumb/v7e-m+fp/hard/crtend.o
LOAD /opt/gcc-arm-none-eabi-10.3-2021.10/bin/../lib/gcc/arm-none-eabi/10.3.1/thumb/v7e-m+fp/hard/crtn.o
                0x0000000020040000                _estack = (ORIGIN (RAM) + LENGTH (RAM))
                0x0000000000000800                _Min_Heap_Size = 0x800
                0x0000000000000800                _Min_Stack_Size = 0x800

.isr_vector     0x0000000008000000      0x1e0
                0x0000000008000000                . = ALIGN (0x4)
 *(.isr_vector)
 .isr_vector    0x0000000008000000      0x1e0 build/startup_stm32f723xx.o
                0x0000000008000000                g_pfnVectors
                0x00000000080001e0                . = ALIGN (0x4)

.text           0x00000000080001e0     0xabac
                0x00000000080001e0                . = ALIGN (0x4)
 *(.text)
 .text          0x00000000080001e0       0x40 /opt/gcc-arm-none-eabi-10.3-2021.10/bin/../lib/gcc/arm-none-eabi/10.3.1/thumb/v7e-m+fp/hard/crtbegin.o
 .text          0x0000000008000220       0x10 /opt/gcc-arm-none-eabi-10.3-2021.10/bin/../lib/gcc/arm-none-eabi/10.3.1/../../../../arm-none-eabi/lib/thumb/v7e-m+fp/hard/libc_nano.a(lib_a-strlen.o)
                0x0000000008000220                strlen
 .text          0x0000000008000230       0xa0 /opt/gcc-arm-none-eabi-10.3-2021.10/bin/../lib/gcc/arm-none-eabi/10.3.1/../../../../arm-none-eabi/lib/thumb/v7e-m+fp/hard/libc_nano.a(lib_a-memchr.o)
                0x0000000008000230                memchr
 .text          0x00000000080002d0      0x378 /opt/gcc-arm-none-eabi-10.3-2021.10/bin/../lib/gcc/arm-none-eabi/10.3.1/thumb/v7e-m+fp/hard/libgcc.a(_arm_addsubdf3.o)
                0x00000000080002d0                __aeabi_drsub
                0x00000000080002d8                __aeabi_dsub
                0x00000000080002d8                __subdf3
                0x00000000080002dc                __adddf3
                0x00000000080002dc                __aeabi_dadd
                0x0000000008000554                __aeabi_ui2d
                0x0000000008000554                __floatunsidf
                0x0000000008000574                __floatsidf
                0x0000000008000574                __aeabi_i2d
                0x0000000008000598                __extendsfdf2
                0x0000000008000598                __aeabi_f2d
                0x00000000080005dc                __aeabi_ul2d
                0x00000000080005dc                __floatundidf
                0x00000000080005ec                __floatdidf
                0x00000000080005ec                __aeabi_l2d
 .text          0x0000000008000648      0x424 /opt/gcc-arm-none-eabi-10.3-2021.10/bin/../lib/gcc/arm-none-eabi/10.3.1/thumb/v7e-m+fp/hard/libgcc.a(_arm_muldivdf3.o)
                0x0000000008000648                __aeabi_dmul
                0x0000000008000648                __muldf3
                0x000000000800089c                __aeabi_ddiv
                0x000000000800089c                __divdf3
 .text          0x0000000008000a6c      0x110 /opt/gcc-arm-none-eabi-10.3-2021.10/bin/../lib/gcc/arm-none-eabi/10.3.1/thumb/v7e-m+fp/hard/libgcc.a(_arm_cmpdf2.o)
                0x0000000008000a6c                __gtdf2
                0x0000000008000a6c                __gedf2
                0x0000000008000a74                __ltdf2
                0x0000000008000a74                __ledf2
                0x0000000008000a7c                __cmpdf2
                0x0000000008000a7c                __eqdf2
                0x0000000008000a7c                __nedf2
                0x0000000008000af8                __aeabi_cdrcmple
                0x0000000008000b08                __aeabi_cdcmple
                0x0000000008000b08                __aeabi_cdcmpeq
                0x0000000008000b18                __aeabi_dcmpeq
                0x0000000008000b2c                __aeabi_dcmplt
                0x0000000008000b40                __aeabi_dcmple
                0x0000000008000b54                __aeabi_dcmpge
                0x0000000008000b68                __aeabi_dcmpgt
 .text          0x0000000008000b7c       0x2c /opt/gcc-arm-none-eabi-10.3-2021.10/bin/../lib/gcc/arm-none-eabi/10.3.1/thumb/v7e-m+fp/hard/libgcc.a(_arm_unorddf2.o)
                0x0000000008000b7c                __aeabi_dcmpun
                0x0000000008000b7c                __unorddf2
 .text          0x0000000008000ba8       0x40 /opt/gcc-arm-none-eabi-10.3-2021.10/bin/../lib/gcc/arm-none-eabi/10.3.1/thumb/v7e-m+fp/hard/libgcc.a(_arm_fixunsdfsi.o)
                0x0000000008000ba8                __fixunsdfsi
                0x0000000008000ba8                __aeabi_d2uiz
 .text          0x0000000008000be8       0xa0 /opt/gcc-arm-none-eabi-10.3-2021.10/bin/../lib/gcc/arm-none-eabi/10.3.1/thumb/v7e-m+fp/hard/libgcc.a(_arm_truncdfsf2.o)
                0x0000000008000be8                __aeabi_d2f
                0x0000000008000be8                __truncdfsf2
 .text          0x0000000008000c88       0x30 /opt/gcc-arm-none-eabi-10.3-2021.10/bin/../lib/gcc/arm-none-eabi/10.3.1/thumb/v7e-m+fp/hard/libgcc.a(_aeabi_uldivmod.o)
                0x0000000008000c88                __aeabi_uldivmod
 .text          0x0000000008000cb8      0x2d0 /opt/gcc-arm-none-eabi-10.3-2021.10/bin/../lib/gcc/arm-none-eabi/10.3.1/thumb/v7e-m+fp/hard/libgcc.a(_udivmoddi4.o)
                0x0000000008000cb8                __udivmoddi4
 .text          0x0000000008000f88        0x4 /opt/gcc-arm-none-eabi-10.3-2021.10/bin/../lib/gcc/arm-none-eabi/10.3.1/thumb/v7e-m+fp/hard/libgcc.a(_dvmd_tls.o)
                0x0000000008000f88                __aeabi_ldiv0
                0x0000000008000f88                __aeabi_idiv0
 *(.text*)
 .text.HAL_I2C_MemTxCpltCallback
                0x0000000008000f8c        0xc build/main.o
                0x0000000008000f8c                HAL_I2C_MemTxCpltCallback
 .text.HAL_I2C_MemRxCpltCallback
                0x0000000008000f98        0xc build/main.o
                0x0000000008000f98                HAL_I2C_MemRxCpltCallback
 .text.HAL_TIM_PeriodElapsedCallback
                0x0000000008000fa4       0x20 build/main.o
                0x0000000008000fa4                HAL_TIM_PeriodElapsedCallback
 .text.HAL_TIM_OC_DelayElapsedCallback
                0x0000000008000fc4       0xa0 build/main.o
                0x0000000008000fc4                HAL_TIM_OC_DelayElapsedCallback
 .text.Error_Handler
                0x0000000008001064       0x28 build/main.o
                0x0000000008001064                Error_Handler
 .text.SystemClock_Config
                0x000000000800108c       0xb0 build/main.o
                0x000000000800108c                SystemClock_Config
 .text.main     0x000000000800113c       0xc4 build/main.o
                0x000000000800113c                main
 .text.HAL_I2C_ErrorCallback
                0x0000000008001200        0xa build/main.o
                0x0000000008001200                HAL_I2C_ErrorCallback
 *fill*         0x000000000800120a        0x2 
 .text.MX_GPIO_Init
                0x000000000800120c       0xac build/gpio.o
                0x000000000800120c                MX_GPIO_Init
 .text.MX_I2C1_Init
                0x00000000080012b8       0x5c build/i2c.o
                0x00000000080012b8                MX_I2C1_Init
 .text.HAL_I2C_MspInit
                0x0000000008001314      0x130 build/i2c.o
                0x0000000008001314                HAL_I2C_MspInit
 .text.MX_RNG_Init
                0x0000000008001444       0x20 build/rng.o
                0x0000000008001444                MX_RNG_Init
 .text.HAL_RNG_MspInit
                0x0000000008001464       0x50 build/rng.o
                0x0000000008001464                HAL_RNG_MspInit
 .text.MX_SPI1_Init
                0x00000000080014b4       0x4c build/spi.o
                0x00000000080014b4                MX_SPI1_Init
 .text.MX_SPI2_Init
                0x0000000008001500       0x4c build/spi.o
                0x0000000008001500                MX_SPI2_Init
 .text.MX_SPI4_Init
                0x000000000800154c       0x4c build/spi.o
                0x000000000800154c                MX_SPI4_Init
 .text.HAL_SPI_MspInit
                0x0000000008001598      0x134 build/spi.o
                0x0000000008001598                HAL_SPI_MspInit
 .text.NMI_Handler
                0x00000000080016cc        0x2 build/stm32f7xx_it.o
                0x00000000080016cc                NMI_Handler
 *fill*         0x00000000080016ce        0x2 
 .text.HardFault_Handler
                0x00000000080016d0       0x3c build/stm32f7xx_it.o
                0x00000000080016d0                HardFault_Handler
 .text.MemManage_Handler
                0x000000000800170c        0x2 build/stm32f7xx_it.o
                0x000000000800170c                MemManage_Handler
 .text.BusFault_Handler
                0x000000000800170e        0x2 build/stm32f7xx_it.o
                0x000000000800170e                BusFault_Handler
 .text.UsageFault_Handler
                0x0000000008001710        0x2 build/stm32f7xx_it.o
                0x0000000008001710                UsageFault_Handler
 .text.SVC_Handler
                0x0000000008001712        0x2 build/stm32f7xx_it.o
                0x0000000008001712                SVC_Handler
 .text.DebugMon_Handler
                0x0000000008001714        0x2 build/stm32f7xx_it.o
                0x0000000008001714                DebugMon_Handler
 .text.PendSV_Handler
                0x0000000008001716        0x2 build/stm32f7xx_it.o
                0x0000000008001716                PendSV_Handler
 .text.SysTick_Handler
                0x0000000008001718        0x8 build/stm32f7xx_it.o
                0x0000000008001718                SysTick_Handler
 .text.DMA1_Stream0_IRQHandler
                0x0000000008001720       0x10 build/stm32f7xx_it.o
                0x0000000008001720                DMA1_Stream0_IRQHandler
 .text.DMA1_Stream6_IRQHandler
                0x0000000008001730       0x10 build/stm32f7xx_it.o
                0x0000000008001730                DMA1_Stream6_IRQHandler
 .text.TIM1_UP_TIM10_IRQHandler
                0x0000000008001740       0x10 build/stm32f7xx_it.o
                0x0000000008001740                TIM1_UP_TIM10_IRQHandler
 .text.TIM1_CC_IRQHandler
                0x0000000008001750       0x10 build/stm32f7xx_it.o
                0x0000000008001750                TIM1_CC_IRQHandler
 .text.I2C1_EV_IRQHandler
                0x0000000008001760       0x10 build/stm32f7xx_it.o
                0x0000000008001760                I2C1_EV_IRQHandler
 .text.I2C1_ER_IRQHandler
                0x0000000008001770       0x10 build/stm32f7xx_it.o
                0x0000000008001770                I2C1_ER_IRQHandler
 .text.TIM8_CC_IRQHandler
                0x0000000008001780       0x10 build/stm32f7xx_it.o
                0x0000000008001780                TIM8_CC_IRQHandler
 .text.TIM6_DAC_IRQHandler
                0x0000000008001790       0x2c build/stm32f7xx_it.o
                0x0000000008001790                TIM6_DAC_IRQHandler
 .text.TIM7_IRQHandler
                0x00000000080017bc       0x10 build/stm32f7xx_it.o
                0x00000000080017bc                TIM7_IRQHandler
 .text.OTG_HS_IRQHandler
                0x00000000080017cc       0x10 build/stm32f7xx_it.o
                0x00000000080017cc                OTG_HS_IRQHandler
 .text.HAL_MspInit
                0x00000000080017dc       0x30 build/stm32f7xx_hal_msp.o
                0x00000000080017dc                HAL_MspInit
 .text.HAL_RCC_OscConfig
                0x000000000800180c      0x434 build/stm32f7xx_hal_rcc.o
                0x000000000800180c                HAL_RCC_OscConfig
 .text.HAL_RCC_GetSysClockFreq
                0x0000000008001c40       0xa8 build/stm32f7xx_hal_rcc.o
                0x0000000008001c40                HAL_RCC_GetSysClockFreq
 .text.HAL_RCC_ClockConfig
                0x0000000008001ce8      0x16c build/stm32f7xx_hal_rcc.o
                0x0000000008001ce8                HAL_RCC_ClockConfig
 .text.HAL_RCC_GetHCLKFreq
                0x0000000008001e54        0xc build/stm32f7xx_hal_rcc.o
                0x0000000008001e54                HAL_RCC_GetHCLKFreq
 .text.HAL_RCCEx_PeriphCLKConfig
                0x0000000008001e60      0x4e4 build/stm32f7xx_hal_rcc_ex.o
                0x0000000008001e60                HAL_RCCEx_PeriphCLKConfig
 .text.HAL_GPIO_Init
                0x0000000008002344      0x1e8 build/stm32f7xx_hal_gpio.o
                0x0000000008002344                HAL_GPIO_Init
 .text.HAL_GPIO_WritePin
                0x000000000800252c        0xc build/stm32f7xx_hal_gpio.o
                0x000000000800252c                HAL_GPIO_WritePin
 .text.DMA_SetConfig
                0x0000000008002538       0x2c build/stm32f7xx_hal_dma.o
 .text.DMA_CalcBaseAndBitshift
                0x0000000008002564       0x40 build/stm32f7xx_hal_dma.o
 .text.DMA_CheckFifoParam
                0x00000000080025a4       0x8e build/stm32f7xx_hal_dma.o
 *fill*         0x0000000008002632        0x2 
 .text.HAL_DMA_Init
                0x0000000008002634       0xcc build/stm32f7xx_hal_dma.o
                0x0000000008002634                HAL_DMA_Init
 .text.HAL_DMA_Start_IT
                0x0000000008002700       0x74 build/stm32f7xx_hal_dma.o
                0x0000000008002700                HAL_DMA_Start_IT
 .text.HAL_DMA_Abort_IT
                0x0000000008002774       0x26 build/stm32f7xx_hal_dma.o
                0x0000000008002774                HAL_DMA_Abort_IT
 *fill*         0x000000000800279a        0x2 
 .text.HAL_DMA_IRQHandler
                0x000000000800279c      0x1dc build/stm32f7xx_hal_dma.o
                0x000000000800279c                HAL_DMA_IRQHandler
 .text.HAL_DMA_GetState
                0x0000000008002978        0x6 build/stm32f7xx_hal_dma.o
                0x0000000008002978                HAL_DMA_GetState
 .text.HAL_DMA_GetError
                0x000000000800297e        0x4 build/stm32f7xx_hal_dma.o
                0x000000000800297e                HAL_DMA_GetError
 *fill*         0x0000000008002982        0x2 
 .text.HAL_PWREx_EnableOverDrive
                0x0000000008002984       0x7c build/stm32f7xx_hal_pwr_ex.o
                0x0000000008002984                HAL_PWREx_EnableOverDrive
 .text.__NVIC_SetPriority
                0x0000000008002a00       0x24 build/stm32f7xx_hal_cortex.o
 .text.NVIC_EncodePriority
                0x0000000008002a24       0x3e build/stm32f7xx_hal_cortex.o
 *fill*         0x0000000008002a62        0x2 
 .text.HAL_NVIC_SetPriorityGrouping
                0x0000000008002a64       0x24 build/stm32f7xx_hal_cortex.o
                0x0000000008002a64                HAL_NVIC_SetPriorityGrouping
 .text.HAL_NVIC_SetPriority
                0x0000000008002a88       0x20 build/stm32f7xx_hal_cortex.o
                0x0000000008002a88                HAL_NVIC_SetPriority
 .text.HAL_NVIC_EnableIRQ
                0x0000000008002aa8       0x1c build/stm32f7xx_hal_cortex.o
                0x0000000008002aa8                HAL_NVIC_EnableIRQ
 .text.HAL_SYSTICK_Config
                0x0000000008002ac4       0x28 build/stm32f7xx_hal_cortex.o
                0x0000000008002ac4                HAL_SYSTICK_Config
 .text.HAL_InitTick
                0x0000000008002aec       0x4c build/stm32f7xx_hal.o
                0x0000000008002aec                HAL_InitTick
 .text.HAL_Init
                0x0000000008002b38       0x24 build/stm32f7xx_hal.o
                0x0000000008002b38                HAL_Init
 .text.HAL_IncTick
                0x0000000008002b5c       0x18 build/stm32f7xx_hal.o
                0x0000000008002b5c                HAL_IncTick
 .text.HAL_GetTick
                0x0000000008002b74        0xc build/stm32f7xx_hal.o
                0x0000000008002b74                HAL_GetTick
 .text.HAL_Delay
                0x0000000008002b80       0x28 build/stm32f7xx_hal.o
                0x0000000008002b80                HAL_Delay
 .text.I2C_Flush_TXDR
                0x0000000008002ba8       0x22 build/stm32f7xx_hal_i2c.o
 .text.I2C_TransferConfig
                0x0000000008002bca       0x3c build/stm32f7xx_hal_i2c.o
 *fill*         0x0000000008002c06        0x2 
 .text.I2C_Enable_IRQ
                0x0000000008002c08       0x7c build/stm32f7xx_hal_i2c.o
 .text.I2C_Disable_IRQ
                0x0000000008002c84       0x70 build/stm32f7xx_hal_i2c.o
 .text.HAL_I2C_Init
                0x0000000008002cf4       0xbc build/stm32f7xx_hal_i2c.o
                0x0000000008002cf4                HAL_I2C_Init
 .text.HAL_I2C_Mem_Read_DMA
                0x0000000008002db0      0x134 build/stm32f7xx_hal_i2c.o
                0x0000000008002db0                HAL_I2C_Mem_Read_DMA
 .text.HAL_I2C_EV_IRQHandler
                0x0000000008002ee4       0x10 build/stm32f7xx_hal_i2c.o
                0x0000000008002ee4                HAL_I2C_EV_IRQHandler
 .text.HAL_I2C_MasterTxCpltCallback
                0x0000000008002ef4        0x2 build/stm32f7xx_hal_i2c.o
                0x0000000008002ef4                HAL_I2C_MasterTxCpltCallback
 .text.HAL_I2C_MasterRxCpltCallback
                0x0000000008002ef6        0x2 build/stm32f7xx_hal_i2c.o
                0x0000000008002ef6                HAL_I2C_MasterRxCpltCallback
 .text.I2C_ITMasterSeqCplt
                0x0000000008002ef8       0x54 build/stm32f7xx_hal_i2c.o
 .text.HAL_I2C_SlaveTxCpltCallback
                0x0000000008002f4c        0x2 build/stm32f7xx_hal_i2c.o
                0x0000000008002f4c                HAL_I2C_SlaveTxCpltCallback
 .text.HAL_I2C_SlaveRxCpltCallback
                0x0000000008002f4e        0x2 build/stm32f7xx_hal_i2c.o
                0x0000000008002f4e                HAL_I2C_SlaveRxCpltCallback
 .text.I2C_ITSlaveSeqCplt
                0x0000000008002f50       0x82 build/stm32f7xx_hal_i2c.o
 .text.HAL_I2C_AddrCallback
                0x0000000008002fd2        0x2 build/stm32f7xx_hal_i2c.o
                0x0000000008002fd2                HAL_I2C_AddrCallback
 .text.I2C_ITAddrCplt
                0x0000000008002fd4       0xa0 build/stm32f7xx_hal_i2c.o
 .text.HAL_I2C_ListenCpltCallback
                0x0000000008003074        0x2 build/stm32f7xx_hal_i2c.o
                0x0000000008003074                HAL_I2C_ListenCpltCallback
 *fill*         0x0000000008003076        0x2 
 .text.I2C_ITListenCplt
                0x0000000008003078       0x68 build/stm32f7xx_hal_i2c.o
 .text.HAL_I2C_AbortCpltCallback
                0x00000000080030e0        0x2 build/stm32f7xx_hal_i2c.o
                0x00000000080030e0                HAL_I2C_AbortCpltCallback
 .text.I2C_TreatErrorCallback
                0x00000000080030e2       0x2e build/stm32f7xx_hal_i2c.o
 .text.I2C_ITError
                0x0000000008003110      0x108 build/stm32f7xx_hal_i2c.o
 .text.I2C_ITSlaveCplt
                0x0000000008003218      0x168 build/stm32f7xx_hal_i2c.o
 .text.I2C_Slave_ISR_IT
                0x0000000008003380      0x150 build/stm32f7xx_hal_i2c.o
 .text.I2C_ITMasterCplt
                0x00000000080034d0      0x12e build/stm32f7xx_hal_i2c.o
 .text.I2C_Slave_ISR_DMA
                0x00000000080035fe      0x122 build/stm32f7xx_hal_i2c.o
 .text.I2C_Master_ISR_DMA
                0x0000000008003720      0x142 build/stm32f7xx_hal_i2c.o
 .text.I2C_DMAError
                0x0000000008003862       0x44 build/stm32f7xx_hal_i2c.o
 .text.I2C_DMAMasterReceiveCplt
                0x00000000080038a6       0x5a build/stm32f7xx_hal_i2c.o
 .text.I2C_Mem_ISR_DMA
                0x0000000008003900      0x194 build/stm32f7xx_hal_i2c.o
 .text.HAL_I2C_ER_IRQHandler
                0x0000000008003a94       0x6a build/stm32f7xx_hal_i2c.o
                0x0000000008003a94                HAL_I2C_ER_IRQHandler
 .text.I2C_DMAAbort
                0x0000000008003afe       0x1a build/stm32f7xx_hal_i2c.o
 .text.HAL_I2C_GetError
                0x0000000008003b18        0x4 build/stm32f7xx_hal_i2c.o
                0x0000000008003b18                HAL_I2C_GetError
 .text.HAL_I2CEx_ConfigAnalogFilter
                0x0000000008003b1c       0x5c build/stm32f7xx_hal_i2c_ex.o
                0x0000000008003b1c                HAL_I2CEx_ConfigAnalogFilter
 .text.HAL_I2CEx_ConfigDigitalFilter
                0x0000000008003b78       0x58 build/stm32f7xx_hal_i2c_ex.o
                0x0000000008003b78                HAL_I2CEx_ConfigDigitalFilter
 .text.HAL_RNG_Init
                0x0000000008003bd0       0x2e build/stm32f7xx_hal_rng.o
                0x0000000008003bd0                HAL_RNG_Init
 .text.HAL_SPI_Init
                0x0000000008003bfe       0xe8 build/stm32f7xx_hal_spi.o
                0x0000000008003bfe                HAL_SPI_Init
 *fill*         0x0000000008003ce6        0x2 
 .text.TIM_OC1_SetConfig
                0x0000000008003ce8       0x68 build/stm32f7xx_hal_tim.o
 .text.TIM_OC3_SetConfig
                0x0000000008003d50       0x70 build/stm32f7xx_hal_tim.o
 .text.TIM_OC4_SetConfig
                0x0000000008003dc0       0x54 build/stm32f7xx_hal_tim.o
 .text.TIM_OC5_SetConfig
                0x0000000008003e14       0x54 build/stm32f7xx_hal_tim.o
 .text.TIM_OC6_SetConfig
                0x0000000008003e68       0x54 build/stm32f7xx_hal_tim.o
 .text.TIM_TI1_ConfigInputStage
                0x0000000008003ebc       0x26 build/stm32f7xx_hal_tim.o
 .text.TIM_TI2_ConfigInputStage
                0x0000000008003ee2       0x28 build/stm32f7xx_hal_tim.o
 .text.TIM_ITRx_SetConfig
                0x0000000008003f0a       0x10 build/stm32f7xx_hal_tim.o
 *fill*         0x0000000008003f1a        0x2 
 .text.HAL_TIM_Base_Start_IT
                0x0000000008003f1c       0x90 build/stm32f7xx_hal_tim.o
                0x0000000008003f1c                HAL_TIM_Base_Start_IT
 .text.HAL_TIM_IC_CaptureCallback
                0x0000000008003fac        0x2 build/stm32f7xx_hal_tim.o
                0x0000000008003fac                HAL_TIM_IC_CaptureCallback
 .text.HAL_TIM_PWM_PulseFinishedCallback
                0x0000000008003fae        0x2 build/stm32f7xx_hal_tim.o
                0x0000000008003fae                HAL_TIM_PWM_PulseFinishedCallback
 .text.HAL_TIM_TriggerCallback
                0x0000000008003fb0        0x2 build/stm32f7xx_hal_tim.o
                0x0000000008003fb0                HAL_TIM_TriggerCallback
 .text.HAL_TIM_IRQHandler
                0x0000000008003fb2      0x19a build/stm32f7xx_hal_tim.o
                0x0000000008003fb2                HAL_TIM_IRQHandler
 .text.TIM_Base_SetConfig
                0x000000000800414c      0x110 build/stm32f7xx_hal_tim.o
                0x000000000800414c                TIM_Base_SetConfig
 .text.HAL_TIM_Base_Init
                0x000000000800425c       0x60 build/stm32f7xx_hal_tim.o
                0x000000000800425c                HAL_TIM_Base_Init
 .text.HAL_TIM_OC_Init
                0x00000000080042bc       0x60 build/stm32f7xx_hal_tim.o
                0x00000000080042bc                HAL_TIM_OC_Init
 .text.TIM_OC2_SetConfig
                0x000000000800431c       0x70 build/stm32f7xx_hal_tim.o
                0x000000000800431c                TIM_OC2_SetConfig
 .text.HAL_TIM_OC_ConfigChannel
                0x000000000800438c       0x7a build/stm32f7xx_hal_tim.o
                0x000000000800438c                HAL_TIM_OC_ConfigChannel
 .text.TIM_ETR_SetConfig
                0x0000000008004406       0x1a build/stm32f7xx_hal_tim.o
                0x0000000008004406                TIM_ETR_SetConfig
 .text.HAL_TIM_ConfigClockSource
                0x0000000008004420      0x100 build/stm32f7xx_hal_tim.o
                0x0000000008004420                HAL_TIM_ConfigClockSource
 .text.TIM_CCxChannelCmd
                0x0000000008004520       0x1e build/stm32f7xx_hal_tim.o
                0x0000000008004520                TIM_CCxChannelCmd
 *fill*         0x000000000800453e        0x2 
 .text.HAL_TIM_OC_Start_IT
                0x0000000008004540      0x1c4 build/stm32f7xx_hal_tim.o
                0x0000000008004540                HAL_TIM_OC_Start_IT
 .text.HAL_TIMEx_MasterConfigSynchronization
                0x0000000008004704       0xa0 build/stm32f7xx_hal_tim_ex.o
                0x0000000008004704                HAL_TIMEx_MasterConfigSynchronization
 .text.HAL_TIMEx_ConfigBreakDeadTime
                0x00000000080047a4       0x90 build/stm32f7xx_hal_tim_ex.o
                0x00000000080047a4                HAL_TIMEx_ConfigBreakDeadTime
 .text.HAL_TIMEx_CommutCallback
                0x0000000008004834        0x2 build/stm32f7xx_hal_tim_ex.o
                0x0000000008004834                HAL_TIMEx_CommutCallback
 .text.HAL_TIMEx_BreakCallback
                0x0000000008004836        0x2 build/stm32f7xx_hal_tim_ex.o
                0x0000000008004836                HAL_TIMEx_BreakCallback
 .text.HAL_TIMEx_Break2Callback
                0x0000000008004838        0x2 build/stm32f7xx_hal_tim_ex.o
                0x0000000008004838                HAL_TIMEx_Break2Callback
 *fill*         0x000000000800483a        0x2 
 .text.SystemInit
                0x000000000800483c       0x14 build/system_stm32f7xx.o
                0x000000000800483c                SystemInit
 .text.PCD_WriteEmptyTxFifo
                0x0000000008004850       0xd0 build/stm32f7xx_hal_pcd.o
 .text.HAL_PCD_Init
                0x0000000008004920      0x13c build/stm32f7xx_hal_pcd.o
                0x0000000008004920                HAL_PCD_Init
 .text.HAL_PCD_Start
                0x0000000008004a5c       0x2a build/stm32f7xx_hal_pcd.o
                0x0000000008004a5c                HAL_PCD_Start
 *fill*         0x0000000008004a86        0x2 
 .text.PCD_EP_OutXfrComplete_int
                0x0000000008004a88      0x104 build/stm32f7xx_hal_pcd.o
 .text.PCD_EP_OutSetupPacket_int
                0x0000000008004b8c       0x50 build/stm32f7xx_hal_pcd.o
 .text.HAL_PCD_SetAddress
                0x0000000008004bdc       0x28 build/stm32f7xx_hal_pcd.o
                0x0000000008004bdc                HAL_PCD_SetAddress
 .text.HAL_PCD_EP_Open
                0x0000000008004c04       0x8a build/stm32f7xx_hal_pcd.o
                0x0000000008004c04                HAL_PCD_EP_Open
 .text.HAL_PCD_EP_Close
                0x0000000008004c8e       0x72 build/stm32f7xx_hal_pcd.o
                0x0000000008004c8e                HAL_PCD_EP_Close
 .text.HAL_PCD_EP_Receive
                0x0000000008004d00       0x5e build/stm32f7xx_hal_pcd.o
                0x0000000008004d00                HAL_PCD_EP_Receive
 .text.HAL_PCD_EP_GetRxCount
                0x0000000008004d5e       0x12 build/stm32f7xx_hal_pcd.o
                0x0000000008004d5e                HAL_PCD_EP_GetRxCount
 .text.HAL_PCD_EP_Transmit
                0x0000000008004d70       0x5e build/stm32f7xx_hal_pcd.o
                0x0000000008004d70                HAL_PCD_EP_Transmit
 .text.HAL_PCD_EP_SetStall
                0x0000000008004dce       0x88 build/stm32f7xx_hal_pcd.o
                0x0000000008004dce                HAL_PCD_EP_SetStall
 .text.HAL_PCD_EP_ClrStall
                0x0000000008004e56       0x76 build/stm32f7xx_hal_pcd.o
                0x0000000008004e56                HAL_PCD_EP_ClrStall
 .text.HAL_PCD_EP_Abort
                0x0000000008004ecc       0x34 build/stm32f7xx_hal_pcd.o
                0x0000000008004ecc                HAL_PCD_EP_Abort
 .text.HAL_PCD_IRQHandler
                0x0000000008004f00      0x606 build/stm32f7xx_hal_pcd.o
                0x0000000008004f00                HAL_PCD_IRQHandler
 .text.HAL_PCDEx_SetTxFiFo
                0x0000000008005506       0x4c build/stm32f7xx_hal_pcd_ex.o
                0x0000000008005506                HAL_PCDEx_SetTxFiFo
 .text.HAL_PCDEx_SetRxFiFo
                0x0000000008005552        0x8 build/stm32f7xx_hal_pcd_ex.o
                0x0000000008005552                HAL_PCDEx_SetRxFiFo
 *fill*         0x000000000800555a        0x2 
 .text.HAL_PCDEx_ActivateLPM
                0x000000000800555c       0x28 build/stm32f7xx_hal_pcd_ex.o
                0x000000000800555c                HAL_PCDEx_ActivateLPM
 .text.HAL_PCDEx_LPM_Callback
                0x0000000008005584        0x2 build/stm32f7xx_hal_pcd_ex.o
                0x0000000008005584                HAL_PCDEx_LPM_Callback
 *fill*         0x0000000008005586        0x2 
 .text.USB_CoreReset
                0x0000000008005588       0x50 build/stm32f7xx_ll_usb.o
 .text.USB_HS_PHYCInit
                0x00000000080055d8       0x5c build/stm32f7xx_ll_usb.o
 .text.USB_CoreInit
                0x0000000008005634       0xd4 build/stm32f7xx_ll_usb.o
                0x0000000008005634                USB_CoreInit
 .text.USB_SetTurnaroundTime
                0x0000000008005708       0xe4 build/stm32f7xx_ll_usb.o
                0x0000000008005708                USB_SetTurnaroundTime
 .text.USB_EnableGlobalInt
                0x00000000080057ec        0xc build/stm32f7xx_ll_usb.o
                0x00000000080057ec                USB_EnableGlobalInt
 .text.USB_DisableGlobalInt
                0x00000000080057f8        0xc build/stm32f7xx_ll_usb.o
                0x00000000080057f8                USB_DisableGlobalInt
 .text.USB_FlushTxFifo
                0x0000000008005804       0x50 build/stm32f7xx_ll_usb.o
                0x0000000008005804                USB_FlushTxFifo
 .text.USB_FlushRxFifo
                0x0000000008005854       0x4c build/stm32f7xx_ll_usb.o
                0x0000000008005854                USB_FlushRxFifo
 .text.USB_SetDevSpeed
                0x00000000080058a0        0xe build/stm32f7xx_ll_usb.o
                0x00000000080058a0                USB_SetDevSpeed
 *fill*         0x00000000080058ae        0x2 
 .text.USB_DevInit
                0x00000000080058b0      0x1a4 build/stm32f7xx_ll_usb.o
                0x00000000080058b0                USB_DevInit
 .text.USB_GetDevSpeed
                0x0000000008005a54       0x1e build/stm32f7xx_ll_usb.o
                0x0000000008005a54                USB_GetDevSpeed
 *fill*         0x0000000008005a72        0x2 
 .text.USB_ActivateEndpoint
                0x0000000008005a74       0x98 build/stm32f7xx_ll_usb.o
                0x0000000008005a74                USB_ActivateEndpoint
 .text.USB_DeactivateEndpoint
                0x0000000008005b0c       0xe0 build/stm32f7xx_ll_usb.o
                0x0000000008005b0c                USB_DeactivateEndpoint
 .text.USB_EP0StartXfer
                0x0000000008005bec      0x120 build/stm32f7xx_ll_usb.o
                0x0000000008005bec                USB_EP0StartXfer
 .text.USB_EPStopXfer
                0x0000000008005d0c       0xbe build/stm32f7xx_ll_usb.o
                0x0000000008005d0c                USB_EPStopXfer
 .text.USB_WritePacket
                0x0000000008005dca       0x2e build/stm32f7xx_ll_usb.o
                0x0000000008005dca                USB_WritePacket
 .text.USB_EPStartXfer
                0x0000000008005df8      0x230 build/stm32f7xx_ll_usb.o
                0x0000000008005df8                USB_EPStartXfer
 .text.USB_ReadPacket
                0x0000000008006028       0x46 build/stm32f7xx_ll_usb.o
                0x0000000008006028                USB_ReadPacket
 .text.USB_EPSetStall
                0x000000000800606e       0x5a build/stm32f7xx_ll_usb.o
                0x000000000800606e                USB_EPSetStall
 .text.USB_EPClearStall
                0x00000000080060c8       0x5c build/stm32f7xx_ll_usb.o
                0x00000000080060c8                USB_EPClearStall
 .text.USB_SetDevAddress
                0x0000000008006124       0x20 build/stm32f7xx_ll_usb.o
                0x0000000008006124                USB_SetDevAddress
 .text.USB_DevConnect
                0x0000000008006144       0x1c build/stm32f7xx_ll_usb.o
                0x0000000008006144                USB_DevConnect
 .text.USB_DevDisconnect
                0x0000000008006160       0x1c build/stm32f7xx_ll_usb.o
                0x0000000008006160                USB_DevDisconnect
 .text.USB_ReadInterrupts
                0x000000000800617c        0x8 build/stm32f7xx_ll_usb.o
                0x000000000800617c                USB_ReadInterrupts
 .text.USB_ReadDevAllOutEpInterrupt
                0x0000000008006184       0x10 build/stm32f7xx_ll_usb.o
                0x0000000008006184                USB_ReadDevAllOutEpInterrupt
 .text.USB_ReadDevAllInEpInterrupt
                0x0000000008006194       0x10 build/stm32f7xx_ll_usb.o
                0x0000000008006194                USB_ReadDevAllInEpInterrupt
 .text.USB_ReadDevOutEPInterrupt
                0x00000000080061a4       0x12 build/stm32f7xx_ll_usb.o
                0x00000000080061a4                USB_ReadDevOutEPInterrupt
 .text.USB_ReadDevInEPInterrupt
                0x00000000080061b6       0x24 build/stm32f7xx_ll_usb.o
                0x00000000080061b6                USB_ReadDevInEPInterrupt
 .text.USB_GetMode
                0x00000000080061da        0x8 build/stm32f7xx_ll_usb.o
                0x00000000080061da                USB_GetMode
 .text.USB_SetCurrentMode
                0x00000000080061e2       0x62 build/stm32f7xx_ll_usb.o
                0x00000000080061e2                USB_SetCurrentMode
 .text.USB_ActivateSetup
                0x0000000008006244       0x20 build/stm32f7xx_ll_usb.o
                0x0000000008006244                USB_ActivateSetup
 .text.USB_EP0_OutStart
                0x0000000008006264       0x60 build/stm32f7xx_ll_usb.o
                0x0000000008006264                USB_EP0_OutStart
 *fill*         0x00000000080062c4        0x4 
 .text.getSystemStatusOCRValue
                0x00000000080062c8       0x60 build/nyan_leds.o
                0x00000000080062c8                getSystemStatusOCRValue
 .text.NyanOsInit
                0x0000000008006328       0x40 build/nyan_os.o
                0x0000000008006328                NyanOsInit
 .text.NyanPrint
                0x0000000008006368       0x7a build/nyan_os.o
                0x0000000008006368                NyanPrint
 *fill*         0x00000000080063e2        0x2 
 .text.NyanWelcomeDisplay
                0x00000000080063e4       0x34 build/nyan_os.o
                0x00000000080063e4                NyanWelcomeDisplay
 .text.FreeNyanString
                0x0000000008006418       0x24 build/nyan_os.o
                0x0000000008006418                FreeNyanString
 .text.NyanDecode
                0x000000000800643c       0x40 build/nyan_os.o
                0x000000000800643c                NyanDecode
 .text.NyanAddInputBuffer
                0x000000000800647c       0xc0 build/nyan_os.o
                0x000000000800647c                NyanAddInputBuffer
 .text.NyanExeGetinfo
                0x000000000800653c       0x10 build/nyan_os.o
                0x000000000800653c                NyanExeGetinfo
 .text.NyanExecute
                0x000000000800654c       0x7c build/nyan_os.o
                0x000000000800654c                NyanExecute
 .text.EepromInit
                0x00000000080065c8       0x2c build/24xx_eeprom.o
                0x00000000080065c8                EepromInit
 .text.EepromCreateControlByte
                0x00000000080065f4       0x26 build/24xx_eeprom.o
                0x00000000080065f4                EepromCreateControlByte
 *fill*         0x000000000800661a        0x2 
 .text.EepromRead
                0x000000000800661c       0x44 build/24xx_eeprom.o
                0x000000000800661c                EepromRead
 .text.MX_TIM1_Init
                0x0000000008006660       0xc8 build/tim.o
                0x0000000008006660                MX_TIM1_Init
 .text.MX_TIM6_Init
                0x0000000008006728       0x50 build/tim.o
                0x0000000008006728                MX_TIM6_Init
 .text.MX_TIM7_Init
                0x0000000008006778       0x54 build/tim.o
                0x0000000008006778                MX_TIM7_Init
 .text.MX_TIM8_Init
                0x00000000080067cc       0xf8 build/tim.o
                0x00000000080067cc                MX_TIM8_Init
 .text.HAL_TIM_OC_MspInit
                0x00000000080068c4       0x50 build/tim.o
                0x00000000080068c4                HAL_TIM_OC_MspInit
 .text.HAL_TIM_Base_MspInit
                0x0000000008006914       0xa0 build/tim.o
                0x0000000008006914                HAL_TIM_Base_MspInit
 .text.MX_USB_OTG_HS_PCD_Init
                0x00000000080069b4       0x38 build/usb_otg.o
                0x00000000080069b4                MX_USB_OTG_HS_PCD_Init
 .text.HAL_PCD_MspInit
                0x00000000080069ec       0xc4 build/usb_otg.o
                0x00000000080069ec                HAL_PCD_MspInit
 .text.USBD_COMPOSITE_Init
                0x0000000008006ab0       0x24 build/usbd_composite.o
 .text.USBD_COMPOSITE_DeInit
                0x0000000008006ad4       0x24 build/usbd_composite.o
 .text.USBD_COMPOSITE_Setup
                0x0000000008006af8       0x54 build/usbd_composite.o
 .text.USBD_COMPOSITE_DataIn
                0x0000000008006b4c       0x58 build/usbd_composite.o
 .text.USBD_COMPOSITE_EP0_RxReady
                0x0000000008006ba4       0x10 build/usbd_composite.o
 .text.USBD_COMPOSITE_EP0_TxReady
                0x0000000008006bb4        0x4 build/usbd_composite.o
 .text.USBD_COMPOSITE_SOF
                0x0000000008006bb8        0x4 build/usbd_composite.o
 .text.USBD_COMPOSITE_IsoINIncomplete
                0x0000000008006bbc        0x4 build/usbd_composite.o
 .text.USBD_COMPOSITE_IsoOutIncomplete
                0x0000000008006bc0        0x4 build/usbd_composite.o
 .text.USBD_COMPOSITE_DataOut
                0x0000000008006bc4       0x28 build/usbd_composite.o
 .text.USBD_COMPOSITE_GetHSCfgDesc
                0x0000000008006bec        0xc build/usbd_composite.o
 .text.USBD_COMPOSITE_GetFSCfgDesc
                0x0000000008006bf8        0xc build/usbd_composite.o
 .text.USBD_COMPOSITE_GetOtherSpeedCfgDesc
                0x0000000008006c04        0xc build/usbd_composite.o
 .text.USBD_COMPOSITE_GetDeviceQualifierDesc
                0x0000000008006c10        0xc build/usbd_composite.o
 .text.USBD_COMPOSITE_GetUsrStringDesc
                0x0000000008006c1c       0x7c build/usbd_composite.o
 .text.USBD_COMPOSITE_Mount_Class
                0x0000000008006c98      0x150 build/usbd_composite.o
                0x0000000008006c98                USBD_COMPOSITE_Mount_Class
 .text.USBD_HID_GetFSCfgDesc
                0x0000000008006de8        0xc build/usbd_hid_keyboard.o
 .text.USBD_HID_GetHSCfgDesc
                0x0000000008006df4        0xc build/usbd_hid_keyboard.o
 .text.USBD_HID_GetOtherSpeedCfgDesc
                0x0000000008006e00        0xc build/usbd_hid_keyboard.o
 .text.USBD_HID_DataIn
                0x0000000008006e0c        0xa build/usbd_hid_keyboard.o
 *fill*         0x0000000008006e16        0x2 
 .text.USBD_HID_GetDeviceQualifierDesc
                0x0000000008006e18        0xc build/usbd_hid_keyboard.o
 .text.USBD_HID_Setup
                0x0000000008006e24      0x124 build/usbd_hid_keyboard.o
 .text.USBD_HID_DeInit
                0x0000000008006f48       0x34 build/usbd_hid_keyboard.o
 .text.USBD_HID_Init
                0x0000000008006f7c       0x68 build/usbd_hid_keyboard.o
 .text.USBD_Update_HID_KBD_DESC
                0x0000000008006fe4       0x20 build/usbd_hid_keyboard.o
                0x0000000008006fe4                USBD_Update_HID_KBD_DESC
 .text.USBD_Init
                0x0000000008007004       0x2a build/usbd_core.o
                0x0000000008007004                USBD_Init
 .text.USBD_RegisterClass
                0x000000000800702e       0x44 build/usbd_core.o
                0x000000000800702e                USBD_RegisterClass
 .text.USBD_Start
                0x0000000008007072        0x8 build/usbd_core.o
                0x0000000008007072                USBD_Start
 .text.USBD_SetClassConfig
                0x000000000800707a       0x12 build/usbd_core.o
                0x000000000800707a                USBD_SetClassConfig
 .text.USBD_ClrClassConfig
                0x000000000800708c       0x10 build/usbd_core.o
                0x000000000800708c                USBD_ClrClassConfig
 .text.USBD_LL_SetupStage
                0x000000000800709c       0x58 build/usbd_core.o
                0x000000000800709c                USBD_LL_SetupStage
 .text.USBD_LL_DataOutStage
                0x00000000080070f4       0x78 build/usbd_core.o
                0x00000000080070f4                USBD_LL_DataOutStage
 .text.USBD_LL_DataInStage
                0x000000000800716c       0xbe build/usbd_core.o
                0x000000000800716c                USBD_LL_DataInStage
 .text.USBD_LL_Reset
                0x000000000800722a       0x54 build/usbd_core.o
                0x000000000800722a                USBD_LL_Reset
 .text.USBD_LL_SetSpeed
                0x000000000800727e        0x6 build/usbd_core.o
                0x000000000800727e                USBD_LL_SetSpeed
 .text.USBD_LL_Suspend
                0x0000000008007284       0x14 build/usbd_core.o
                0x0000000008007284                USBD_LL_Suspend
 .text.USBD_LL_Resume
                0x0000000008007298       0x1a build/usbd_core.o
                0x0000000008007298                USBD_LL_Resume
 .text.USBD_LL_SOF
                0x00000000080072b2       0x28 build/usbd_core.o
                0x00000000080072b2                USBD_LL_SOF
 .text.USBD_LL_IsoINIncomplete
                0x00000000080072da       0x28 build/usbd_core.o
                0x00000000080072da                USBD_LL_IsoINIncomplete
 .text.USBD_LL_IsoOUTIncomplete
                0x0000000008007302       0x28 build/usbd_core.o
                0x0000000008007302                USBD_LL_IsoOUTIncomplete
 .text.USBD_LL_DevConnected
                0x000000000800732a        0x4 build/usbd_core.o
                0x000000000800732a                USBD_LL_DevConnected
 .text.USBD_LL_DevDisconnected
                0x000000000800732e       0x18 build/usbd_core.o
                0x000000000800732e                USBD_LL_DevDisconnected
 .text.USBD_GetLen
                0x0000000008007346       0x14 build/usbd_ctlreq.o
 .text.USBD_SetFeature
                0x000000000800735a       0x14 build/usbd_ctlreq.o
 .text.USBD_ParseSetupRequest
                0x000000000800736e       0x28 build/usbd_ctlreq.o
                0x000000000800736e                USBD_ParseSetupRequest
 .text.USBD_CtlError
                0x0000000008007396       0x14 build/usbd_ctlreq.o
                0x0000000008007396                USBD_CtlError
 .text.USBD_GetDescriptor
                0x00000000080073aa      0x19a build/usbd_ctlreq.o
 .text.USBD_SetAddress
                0x0000000008007544       0x50 build/usbd_ctlreq.o
 .text.USBD_SetConfig
                0x0000000008007594       0xc8 build/usbd_ctlreq.o
 .text.USBD_GetConfig
                0x000000000800765c       0x40 build/usbd_ctlreq.o
 .text.USBD_GetStatus
                0x000000000800769c       0x38 build/usbd_ctlreq.o
 .text.USBD_ClrFeature
                0x00000000080076d4       0x26 build/usbd_ctlreq.o
 .text.USBD_StdDevReq
                0x00000000080076fa       0x70 build/usbd_ctlreq.o
                0x00000000080076fa                USBD_StdDevReq
 .text.USBD_StdItfReq
                0x000000000800776a       0x68 build/usbd_ctlreq.o
                0x000000000800776a                USBD_StdItfReq
 .text.USBD_StdEPReq
                0x00000000080077d2      0x1f2 build/usbd_ctlreq.o
                0x00000000080077d2                USBD_StdEPReq
 .text.USBD_GetString
                0x00000000080079c4       0x3a build/usbd_ctlreq.o
                0x00000000080079c4                USBD_GetString
 .text.USBD_CtlSendData
                0x00000000080079fe       0x1a build/usbd_ioreq.o
                0x00000000080079fe                USBD_CtlSendData
 .text.USBD_CtlContinueSendData
                0x0000000008007a18       0x10 build/usbd_ioreq.o
                0x0000000008007a18                USBD_CtlContinueSendData
 .text.USBD_CtlPrepareRx
                0x0000000008007a28       0x1e build/usbd_ioreq.o
                0x0000000008007a28                USBD_CtlPrepareRx
 .text.USBD_CtlContinueRx
                0x0000000008007a46       0x10 build/usbd_ioreq.o
                0x0000000008007a46                USBD_CtlContinueRx
 .text.USBD_CtlSendStatus
                0x0000000008007a56       0x16 build/usbd_ioreq.o
                0x0000000008007a56                USBD_CtlSendStatus
 .text.USBD_CtlReceiveStatus
                0x0000000008007a6c       0x16 build/usbd_ioreq.o
                0x0000000008007a6c                USBD_CtlReceiveStatus
 *fill*         0x0000000008007a82        0x2 
 .text.MX_USB_DEVICE_Init
                0x0000000008007a84       0x58 build/usb_device.o
                0x0000000008007a84                MX_USB_DEVICE_Init
 .text.USBD_DeviceDescriptor
                0x0000000008007adc        0xc build/usbd_desc.o
                0x0000000008007adc                USBD_DeviceDescriptor
 .text.USBD_LangIDStrDescriptor
                0x0000000008007ae8        0xc build/usbd_desc.o
                0x0000000008007ae8                USBD_LangIDStrDescriptor
 .text.IntToUnicode
                0x0000000008007af4       0x46 build/usbd_desc.o
 *fill*         0x0000000008007b3a        0x2 
 .text.Get_SerialNum
                0x0000000008007b3c       0x38 build/usbd_desc.o
 .text.USBD_SerialStrDescriptor
                0x0000000008007b74       0x14 build/usbd_desc.o
                0x0000000008007b74                USBD_SerialStrDescriptor
 .text.USBD_ProductStrDescriptor
                0x0000000008007b88       0x24 build/usbd_desc.o
                0x0000000008007b88                USBD_ProductStrDescriptor
 .text.USBD_ManufacturerStrDescriptor
                0x0000000008007bac       0x1c build/usbd_desc.o
                0x0000000008007bac                USBD_ManufacturerStrDescriptor
 .text.USBD_ConfigStrDescriptor
                0x0000000008007bc8       0x24 build/usbd_desc.o
                0x0000000008007bc8                USBD_ConfigStrDescriptor
 .text.USBD_InterfaceStrDescriptor
                0x0000000008007bec       0x24 build/usbd_desc.o
                0x0000000008007bec                USBD_InterfaceStrDescriptor
 .text.HAL_PCDEx_SetTxFiFoInBytes
                0x0000000008007c10        0xa build/usbd_conf.o
                0x0000000008007c10                HAL_PCDEx_SetTxFiFoInBytes
 .text.HAL_PCDEx_SetRxFiFoInBytes
                0x0000000008007c1a        0xa build/usbd_conf.o
                0x0000000008007c1a                HAL_PCDEx_SetRxFiFoInBytes
 .text.HAL_PCD_SetupStageCallback
                0x0000000008007c24       0x10 build/usbd_conf.o
                0x0000000008007c24                HAL_PCD_SetupStageCallback
 .text.HAL_PCD_DataOutStageCallback
                0x0000000008007c34       0x18 build/usbd_conf.o
                0x0000000008007c34                HAL_PCD_DataOutStageCallback
 .text.HAL_PCD_DataInStageCallback
                0x0000000008007c4c       0x16 build/usbd_conf.o
                0x0000000008007c4c                HAL_PCD_DataInStageCallback
 .text.HAL_PCD_SOFCallback
                0x0000000008007c62        0xc build/usbd_conf.o
                0x0000000008007c62                HAL_PCD_SOFCallback
 .text.HAL_PCD_ResetCallback
                0x0000000008007c6e       0x2c build/usbd_conf.o
                0x0000000008007c6e                HAL_PCD_ResetCallback
 *fill*         0x0000000008007c9a        0x2 
 .text.HAL_PCD_SuspendCallback
                0x0000000008007c9c       0x30 build/usbd_conf.o
                0x0000000008007c9c                HAL_PCD_SuspendCallback
 .text.HAL_PCD_ResumeCallback
                0x0000000008007ccc        0xc build/usbd_conf.o
                0x0000000008007ccc                HAL_PCD_ResumeCallback
 .text.HAL_PCD_ISOOUTIncompleteCallback
                0x0000000008007cd8        0xc build/usbd_conf.o
                0x0000000008007cd8                HAL_PCD_ISOOUTIncompleteCallback
 .text.HAL_PCD_ISOINIncompleteCallback
                0x0000000008007ce4        0xc build/usbd_conf.o
                0x0000000008007ce4                HAL_PCD_ISOINIncompleteCallback
 .text.HAL_PCD_ConnectCallback
                0x0000000008007cf0        0xc build/usbd_conf.o
                0x0000000008007cf0                HAL_PCD_ConnectCallback
 .text.HAL_PCD_DisconnectCallback
                0x0000000008007cfc        0xc build/usbd_conf.o
                0x0000000008007cfc                HAL_PCD_DisconnectCallback
 .text.USBD_LL_Init
                0x0000000008007d08       0x84 build/usbd_conf.o
                0x0000000008007d08                USBD_LL_Init
 .text.USBD_LL_IsStallEP
                0x0000000008007d8c       0x2e build/usbd_conf.o
                0x0000000008007d8c                USBD_LL_IsStallEP
 .text.USBD_LL_GetRxDataSize
                0x0000000008007dba        0xc build/usbd_conf.o
                0x0000000008007dba                USBD_LL_GetRxDataSize
 .text.USBD_Get_USB_Status
                0x0000000008007dc6       0x14 build/usbd_conf.o
                0x0000000008007dc6                USBD_Get_USB_Status
 .text.USBD_LL_Start
                0x0000000008007dda       0x10 build/usbd_conf.o
                0x0000000008007dda                USBD_LL_Start
 .text.USBD_LL_OpenEP
                0x0000000008007dea       0x16 build/usbd_conf.o
                0x0000000008007dea                USBD_LL_OpenEP
 .text.USBD_LL_CloseEP
                0x0000000008007e00       0x10 build/usbd_conf.o
                0x0000000008007e00                USBD_LL_CloseEP
 .text.USBD_LL_StallEP
                0x0000000008007e10       0x10 build/usbd_conf.o
                0x0000000008007e10                USBD_LL_StallEP
 .text.USBD_LL_ClearStallEP
                0x0000000008007e20       0x10 build/usbd_conf.o
                0x0000000008007e20                USBD_LL_ClearStallEP
 .text.USBD_LL_SetUSBAddress
                0x0000000008007e30       0x10 build/usbd_conf.o
                0x0000000008007e30                USBD_LL_SetUSBAddress
 .text.USBD_LL_Transmit
                0x0000000008007e40       0x10 build/usbd_conf.o
                0x0000000008007e40                USBD_LL_Transmit
 .text.USBD_LL_PrepareReceive
                0x0000000008007e50       0x10 build/usbd_conf.o
                0x0000000008007e50                USBD_LL_PrepareReceive
 .text.USBD_CDC_EP0_RxReady
                0x0000000008007e60       0x4c build/usbd_cdc_acm.o
 .text.USBD_CDC_GetFSCfgDesc
                0x0000000008007eac        0xc build/usbd_cdc_acm.o
 .text.USBD_CDC_GetHSCfgDesc
                0x0000000008007eb8        0xc build/usbd_cdc_acm.o
 .text.USBD_CDC_GetOtherSpeedCfgDesc
                0x0000000008007ec4        0xc build/usbd_cdc_acm.o
 .text.USBD_CDC_GetDeviceQualifierDescriptor
                0x0000000008007ed0        0xc build/usbd_cdc_acm.o
 .text.USBD_CDC_DataOut
                0x0000000008007edc       0x50 build/usbd_cdc_acm.o
 .text.USBD_CDC_DataIn
                0x0000000008007f2c       0x98 build/usbd_cdc_acm.o
 .text.USBD_CDC_Setup
                0x0000000008007fc4      0x150 build/usbd_cdc_acm.o
 .text.USBD_CDC_DeInit
                0x0000000008008114       0x7c build/usbd_cdc_acm.o
 .text.USBD_CDC_Init
                0x0000000008008190      0x164 build/usbd_cdc_acm.o
 .text.USBD_CDC_ACM_RegisterInterface
                0x00000000080082f4        0xe build/usbd_cdc_acm.o
                0x00000000080082f4                USBD_CDC_ACM_RegisterInterface
 *fill*         0x0000000008008302        0x2 
 .text.USBD_CDC_SetTxBuffer
                0x0000000008008304       0x1c build/usbd_cdc_acm.o
                0x0000000008008304                USBD_CDC_SetTxBuffer
 .text.USBD_CDC_SetRxBuffer
                0x0000000008008320       0x18 build/usbd_cdc_acm.o
                0x0000000008008320                USBD_CDC_SetRxBuffer
 .text.USBD_CDC_TransmitPacket
                0x0000000008008338       0x50 build/usbd_cdc_acm.o
                0x0000000008008338                USBD_CDC_TransmitPacket
 .text.USBD_CDC_ReceivePacket
                0x0000000008008388       0x50 build/usbd_cdc_acm.o
                0x0000000008008388                USBD_CDC_ReceivePacket
 .text.USBD_Update_CDC_ACM_DESC
                0x00000000080083d8       0x98 build/usbd_cdc_acm.o
                0x00000000080083d8                USBD_Update_CDC_ACM_DESC
 .text.CDC_DeInit
                0x0000000008008470        0x4 build/usbd_cdc_acm_if.o
 .text.CDC_TransmitCplt
                0x0000000008008474       0x18 build/usbd_cdc_acm_if.o
 .text.CDC_Init
                0x000000000800848c       0x1c build/usbd_cdc_acm_if.o
 .text.CDC_Receive
                0x00000000080084a8       0x74 build/usbd_cdc_acm_if.o
 .text.CDC_Control
                0x000000000800851c       0x90 build/usbd_cdc_acm_if.o
 .text.CDC_Transmit
                0x00000000080085ac       0x44 build/usbd_cdc_acm_if.o
                0x00000000080085ac                CDC_Transmit
 .text.MX_DMA_Init
                0x00000000080085f0       0x44 build/dma.o
                0x00000000080085f0                MX_DMA_Init
 .text.Reset_Handler
                0x0000000008008634       0x50 build/startup_stm32f723xx.o
                0x0000000008008634                Reset_Handler
 .text.Default_Handler
                0x0000000008008684        0x2 build/startup_stm32f723xx.o
                0x0000000008008684                RTC_Alarm_IRQHandler
                0x0000000008008684                EXTI2_IRQHandler
                0x0000000008008684                UART8_IRQHandler
                0x0000000008008684                SPI4_IRQHandler
                0x0000000008008684                DMA2_Stream5_IRQHandler
                0x0000000008008684                DMA1_Stream5_IRQHandler
                0x0000000008008684                PVD_IRQHandler
                0x0000000008008684                TAMP_STAMP_IRQHandler
                0x0000000008008684                EXTI3_IRQHandler
                0x0000000008008684                TIM8_TRG_COM_TIM14_IRQHandler
                0x0000000008008684                TIM8_UP_TIM13_IRQHandler
                0x0000000008008684                I2C3_ER_IRQHandler
                0x0000000008008684                EXTI0_IRQHandler
                0x0000000008008684                I2C2_EV_IRQHandler
                0x0000000008008684                DMA1_Stream2_IRQHandler
                0x0000000008008684                CAN1_RX0_IRQHandler
                0x0000000008008684                FPU_IRQHandler
                0x0000000008008684                OTG_HS_WKUP_IRQHandler
                0x0000000008008684                DMA2_Stream2_IRQHandler
                0x0000000008008684                SPI1_IRQHandler
                0x0000000008008684                TIM1_BRK_TIM9_IRQHandler
                0x0000000008008684                DMA2_Stream3_IRQHandler
                0x0000000008008684                SAI2_IRQHandler
                0x0000000008008684                USART6_IRQHandler
                0x0000000008008684                USART3_IRQHandler
                0x0000000008008684                CAN1_RX1_IRQHandler
                0x0000000008008684                UART5_IRQHandler
                0x0000000008008684                DMA2_Stream0_IRQHandler
                0x0000000008008684                TIM4_IRQHandler
                0x0000000008008684                QUADSPI_IRQHandler
                0x0000000008008684                DMA1_Stream1_IRQHandler
                0x0000000008008684                UART4_IRQHandler
                0x0000000008008684                TIM3_IRQHandler
                0x0000000008008684                RCC_IRQHandler
                0x0000000008008684                TIM8_BRK_TIM12_IRQHandler
                0x0000000008008684                Default_Handler
                0x0000000008008684                EXTI15_10_IRQHandler
                0x0000000008008684                ADC_IRQHandler
                0x0000000008008684                DMA1_Stream7_IRQHandler
                0x0000000008008684                SPI5_IRQHandler
                0x0000000008008684                SDMMC1_IRQHandler
                0x0000000008008684                TIM5_IRQHandler
                0x0000000008008684                DMA2_Stream7_IRQHandler
                0x0000000008008684                I2C3_EV_IRQHandler
                0x0000000008008684                EXTI9_5_IRQHandler
                0x0000000008008684                RTC_WKUP_IRQHandler
                0x0000000008008684                SPI2_IRQHandler
                0x0000000008008684                OTG_HS_EP1_IN_IRQHandler
                0x0000000008008684                CAN1_TX_IRQHandler
                0x0000000008008684                EXTI4_IRQHandler
                0x0000000008008684                RNG_IRQHandler
                0x0000000008008684                OTG_HS_EP1_OUT_IRQHandler
                0x0000000008008684                WWDG_IRQHandler
                0x0000000008008684                TIM2_IRQHandler
                0x0000000008008684                OTG_FS_WKUP_IRQHandler
                0x0000000008008684                TIM1_TRG_COM_TIM11_IRQHandler
                0x0000000008008684                EXTI1_IRQHandler
                0x0000000008008684                SDMMC2_IRQHandler
                0x0000000008008684                UART7_IRQHandler
                0x0000000008008684                USART2_IRQHandler
                0x0000000008008684                I2C2_ER_IRQHandler
                0x0000000008008684                DMA2_Stream1_IRQHandler
                0x0000000008008684                CAN1_SCE_IRQHandler
                0x0000000008008684                FLASH_IRQHandler
                0x0000000008008684                DMA2_Stream4_IRQHandler
                0x0000000008008684                USART1_IRQHandler
                0x0000000008008684                OTG_FS_IRQHandler
                0x0000000008008684                SPI3_IRQHandler
                0x0000000008008684                DMA1_Stream4_IRQHandler
                0x0000000008008684                FMC_IRQHandler
                0x0000000008008684                LPTIM1_IRQHandler
                0x0000000008008684                DMA2_Stream6_IRQHandler
                0x0000000008008684                SAI1_IRQHandler
                0x0000000008008684                DMA1_Stream3_IRQHandler
 *fill*         0x0000000008008686        0x2 
 .text.__libc_init_array
                0x0000000008008688       0x48 /opt/gcc-arm-none-eabi-10.3-2021.10/bin/../lib/gcc/arm-none-eabi/10.3.1/../../../../arm-none-eabi/lib/thumb/v7e-m+fp/hard/libc_nano.a(lib_a-init.o)
                0x0000000008008688                __libc_init_array
 .text.malloc   0x00000000080086d0       0x10 /opt/gcc-arm-none-eabi-10.3-2021.10/bin/../lib/gcc/arm-none-eabi/10.3.1/../../../../arm-none-eabi/lib/thumb/v7e-m+fp/hard/libc_nano.a(lib_a-malloc.o)
                0x00000000080086d0                malloc
 .text.free     0x00000000080086e0       0x10 /opt/gcc-arm-none-eabi-10.3-2021.10/bin/../lib/gcc/arm-none-eabi/10.3.1/../../../../arm-none-eabi/lib/thumb/v7e-m+fp/hard/libc_nano.a(lib_a-malloc.o)
                0x00000000080086e0                free
 .text.memcmp   0x00000000080086f0       0x20 /opt/gcc-arm-none-eabi-10.3-2021.10/bin/../lib/gcc/arm-none-eabi/10.3.1/../../../../arm-none-eabi/lib/thumb/v7e-m+fp/hard/libc_nano.a(lib_a-memcmp.o)
                0x00000000080086f0                memcmp
 .text.memcpy   0x0000000008008710       0x1c /opt/gcc-arm-none-eabi-10.3-2021.10/bin/../lib/gcc/arm-none-eabi/10.3.1/../../../../arm-none-eabi/lib/thumb/v7e-m+fp/hard/libc_nano.a(lib_a-memcpy-stub.o)
                0x0000000008008710                memcpy
 .text.memset   0x000000000800872c       0x10 /opt/gcc-arm-none-eabi-10.3-2021.10/bin/../lib/gcc/arm-none-eabi/10.3.1/../../../../arm-none-eabi/lib/thumb/v7e-m+fp/hard/libc_nano.a(lib_a-memset.o)
                0x000000000800872c                memset
 .text._free_r  0x000000000800873c       0x98 /opt/gcc-arm-none-eabi-10.3-2021.10/bin/../lib/gcc/arm-none-eabi/10.3.1/../../../../arm-none-eabi/lib/thumb/v7e-m+fp/hard/libc_nano.a(lib_a-nano-freer.o)
                0x000000000800873c                _free_r
 .text.sbrk_aligned
                0x00000000080087d4       0x40 /opt/gcc-arm-none-eabi-10.3-2021.10/bin/../lib/gcc/arm-none-eabi/10.3.1/../../../../arm-none-eabi/lib/thumb/v7e-m+fp/hard/libc_nano.a(lib_a-nano-mallocr.o)
 .text._malloc_r
                0x0000000008008814       0xe8 /opt/gcc-arm-none-eabi-10.3-2021.10/bin/../lib/gcc/arm-none-eabi/10.3.1/../../../../arm-none-eabi/lib/thumb/v7e-m+fp/hard/libc_nano.a(lib_a-nano-mallocr.o)
                0x0000000008008814                _malloc_r
 .text.realloc  0x00000000080088fc       0x10 /opt/gcc-arm-none-eabi-10.3-2021.10/bin/../lib/gcc/arm-none-eabi/10.3.1/../../../../arm-none-eabi/lib/thumb/v7e-m+fp/hard/libc_nano.a(lib_a-realloc.o)
                0x00000000080088fc                realloc
 .text._sbrk_r  0x000000000800890c       0x20 /opt/gcc-arm-none-eabi-10.3-2021.10/bin/../lib/gcc/arm-none-eabi/10.3.1/../../../../arm-none-eabi/lib/thumb/v7e-m+fp/hard/libc_nano.a(lib_a-sbrkr.o)
                0x000000000800890c                _sbrk_r
 .text.snprintf
                0x000000000800892c       0x68 /opt/gcc-arm-none-eabi-10.3-2021.10/bin/../lib/gcc/arm-none-eabi/10.3.1/../../../../arm-none-eabi/lib/thumb/v7e-m+fp/hard/libc_nano.a(lib_a-snprintf.o)
                0x000000000800892c                snprintf
                0x000000000800892c                sniprintf
 .text.__malloc_lock
                0x0000000008008994        0xc /opt/gcc-arm-none-eabi-10.3-2021.10/bin/../lib/gcc/arm-none-eabi/10.3.1/../../../../arm-none-eabi/lib/thumb/v7e-m+fp/hard/libc_nano.a(lib_a-mlock.o)
                0x0000000008008994                __malloc_lock
 .text.__malloc_unlock
                0x00000000080089a0        0xc /opt/gcc-arm-none-eabi-10.3-2021.10/bin/../lib/gcc/arm-none-eabi/10.3.1/../../../../arm-none-eabi/lib/thumb/v7e-m+fp/hard/libc_nano.a(lib_a-mlock.o)
                0x00000000080089a0                __malloc_unlock
 .text._realloc_r
                0x00000000080089ac       0x5e /opt/gcc-arm-none-eabi-10.3-2021.10/bin/../lib/gcc/arm-none-eabi/10.3.1/../../../../arm-none-eabi/lib/thumb/v7e-m+fp/hard/libc_nano.a(lib_a-nano-reallocr.o)
                0x00000000080089ac                _realloc_r
 .text.__ssputs_r
                0x0000000008008a0a       0xb6 /opt/gcc-arm-none-eabi-10.3-2021.10/bin/../lib/gcc/arm-none-eabi/10.3.1/../../../../arm-none-eabi/lib/thumb/v7e-m+fp/hard/libc_nano.a(lib_a-nano-svfprintf.o)
                0x0000000008008a0a                __ssputs_r
 .text._svfprintf_r
                0x0000000008008ac0      0x200 /opt/gcc-arm-none-eabi-10.3-2021.10/bin/../lib/gcc/arm-none-eabi/10.3.1/../../../../arm-none-eabi/lib/thumb/v7e-m+fp/hard/libc_nano.a(lib_a-nano-svfprintf.o)
                0x0000000008008ac0                _svfprintf_r
                0x0000000008008ac0                _svfiprintf_r
 .text._printf_common
                0x0000000008008cc0       0xda /opt/gcc-arm-none-eabi-10.3-2021.10/bin/../lib/gcc/arm-none-eabi/10.3.1/../../../../arm-none-eabi/lib/thumb/v7e-m+fp/hard/libc_nano.a(lib_a-nano-vfprintf_i.o)
                0x0000000008008cc0                _printf_common
 *fill*         0x0000000008008d9a        0x2 
 .text._printf_i
                0x0000000008008d9c      0x24c /opt/gcc-arm-none-eabi-10.3-2021.10/bin/../lib/gcc/arm-none-eabi/10.3.1/../../../../arm-none-eabi/lib/thumb/v7e-m+fp/hard/libc_nano.a(lib_a-nano-vfprintf_i.o)
                0x0000000008008d9c                _printf_i
 .text.__retarget_lock_acquire_recursive
                0x0000000008008fe8        0x2 /opt/gcc-arm-none-eabi-10.3-2021.10/bin/../lib/gcc/arm-none-eabi/10.3.1/../../../../arm-none-eabi/lib/thumb/v7e-m+fp/hard/libc_nano.a(lib_a-lock.o)
                0x0000000008008fe8                __retarget_lock_acquire_recursive
 .text.__retarget_lock_release_recursive
                0x0000000008008fea        0x2 /opt/gcc-arm-none-eabi-10.3-2021.10/bin/../lib/gcc/arm-none-eabi/10.3.1/../../../../arm-none-eabi/lib/thumb/v7e-m+fp/hard/libc_nano.a(lib_a-lock.o)
                0x0000000008008fea                __retarget_lock_release_recursive
 .text.memmove  0x0000000008008fec       0x34 /opt/gcc-arm-none-eabi-10.3-2021.10/bin/../lib/gcc/arm-none-eabi/10.3.1/../../../../arm-none-eabi/lib/thumb/v7e-m+fp/hard/libc_nano.a(lib_a-memmove.o)
                0x0000000008008fec                memmove
 .text._malloc_usable_size_r
                0x0000000008009020       0x10 /opt/gcc-arm-none-eabi-10.3-2021.10/bin/../lib/gcc/arm-none-eabi/10.3.1/../../../../arm-none-eabi/lib/thumb/v7e-m+fp/hard/libc_nano.a(lib_a-nano-msizer.o)
                0x0000000008009020                _malloc_usable_size_r
 .text.floor    0x0000000008009030      0x108 /opt/gcc-arm-none-eabi-10.3-2021.10/bin/../lib/gcc/arm-none-eabi/10.3.1/../../../../arm-none-eabi/lib/thumb/v7e-m+fp/hard/libm.a(lib_a-s_floor.o)
                0x0000000008009030                floor
 .text.cosf     0x0000000008009138       0x70 /opt/gcc-arm-none-eabi-10.3-2021.10/bin/../lib/gcc/arm-none-eabi/10.3.1/../../../../arm-none-eabi/lib/thumb/v7e-m+fp/hard/libm.a(lib_a-sf_cos.o)
                0x0000000008009138                cosf
 .text.pow      0x00000000080091a8       0xf0 /opt/gcc-arm-none-eabi-10.3-2021.10/bin/../lib/gcc/arm-none-eabi/10.3.1/../../../../arm-none-eabi/lib/thumb/v7e-m+fp/hard/libm.a(lib_a-w_pow.o)
                0x00000000080091a8                pow
 .text.__ieee754_pow
                0x0000000008009298      0xb74 /opt/gcc-arm-none-eabi-10.3-2021.10/bin/../lib/gcc/arm-none-eabi/10.3.1/../../../../arm-none-eabi/lib/thumb/v7e-m+fp/hard/libm.a(lib_a-e_pow.o)
                0x0000000008009298                __ieee754_pow
 .text.__ieee754_sqrt
                0x0000000008009e0c      0x198 /opt/gcc-arm-none-eabi-10.3-2021.10/bin/../lib/gcc/arm-none-eabi/10.3.1/../../../../arm-none-eabi/lib/thumb/v7e-m+fp/hard/libm.a(lib_a-e_sqrt.o)
                0x0000000008009e0c                __ieee754_sqrt
 .text.__ieee754_rem_pio2f
                0x0000000008009fa4      0x264 /opt/gcc-arm-none-eabi-10.3-2021.10/bin/../lib/gcc/arm-none-eabi/10.3.1/../../../../arm-none-eabi/lib/thumb/v7e-m+fp/hard/libm.a(lib_a-ef_rem_pio2.o)
                0x0000000008009fa4                __ieee754_rem_pio2f
 .text.__kernel_cosf
                0x000000000800a208      0x104 /opt/gcc-arm-none-eabi-10.3-2021.10/bin/../lib/gcc/arm-none-eabi/10.3.1/../../../../arm-none-eabi/lib/thumb/v7e-m+fp/hard/libm.a(lib_a-kf_cos.o)
                0x000000000800a208                __kernel_cosf
 .text.__kernel_rem_pio2f
                0x000000000800a30c      0x674 /opt/gcc-arm-none-eabi-10.3-2021.10/bin/../lib/gcc/arm-none-eabi/10.3.1/../../../../arm-none-eabi/lib/thumb/v7e-m+fp/hard/libm.a(lib_a-kf_rem_pio2.o)
                0x000000000800a30c                __kernel_rem_pio2f
 .text.__kernel_sinf
                0x000000000800a980       0x90 /opt/gcc-arm-none-eabi-10.3-2021.10/bin/../lib/gcc/arm-none-eabi/10.3.1/../../../../arm-none-eabi/lib/thumb/v7e-m+fp/hard/libm.a(lib_a-kf_sin.o)
                0x000000000800a980                __kernel_sinf
 .text.with_errno
                0x000000000800aa10       0x18 /opt/gcc-arm-none-eabi-10.3-2021.10/bin/../lib/gcc/arm-none-eabi/10.3.1/../../../../arm-none-eabi/lib/thumb/v7e-m+fp/hard/libm.a(lib_a-math_err.o)
 .text.xflow    0x000000000800aa28       0x2c /opt/gcc-arm-none-eabi-10.3-2021.10/bin/../lib/gcc/arm-none-eabi/10.3.1/../../../../arm-none-eabi/lib/thumb/v7e-m+fp/hard/libm.a(lib_a-math_err.o)
 .text.__math_uflow
                0x000000000800aa54       0x14 /opt/gcc-arm-none-eabi-10.3-2021.10/bin/../lib/gcc/arm-none-eabi/10.3.1/../../../../arm-none-eabi/lib/thumb/v7e-m+fp/hard/libm.a(lib_a-math_err.o)
                0x000000000800aa54                __math_uflow
 .text.__math_oflow
                0x000000000800aa68       0x14 /opt/gcc-arm-none-eabi-10.3-2021.10/bin/../lib/gcc/arm-none-eabi/10.3.1/../../../../arm-none-eabi/lib/thumb/v7e-m+fp/hard/libm.a(lib_a-math_err.o)
                0x000000000800aa68                __math_oflow
 .text.fabs     0x000000000800aa7c       0x14 /opt/gcc-arm-none-eabi-10.3-2021.10/bin/../lib/gcc/arm-none-eabi/10.3.1/../../../../arm-none-eabi/lib/thumb/v7e-m+fp/hard/libm.a(lib_a-s_fabs.o)
                0x000000000800aa7c                fabs
 .text.finite   0x000000000800aa90       0x18 /opt/gcc-arm-none-eabi-10.3-2021.10/bin/../lib/gcc/arm-none-eabi/10.3.1/../../../../arm-none-eabi/lib/thumb/v7e-m+fp/hard/libm.a(lib_a-s_finite.o)
                0x000000000800aa90                finite
 .text.scalbn   0x000000000800aaa8      0x124 /opt/gcc-arm-none-eabi-10.3-2021.10/bin/../lib/gcc/arm-none-eabi/10.3.1/../../../../arm-none-eabi/lib/thumb/v7e-m+fp/hard/libm.a(lib_a-s_scalbn.o)
                0x000000000800aaa8                scalbn
 .text.fabsf    0x000000000800abcc       0x10 /opt/gcc-arm-none-eabi-10.3-2021.10/bin/../lib/gcc/arm-none-eabi/10.3.1/../../../../arm-none-eabi/lib/thumb/v7e-m+fp/hard/libm.a(lib_a-sf_fabs.o)
                0x000000000800abcc                fabsf
 .text.floorf   0x000000000800abdc       0x8c /opt/gcc-arm-none-eabi-10.3-2021.10/bin/../lib/gcc/arm-none-eabi/10.3.1/../../../../arm-none-eabi/lib/thumb/v7e-m+fp/hard/libm.a(lib_a-sf_floor.o)
                0x000000000800abdc                floorf
 .text.scalbnf  0x000000000800ac68       0xe4 /opt/gcc-arm-none-eabi-10.3-2021.10/bin/../lib/gcc/arm-none-eabi/10.3.1/../../../../arm-none-eabi/lib/thumb/v7e-m+fp/hard/libm.a(lib_a-sf_scalbn.o)
                0x000000000800ac68                scalbnf
 .text._sbrk    0x000000000800ad4c       0x1c /opt/gcc-arm-none-eabi-10.3-2021.10/bin/../lib/gcc/arm-none-eabi/10.3.1/../../../../arm-none-eabi/lib/thumb/v7e-m+fp/hard/libnosys.a(sbrk.o)
                0x000000000800ad4c                _sbrk
 .text.__errno  0x000000000800ad68        0xc /opt/gcc-arm-none-eabi-10.3-2021.10/bin/../lib/gcc/arm-none-eabi/10.3.1/../../../../arm-none-eabi/lib/thumb/v7e-m+fp/hard/libc_nano.a(lib_a-errno.o)
                0x000000000800ad68                __errno
 *(.glue_7)
 .glue_7        0x000000000800ad74        0x0 linker stubs
 *(.glue_7t)
 .glue_7t       0x000000000800ad74        0x0 linker stubs
 *(.eh_frame)
 .eh_frame      0x000000000800ad74        0x0 /opt/gcc-arm-none-eabi-10.3-2021.10/bin/../lib/gcc/arm-none-eabi/10.3.1/thumb/v7e-m+fp/hard/crtbegin.o
 *(.init)
 .init          0x000000000800ad74        0x4 /opt/gcc-arm-none-eabi-10.3-2021.10/bin/../lib/gcc/arm-none-eabi/10.3.1/thumb/v7e-m+fp/hard/crti.o
                0x000000000800ad74                _init
 .init          0x000000000800ad78        0x8 /opt/gcc-arm-none-eabi-10.3-2021.10/bin/../lib/gcc/arm-none-eabi/10.3.1/thumb/v7e-m+fp/hard/crtn.o
 *(.fini)
 .fini          0x000000000800ad80        0x4 /opt/gcc-arm-none-eabi-10.3-2021.10/bin/../lib/gcc/arm-none-eabi/10.3.1/thumb/v7e-m+fp/hard/crti.o
                0x000000000800ad80                _fini
 .fini          0x000000000800ad84        0x8 /opt/gcc-arm-none-eabi-10.3-2021.10/bin/../lib/gcc/arm-none-eabi/10.3.1/thumb/v7e-m+fp/hard/crtn.o
                0x000000000800ad8c                . = ALIGN (0x4)
                0x000000000800ad8c                _etext = .

.vfp11_veneer   0x000000000800ad8c        0x0
 .vfp11_veneer  0x000000000800ad8c        0x0 linker stubs

.v4_bx          0x000000000800ad8c        0x0
 .v4_bx         0x000000000800ad8c        0x0 linker stubs

.iplt           0x000000000800ad8c        0x0
 .iplt          0x000000000800ad8c        0x0 /opt/gcc-arm-none-eabi-10.3-2021.10/bin/../lib/gcc/arm-none-eabi/10.3.1/thumb/v7e-m+fp/hard/crtbegin.o

.rodata         0x000000000800ad90      0x4d4
                0x000000000800ad90                . = ALIGN (0x4)
 *(.rodata)
 *(.rodata*)
 .rodata.main.str1.4
                0x000000000800ad90       0x1c build/main.o
 .rodata.flagBitshiftOffset.0
                0x000000000800adac        0x8 build/stm32f7xx_hal_dma.o
 .rodata.AHBPrescTable
                0x000000000800adb4       0x10 build/system_stm32f7xx.o
                0x000000000800adb4                AHBPrescTable
 *fill*         0x000000000800adc4        0x4 
 .rodata.SYSTEM_STATUS_DEGREE_INCREMENT
                0x000000000800adc8        0x8 build/nyan_leds.o
                0x000000000800adc8                SYSTEM_STATUS_DEGREE_INCREMENT
 .rodata.NyanAddInputBuffer.str1.4
                0x000000000800add0        0x4 build/nyan_os.o
 .rodata.str1.4
                0x000000000800add4        0xe build/nyan_os.o
 *fill*         0x000000000800ade2        0x2 
 .rodata.nyan_commands
                0x000000000800ade4        0x8 build/nyan_os.o
 .rodata.USBD_COMPOSITE_GetUsrStringDesc.str1.4
                0x000000000800adec       0x23 build/usbd_composite.o
 *fill*         0x000000000800ae0f        0x1 
 .rodata.USBD_ProductStrDescriptor.str1.4
                0x000000000800ae10       0x17 build/usbd_desc.o
 *fill*         0x000000000800ae27        0x1 
 .rodata.USBD_ManufacturerStrDescriptor.str1.4
                0x000000000800ae28       0x13 build/usbd_desc.o
 *fill*         0x000000000800ae3b        0x1 
 .rodata.USBD_ConfigStrDescriptor.str1.4
                0x000000000800ae3c       0x10 build/usbd_desc.o
 .rodata.USBD_InterfaceStrDescriptor.str1.4
                0x000000000800ae4c       0x14 build/usbd_desc.o
 .rodata._svfprintf_r.str1.1
                0x000000000800ae60       0x11 /opt/gcc-arm-none-eabi-10.3-2021.10/bin/../lib/gcc/arm-none-eabi/10.3.1/../../../../arm-none-eabi/lib/thumb/v7e-m+fp/hard/libc_nano.a(lib_a-nano-svfprintf.o)
 .rodata._printf_i.str1.1
                0x000000000800ae71       0x22 /opt/gcc-arm-none-eabi-10.3-2021.10/bin/../lib/gcc/arm-none-eabi/10.3.1/../../../../arm-none-eabi/lib/thumb/v7e-m+fp/hard/libc_nano.a(lib_a-nano-vfprintf_i.o)
 *fill*         0x000000000800ae93        0x1 
 .rodata.npio2_hw
                0x000000000800ae94       0x80 /opt/gcc-arm-none-eabi-10.3-2021.10/bin/../lib/gcc/arm-none-eabi/10.3.1/../../../../arm-none-eabi/lib/thumb/v7e-m+fp/hard/libm.a(lib_a-ef_rem_pio2.o)
 .rodata.two_over_pi
                0x000000000800af14      0x318 /opt/gcc-arm-none-eabi-10.3-2021.10/bin/../lib/gcc/arm-none-eabi/10.3.1/../../../../arm-none-eabi/lib/thumb/v7e-m+fp/hard/libm.a(lib_a-ef_rem_pio2.o)
 .rodata.PIo2   0x000000000800b22c       0x2c /opt/gcc-arm-none-eabi-10.3-2021.10/bin/../lib/gcc/arm-none-eabi/10.3.1/../../../../arm-none-eabi/lib/thumb/v7e-m+fp/hard/libm.a(lib_a-kf_rem_pio2.o)
 .rodata.init_jk
                0x000000000800b258        0xc /opt/gcc-arm-none-eabi-10.3-2021.10/bin/../lib/gcc/arm-none-eabi/10.3.1/../../../../arm-none-eabi/lib/thumb/v7e-m+fp/hard/libm.a(lib_a-kf_rem_pio2.o)
                0x000000000800b264                . = ALIGN (0x4)

.ARM.extab
 *(.ARM.extab* .gnu.linkonce.armextab.*)

.ARM            0x000000000800b264        0x8
                0x000000000800b264                __exidx_start = .
 *(.ARM.exidx*)
 .ARM.exidx     0x000000000800b264        0x8 /opt/gcc-arm-none-eabi-10.3-2021.10/bin/../lib/gcc/arm-none-eabi/10.3.1/thumb/v7e-m+fp/hard/libgcc.a(_udivmoddi4.o)
                0x000000000800b26c                __exidx_end = .

.rel.dyn        0x000000000800b26c        0x0
 .rel.iplt      0x000000000800b26c        0x0 /opt/gcc-arm-none-eabi-10.3-2021.10/bin/../lib/gcc/arm-none-eabi/10.3.1/thumb/v7e-m+fp/hard/crtbegin.o

.preinit_array  0x000000000800b26c        0x0
                0x000000000800b26c                PROVIDE (__preinit_array_start = .)
 *(.preinit_array*)
                0x000000000800b26c                PROVIDE (__preinit_array_end = .)

.init_array     0x000000000800b26c        0x4
                0x000000000800b26c                PROVIDE (__init_array_start = .)
 *(SORT_BY_NAME(.init_array.*))
 *(.init_array*)
 .init_array    0x000000000800b26c        0x4 /opt/gcc-arm-none-eabi-10.3-2021.10/bin/../lib/gcc/arm-none-eabi/10.3.1/thumb/v7e-m+fp/hard/crtbegin.o
                0x000000000800b270                PROVIDE (__init_array_end = .)

.fini_array     0x000000000800b270        0x4
                [!provide]                        PROVIDE (__fini_array_start = .)
 *(SORT_BY_NAME(.fini_array.*))
 *(.fini_array*)
 .fini_array    0x000000000800b270        0x4 /opt/gcc-arm-none-eabi-10.3-2021.10/bin/../lib/gcc/arm-none-eabi/10.3.1/thumb/v7e-m+fp/hard/crtbegin.o
                [!provide]                        PROVIDE (__fini_array_end = .)
                0x000000000800b274                _sidata = LOADADDR (.data)

.data           0x0000000020000000      0x408 load address 0x000000000800b274
                0x0000000020000000                . = ALIGN (0x4)
                0x0000000020000000                _sdata = .
 *(.data)
 *(.data*)
 .data.uwTickFreq
                0x0000000020000000        0x1 build/stm32f7xx_hal.o
                0x0000000020000000                uwTickFreq
 *fill*         0x0000000020000001        0x3 
 .data.uwTickPrio
                0x0000000020000004        0x4 build/stm32f7xx_hal.o
                0x0000000020000004                uwTickPrio
 .data.SystemCoreClock
                0x0000000020000008        0x4 build/system_stm32f7xx.o
                0x0000000020000008                SystemCoreClock
 .data.nyan_keys_unknown_command
                0x000000002000000c       0x20 build/nyan_os.o
 .data.nyan_keys_getinfo
                0x000000002000002c       0x38 build/nyan_os.o
 .data.nyan_keys_path_text
                0x0000000020000064        0xf build/nyan_os.o
 *fill*         0x0000000020000073        0x1 
 .data.nyan_keys_newline
                0x0000000020000074        0x3 build/nyan_os.o
 *fill*         0x0000000020000077        0x1 
 .data.nyan_keys_welcome_text
                0x0000000020000078       0x42 build/nyan_os.o
 *fill*         0x00000000200000ba        0x2 
 .data.USBD_COMPOSITE_DeviceQualifierDesc
                0x00000000200000bc        0xa build/usbd_composite.o
 .data.USBD_Track_String_Index
                0x00000000200000c6        0x1 build/usbd_composite.o
                0x00000000200000c6                USBD_Track_String_Index
 *fill*         0x00000000200000c7        0x1 
 .data.USBD_COMPOSITE
                0x00000000200000c8       0x3c build/usbd_composite.o
                0x00000000200000c8                USBD_COMPOSITE
 .data.HID_KEYBOARD_ReportDesc
                0x0000000020000104       0xbb build/usbd_hid_keyboard.o
 *fill*         0x00000000200001bf        0x1 
 .data.USBD_HID_DeviceQualifierDesc
                0x00000000200001c0        0xa build/usbd_hid_keyboard.o
 *fill*         0x00000000200001ca        0x2 
 .data.USBD_HID_KEYBOARD_Desc
                0x00000000200001cc        0x9 build/usbd_hid_keyboard.o
 *fill*         0x00000000200001d5        0x3 
 .data.USBD_HID_KEYBOARD_CfgHSDesc
                0x00000000200001d8       0x22 build/usbd_hid_keyboard.o
 *fill*         0x00000000200001fa        0x2 
 .data.USBD_HID_KEYBOARD_CfgFSDesc
                0x00000000200001fc       0x22 build/usbd_hid_keyboard.o
 *fill*         0x000000002000021e        0x2 
 .data.USBD_HID_KEYBOARD
                0x0000000020000220       0x3c build/usbd_hid_keyboard.o
                0x0000000020000220                USBD_HID_KEYBOARD
 .data.HID_KEYBOARD_IN_EP
                0x000000002000025c        0x1 build/usbd_hid_keyboard.o
                0x000000002000025c                HID_KEYBOARD_IN_EP
 *fill*         0x000000002000025d        0x3 
 .data.USBD_StringSerial
                0x0000000020000260       0x1a build/usbd_desc.o
                0x0000000020000260                USBD_StringSerial
 *fill*         0x000000002000027a        0x2 
 .data.USBD_LangIDDesc
                0x000000002000027c        0x4 build/usbd_desc.o
                0x000000002000027c                USBD_LangIDDesc
 .data.USBD_DeviceDesc
                0x0000000020000280       0x12 build/usbd_desc.o
                0x0000000020000280                USBD_DeviceDesc
 *fill*         0x0000000020000292        0x2 
 .data.USBD_Desc
                0x0000000020000294       0x1c build/usbd_desc.o
                0x0000000020000294                USBD_Desc
 .data.USBD_CDC_CfgFSDesc
                0x00000000200002b0       0x4b build/usbd_cdc_acm.o
 *fill*         0x00000000200002fb        0x1 
 .data.USBD_CDC_CfgHSDesc
                0x00000000200002fc       0x4b build/usbd_cdc_acm.o
 *fill*         0x0000000020000347        0x1 
 .data.USBD_CDC_ACM
                0x0000000020000348       0x3c build/usbd_cdc_acm.o
                0x0000000020000348                USBD_CDC_ACM
 .data.USBD_CDC_DeviceQualifierDesc
                0x0000000020000384        0xa build/usbd_cdc_acm.o
 *fill*         0x000000002000038e        0x2 
 .data.USBD_CDC_ACM_fops
                0x0000000020000390       0x14 build/usbd_cdc_acm_if.o
                0x0000000020000390                USBD_CDC_ACM_fops
 .data._impure_ptr
                0x00000000200003a4        0x4 /opt/gcc-arm-none-eabi-10.3-2021.10/bin/../lib/gcc/arm-none-eabi/10.3.1/../../../../arm-none-eabi/lib/thumb/v7e-m+fp/hard/libc_nano.a(lib_a-impure.o)
                0x00000000200003a4                _impure_ptr
 .data.impure_data
                0x00000000200003a8       0x60 /opt/gcc-arm-none-eabi-10.3-2021.10/bin/../lib/gcc/arm-none-eabi/10.3.1/../../../../arm-none-eabi/lib/thumb/v7e-m+fp/hard/libc_nano.a(lib_a-impure.o)
                0x0000000020000408                . = ALIGN (0x4)
                0x0000000020000408                _edata = .

.igot.plt       0x0000000020000408        0x0 load address 0x000000000800b67c
 .igot.plt      0x0000000020000408        0x0 /opt/gcc-arm-none-eabi-10.3-2021.10/bin/../lib/gcc/arm-none-eabi/10.3.1/thumb/v7e-m+fp/hard/crtbegin.o
                0x0000000020000408                . = ALIGN (0x4)

.bss            0x0000000020000408     0x16e0 load address 0x000000000800b67c
                0x0000000020000408                _sbss = .
                0x0000000020000408                __bss_start__ = _sbss
 *(.bss)
 .bss           0x0000000020000408       0x1c /opt/gcc-arm-none-eabi-10.3-2021.10/bin/../lib/gcc/arm-none-eabi/10.3.1/thumb/v7e-m+fp/hard/crtbegin.o
 *(.bss*)
 .bss.nos       0x0000000020000424       0x98 build/main.o
                0x0000000020000424                nos
 .bss.nos_eeprom
                0x00000000200004bc      0x488 build/main.o
                0x00000000200004bc                nos_eeprom
 *fill*         0x0000000020000944        0x4 
 .bss.system_status_led_angle
                0x0000000020000948        0x8 build/main.o
                0x0000000020000948                system_status_led_angle
 .bss.hdma_i2c1_tx
                0x0000000020000950       0x60 build/i2c.o
                0x0000000020000950                hdma_i2c1_tx
 .bss.hdma_i2c1_rx
                0x00000000200009b0       0x60 build/i2c.o
                0x00000000200009b0                hdma_i2c1_rx
 .bss.hi2c1     0x0000000020000a10       0x54 build/i2c.o
                0x0000000020000a10                hi2c1
 .bss.hrng      0x0000000020000a64       0x10 build/rng.o
                0x0000000020000a64                hrng
 .bss.hspi4     0x0000000020000a74       0x64 build/spi.o
                0x0000000020000a74                hspi4
 .bss.hspi2     0x0000000020000ad8       0x64 build/spi.o
                0x0000000020000ad8                hspi2
 .bss.hspi1     0x0000000020000b3c       0x64 build/spi.o
                0x0000000020000b3c                hspi1
 .bss.uwTick    0x0000000020000ba0        0x4 build/stm32f7xx_hal.o
                0x0000000020000ba0                uwTick
 .bss.htim8     0x0000000020000ba4       0x4c build/tim.o
                0x0000000020000ba4                htim8
 .bss.htim7     0x0000000020000bf0       0x4c build/tim.o
                0x0000000020000bf0                htim7
 .bss.htim6     0x0000000020000c3c       0x4c build/tim.o
                0x0000000020000c3c                htim6
 .bss.htim1     0x0000000020000c88       0x4c build/tim.o
                0x0000000020000c88                htim1
 .bss.hpcd_USB_OTG_HS
                0x0000000020000cd4      0x508 build/usb_otg.o
                0x0000000020000cd4                hpcd_USB_OTG_HS
 .bss.USBD_StrDesc.0
                0x00000000200011dc       0x40 build/usbd_composite.o
 .bss.USBD_COMPOSITE_HSCfgDesc
                0x000000002000121c       0x64 build/usbd_composite.o
                0x000000002000121c                USBD_COMPOSITE_HSCfgDesc
 .bss.USBD_COMPOSITE_FSCfgDesc
                0x0000000020001280       0x64 build/usbd_composite.o
                0x0000000020001280                USBD_COMPOSITE_FSCfgDesc
 .bss.USBD_HID_KBD_Instace
                0x00000000200012e4       0x10 build/usbd_hid_keyboard.o
 .bss.HID_KEYBOARD_STR_DESC_IDX
                0x00000000200012f4        0x1 build/usbd_hid_keyboard.o
                0x00000000200012f4                HID_KEYBOARD_STR_DESC_IDX
 .bss.HID_KEYBOARD_ITF_NBR
                0x00000000200012f5        0x1 build/usbd_hid_keyboard.o
                0x00000000200012f5                HID_KEYBOARD_ITF_NBR
 .bss.cfgidx.0  0x00000000200012f6        0x1 build/usbd_ctlreq.o
 *fill*         0x00000000200012f7        0x1 
 .bss.hUsbDevice
                0x00000000200012f8      0x31c build/usb_device.o
                0x00000000200012f8                hUsbDevice
 .bss.USBD_StrDesc
                0x0000000020001614      0x200 build/usbd_desc.o
                0x0000000020001614                USBD_StrDesc
 .bss.hpcd_USB_OTG_PTR
                0x0000000020001814        0x4 build/usbd_conf.o
                0x0000000020001814                hpcd_USB_OTG_PTR
 .bss.CDC_ACM_Class_Data
                0x0000000020001818      0x21c build/usbd_cdc_acm.o
                0x0000000020001818                CDC_ACM_Class_Data
 .bss.CDC_STR_DESC_IDX
                0x0000000020001a34        0x1 build/usbd_cdc_acm.o
                0x0000000020001a34                CDC_STR_DESC_IDX
 *fill*         0x0000000020001a35        0x3 
 .bss.CDC_COM_ITF_NBR
                0x0000000020001a38        0x1 build/usbd_cdc_acm.o
                0x0000000020001a38                CDC_COM_ITF_NBR
 *fill*         0x0000000020001a39        0x3 
 .bss.CDC_CMD_ITF_NBR
                0x0000000020001a3c        0x1 build/usbd_cdc_acm.o
                0x0000000020001a3c                CDC_CMD_ITF_NBR
 *fill*         0x0000000020001a3d        0x3 
 .bss.CDC_CMD_EP
                0x0000000020001a40        0x1 build/usbd_cdc_acm.o
                0x0000000020001a40                CDC_CMD_EP
 *fill*         0x0000000020001a41        0x3 
 .bss.CDC_OUT_EP
                0x0000000020001a44        0x1 build/usbd_cdc_acm.o
                0x0000000020001a44                CDC_OUT_EP
 *fill*         0x0000000020001a45        0x3 
 .bss.CDC_IN_EP
                0x0000000020001a48        0x1 build/usbd_cdc_acm.o
                0x0000000020001a48                CDC_IN_EP
 *fill*         0x0000000020001a49        0x3 
 .bss.Line_Coding
                0x0000000020001a4c        0x8 build/usbd_cdc_acm_if.o
                0x0000000020001a4c                Line_Coding
 .bss.RX_Buffer
                0x0000000020001a54       0x80 build/usbd_cdc_acm_if.o
                0x0000000020001a54                RX_Buffer
 .bss.__malloc_free_list
                0x0000000020001ad4        0x4 /opt/gcc-arm-none-eabi-10.3-2021.10/bin/../lib/gcc/arm-none-eabi/10.3.1/../../../../arm-none-eabi/lib/thumb/v7e-m+fp/hard/libc_nano.a(lib_a-nano-mallocr.o)
                0x0000000020001ad4                __malloc_free_list
 .bss.__malloc_sbrk_start
                0x0000000020001ad8        0x4 /opt/gcc-arm-none-eabi-10.3-2021.10/bin/../lib/gcc/arm-none-eabi/10.3.1/../../../../arm-none-eabi/lib/thumb/v7e-m+fp/hard/libc_nano.a(lib_a-nano-mallocr.o)
                0x0000000020001ad8                __malloc_sbrk_start
 .bss.errno     0x0000000020001adc        0x4 /opt/gcc-arm-none-eabi-10.3-2021.10/bin/../lib/gcc/arm-none-eabi/10.3.1/../../../../arm-none-eabi/lib/thumb/v7e-m+fp/hard/libc_nano.a(lib_a-reent.o)
                0x0000000020001adc                errno
 .bss.__lock___malloc_recursive_mutex
                0x0000000020001ae0        0x1 /opt/gcc-arm-none-eabi-10.3-2021.10/bin/../lib/gcc/arm-none-eabi/10.3.1/../../../../arm-none-eabi/lib/thumb/v7e-m+fp/hard/libc_nano.a(lib_a-lock.o)
                0x0000000020001ae0                __lock___malloc_recursive_mutex
 *fill*         0x0000000020001ae1        0x3 
 .bss.heap_end.0
                0x0000000020001ae4        0x4 /opt/gcc-arm-none-eabi-10.3-2021.10/bin/../lib/gcc/arm-none-eabi/10.3.1/../../../../arm-none-eabi/lib/thumb/v7e-m+fp/hard/libnosys.a(sbrk.o)
 *(COMMON)
                0x0000000020001ae8                . = ALIGN (0x4)
                0x0000000020001ae8                _ebss = .
                0x0000000020001ae8                __bss_end__ = _ebss

._user_heap_stack
                0x0000000020001ae8     0x1000 load address 0x000000000800b67c
                0x0000000020001ae8                . = ALIGN (0x8)
                0x0000000020001ae8                PROVIDE (end = .)
                [!provide]                        PROVIDE (_end = .)
                0x00000000200022e8                . = (. + _Min_Heap_Size)
 *fill*         0x0000000020001ae8      0x800 
                0x0000000020002ae8                . = (. + _Min_Stack_Size)
 *fill*         0x00000000200022e8      0x800 
                0x0000000020002ae8                . = ALIGN (0x8)

/DISCARD/
 libc.a(*)
 libm.a(*)
 libgcc.a(*)

.ARM.attributes
                0x0000000000000000       0x30
 *(.ARM.attributes)
 .ARM.attributes
                0x0000000000000000       0x1e /opt/gcc-arm-none-eabi-10.3-2021.10/bin/../lib/gcc/arm-none-eabi/10.3.1/thumb/v7e-m+fp/hard/crti.o
 .ARM.attributes
                0x000000000000001e       0x34 /opt/gcc-arm-none-eabi-10.3-2021.10/bin/../lib/gcc/arm-none-eabi/10.3.1/thumb/v7e-m+fp/hard/crtbegin.o
 .ARM.attributes
                0x0000000000000052       0x34 build/main.o
 .ARM.attributes
                0x0000000000000086       0x34 build/gpio.o
 .ARM.attributes
                0x00000000000000ba       0x34 build/i2c.o
 .ARM.attributes
                0x00000000000000ee       0x34 build/rng.o
 .ARM.attributes
                0x0000000000000122       0x34 build/spi.o
 .ARM.attributes
                0x0000000000000156       0x34 build/stm32f7xx_it.o
 .ARM.attributes
                0x000000000000018a       0x34 build/stm32f7xx_hal_msp.o
 .ARM.attributes
                0x00000000000001be       0x34 build/stm32f7xx_hal_rcc.o
 .ARM.attributes
                0x00000000000001f2       0x34 build/stm32f7xx_hal_rcc_ex.o
 .ARM.attributes
                0x0000000000000226       0x34 build/stm32f7xx_hal_gpio.o
 .ARM.attributes
                0x000000000000025a       0x34 build/stm32f7xx_hal_dma.o
 .ARM.attributes
                0x000000000000028e       0x34 build/stm32f7xx_hal_pwr_ex.o
 .ARM.attributes
                0x00000000000002c2       0x34 build/stm32f7xx_hal_cortex.o
 .ARM.attributes
                0x00000000000002f6       0x34 build/stm32f7xx_hal.o
 .ARM.attributes
                0x000000000000032a       0x34 build/stm32f7xx_hal_i2c.o
 .ARM.attributes
                0x000000000000035e       0x34 build/stm32f7xx_hal_i2c_ex.o
 .ARM.attributes
                0x0000000000000392       0x34 build/stm32f7xx_hal_rng.o
 .ARM.attributes