Archive member included to satisfy reference by file (symbol)

/home/qrsnap/.config/Code/User/globalStorage/bmd.stm32-for-vscode/@xpack-dev-tools/arm-none-eabi-gcc/12.3.1-1.2.1/.content/bin/../lib/gcc/arm-none-eabi/12.3.1/../../../../arm-none-eabi/lib/thumb/v7e-m+fp/hard/libc_nano.a(libc_a-atexit.o)
                              /home/qrsnap/.config/Code/User/globalStorage/bmd.stm32-for-vscode/@xpack-dev-tools/arm-none-eabi-gcc/12.3.1-1.2.1/.content/bin/../lib/gcc/arm-none-eabi/12.3.1/../../../../arm-none-eabi/lib/thumb/v7e-m+fp/hard/crt0.o (atexit)
/home/qrsnap/.config/Code/User/globalStorage/bmd.stm32-for-vscode/@xpack-dev-tools/arm-none-eabi-gcc/12.3.1-1.2.1/.content/bin/../lib/gcc/arm-none-eabi/12.3.1/../../../../arm-none-eabi/lib/thumb/v7e-m+fp/hard/libc_nano.a(libc_a-atoi.o)
                              build/nyan_os.o (atoi)
/home/qrsnap/.config/Code/User/globalStorage/bmd.stm32-for-vscode/@xpack-dev-tools/arm-none-eabi-gcc/12.3.1-1.2.1/.content/bin/../lib/gcc/arm-none-eabi/12.3.1/../../../../arm-none-eabi/lib/thumb/v7e-m+fp/hard/libc_nano.a(libc_a-exit.o)
                              /home/qrsnap/.config/Code/User/globalStorage/bmd.stm32-for-vscode/@xpack-dev-tools/arm-none-eabi-gcc/12.3.1-1.2.1/.content/bin/../lib/gcc/arm-none-eabi/12.3.1/../../../../arm-none-eabi/lib/thumb/v7e-m+fp/hard/crt0.o (exit)
/home/qrsnap/.config/Code/User/globalStorage/bmd.stm32-for-vscode/@xpack-dev-tools/arm-none-eabi-gcc/12.3.1-1.2.1/.content/bin/../lib/gcc/arm-none-eabi/12.3.1/../../../../arm-none-eabi/lib/thumb/v7e-m+fp/hard/libc_nano.a(libc_a-malloc.o)
                              build/nyan_os.o (malloc)
/home/qrsnap/.config/Code/User/globalStorage/bmd.stm32-for-vscode/@xpack-dev-tools/arm-none-eabi-gcc/12.3.1-1.2.1/.content/bin/../lib/gcc/arm-none-eabi/12.3.1/../../../../arm-none-eabi/lib/thumb/v7e-m+fp/hard/libc_nano.a(libc_a-mallocr.o)
                              /home/qrsnap/.config/Code/User/globalStorage/bmd.stm32-for-vscode/@xpack-dev-tools/arm-none-eabi-gcc/12.3.1-1.2.1/.content/bin/../lib/gcc/arm-none-eabi/12.3.1/../../../../arm-none-eabi/lib/thumb/v7e-m+fp/hard/libc_nano.a(libc_a-malloc.o) (_malloc_r)
/home/qrsnap/.config/Code/User/globalStorage/bmd.stm32-for-vscode/@xpack-dev-tools/arm-none-eabi-gcc/12.3.1-1.2.1/.content/bin/../lib/gcc/arm-none-eabi/12.3.1/../../../../arm-none-eabi/lib/thumb/v7e-m+fp/hard/libc_nano.a(libc_a-mlock.o)
                              /home/qrsnap/.config/Code/User/globalStorage/bmd.stm32-for-vscode/@xpack-dev-tools/arm-none-eabi-gcc/12.3.1-1.2.1/.content/bin/../lib/gcc/arm-none-eabi/12.3.1/../../../../arm-none-eabi/lib/thumb/v7e-m+fp/hard/libc_nano.a(libc_a-mallocr.o) (__malloc_lock)
/home/qrsnap/.config/Code/User/globalStorage/bmd.stm32-for-vscode/@xpack-dev-tools/arm-none-eabi-gcc/12.3.1-1.2.1/.content/bin/../lib/gcc/arm-none-eabi/12.3.1/../../../../arm-none-eabi/lib/thumb/v7e-m+fp/hard/libc_nano.a(libc_a-realloc.o)
                              build/nyan_os.o (realloc)
/home/qrsnap/.config/Code/User/globalStorage/bmd.stm32-for-vscode/@xpack-dev-tools/arm-none-eabi-gcc/12.3.1-1.2.1/.content/bin/../lib/gcc/arm-none-eabi/12.3.1/../../../../arm-none-eabi/lib/thumb/v7e-m+fp/hard/libc_nano.a(libc_a-reallocr.o)
                              /home/qrsnap/.config/Code/User/globalStorage/bmd.stm32-for-vscode/@xpack-dev-tools/arm-none-eabi-gcc/12.3.1-1.2.1/.content/bin/../lib/gcc/arm-none-eabi/12.3.1/../../../../arm-none-eabi/lib/thumb/v7e-m+fp/hard/libc_nano.a(libc_a-realloc.o) (_realloc_r)
/home/qrsnap/.config/Code/User/globalStorage/bmd.stm32-for-vscode/@xpack-dev-tools/arm-none-eabi-gcc/12.3.1-1.2.1/.content/bin/../lib/gcc/arm-none-eabi/12.3.1/../../../../arm-none-eabi/lib/thumb/v7e-m+fp/hard/libc_nano.a(libc_a-strtol.o)
                              /home/qrsnap/.config/Code/User/globalStorage/bmd.stm32-for-vscode/@xpack-dev-tools/arm-none-eabi-gcc/12.3.1-1.2.1/.content/bin/../lib/gcc/arm-none-eabi/12.3.1/../../../../arm-none-eabi/lib/thumb/v7e-m+fp/hard/libc_nano.a(libc_a-atoi.o) (_strtol_r)
/home/qrsnap/.config/Code/User/globalStorage/bmd.stm32-for-vscode/@xpack-dev-tools/arm-none-eabi-gcc/12.3.1-1.2.1/.content/bin/../lib/gcc/arm-none-eabi/12.3.1/../../../../arm-none-eabi/lib/thumb/v7e-m+fp/hard/libc_nano.a(libc_a-ctype_.o)
                              /home/qrsnap/.config/Code/User/globalStorage/bmd.stm32-for-vscode/@xpack-dev-tools/arm-none-eabi-gcc/12.3.1-1.2.1/.content/bin/../lib/gcc/arm-none-eabi/12.3.1/../../../../arm-none-eabi/lib/thumb/v7e-m+fp/hard/libc_nano.a(libc_a-strtol.o) (_ctype_)
/home/qrsnap/.config/Code/User/globalStorage/bmd.stm32-for-vscode/@xpack-dev-tools/arm-none-eabi-gcc/12.3.1-1.2.1/.content/bin/../lib/gcc/arm-none-eabi/12.3.1/../../../../arm-none-eabi/lib/thumb/v7e-m+fp/hard/libc_nano.a(libc_a-findfp.o)
[...]
Memory Configuration

Name             Origin             Length             Attributes
RAM              0x20000000         0x00040000         xrw
FLASH            0x08000000         0x00080000         xr
*default*        0x00000000         0xffffffff

Linker script and memory map

LOAD /home/qrsnap/.config/Code/User/globalStorage/bmd.stm32-for-vscode/@xpack-dev-tools/arm-none-eabi-gcc/12.3.1-1.2.1/.content/bin/../lib/gcc/arm-none-eabi/12.3.1/thumb/v7e-m+fp/hard/crti.o
LOAD /home/qrsnap/.config/Code/User/globalStorage/bmd.stm32-for-vscode/@xpack-dev-tools/arm-none-eabi-gcc/12.3.1-1.2.1/.content/bin/../lib/gcc/arm-none-eabi/12.3.1/thumb/v7e-m+fp/hard/crtbegin.o
LOAD /home/qrsnap/.config/Code/User/globalStorage/bmd.stm32-for-vscode/@xpack-dev-tools/arm-none-eabi-gcc/12.3.1-1.2.1/.content/bin/../lib/gcc/arm-none-eabi/12.3.1/../../../../arm-none-eabi/lib/thumb/v7e-m+fp/hard/crt0.o
LOAD build/24xx_eeprom.o
LOAD build/dma.o
LOAD build/gpio.o
LOAD build/i2c.o
LOAD build/lattice_ice_hx.o
LOAD build/main.o
LOAD build/nyan_leds.o
LOAD build/nyan_os.o
LOAD build/nyan_sha256.o
LOAD build/rng.o
LOAD build/spi.o
LOAD build/stm32f7xx_hal_msp.o
LOAD build/stm32f7xx_it.o
LOAD build/system_stm32f7xx.o
LOAD build/tim.o
LOAD build/usb_otg.o
LOAD build/stm32f7xx_hal.o
LOAD build/stm32f7xx_hal_cortex.o
LOAD build/stm32f7xx_hal_dma.o
LOAD build/stm32f7xx_hal_dma_ex.o
LOAD build/stm32f7xx_hal_exti.o
LOAD build/stm32f7xx_hal_flash.o
LOAD build/stm32f7xx_hal_flash_ex.o
LOAD build/stm32f7xx_hal_gpio.o
LOAD build/stm32f7xx_hal_i2c.o
LOAD build/stm32f7xx_hal_i2c_ex.o
LOAD build/stm32f7xx_hal_pcd.o
LOAD build/stm32f7xx_hal_pcd_ex.o
LOAD build/stm32f7xx_hal_pwr.o
LOAD build/stm32f7xx_hal_pwr_ex.o
LOAD build/stm32f7xx_hal_rcc.o
LOAD build/stm32f7xx_hal_rcc_ex.o
LOAD build/stm32f7xx_hal_rng.o
LOAD build/stm32f7xx_hal_spi.o
LOAD build/stm32f7xx_hal_spi_ex.o
LOAD build/stm32f7xx_hal_tim.o
LOAD build/stm32f7xx_hal_tim_ex.o
LOAD build/stm32f7xx_ll_usb.o
LOAD build/usb_device.o
LOAD build/usbd_cdc_acm_if.o
LOAD build/usbd_desc.o
LOAD build/usbd_cdc_acm.o
LOAD build/usbd_composite.o
LOAD build/usbd_hid_keyboard.o
LOAD build/usbd_core.o
LOAD build/usbd_ctlreq.o
LOAD build/usbd_ioreq.o
LOAD build/usbd_conf.o
LOAD build/startup_stm32f723xx.o
LOAD /home/qrsnap/.config/Code/User/globalStorage/bmd.stm32-for-vscode/@xpack-dev-tools/arm-none-eabi-gcc/12.3.1-1.2.1/.content/bin/../lib/gcc/arm-none-eabi/12.3.1/../../../../arm-none-eabi/lib/thumb/v7e-m+fp/hard/libc_nano.a
LOAD /home/qrsnap/.config/Code/User/globalStorage/bmd.stm32-for-vscode/@xpack-dev-tools/arm-none-eabi-gcc/12.3.1-1.2.1/.content/bin/../lib/gcc/arm-none-eabi/12.3.1/../../../../arm-none-eabi/lib/thumb/v7e-m+fp/hard/libm.a
LOAD /home/qrsnap/.config/Code/User/globalStorage/bmd.stm32-for-vscode/@xpack-dev-tools/arm-none-eabi-gcc/12.3.1-1.2.1/.content/bin/../lib/gcc/arm-none-eabi/12.3.1/../../../../arm-none-eabi/lib/thumb/v7e-m+fp/hard/libnosys.a
START GROUP
LOAD /home/qrsnap/.config/Code/User/globalStorage/bmd.stm32-for-vscode/@xpack-dev-tools/arm-none-eabi-gcc/12.3.1-1.2.1/.content/bin/../lib/gcc/arm-none-eabi/12.3.1/thumb/v7e-m+fp/hard/libgcc.a
LOAD /home/qrsnap/.config/Code/User/globalStorage/bmd.stm32-for-vscode/@xpack-dev-tools/arm-none-eabi-gcc/12.3.1-1.2.1/.content/bin/../lib/gcc/arm-none-eabi/12.3.1/../../../../arm-none-eabi/lib/thumb/v7e-m+fp/hard/libc_nano.a
END GROUP
START GROUP
LOAD /home/qrsnap/.config/Code/User/globalStorage/bmd.stm32-for-vscode/@xpack-dev-tools/arm-none-eabi-gcc/12.3.1-1.2.1/.content/bin/../lib/gcc/arm-none-eabi/12.3.1/thumb/v7e-m+fp/hard/libgcc.a
LOAD /home/qrsnap/.config/Code/User/globalStorage/bmd.stm32-for-vscode/@xpack-dev-tools/arm-none-eabi-gcc/12.3.1-1.2.1/.content/bin/../lib/gcc/arm-none-eabi/12.3.1/../../../../arm-none-eabi/lib/thumb/v7e-m+fp/hard/libc_nano.a
END GROUP
LOAD /home/qrsnap/.config/Code/User/globalStorage/bmd.stm32-for-vscode/@xpack-dev-tools/arm-none-eabi-gcc/12.3.1-1.2.1/.content/bin/../lib/gcc/arm-none-eabi/12.3.1/thumb/v7e-m+fp/hard/crtend.o
LOAD /home/qrsnap/.config/Code/User/globalStorage/bmd.stm32-for-vscode/@xpack-dev-tools/arm-none-eabi-gcc/12.3.1-1.2.1/.content/bin/../lib/gcc/arm-none-eabi/12.3.1/thumb/v7e-m+fp/hard/crtn.o
                0x20040000                        _estack = (ORIGIN (RAM) + LENGTH (RAM))
                0x00000800                        _Min_Heap_Size = 0x800
                0x00000800                        _Min_Stack_Size = 0x800

.isr_vector     0x08000000      0x1e0
                0x08000000                        . = ALIGN (0x4)
 *(.isr_vector)
 .isr_vector    0x08000000      0x1e0 build/startup_stm32f723xx.o
                0x08000000                g_pfnVectors
                0x080001e0                        . = ALIGN (0x4)

.text           0x080001e0     0xc59c
                0x080001e0                        . = ALIGN (0x4)
 *(.text)
 .text          0x080001e0       0x10 /home/qrsnap/.config/Code/User/globalStorage/bmd.stm32-for-vscode/@xpack-dev-tools/arm-none-eabi-gcc/12.3.1-1.2.1/.content/bin/../lib/gcc/arm-none-eabi/12.3.1/../../../../arm-none-eabi/lib/thumb/v7e-m+fp/hard/libc_nano.a(libc_a-strlen.o)
                0x080001e0                strlen
 .text          0x080001f0       0xa0 /home/qrsnap/.config/Code/User/globalStorage/bmd.stm32-for-vscode/@xpack-dev-tools/arm-none-eabi-gcc/12.3.1-1.2.1/.content/bin/../lib/gcc/arm-none-eabi/12.3.1/../../../../arm-none-eabi/lib/thumb/v7e-m+fp/hard/libc_nano.a(libc_a-memchr.o)
                0x080001f0                memchr
 .text          0x08000290      0x378 /home/qrsnap/.config/Code/User/globalStorage/bmd.stm32-for-vscode/@xpack-dev-tools/arm-none-eabi-gcc/12.3.1-1.2.1/.content/bin/../lib/gcc/arm-none-eabi/12.3.1/thumb/v7e-m+fp/hard/libgcc.a(_arm_addsubdf3.o)
                0x08000290                __aeabi_drsub
                0x08000298                __aeabi_dsub
                0x08000298                __subdf3
                0x0800029c                __adddf3
                0x0800029c                __aeabi_dadd
                0x08000514                __aeabi_ui2d
                0x08000514                __floatunsidf
                0x08000534                __floatsidf
                0x08000534                __aeabi_i2d
                0x08000558                __extendsfdf2
                0x08000558                __aeabi_f2d
                0x0800059c                __aeabi_ul2d
                0x0800059c                __floatundidf
                0x080005ac                __floatdidf
                0x080005ac                __aeabi_l2d
 .text          0x08000608      0x424 /home/qrsnap/.config/Code/User/globalStorage/bmd.stm32-for-vscode/@xpack-dev-tools/arm-none-eabi-gcc/12.3.1-1.2.1/.content/bin/../lib/gcc/arm-none-eabi/12.3.1/thumb/v7e-m+fp/hard/libgcc.a(_arm_muldivdf3.o)
                0x08000608                __aeabi_dmul
                0x08000608                __muldf3
                0x0800085c                __aeabi_ddiv
                0x0800085c                __divdf3
 .text          0x08000a2c      0x110 /home/qrsnap/.config/Code/User/globalStorage/bmd.stm32-for-vscode/@xpack-dev-tools/arm-none-eabi-gcc/12.3.1-1.2.1/.content/bin/../lib/gcc/arm-none-eabi/12.3.1/thumb/v7e-m+fp/hard/libgcc.a(_arm_cmpdf2.o)
                0x08000a2c                __gtdf2
                0x08000a2c                __gedf2
                0x08000a34                __ltdf2
                0x08000a34                __ledf2
                0x08000a3c                __cmpdf2
                0x08000a3c                __eqdf2
                0x08000a3c                __nedf2
                0x08000ab8                __aeabi_cdrcmple
                0x08000ac8                __aeabi_cdcmple
                0x08000ac8                __aeabi_cdcmpeq
                0x08000ad8                __aeabi_dcmpeq
                0x08000aec                __aeabi_dcmplt
                0x08000b00                __aeabi_dcmple
                0x08000b14                __aeabi_dcmpge
                0x08000b28                __aeabi_dcmpgt
 .text          0x08000b3c       0x2c /home/qrsnap/.config/Code/User/globalStorage/bmd.stm32-for-vscode/@xpack-dev-tools/arm-none-eabi-gcc/12.3.1-1.2.1/.content/bin/../lib/gcc/arm-none-eabi/12.3.1/thumb/v7e-m+fp/hard/libgcc.a(_arm_unorddf2.o)
                0x08000b3c                __aeabi_dcmpun
                0x08000b3c                __unorddf2
 .text          0x08000b68       0x40 /home/qrsnap/.config/Code/User/globalStorage/bmd.stm32-for-vscode/@xpack-dev-tools/arm-none-eabi-gcc/12.3.1-1.2.1/.content/bin/../lib/gcc/arm-none-eabi/12.3.1/thumb/v7e-m+fp/hard/libgcc.a(_arm_fixunsdfsi.o)
                0x08000b68                __fixunsdfsi
                0x08000b68                __aeabi_d2uiz
 .text          0x08000ba8       0xa0 /home/qrsnap/.config/Code/User/globalStorage/bmd.stm32-for-vscode/@xpack-dev-tools/arm-none-eabi-gcc/12.3.1-1.2.1/.content/bin/../lib/gcc/arm-none-eabi/12.3.1/thumb/v7e-m+fp/hard/libgcc.a(_arm_truncdfsf2.o)
                0x08000ba8                __aeabi_d2f
                0x08000ba8                __truncdfsf2
 .text          0x08000c48       0x30 /home/qrsnap/.config/Code/User/globalStorage/bmd.stm32-for-vscode/@xpack-dev-tools/arm-none-eabi-gcc/12.3.1-1.2.1/.content/bin/../lib/gcc/arm-none-eabi/12.3.1/thumb/v7e-m+fp/hard/libgcc.a(_aeabi_uldivmod.o)
                0x08000c48                __aeabi_uldivmod
 .text          0x08000c78        0x4 /home/qrsnap/.config/Code/User/globalStorage/bmd.stm32-for-vscode/@xpack-dev-tools/arm-none-eabi-gcc/12.3.1-1.2.1/.content/bin/../lib/gcc/arm-none-eabi/12.3.1/thumb/v7e-m+fp/hard/libgcc.a(_dvmd_tls.o)
                0x08000c78                __aeabi_ldiv0
                0x08000c78                __aeabi_idiv0
 *(.text*)
 .text.__do_global_dtors_aux
                0x08000c7c       0x24 /home/qrsnap/.config/Code/User/globalStorage/bmd.stm32-for-vscode/@xpack-dev-tools/arm-none-eabi-gcc/12.3.1-1.2.1/.content/bin/../lib/gcc/arm-none-eabi/12.3.1/thumb/v7e-m+fp/hard/crtbegin.o
 .text.frame_dummy
                0x08000ca0       0x1c /home/qrsnap/.config/Code/User/globalStorage/bmd.stm32-for-vscode/@xpack-dev-tools/arm-none-eabi-gcc/12.3.1-1.2.1/.content/bin/../lib/gcc/arm-none-eabi/12.3.1/thumb/v7e-m+fp/hard/crtbegin.o
 .text.EepromInit
                0x08000cbc       0x2a build/24xx_eeprom.o
                0x08000cbc                EepromInit
 .text.EepromFlushTxBuff
                0x08000ce6       0x10 build/24xx_eeprom.o
                0x08000ce6                EepromFlushTxBuff
 .text.EepromCreateControlByte
                0x08000cf6       0x26 build/24xx_eeprom.o
                0x08000cf6                EepromCreateControlByte
 .text.EepromWrite
                0x08000d1c       0x44 build/24xx_eeprom.o
                0x08000d1c                EepromWrite
 .text.EepromRead
                0x08000d60       0x50 build/24xx_eeprom.o
                0x08000d60                EepromRead
 .text.MX_DMA_Init
                0x08000db0       0x44 build/dma.o
                0x08000db0                MX_DMA_Init
 .text.MX_GPIO_Init
                0x08000df4       0xac build/gpio.o
                0x08000df4                MX_GPIO_Init
 .text.MX_I2C1_Init
                0x08000ea0       0x5c build/i2c.o
                0x08000ea0                MX_I2C1_Init
 .text.HAL_I2C_MspInit
                0x08000efc      0x130 build/i2c.o
                0x08000efc                HAL_I2C_MspInit
 .text.FPGAGetBitstreamCompressedSize
                0x0800102c       0x28 build/lattice_ice_hx.o
                0x0800102c                FPGAGetBitstreamCompressedSize
 .text.FPGAInit
                0x08001054        0xe build/lattice_ice_hx.o
                0x08001054                FPGAInit
 *fill*         0x08001062        0x2 
 .text.HAL_I2C_MemTxCpltCallback
                0x08001064        0xc build/main.o
                0x08001064                HAL_I2C_MemTxCpltCallback
 .text.HAL_I2C_MemRxCpltCallback
                0x08001070        0xc build/main.o
                0x08001070                HAL_I2C_MemRxCpltCallback
 .text.HAL_TIM_PeriodElapsedCallback
                0x0800107c       0x7c build/main.o
                0x0800107c                HAL_TIM_PeriodElapsedCallback
 .text.HAL_TIM_OC_DelayElapsedCallback
                0x080010f8       0x88 build/main.o
                0x080010f8                HAL_TIM_OC_DelayElapsedCallback
 .text.Error_Handler
                0x08001180       0x40 build/main.o
                0x08001180                Error_Handler
 .text.SystemClock_Config
                0x080011c0       0xb0 build/main.o
                0x080011c0                SystemClock_Config
 .text.main     0x08001270       0xa8 build/main.o
                0x08001270                main
 .text.HAL_I2C_ErrorCallback
                0x08001318       0x1c build/main.o
                0x08001318                HAL_I2C_ErrorCallback
 *fill*         0x08001334        0x4 
 .text.getSystemStatusOCRValue
                0x08001338       0x60 build/nyan_leds.o
                0x08001338                getSystemStatusOCRValue
 .text.NyanPrint
                0x08001398       0xa0 build/nyan_os.o
                0x08001398                NyanPrint
 .text.NyanWelcomeDisplay
                0x08001438       0x3c build/nyan_os.o
                0x08001438                NyanWelcomeDisplay
 .text.NyanCdcTX
                0x08001474       0xb4 build/nyan_os.o
                0x08001474                NyanCdcTX
 .text.NyanExeGetinfo
                0x08001528       0x70 build/nyan_os.o
                0x08001528                NyanExeGetinfo
 .text.NyanExeSetOwner
                0x08001598      0x112 build/nyan_os.o
                0x08001598                NyanExeSetOwner
 *fill*         0x080016aa        0x2 
 .text.NyanExeWriteFpgaBitstream
                0x080016ac      0x1e4 build/nyan_os.o
                0x080016ac                NyanExeWriteFpgaBitstream
 .text.NyanExecute
                0x08001890       0xcc build/nyan_os.o
                0x08001890                NyanExecute
 .text.FreeNyanCommandArgs
                0x0800195c       0x36 build/nyan_os.o
                0x0800195c                FreeNyanCommandArgs
 *fill*         0x08001992        0x2 
 .text.NyanDecodeArgs
                0x08001994       0x9c build/nyan_os.o
                0x08001994                NyanDecodeArgs
 .text.NyanDecode
                0x08001a30       0x48 build/nyan_os.o
                0x08001a30                NyanDecode
 .text.FreeNyanString
                0x08001a78       0x24 build/nyan_os.o
                0x08001a78                FreeNyanString
 .text.ClearNyanCommandBuffer
                0x08001a9c       0x12 build/nyan_os.o
                0x08001a9c                ClearNyanCommandBuffer
 .text.NyanOsInit
                0x08001aae       0x54 build/nyan_os.o
                0x08001aae                NyanOsInit
 *fill*         0x08001b02        0x2 
 .text.NyanAddInputBuffer
                0x08001b04      0x15c build/nyan_os.o
                0x08001b04                NyanAddInputBuffer
 .text.sha256_transform
                0x08001c60      0x174 build/nyan_sha256.o
                0x08001c60                sha256_transform
 .text.sha256_init
                0x08001dd4       0x54 build/nyan_sha256.o
                0x08001dd4                sha256_init
 .text.sha256_update
                0x08001e28       0x40 build/nyan_sha256.o
                0x08001e28                sha256_update
 .text.sha256_final
                0x08001e68       0xe6 build/nyan_sha256.o
                0x08001e68                sha256_final
 *fill*         0x08001f4e        0x2 
 .text.MX_RNG_Init
                0x08001f50       0x20 build/rng.o
                0x08001f50                MX_RNG_Init
 .text.HAL_RNG_MspInit
                0x08001f70       0x50 build/rng.o
                0x08001f70                HAL_RNG_MspInit
 .text.MX_SPI1_Init
                0x08001fc0       0x4c build/spi.o
                0x08001fc0                MX_SPI1_Init
 .text.MX_SPI2_Init
                0x0800200c       0x4c build/spi.o
                0x0800200c                MX_SPI2_Init
 .text.MX_SPI4_Init
                0x08002058       0x4c build/spi.o
                0x08002058                MX_SPI4_Init
 .text.HAL_SPI_MspInit
                0x080020a4      0x134 build/spi.o
                0x080020a4                HAL_SPI_MspInit
 .text.HAL_MspInit
                0x080021d8       0x30 build/stm32f7xx_hal_msp.o
                0x080021d8                HAL_MspInit
 .text.NMI_Handler
                0x08002208        0x2 build/stm32f7xx_it.o
                0x08002208                NMI_Handler
 *fill*         0x0800220a        0x2 
 .text.HardFault_Handler
                0x0800220c       0x3c build/stm32f7xx_it.o
                0x0800220c                HardFault_Handler
 .text.MemManage_Handler
                0x08002248        0x2 build/stm32f7xx_it.o
                0x08002248                MemManage_Handler
 .text.BusFault_Handler
                0x0800224a        0x2 build/stm32f7xx_it.o
                0x0800224a                BusFault_Handler
 .text.UsageFault_Handler
                0x0800224c        0x2 build/stm32f7xx_it.o
                0x0800224c                UsageFault_Handler
 .text.SVC_Handler
                0x0800224e        0x2 build/stm32f7xx_it.o
                0x0800224e                SVC_Handler
 .text.DebugMon_Handler
                0x08002250        0x2 build/stm32f7xx_it.o
                0x08002250                DebugMon_Handler
 .text.PendSV_Handler
                0x08002252        0x2 build/stm32f7xx_it.o
                0x08002252                PendSV_Handler
 .text.SysTick_Handler
                0x08002254        0x8 build/stm32f7xx_it.o
                0x08002254                SysTick_Handler
 .text.DMA1_Stream0_IRQHandler
                0x0800225c       0x10 build/stm32f7xx_it.o
                0x0800225c                DMA1_Stream0_IRQHandler
 .text.DMA1_Stream6_IRQHandler
                0x0800226c       0x10 build/stm32f7xx_it.o
                0x0800226c                DMA1_Stream6_IRQHandler
 .text.TIM1_UP_TIM10_IRQHandler
                0x0800227c       0x10 build/stm32f7xx_it.o
                0x0800227c                TIM1_UP_TIM10_IRQHandler
 .text.TIM1_CC_IRQHandler
                0x0800228c       0x10 build/stm32f7xx_it.o
                0x0800228c                TIM1_CC_IRQHandler
 .text.I2C1_EV_IRQHandler
                0x0800229c       0x10 build/stm32f7xx_it.o
                0x0800229c                I2C1_EV_IRQHandler
 .text.I2C1_ER_IRQHandler
                0x080022ac       0x10 build/stm32f7xx_it.o
                0x080022ac                I2C1_ER_IRQHandler
 .text.TIM8_CC_IRQHandler
                0x080022bc       0x10 build/stm32f7xx_it.o
                0x080022bc                TIM8_CC_IRQHandler
 .text.TIM6_DAC_IRQHandler
                0x080022cc       0x10 build/stm32f7xx_it.o
                0x080022cc                TIM6_DAC_IRQHandler
 .text.TIM7_IRQHandler
                0x080022dc       0x10 build/stm32f7xx_it.o
                0x080022dc                TIM7_IRQHandler
 .text.OTG_HS_IRQHandler
                0x080022ec       0x10 build/stm32f7xx_it.o
                0x080022ec                OTG_HS_IRQHandler
 .text.SystemInit
                0x080022fc       0x14 build/system_stm32f7xx.o
                0x080022fc                SystemInit
 .text.MX_TIM1_Init
                0x08002310       0xc8 build/tim.o
                0x08002310                MX_TIM1_Init
 .text.MX_TIM6_Init
                0x080023d8       0x50 build/tim.o
                0x080023d8                MX_TIM6_Init
 .text.MX_TIM7_Init
                0x08002428       0x54 build/tim.o
                0x08002428                MX_TIM7_Init
 .text.MX_TIM8_Init
                0x0800247c       0xf4 build/tim.o
                0x0800247c                MX_TIM8_Init
 .text.HAL_TIM_OC_MspInit
                0x08002570       0x50 build/tim.o
                0x08002570                HAL_TIM_OC_MspInit
 .text.HAL_TIM_Base_MspInit
                0x080025c0       0xa0 build/tim.o
                0x080025c0                HAL_TIM_Base_MspInit
 .text.MX_USB_OTG_HS_PCD_Init
                0x08002660       0x38 build/usb_otg.o
                0x08002660                MX_USB_OTG_HS_PCD_Init
 .text.HAL_PCD_MspInit
                0x08002698       0xf8 build/usb_otg.o
                0x08002698                HAL_PCD_MspInit
 .text.HAL_InitTick
                0x08002790       0x4c build/stm32f7xx_hal.o
                0x08002790                HAL_InitTick
 .text.HAL_Init
                0x080027dc       0x24 build/stm32f7xx_hal.o
                0x080027dc                HAL_Init
 .text.HAL_IncTick
                0x08002800       0x18 build/stm32f7xx_hal.o
                0x08002800                HAL_IncTick
 .text.HAL_GetTick
                0x08002818        0xc build/stm32f7xx_hal.o
                0x08002818                HAL_GetTick
 .text.HAL_Delay
                0x08002824       0x28 build/stm32f7xx_hal.o
                0x08002824                HAL_Delay
 .text.__NVIC_SetPriority
                0x0800284c       0x24 build/stm32f7xx_hal_cortex.o
 .text.NVIC_EncodePriority
                0x08002870       0x3e build/stm32f7xx_hal_cortex.o
 *fill*         0x080028ae        0x2 
 .text.HAL_NVIC_SetPriorityGrouping
                0x080028b0       0x24 build/stm32f7xx_hal_cortex.o
                0x080028b0                HAL_NVIC_SetPriorityGrouping
 .text.HAL_NVIC_SetPriority
                0x080028d4       0x20 build/stm32f7xx_hal_cortex.o
                0x080028d4                HAL_NVIC_SetPriority
 .text.HAL_NVIC_EnableIRQ
                0x080028f4       0x1c build/stm32f7xx_hal_cortex.o
                0x080028f4                HAL_NVIC_EnableIRQ
 .text.HAL_SYSTICK_Config
                0x08002910       0x28 build/stm32f7xx_hal_cortex.o
                0x08002910                HAL_SYSTICK_Config
 .text.DMA_SetConfig
                0x08002938       0x2c build/stm32f7xx_hal_dma.o
 .text.DMA_CalcBaseAndBitshift
                0x08002964       0x40 build/stm32f7xx_hal_dma.o
 .text.DMA_CheckFifoParam
                0x080029a4       0x8e build/stm32f7xx_hal_dma.o
 *fill*         0x08002a32        0x2 
 .text.HAL_DMA_Init
                0x08002a34       0xcc build/stm32f7xx_hal_dma.o
                0x08002a34                HAL_DMA_Init
 .text.HAL_DMA_Start_IT
                0x08002b00       0x74 build/stm32f7xx_hal_dma.o
                0x08002b00                HAL_DMA_Start_IT
 .text.HAL_DMA_Abort_IT
                0x08002b74       0x26 build/stm32f7xx_hal_dma.o
                0x08002b74                HAL_DMA_Abort_IT
 *fill*         0x08002b9a        0x2 
 .text.HAL_DMA_IRQHandler
                0x08002b9c      0x1dc build/stm32f7xx_hal_dma.o
                0x08002b9c                HAL_DMA_IRQHandler
 .text.HAL_DMA_GetState
                0x08002d78        0x6 build/stm32f7xx_hal_dma.o
                0x08002d78                HAL_DMA_GetState
 .text.HAL_DMA_GetError
                0x08002d7e        0x4 build/stm32f7xx_hal_dma.o
                0x08002d7e                HAL_DMA_GetError
 *fill*         0x08002d82        0x2 
 .text.HAL_GPIO_Init
                0x08002d84      0x1e8 build/stm32f7xx_hal_gpio.o
                0x08002d84                HAL_GPIO_Init
 .text.HAL_GPIO_WritePin
                0x08002f6c        0xc build/stm32f7xx_hal_gpio.o
                0x08002f6c                HAL_GPIO_WritePin
 .text.I2C_Flush_TXDR
                0x08002f78       0x22 build/stm32f7xx_hal_i2c.o
 .text.I2C_TransferConfig
                0x08002f9a       0x3c build/stm32f7xx_hal_i2c.o
 *fill*         0x08002fd6        0x2 
 .text.I2C_Enable_IRQ
                0x08002fd8       0x7c build/stm32f7xx_hal_i2c.o
 .text.I2C_Disable_IRQ
                0x08003054       0x70 build/stm32f7xx_hal_i2c.o
 .text.HAL_I2C_Init
                0x080030c4       0xbc build/stm32f7xx_hal_i2c.o
                0x080030c4                HAL_I2C_Init
 .text.HAL_I2C_Mem_Write_DMA
                0x08003180      0x134 build/stm32f7xx_hal_i2c.o
                0x08003180                HAL_I2C_Mem_Write_DMA
 .text.HAL_I2C_Mem_Read_DMA
                0x080032b4      0x134 build/stm32f7xx_hal_i2c.o
                0x080032b4                HAL_I2C_Mem_Read_DMA
 .text.HAL_I2C_EV_IRQHandler
                0x080033e8       0x10 build/stm32f7xx_hal_i2c.o
                0x080033e8                HAL_I2C_EV_IRQHandler
 .text.HAL_I2C_MasterTxCpltCallback
                0x080033f8        0x2 build/stm32f7xx_hal_i2c.o
                0x080033f8                HAL_I2C_MasterTxCpltCallback
 .text.HAL_I2C_MasterRxCpltCallback
                0x080033fa        0x2 build/stm32f7xx_hal_i2c.o
                0x080033fa                HAL_I2C_MasterRxCpltCallback
 .text.I2C_ITMasterSeqCplt
                0x080033fc       0x54 build/stm32f7xx_hal_i2c.o
 .text.HAL_I2C_SlaveTxCpltCallback
                0x08003450        0x2 build/stm32f7xx_hal_i2c.o
                0x08003450                HAL_I2C_SlaveTxCpltCallback
 .text.HAL_I2C_SlaveRxCpltCallback
                0x08003452        0x2 build/stm32f7xx_hal_i2c.o
                0x08003452                HAL_I2C_SlaveRxCpltCallback
 .text.I2C_ITSlaveSeqCplt
                0x08003454       0x82 build/stm32f7xx_hal_i2c.o
 .text.HAL_I2C_AddrCallback
                0x080034d6        0x2 build/stm32f7xx_hal_i2c.o
                0x080034d6                HAL_I2C_AddrCallback
 .text.I2C_ITAddrCplt
                0x080034d8       0xa0 build/stm32f7xx_hal_i2c.o
 .text.HAL_I2C_ListenCpltCallback
                0x08003578        0x2 build/stm32f7xx_hal_i2c.o
                0x08003578                HAL_I2C_ListenCpltCallback
 *fill*         0x0800357a        0x2 
 .text.I2C_ITListenCplt
                0x0800357c       0x68 build/stm32f7xx_hal_i2c.o
 .text.HAL_I2C_AbortCpltCallback
                0x080035e4        0x2 build/stm32f7xx_hal_i2c.o
                0x080035e4                HAL_I2C_AbortCpltCallback
 .text.I2C_TreatErrorCallback
                0x080035e6       0x2e build/stm32f7xx_hal_i2c.o
 .text.I2C_ITError
                0x08003614      0x108 build/stm32f7xx_hal_i2c.o
 .text.I2C_ITSlaveCplt
                0x0800371c      0x168 build/stm32f7xx_hal_i2c.o
 .text.I2C_Slave_ISR_IT
                0x08003884      0x150 build/stm32f7xx_hal_i2c.o
 .text.I2C_ITMasterCplt
                0x080039d4      0x12e build/stm32f7xx_hal_i2c.o
 .text.I2C_Slave_ISR_DMA
                0x08003b02      0x122 build/stm32f7xx_hal_i2c.o
 .text.I2C_Master_ISR_DMA
                0x08003c24      0x142 build/stm32f7xx_hal_i2c.o
 .text.I2C_DMAError
                0x08003d66       0x44 build/stm32f7xx_hal_i2c.o
 .text.I2C_DMAMasterTransmitCplt
                0x08003daa       0x5a build/stm32f7xx_hal_i2c.o
 .text.I2C_DMAMasterReceiveCplt
                0x08003e04       0x5a build/stm32f7xx_hal_i2c.o
 *fill*         0x08003e5e        0x2 
 .text.I2C_Mem_ISR_DMA
                0x08003e60      0x194 build/stm32f7xx_hal_i2c.o
 .text.HAL_I2C_ER_IRQHandler
                0x08003ff4       0x6a build/stm32f7xx_hal_i2c.o
                0x08003ff4                HAL_I2C_ER_IRQHandler
 .text.I2C_DMAAbort
                0x0800405e       0x1a build/stm32f7xx_hal_i2c.o
 .text.HAL_I2C_GetError
                0x08004078        0x4 build/stm32f7xx_hal_i2c.o
                0x08004078                HAL_I2C_GetError
 .text.HAL_I2CEx_ConfigAnalogFilter
                0x0800407c       0x5c build/stm32f7xx_hal_i2c_ex.o
                0x0800407c                HAL_I2CEx_ConfigAnalogFilter
 .text.HAL_I2CEx_ConfigDigitalFilter
                0x080040d8       0x58 build/stm32f7xx_hal_i2c_ex.o
                0x080040d8                HAL_I2CEx_ConfigDigitalFilter
 .text.PCD_WriteEmptyTxFifo
                0x08004130       0xd0 build/stm32f7xx_hal_pcd.o
 .text.HAL_PCD_Init
                0x08004200      0x13c build/stm32f7xx_hal_pcd.o
                0x08004200                HAL_PCD_Init
 .text.HAL_PCD_Start
                0x0800433c       0x2a build/stm32f7xx_hal_pcd.o
                0x0800433c                HAL_PCD_Start
 *fill*         0x08004366        0x2 
 .text.PCD_EP_OutXfrComplete_int
                0x08004368      0x104 build/stm32f7xx_hal_pcd.o
 .text.PCD_EP_OutSetupPacket_int
                0x0800446c       0x50 build/stm32f7xx_hal_pcd.o
 .text.HAL_PCD_SetAddress
                0x080044bc       0x28 build/stm32f7xx_hal_pcd.o
                0x080044bc                HAL_PCD_SetAddress
 .text.HAL_PCD_EP_Open
                0x080044e4       0x8a build/stm32f7xx_hal_pcd.o
                0x080044e4                HAL_PCD_EP_Open
 .text.HAL_PCD_EP_Close
                0x0800456e       0x72 build/stm32f7xx_hal_pcd.o
                0x0800456e                HAL_PCD_EP_Close
 .text.HAL_PCD_EP_Receive
                0x080045e0       0x5e build/stm32f7xx_hal_pcd.o
                0x080045e0                HAL_PCD_EP_Receive
 .text.HAL_PCD_EP_GetRxCount
                0x0800463e       0x12 build/stm32f7xx_hal_pcd.o
                0x0800463e                HAL_PCD_EP_GetRxCount
 .text.HAL_PCD_EP_Transmit
                0x08004650       0x5e build/stm32f7xx_hal_pcd.o
                0x08004650                HAL_PCD_EP_Transmit
 .text.HAL_PCD_EP_SetStall
                0x080046ae       0x88 build/stm32f7xx_hal_pcd.o
                0x080046ae                HAL_PCD_EP_SetStall
 .text.HAL_PCD_EP_ClrStall
                0x08004736       0x76 build/stm32f7xx_hal_pcd.o
                0x08004736                HAL_PCD_EP_ClrStall
 .text.HAL_PCD_EP_Abort
                0x080047ac       0x34 build/stm32f7xx_hal_pcd.o
                0x080047ac                HAL_PCD_EP_Abort
 .text.HAL_PCD_IRQHandler
                0x080047e0      0x606 build/stm32f7xx_hal_pcd.o
                0x080047e0                HAL_PCD_IRQHandler
 .text.HAL_PCDEx_SetTxFiFo
                0x08004de6       0x4c build/stm32f7xx_hal_pcd_ex.o
                0x08004de6                HAL_PCDEx_SetTxFiFo
 .text.HAL_PCDEx_SetRxFiFo
                0x08004e32        0x8 build/stm32f7xx_hal_pcd_ex.o
                0x08004e32                HAL_PCDEx_SetRxFiFo
 *fill*         0x08004e3a        0x2 
 .text.HAL_PCDEx_ActivateLPM
                0x08004e3c       0x28 build/stm32f7xx_hal_pcd_ex.o
                0x08004e3c                HAL_PCDEx_ActivateLPM
 .text.HAL_PCDEx_LPM_Callback
                0x08004e64        0x2 build/stm32f7xx_hal_pcd_ex.o
                0x08004e64                HAL_PCDEx_LPM_Callback
 *fill*         0x08004e66        0x2 
 .text.HAL_PWREx_EnableOverDrive
                0x08004e68       0x7c build/stm32f7xx_hal_pwr_ex.o
                0x08004e68                HAL_PWREx_EnableOverDrive
 .text.HAL_RCC_OscConfig
                0x08004ee4      0x434 build/stm32f7xx_hal_rcc.o
                0x08004ee4                HAL_RCC_OscConfig
 .text.HAL_RCC_GetSysClockFreq
                0x08005318       0xa8 build/stm32f7xx_hal_rcc.o
                0x08005318                HAL_RCC_GetSysClockFreq
 .text.HAL_RCC_ClockConfig
                0x080053c0      0x16c build/stm32f7xx_hal_rcc.o
                0x080053c0                HAL_RCC_ClockConfig
 .text.HAL_RCC_GetHCLKFreq
                0x0800552c        0xc build/stm32f7xx_hal_rcc.o
                0x0800552c                HAL_RCC_GetHCLKFreq
 .text.HAL_RCCEx_PeriphCLKConfig
                0x08005538      0x4e4 build/stm32f7xx_hal_rcc_ex.o
                0x08005538                HAL_RCCEx_PeriphCLKConfig
 .text.HAL_RNG_Init
                0x08005a1c       0x2e build/stm32f7xx_hal_rng.o
                0x08005a1c                HAL_RNG_Init
 .text.HAL_SPI_Init
                0x08005a4a       0xe8 build/stm32f7xx_hal_spi.o
                0x08005a4a                HAL_SPI_Init
 *fill*         0x08005b32        0x2 
 .text.TIM_OC1_SetConfig
                0x08005b34       0x68 build/stm32f7xx_hal_tim.o
 .text.TIM_OC3_SetConfig
                0x08005b9c       0x70 build/stm32f7xx_hal_tim.o
 .text.TIM_OC4_SetConfig
                0x08005c0c       0x54 build/stm32f7xx_hal_tim.o
 .text.TIM_OC5_SetConfig
                0x08005c60       0x54 build/stm32f7xx_hal_tim.o
 .text.TIM_OC6_SetConfig
                0x08005cb4       0x54 build/stm32f7xx_hal_tim.o
 .text.TIM_TI1_ConfigInputStage
                0x08005d08       0x26 build/stm32f7xx_hal_tim.o
 .text.TIM_TI2_ConfigInputStage
                0x08005d2e       0x28 build/stm32f7xx_hal_tim.o
 .text.TIM_ITRx_SetConfig
                0x08005d56       0x10 build/stm32f7xx_hal_tim.o
 *fill*         0x08005d66        0x2 
 .text.HAL_TIM_Base_Start_IT
                0x08005d68       0x90 build/stm32f7xx_hal_tim.o
                0x08005d68                HAL_TIM_Base_Start_IT
 .text.HAL_TIM_IC_CaptureCallback
                0x08005df8        0x2 build/stm32f7xx_hal_tim.o
                0x08005df8                HAL_TIM_IC_CaptureCallback
 .text.HAL_TIM_PWM_PulseFinishedCallback
                0x08005dfa        0x2 build/stm32f7xx_hal_tim.o
                0x08005dfa                HAL_TIM_PWM_PulseFinishedCallback
 .text.HAL_TIM_TriggerCallback
                0x08005dfc        0x2 build/stm32f7xx_hal_tim.o
                0x08005dfc                HAL_TIM_TriggerCallback
 .text.HAL_TIM_IRQHandler
                0x08005dfe      0x19a build/stm32f7xx_hal_tim.o
                0x08005dfe                HAL_TIM_IRQHandler
 .text.TIM_Base_SetConfig
                0x08005f98      0x110 build/stm32f7xx_hal_tim.o
                0x08005f98                TIM_Base_SetConfig
 .text.HAL_TIM_Base_Init
                0x080060a8       0x60 build/stm32f7xx_hal_tim.o
                0x080060a8                HAL_TIM_Base_Init
 .text.HAL_TIM_OC_Init
                0x08006108       0x60 build/stm32f7xx_hal_tim.o
                0x08006108                HAL_TIM_OC_Init
 .text.TIM_OC2_SetConfig
                0x08006168       0x70 build/stm32f7xx_hal_tim.o
                0x08006168                TIM_OC2_SetConfig
 .text.HAL_TIM_OC_ConfigChannel
                0x080061d8       0x7a build/stm32f7xx_hal_tim.o
                0x080061d8                HAL_TIM_OC_ConfigChannel
 .text.TIM_ETR_SetConfig
                0x08006252       0x1a build/stm32f7xx_hal_tim.o
                0x08006252                TIM_ETR_SetConfig
 .text.HAL_TIM_ConfigClockSource
                0x0800626c      0x100 build/stm32f7xx_hal_tim.o
                0x0800626c                HAL_TIM_ConfigClockSource
 .text.TIM_CCxChannelCmd
                0x0800636c       0x1e build/stm32f7xx_hal_tim.o
                0x0800636c                TIM_CCxChannelCmd
 *fill*         0x0800638a        0x2 
 .text.HAL_TIM_OC_Start_IT
                0x0800638c      0x1c4 build/stm32f7xx_hal_tim.o
                0x0800638c                HAL_TIM_OC_Start_IT
 .text.HAL_TIM_OC_Stop_IT
                0x08006550      0x100 build/stm32f7xx_hal_tim.o
                0x08006550                HAL_TIM_OC_Stop_IT
 .text.HAL_TIMEx_MasterConfigSynchronization
                0x08006650       0xa0 build/stm32f7xx_hal_tim_ex.o
                0x08006650                HAL_TIMEx_MasterConfigSynchronization
 .text.HAL_TIMEx_ConfigBreakDeadTime
                0x080066f0       0x90 build/stm32f7xx_hal_tim_ex.o
                0x080066f0                HAL_TIMEx_ConfigBreakDeadTime
 .text.HAL_TIMEx_CommutCallback
                0x08006780        0x2 build/stm32f7xx_hal_tim_ex.o
                0x08006780                HAL_TIMEx_CommutCallback
 .text.HAL_TIMEx_BreakCallback
                0x08006782        0x2 build/stm32f7xx_hal_tim_ex.o
                0x08006782                HAL_TIMEx_BreakCallback
 .text.HAL_TIMEx_Break2Callback
                0x08006784        0x2 build/stm32f7xx_hal_tim_ex.o
                0x08006784                HAL_TIMEx_Break2Callback
 *fill*         0x08006786        0x2 
 .text.USB_CoreReset
                0x08006788       0x50 build/stm32f7xx_ll_usb.o
 .text.USB_HS_PHYCInit
                0x080067d8       0x5c build/stm32f7xx_ll_usb.o
 .text.USB_CoreInit
                0x08006834       0xd4 build/stm32f7xx_ll_usb.o
                0x08006834                USB_CoreInit
 .text.USB_SetTurnaroundTime
                0x08006908       0xe4 build/stm32f7xx_ll_usb.o
                0x08006908                USB_SetTurnaroundTime
 .text.USB_EnableGlobalInt
                0x080069ec        0xc build/stm32f7xx_ll_usb.o
                0x080069ec                USB_EnableGlobalInt
 .text.USB_DisableGlobalInt
                0x080069f8        0xc build/stm32f7xx_ll_usb.o
                0x080069f8                USB_DisableGlobalInt
 .text.USB_FlushTxFifo
                0x08006a04       0x50 build/stm32f7xx_ll_usb.o
                0x08006a04                USB_FlushTxFifo
 .text.USB_FlushRxFifo
                0x08006a54       0x4c build/stm32f7xx_ll_usb.o
                0x08006a54                USB_FlushRxFifo
 .text.USB_SetDevSpeed
                0x08006aa0        0xe build/stm32f7xx_ll_usb.o
                0x08006aa0                USB_SetDevSpeed
 *fill*         0x08006aae        0x2 
 .text.USB_DevInit
                0x08006ab0      0x1a4 build/stm32f7xx_ll_usb.o
                0x08006ab0                USB_DevInit
 .text.USB_GetDevSpeed
                0x08006c54       0x1e build/stm32f7xx_ll_usb.o
                0x08006c54                USB_GetDevSpeed
 *fill*         0x08006c72        0x2 
 .text.USB_ActivateEndpoint
                0x08006c74       0x98 build/stm32f7xx_ll_usb.o
                0x08006c74                USB_ActivateEndpoint
 .text.USB_DeactivateEndpoint
                0x08006d0c       0xe0 build/stm32f7xx_ll_usb.o
                0x08006d0c                USB_DeactivateEndpoint
 .text.USB_EP0StartXfer
                0x08006dec      0x120 build/stm32f7xx_ll_usb.o
                0x08006dec                USB_EP0StartXfer
 .text.USB_EPStopXfer
                0x08006f0c       0xbe build/stm32f7xx_ll_usb.o
                0x08006f0c                USB_EPStopXfer
 .text.USB_WritePacket
                0x08006fca       0x2e build/stm32f7xx_ll_usb.o
                0x08006fca                USB_WritePacket
 .text.USB_EPStartXfer
                0x08006ff8      0x230 build/stm32f7xx_ll_usb.o
                0x08006ff8                USB_EPStartXfer
 .text.USB_ReadPacket
                0x08007228       0x46 build/stm32f7xx_ll_usb.o
                0x08007228                USB_ReadPacket
 .text.USB_EPSetStall
                0x0800726e       0x5a build/stm32f7xx_ll_usb.o
                0x0800726e                USB_EPSetStall
 .text.USB_EPClearStall
                0x080072c8       0x5c build/stm32f7xx_ll_usb.o
                0x080072c8                USB_EPClearStall
 .text.USB_SetDevAddress
                0x08007324       0x20 build/stm32f7xx_ll_usb.o
                0x08007324                USB_SetDevAddress
 .text.USB_DevConnect
                0x08007344       0x1c build/stm32f7xx_ll_usb.o
                0x08007344                USB_DevConnect
 .text.USB_DevDisconnect
                0x08007360       0x1c build/stm32f7xx_ll_usb.o
                0x08007360                USB_DevDisconnect
 .text.USB_ReadInterrupts
                0x0800737c        0x8 build/stm32f7xx_ll_usb.o
                0x0800737c                USB_ReadInterrupts
 .text.USB_ReadDevAllOutEpInterrupt
                0x08007384       0x10 build/stm32f7xx_ll_usb.o
                0x08007384                USB_ReadDevAllOutEpInterrupt
 .text.USB_ReadDevAllInEpInterrupt
                0x08007394       0x10 build/stm32f7xx_ll_usb.o
                0x08007394                USB_ReadDevAllInEpInterrupt
 .text.USB_ReadDevOutEPInterrupt
                0x080073a4       0x12 build/stm32f7xx_ll_usb.o
                0x080073a4                USB_ReadDevOutEPInterrupt
 .text.USB_ReadDevInEPInterrupt
                0x080073b6       0x24 build/stm32f7xx_ll_usb.o
                0x080073b6                USB_ReadDevInEPInterrupt
 .text.USB_GetMode
                0x080073da        0x8 build/stm32f7xx_ll_usb.o
                0x080073da                USB_GetMode
 .text.USB_SetCurrentMode
                0x080073e2       0x62 build/stm32f7xx_ll_usb.o
                0x080073e2                USB_SetCurrentMode
 .text.USB_ActivateSetup
                0x08007444       0x20 build/stm32f7xx_ll_usb.o
                0x08007444                USB_ActivateSetup
 .text.USB_EP0_OutStart
                0x08007464       0x60 build/stm32f7xx_ll_usb.o
                0x08007464                USB_EP0_OutStart
 .text.MX_USB_DEVICE_Init
                0x080074c4       0x58 build/usb_device.o
                0x080074c4                MX_USB_DEVICE_Init
 .text.CDC_DeInit
                0x0800751c        0x4 build/usbd_cdc_acm_if.o
 .text.CDC_TransmitCplt
                0x08007520       0x24 build/usbd_cdc_acm_if.o
 .text.CDC_Init
                0x08007544       0x1c build/usbd_cdc_acm_if.o
 .text.CDC_Receive
                0x08007560       0x74 build/usbd_cdc_acm_if.o
 .text.CDC_Control
                0x080075d4       0xa0 build/usbd_cdc_acm_if.o
 .text.CDC_Transmit
                0x08007674       0x44 build/usbd_cdc_acm_if.o
                0x08007674                CDC_Transmit
 .text.USBD_DeviceDescriptor
                0x080076b8        0xc build/usbd_desc.o
                0x080076b8                USBD_DeviceDescriptor
 .text.USBD_LangIDStrDescriptor
                0x080076c4        0xc build/usbd_desc.o
                0x080076c4                USBD_LangIDStrDescriptor
 .text.IntToUnicode
                0x080076d0       0x46 build/usbd_desc.o
 *fill*         0x08007716        0x2 
 .text.Get_SerialNum
                0x08007718       0x38 build/usbd_desc.o
 .text.USBD_SerialStrDescriptor
                0x08007750       0x14 build/usbd_desc.o
                0x08007750                USBD_SerialStrDescriptor
 .text.USBD_ProductStrDescriptor
                0x08007764       0x24 build/usbd_desc.o
                0x08007764                USBD_ProductStrDescriptor
 .text.USBD_ManufacturerStrDescriptor
                0x08007788       0x1c build/usbd_desc.o
                0x08007788                USBD_ManufacturerStrDescriptor
 .text.USBD_ConfigStrDescriptor
                0x080077a4       0x24 build/usbd_desc.o
                0x080077a4                USBD_ConfigStrDescriptor
 .text.USBD_InterfaceStrDescriptor
                0x080077c8       0x24 build/usbd_desc.o
                0x080077c8                USBD_InterfaceStrDescriptor
 .text.USBD_CDC_EP0_RxReady
                0x080077ec       0x4c build/usbd_cdc_acm.o
 .text.USBD_CDC_GetFSCfgDesc
                0x08007838        0xc build/usbd_cdc_acm.o
 .text.USBD_CDC_GetHSCfgDesc
                0x08007844        0xc build/usbd_cdc_acm.o
 .text.USBD_CDC_GetOtherSpeedCfgDesc
                0x08007850        0xc build/usbd_cdc_acm.o
 .text.USBD_CDC_GetDeviceQualifierDescriptor
                0x0800785c        0xc build/usbd_cdc_acm.o
 .text.USBD_CDC_DataOut
                0x08007868       0x50 build/usbd_cdc_acm.o
 .text.USBD_CDC_DataIn
                0x080078b8       0x98 build/usbd_cdc_acm.o
 .text.USBD_CDC_Setup
                0x08007950      0x150 build/usbd_cdc_acm.o
 .text.USBD_CDC_DeInit
                0x08007aa0       0x7c build/usbd_cdc_acm.o
 .text.USBD_CDC_Init
                0x08007b1c      0x164 build/usbd_cdc_acm.o
 .text.USBD_CDC_ACM_RegisterInterface
                0x08007c80        0xe build/usbd_cdc_acm.o
                0x08007c80                USBD_CDC_ACM_RegisterInterface
 *fill*         0x08007c8e        0x2 
 .text.USBD_CDC_SetTxBuffer
                0x08007c90       0x1c build/usbd_cdc_acm.o
                0x08007c90                USBD_CDC_SetTxBuffer
 .text.USBD_CDC_SetRxBuffer
                0x08007cac       0x18 build/usbd_cdc_acm.o
                0x08007cac                USBD_CDC_SetRxBuffer
 .text.USBD_CDC_TransmitPacket
                0x08007cc4       0x50 build/usbd_cdc_acm.o
                0x08007cc4                USBD_CDC_TransmitPacket
 .text.USBD_CDC_ReceivePacket
                0x08007d14       0x50 build/usbd_cdc_acm.o
                0x08007d14                USBD_CDC_ReceivePacket
 .text.USBD_Update_CDC_ACM_DESC
                0x08007d64       0x98 build/usbd_cdc_acm.o
                0x08007d64                USBD_Update_CDC_ACM_DESC
 .text.USBD_COMPOSITE_Init
                0x08007dfc       0x24 build/usbd_composite.o
 .text.USBD_COMPOSITE_DeInit
                0x08007e20       0x24 build/usbd_composite.o
 .text.USBD_COMPOSITE_Setup
                0x08007e44       0x54 build/usbd_composite.o
 .text.USBD_COMPOSITE_DataIn
                0x08007e98       0x58 build/usbd_composite.o
 .text.USBD_COMPOSITE_EP0_RxReady
                0x08007ef0       0x10 build/usbd_composite.o
 .text.USBD_COMPOSITE_EP0_TxReady
                0x08007f00        0x4 build/usbd_composite.o
 .text.USBD_COMPOSITE_SOF
                0x08007f04        0x4 build/usbd_composite.o
 .text.USBD_COMPOSITE_IsoINIncomplete
                0x08007f08        0x4 build/usbd_composite.o
 .text.USBD_COMPOSITE_IsoOutIncomplete
                0x08007f0c        0x4 build/usbd_composite.o
 .text.USBD_COMPOSITE_DataOut
                0x08007f10       0x28 build/usbd_composite.o
 .text.USBD_COMPOSITE_GetHSCfgDesc
                0x08007f38        0xc build/usbd_composite.o
 .text.USBD_COMPOSITE_GetFSCfgDesc
                0x08007f44        0xc build/usbd_composite.o
 .text.USBD_COMPOSITE_GetOtherSpeedCfgDesc
                0x08007f50        0xc build/usbd_composite.o
 .text.USBD_COMPOSITE_GetDeviceQualifierDesc
                0x08007f5c        0xc build/usbd_composite.o
 .text.USBD_COMPOSITE_GetUsrStringDesc
                0x08007f68       0x7c build/usbd_composite.o
 .text.USBD_COMPOSITE_Mount_Class
                0x08007fe4      0x150 build/usbd_composite.o
                0x08007fe4                USBD_COMPOSITE_Mount_Class
 .text.USBD_HID_GetFSCfgDesc
                0x08008134        0xc build/usbd_hid_keyboard.o
 .text.USBD_HID_GetHSCfgDesc
                0x08008140        0xc build/usbd_hid_keyboard.o
 .text.USBD_HID_GetOtherSpeedCfgDesc
                0x0800814c        0xc build/usbd_hid_keyboard.o
 .text.USBD_HID_DataIn
                0x08008158        0xa build/usbd_hid_keyboard.o
 *fill*         0x08008162        0x2 
 .text.USBD_HID_GetDeviceQualifierDesc
                0x08008164        0xc build/usbd_hid_keyboard.o
 .text.USBD_HID_Setup
                0x08008170      0x124 build/usbd_hid_keyboard.o
 .text.USBD_HID_DeInit
                0x08008294       0x34 build/usbd_hid_keyboard.o
 .text.USBD_HID_Init
                0x080082c8       0x68 build/usbd_hid_keyboard.o
 .text.USBD_Update_HID_KBD_DESC
                0x08008330       0x20 build/usbd_hid_keyboard.o
                0x08008330                USBD_Update_HID_KBD_DESC
 .text.USBD_Init
                0x08008350       0x2a build/usbd_core.o
                0x08008350                USBD_Init
 .text.USBD_RegisterClass
                0x0800837a       0x44 build/usbd_core.o
                0x0800837a                USBD_RegisterClass
 .text.USBD_Start
                0x080083be        0x8 build/usbd_core.o
                0x080083be                USBD_Start
 .text.USBD_SetClassConfig
                0x080083c6       0x12 build/usbd_core.o
                0x080083c6                USBD_SetClassConfig
 .text.USBD_ClrClassConfig
                0x080083d8       0x10 build/usbd_core.o
                0x080083d8                USBD_ClrClassConfig
 .text.USBD_LL_SetupStage
                0x080083e8       0x58 build/usbd_core.o
                0x080083e8                USBD_LL_SetupStage
 .text.USBD_LL_DataOutStage
                0x08008440       0x78 build/usbd_core.o
                0x08008440                USBD_LL_DataOutStage
 .text.USBD_LL_DataInStage
                0x080084b8       0xbe build/usbd_core.o
                0x080084b8                USBD_LL_DataInStage
 .text.USBD_LL_Reset
                0x08008576       0x54 build/usbd_core.o
                0x08008576                USBD_LL_Reset
 .text.USBD_LL_SetSpeed
                0x080085ca        0x6 build/usbd_core.o
                0x080085ca                USBD_LL_SetSpeed
 .text.USBD_LL_Suspend
                0x080085d0       0x14 build/usbd_core.o
                0x080085d0                USBD_LL_Suspend
 .text.USBD_LL_Resume
                0x080085e4       0x1a build/usbd_core.o
                0x080085e4                USBD_LL_Resume
 .text.USBD_LL_SOF
                0x080085fe       0x28 build/usbd_core.o
                0x080085fe                USBD_LL_SOF
 .text.USBD_LL_IsoINIncomplete
                0x08008626       0x28 build/usbd_core.o
                0x08008626                USBD_LL_IsoINIncomplete
 .text.USBD_LL_IsoOUTIncomplete
                0x0800864e       0x28 build/usbd_core.o
                0x0800864e                USBD_LL_IsoOUTIncomplete
 .text.USBD_LL_DevConnected
                0x08008676        0x4 build/usbd_core.o
                0x08008676                USBD_LL_DevConnected
 .text.USBD_LL_DevDisconnected
                0x0800867a       0x18 build/usbd_core.o
                0x0800867a                USBD_LL_DevDisconnected
 .text.USBD_GetLen
                0x08008692       0x14 build/usbd_ctlreq.o
 .text.USBD_SetFeature
                0x080086a6       0x14 build/usbd_ctlreq.o
 .text.USBD_ParseSetupRequest
                0x080086ba       0x28 build/usbd_ctlreq.o
                0x080086ba                USBD_ParseSetupRequest
 .text.USBD_CtlError
                0x080086e2       0x14 build/usbd_ctlreq.o
                0x080086e2                USBD_CtlError
 .text.USBD_GetDescriptor
                0x080086f6      0x19a build/usbd_ctlreq.o
 .text.USBD_SetAddress
                0x08008890       0x50 build/usbd_ctlreq.o
 .text.USBD_SetConfig
                0x080088e0       0xc8 build/usbd_ctlreq.o
 .text.USBD_GetConfig
                0x080089a8       0x40 build/usbd_ctlreq.o
 .text.USBD_GetStatus
                0x080089e8       0x38 build/usbd_ctlreq.o
 .text.USBD_ClrFeature
                0x08008a20       0x26 build/usbd_ctlreq.o
 .text.USBD_StdDevReq
                0x08008a46       0x70 build/usbd_ctlreq.o
                0x08008a46                USBD_StdDevReq
 .text.USBD_StdItfReq
                0x08008ab6       0x68 build/usbd_ctlreq.o
                0x08008ab6                USBD_StdItfReq
 .text.USBD_StdEPReq
                0x08008b1e      0x1f2 build/usbd_ctlreq.o
                0x08008b1e                USBD_StdEPReq
 .text.USBD_GetString
                0x08008d10       0x3a build/usbd_ctlreq.o
                0x08008d10                USBD_GetString
 .text.USBD_CtlSendData
                0x08008d4a       0x1a build/usbd_ioreq.o
                0x08008d4a                USBD_CtlSendData
 .text.USBD_CtlContinueSendData
                0x08008d64       0x10 build/usbd_ioreq.o
                0x08008d64                USBD_CtlContinueSendData
 .text.USBD_CtlPrepareRx
                0x08008d74       0x1e build/usbd_ioreq.o
                0x08008d74                USBD_CtlPrepareRx
 .text.USBD_CtlContinueRx
                0x08008d92       0x10 build/usbd_ioreq.o
                0x08008d92                USBD_CtlContinueRx
 .text.USBD_CtlSendStatus
                0x08008da2       0x16 build/usbd_ioreq.o
                0x08008da2                USBD_CtlSendStatus
 .text.USBD_CtlReceiveStatus
                0x08008db8       0x16 build/usbd_ioreq.o
                0x08008db8                USBD_CtlReceiveStatus
 .text.HAL_PCDEx_SetTxFiFoInBytes
                0x08008dce        0xa build/usbd_conf.o
                0x08008dce                HAL_PCDEx_SetTxFiFoInBytes
 .text.HAL_PCDEx_SetRxFiFoInBytes
                0x08008dd8        0xa build/usbd_conf.o
                0x08008dd8                HAL_PCDEx_SetRxFiFoInBytes
 .text.HAL_PCD_SetupStageCallback
                0x08008de2       0x10 build/usbd_conf.o
                0x08008de2                HAL_PCD_SetupStageCallback
 .text.HAL_PCD_DataOutStageCallback
                0x08008df2       0x18 build/usbd_conf.o
                0x08008df2                HAL_PCD_DataOutStageCallback
 .text.HAL_PCD_DataInStageCallback
                0x08008e0a       0x16 build/usbd_conf.o
                0x08008e0a                HAL_PCD_DataInStageCallback
 .text.HAL_PCD_SOFCallback
                0x08008e20        0xc build/usbd_conf.o
                0x08008e20                HAL_PCD_SOFCallback
 .text.HAL_PCD_ResetCallback
                0x08008e2c       0x2c build/usbd_conf.o
                0x08008e2c                HAL_PCD_ResetCallback
 .text.HAL_PCD_SuspendCallback
                0x08008e58       0x30 build/usbd_conf.o
                0x08008e58                HAL_PCD_SuspendCallback
 .text.HAL_PCD_ResumeCallback
                0x08008e88        0xc build/usbd_conf.o
                0x08008e88                HAL_PCD_ResumeCallback
 .text.HAL_PCD_ISOOUTIncompleteCallback
                0x08008e94        0xc build/usbd_conf.o
                0x08008e94                HAL_PCD_ISOOUTIncompleteCallback
 .text.HAL_PCD_ISOINIncompleteCallback
                0x08008ea0        0xc build/usbd_conf.o
                0x08008ea0                HAL_PCD_ISOINIncompleteCallback
 .text.HAL_PCD_ConnectCallback
                0x08008eac        0xc build/usbd_conf.o
                0x08008eac                HAL_PCD_ConnectCallback
 .text.HAL_PCD_DisconnectCallback
                0x08008eb8        0xc build/usbd_conf.o
                0x08008eb8                HAL_PCD_DisconnectCallback
 .text.USBD_LL_Init
                0x08008ec4       0x84 build/usbd_conf.o
                0x08008ec4                USBD_LL_Init
 .text.USBD_LL_IsStallEP
                0x08008f48       0x2e build/usbd_conf.o
                0x08008f48                USBD_LL_IsStallEP
 .text.USBD_LL_GetRxDataSize
                0x08008f76        0xc build/usbd_conf.o
                0x08008f76                USBD_LL_GetRxDataSize
 .text.USBD_Get_USB_Status
                0x08008f82       0x14 build/usbd_conf.o
                0x08008f82                USBD_Get_USB_Status
 .text.USBD_LL_Start
                0x08008f96       0x10 build/usbd_conf.o
                0x08008f96                USBD_LL_Start
 .text.USBD_LL_OpenEP
                0x08008fa6       0x16 build/usbd_conf.o
                0x08008fa6                USBD_LL_OpenEP
 .text.USBD_LL_CloseEP
                0x08008fbc       0x10 build/usbd_conf.o
                0x08008fbc                USBD_LL_CloseEP
 .text.USBD_LL_StallEP
                0x08008fcc       0x10 build/usbd_conf.o
                0x08008fcc                USBD_LL_StallEP
 .text.USBD_LL_ClearStallEP
                0x08008fdc       0x10 build/usbd_conf.o
                0x08008fdc                USBD_LL_ClearStallEP
 .text.USBD_LL_SetUSBAddress
                0x08008fec       0x10 build/usbd_conf.o
                0x08008fec                USBD_LL_SetUSBAddress
 .text.USBD_LL_Transmit
                0x08008ffc       0x10 build/usbd_conf.o
                0x08008ffc                USBD_LL_Transmit
 .text.USBD_LL_PrepareReceive
                0x0800900c       0x10 build/usbd_conf.o
                0x0800900c                USBD_LL_PrepareReceive
 .text.Reset_Handler
                0x0800901c       0x50 build/startup_stm32f723xx.o
                0x0800901c                Reset_Handler
 .text.Default_Handler
                0x0800906c        0x2 build/startup_stm32f723xx.o
                0x0800906c                RTC_Alarm_IRQHandler
                0x0800906c                EXTI2_IRQHandler
                0x0800906c                UART8_IRQHandler
                0x0800906c                SPI4_IRQHandler
                0x0800906c                DMA2_Stream5_IRQHandler
                0x0800906c                DMA1_Stream5_IRQHandler
                0x0800906c                PVD_IRQHandler
                0x0800906c                TAMP_STAMP_IRQHandler
                0x0800906c                EXTI3_IRQHandler
                0x0800906c                TIM8_TRG_COM_TIM14_IRQHandler
                0x0800906c                TIM8_UP_TIM13_IRQHandler
                0x0800906c                I2C3_ER_IRQHandler
                0x0800906c                EXTI0_IRQHandler
                0x0800906c                I2C2_EV_IRQHandler
                0x0800906c                DMA1_Stream2_IRQHandler
                0x0800906c                CAN1_RX0_IRQHandler
                0x0800906c                FPU_IRQHandler
                0x0800906c                OTG_HS_WKUP_IRQHandler
                0x0800906c                DMA2_Stream2_IRQHandler
                0x0800906c                SPI1_IRQHandler
                0x0800906c                TIM1_BRK_TIM9_IRQHandler
                0x0800906c                DMA2_Stream3_IRQHandler
                0x0800906c                SAI2_IRQHandler
                0x0800906c                USART6_IRQHandler
                0x0800906c                USART3_IRQHandler
                0x0800906c                CAN1_RX1_IRQHandler
                0x0800906c                UART5_IRQHandler
                0x0800906c                DMA2_Stream0_IRQHandler
                0x0800906c                TIM4_IRQHandler
                0x0800906c                QUADSPI_IRQHandler
                0x0800906c                DMA1_Stream1_IRQHandler
                0x0800906c                UART4_IRQHandler
                0x0800906c                TIM3_IRQHandler
                0x0800906c                RCC_IRQHandler
                0x0800906c                TIM8_BRK_TIM12_IRQHandler
                0x0800906c                Default_Handler
                0x0800906c                EXTI15_10_IRQHandler
                0x0800906c                ADC_IRQHandler
                0x0800906c                DMA1_Stream7_IRQHandler
                0x0800906c                SPI5_IRQHandler
                0x0800906c                SDMMC1_IRQHandler
                0x0800906c                TIM5_IRQHandler
                0x0800906c                DMA2_Stream7_IRQHandler
                0x0800906c                I2C3_EV_IRQHandler
                0x0800906c                EXTI9_5_IRQHandler
                0x0800906c                RTC_WKUP_IRQHandler
                0x0800906c                SPI2_IRQHandler
                0x0800906c                OTG_HS_EP1_IN_IRQHandler
                0x0800906c                CAN1_TX_IRQHandler
                0x0800906c                EXTI4_IRQHandler
                0x0800906c                RNG_IRQHandler
                0x0800906c                OTG_HS_EP1_OUT_IRQHandler
                0x0800906c                WWDG_IRQHandler
                0x0800906c                TIM2_IRQHandler
                0x0800906c                OTG_FS_WKUP_IRQHandler
                0x0800906c                TIM1_TRG_COM_TIM11_IRQHandler
                0x0800906c                EXTI1_IRQHandler
                0x0800906c                SDMMC2_IRQHandler
                0x0800906c                UART7_IRQHandler
                0x0800906c                USART2_IRQHandler
                0x0800906c                I2C2_ER_IRQHandler
                0x0800906c                DMA2_Stream1_IRQHandler
                0x0800906c                CAN1_SCE_IRQHandler
                0x0800906c                FLASH_IRQHandler
                0x0800906c                DMA2_Stream4_IRQHandler
                0x0800906c                USART1_IRQHandler
                0x0800906c                OTG_FS_IRQHandler
                0x0800906c                SPI3_IRQHandler
                0x0800906c                DMA1_Stream4_IRQHandler
                0x0800906c                FMC_IRQHandler
                0x0800906c                LPTIM1_IRQHandler
                0x0800906c                DMA2_Stream6_IRQHandler
                0x0800906c                SAI1_IRQHandler
                0x0800906c                DMA1_Stream3_IRQHandler
 .text.atoi     0x0800906e        0x8 /home/qrsnap/.config/Code/User/globalStorage/bmd.stm32-for-vscode/@xpack-dev-tools/arm-none-eabi-gcc/12.3.1-1.2.1/.content/bin/../lib/gcc/arm-none-eabi/12.3.1/../../../../arm-none-eabi/lib/thumb/v7e-m+fp/hard/libc_nano.a(libc_a-atoi.o)
                0x0800906e                atoi
 *fill*         0x08009076        0x2 
 .text.malloc   0x08009078       0x10 /home/qrsnap/.config/Code/User/globalStorage/bmd.stm32-for-vscode/@xpack-dev-tools/arm-none-eabi-gcc/12.3.1-1.2.1/.content/bin/../lib/gcc/arm-none-eabi/12.3.1/../../../../arm-none-eabi/lib/thumb/v7e-m+fp/hard/libc_nano.a(libc_a-malloc.o)
                0x08009078                malloc
 .text.free     0x08009088       0x10 /home/qrsnap/.config/Code/User/globalStorage/bmd.stm32-for-vscode/@xpack-dev-tools/arm-none-eabi-gcc/12.3.1-1.2.1/.content/bin/../lib/gcc/arm-none-eabi/12.3.1/../../../../arm-none-eabi/lib/thumb/v7e-m+fp/hard/libc_nano.a(libc_a-malloc.o)
                0x08009088                free
 .text.sbrk_aligned
                0x08009098       0x44 /home/qrsnap/.config/Code/User/globalStorage/bmd.stm32-for-vscode/@xpack-dev-tools/arm-none-eabi-gcc/12.3.1-1.2.1/.content/bin/../lib/gcc/arm-none-eabi/12.3.1/../../../../arm-none-eabi/lib/thumb/v7e-m+fp/hard/libc_nano.a(libc_a-mallocr.o)
 .text._malloc_r
                0x080090dc      0x100 /home/qrsnap/.config/Code/User/globalStorage/bmd.stm32-for-vscode/@xpack-dev-tools/arm-none-eabi-gcc/12.3.1-1.2.1/.content/bin/../lib/gcc/arm-none-eabi/12.3.1/../../../../arm-none-eabi/lib/thumb/v7e-m+fp/hard/libc_nano.a(libc_a-mallocr.o)
                0x080090dc                _malloc_r
 .text.__malloc_lock
                0x080091dc        0xc /home/qrsnap/.config/Code/User/globalStorage/bmd.stm32-for-vscode/@xpack-dev-tools/arm-none-eabi-gcc/12.3.1-1.2.1/.content/bin/../lib/gcc/arm-none-eabi/12.3.1/../../../../arm-none-eabi/lib/thumb/v7e-m+fp/hard/libc_nano.a(libc_a-mlock.o)
                0x080091dc                __malloc_lock
 .text.__malloc_unlock
                0x080091e8        0xc /home/qrsnap/.config/Code/User/globalStorage/bmd.stm32-for-vscode/@xpack-dev-tools/arm-none-eabi-gcc/12.3.1-1.2.1/.content/bin/../lib/gcc/arm-none-eabi/12.3.1/../../../../arm-none-eabi/lib/thumb/v7e-m+fp/hard/libc_nano.a(libc_a-mlock.o)
                0x080091e8                __malloc_unlock
 .text.realloc  0x080091f4       0x10 /home/qrsnap/.config/Code/User/globalStorage/bmd.stm32-for-vscode/@xpack-dev-tools/arm-none-eabi-gcc/12.3.1-1.2.1/.content/bin/../lib/gcc/arm-none-eabi/12.3.1/../../../../arm-none-eabi/lib/thumb/v7e-m+fp/hard/libc_nano.a(libc_a-realloc.o)
                0x080091f4                realloc
 .text._realloc_r
                0x08009204       0x5c /home/qrsnap/.config/Code/User/globalStorage/bmd.stm32-for-vscode/@xpack-dev-tools/arm-none-eabi-gcc/12.3.1-1.2.1/.content/bin/../lib/gcc/arm-none-eabi/12.3.1/../../../../arm-none-eabi/lib/thumb/v7e-m+fp/hard/libc_nano.a(libc_a-reallocr.o)
                0x08009204                _realloc_r
 .text._strtol_l.constprop.0
                0x08009260       0xfc /home/qrsnap/.config/Code/User/globalStorage/bmd.stm32-for-vscode/@xpack-dev-tools/arm-none-eabi-gcc/12.3.1-1.2.1/.content/bin/../lib/gcc/arm-none-eabi/12.3.1/../../../../arm-none-eabi/lib/thumb/v7e-m+fp/hard/libc_nano.a(libc_a-strtol.o)
 .text.strtol   0x0800935c       0x14 /home/qrsnap/.config/Code/User/globalStorage/bmd.stm32-for-vscode/@xpack-dev-tools/arm-none-eabi-gcc/12.3.1-1.2.1/.content/bin/../lib/gcc/arm-none-eabi/12.3.1/../../../../arm-none-eabi/lib/thumb/v7e-m+fp/hard/libc_nano.a(libc_a-strtol.o)
                0x0800935c                strtol
 .text.std      0x08009370       0x6c /home/qrsnap/.config/Code/User/globalStorage/bmd.stm32-for-vscode/@xpack-dev-tools/arm-none-eabi-gcc/12.3.1-1.2.1/.content/bin/../lib/gcc/arm-none-eabi/12.3.1/../../../../arm-none-eabi/lib/thumb/v7e-m+fp/hard/libc_nano.a(libc_a-findfp.o)
 .text.stdio_exit_handler
                0x080093dc       0x18 /home/qrsnap/.config/Code/User/globalStorage/bmd.stm32-for-vscode/@xpack-dev-tools/arm-none-eabi-gcc/12.3.1-1.2.1/.content/bin/../lib/gcc/arm-none-eabi/12.3.1/../../../../arm-none-eabi/lib/thumb/v7e-m+fp/hard/libc_nano.a(libc_a-findfp.o)
 .text.cleanup_stdio
                0x080093f4       0x40 /home/qrsnap/.config/Code/User/globalStorage/bmd.stm32-for-vscode/@xpack-dev-tools/arm-none-eabi-gcc/12.3.1-1.2.1/.content/bin/../lib/gcc/arm-none-eabi/12.3.1/../../../../arm-none-eabi/lib/thumb/v7e-m+fp/hard/libc_nano.a(libc_a-findfp.o)
 .text.global_stdio_init.part.0
                0x08009434       0x3c /home/qrsnap/.config/Code/User/globalStorage/bmd.stm32-for-vscode/@xpack-dev-tools/arm-none-eabi-gcc/12.3.1-1.2.1/.content/bin/../lib/gcc/arm-none-eabi/12.3.1/../../../../arm-none-eabi/lib/thumb/v7e-m+fp/hard/libc_nano.a(libc_a-findfp.o)
 .text.__sfp_lock_acquire
                0x08009470        0xc /home/qrsnap/.config/Code/User/globalStorage/bmd.stm32-for-vscode/@xpack-dev-tools/arm-none-eabi-gcc/12.3.1-1.2.1/.content/bin/../lib/gcc/arm-none-eabi/12.3.1/../../../../arm-none-eabi/lib/thumb/v7e-m+fp/hard/libc_nano.a(libc_a-findfp.o)
                0x08009470                __sfp_lock_acquire
 .text.__sfp_lock_release
                0x0800947c        0xc /home/qrsnap/.config/Code/User/globalStorage/bmd.stm32-for-vscode/@xpack-dev-tools/arm-none-eabi-gcc/12.3.1-1.2.1/.content/bin/../lib/gcc/arm-none-eabi/12.3.1/../../../../arm-none-eabi/lib/thumb/v7e-m+fp/hard/libc_nano.a(libc_a-findfp.o)
                0x0800947c                __sfp_lock_release
 .text.__sinit  0x08009488       0x30 /home/qrsnap/.config/Code/User/globalStorage/bmd.stm32-for-vscode/@xpack-dev-tools/arm-none-eabi-gcc/12.3.1-1.2.1/.content/bin/../lib/gcc/arm-none-eabi/12.3.1/../../../../arm-none-eabi/lib/thumb/v7e-m+fp/hard/libc_nano.a(libc_a-findfp.o)
                0x08009488                __sinit
 .text._fwalk_sglue
                0x080094b8       0x3c /home/qrsnap/.config/Code/User/globalStorage/bmd.stm32-for-vscode/@xpack-dev-tools/arm-none-eabi-gcc/12.3.1-1.2.1/.content/bin/../lib/gcc/arm-none-eabi/12.3.1/../../../../arm-none-eabi/lib/thumb/v7e-m+fp/hard/libc_nano.a(libc_a-fwalk.o)
                0x080094b8                _fwalk_sglue
 .text.snprintf
                0x080094f4       0x68 /home/qrsnap/.config/Code/User/globalStorage/bmd.stm32-for-vscode/@xpack-dev-tools/arm-none-eabi-gcc/12.3.1-1.2.1/.content/bin/../lib/gcc/arm-none-eabi/12.3.1/../../../../arm-none-eabi/lib/thumb/v7e-m+fp/hard/libc_nano.a(libc_a-snprintf.o)
                0x080094f4                snprintf
                0x080094f4                sniprintf
 .text.sprintf  0x0800955c       0x40 /home/qrsnap/.config/Code/User/globalStorage/bmd.stm32-for-vscode/@xpack-dev-tools/arm-none-eabi-gcc/12.3.1-1.2.1/.content/bin/../lib/gcc/arm-none-eabi/12.3.1/../../../../arm-none-eabi/lib/thumb/v7e-m+fp/hard/libc_nano.a(libc_a-sprintf.o)
                0x0800955c                sprintf
                0x0800955c                siprintf
 .text.__sread  0x0800959c       0x22 /home/qrsnap/.config/Code/User/globalStorage/bmd.stm32-for-vscode/@xpack-dev-tools/arm-none-eabi-gcc/12.3.1-1.2.1/.content/bin/../lib/gcc/arm-none-eabi/12.3.1/../../../../arm-none-eabi/lib/thumb/v7e-m+fp/hard/libc_nano.a(libc_a-stdio.o)
                0x0800959c                __sread
 .text.__swrite
                0x080095be       0x38 /home/qrsnap/.config/Code/User/globalStorage/bmd.stm32-for-vscode/@xpack-dev-tools/arm-none-eabi-gcc/12.3.1-1.2.1/.content/bin/../lib/gcc/arm-none-eabi/12.3.1/../../../../arm-none-eabi/lib/thumb/v7e-m+fp/hard/libc_nano.a(libc_a-stdio.o)
                0x080095be                __swrite
 .text.__sseek  0x080095f6       0x24 /home/qrsnap/.config/Code/User/globalStorage/bmd.stm32-for-vscode/@xpack-dev-tools/arm-none-eabi-gcc/12.3.1-1.2.1/.content/bin/../lib/gcc/arm-none-eabi/12.3.1/../../../../arm-none-eabi/lib/thumb/v7e-m+fp/hard/libc_nano.a(libc_a-stdio.o)
                0x080095f6                __sseek
 .text.__sclose
                0x0800961a        0x8 /home/qrsnap/.config/Code/User/globalStorage/bmd.stm32-for-vscode/@xpack-dev-tools/arm-none-eabi-gcc/12.3.1-1.2.1/.content/bin/../lib/gcc/arm-none-eabi/12.3.1/../../../../arm-none-eabi/lib/thumb/v7e-m+fp/hard/libc_nano.a(libc_a-stdio.o)
                0x0800961a                __sclose
 .text.memcmp   0x08009622       0x20 /home/qrsnap/.config/Code/User/globalStorage/bmd.stm32-for-vscode/@xpack-dev-tools/arm-none-eabi-gcc/12.3.1-1.2.1/.content/bin/../lib/gcc/arm-none-eabi/12.3.1/../../../../arm-none-eabi/lib/thumb/v7e-m+fp/hard/libc_nano.a(libc_a-memcmp.o)
                0x08009622                memcmp
 .text.memset   0x08009642       0x10 /home/qrsnap/.config/Code/User/globalStorage/bmd.stm32-for-vscode/@xpack-dev-tools/arm-none-eabi-gcc/12.3.1-1.2.1/.content/bin/../lib/gcc/arm-none-eabi/12.3.1/../../../../arm-none-eabi/lib/thumb/v7e-m+fp/hard/libc_nano.a(libc_a-memset.o)
                0x08009642                memset
 .text.strncpy  0x08009652       0x26 /home/qrsnap/.config/Code/User/globalStorage/bmd.stm32-for-vscode/@xpack-dev-tools/arm-none-eabi-gcc/12.3.1-1.2.1/.content/bin/../lib/gcc/arm-none-eabi/12.3.1/../../../../arm-none-eabi/lib/thumb/v7e-m+fp/hard/libc_nano.a(libc_a-strncpy.o)
                0x08009652                strncpy
 .text.strtok   0x08009678       0x68 /home/qrsnap/.config/Code/User/globalStorage/bmd.stm32-for-vscode/@xpack-dev-tools/arm-none-eabi-gcc/12.3.1-1.2.1/.content/bin/../lib/gcc/arm-none-eabi/12.3.1/../../../../arm-none-eabi/lib/thumb/v7e-m+fp/hard/libc_nano.a(libc_a-strtok.o)
                0x08009678                strtok
 .text.__strtok_r
                0x080096e0       0x50 /home/qrsnap/.config/Code/User/globalStorage/bmd.stm32-for-vscode/@xpack-dev-tools/arm-none-eabi-gcc/12.3.1-1.2.1/.content/bin/../lib/gcc/arm-none-eabi/12.3.1/../../../../arm-none-eabi/lib/thumb/v7e-m+fp/hard/libc_nano.a(libc_a-strtok_r.o)
                0x080096e0                __strtok_r
 .text._close_r
                0x08009730       0x20 /home/qrsnap/.config/Code/User/globalStorage/bmd.stm32-for-vscode/@xpack-dev-tools/arm-none-eabi-gcc/12.3.1-1.2.1/.content/bin/../lib/gcc/arm-none-eabi/12.3.1/../../../../arm-none-eabi/lib/thumb/v7e-m+fp/hard/libc_nano.a(libc_a-closer.o)
                0x08009730                _close_r
 .text._lseek_r
                0x08009750       0x24 /home/qrsnap/.config/Code/User/globalStorage/bmd.stm32-for-vscode/@xpack-dev-tools/arm-none-eabi-gcc/12.3.1-1.2.1/.content/bin/../lib/gcc/arm-none-eabi/12.3.1/../../../../arm-none-eabi/lib/thumb/v7e-m+fp/hard/libc_nano.a(libc_a-lseekr.o)
                0x08009750                _lseek_r
 .text._read_r  0x08009774       0x24 /home/qrsnap/.config/Code/User/globalStorage/bmd.stm32-for-vscode/@xpack-dev-tools/arm-none-eabi-gcc/12.3.1-1.2.1/.content/bin/../lib/gcc/arm-none-eabi/12.3.1/../../../../arm-none-eabi/lib/thumb/v7e-m+fp/hard/libc_nano.a(libc_a-readr.o)
                0x08009774                _read_r
 .text._sbrk_r  0x08009798       0x20 /home/qrsnap/.config/Code/User/globalStorage/bmd.stm32-for-vscode/@xpack-dev-tools/arm-none-eabi-gcc/12.3.1-1.2.1/.content/bin/../lib/gcc/arm-none-eabi/12.3.1/../../../../arm-none-eabi/lib/thumb/v7e-m+fp/hard/libc_nano.a(libc_a-sbrkr.o)
                0x08009798                _sbrk_r
 .text._write_r
                0x080097b8       0x24 /home/qrsnap/.config/Code/User/globalStorage/bmd.stm32-for-vscode/@xpack-dev-tools/arm-none-eabi-gcc/12.3.1-1.2.1/.content/bin/../lib/gcc/arm-none-eabi/12.3.1/../../../../arm-none-eabi/lib/thumb/v7e-m+fp/hard/libc_nano.a(libc_a-writer.o)
                0x080097b8                _write_r
 .text.__errno  0x080097dc        0xc /home/qrsnap/.config/Code/User/globalStorage/bmd.stm32-for-vscode/@xpack-dev-tools/arm-none-eabi-gcc/12.3.1-1.2.1/.content/bin/../lib/gcc/arm-none-eabi/12.3.1/../../../../arm-none-eabi/lib/thumb/v7e-m+fp/hard/libc_nano.a(libc_a-errno.o)
                0x080097dc                __errno
 .text.__libc_init_array
                0x080097e8       0x48 /home/qrsnap/.config/Code/User/globalStorage/bmd.stm32-for-vscode/@xpack-dev-tools/arm-none-eabi-gcc/12.3.1-1.2.1/.content/bin/../lib/gcc/arm-none-eabi/12.3.1/../../../../arm-none-eabi/lib/thumb/v7e-m+fp/hard/libc_nano.a(libc_a-init.o)
                0x080097e8                __libc_init_array
 .text.__retarget_lock_init_recursive
                0x08009830        0x2 /home/qrsnap/.config/Code/User/globalStorage/bmd.stm32-for-vscode/@xpack-dev-tools/arm-none-eabi-gcc/12.3.1-1.2.1/.content/bin/../lib/gcc/arm-none-eabi/12.3.1/../../../../arm-none-eabi/lib/thumb/v7e-m+fp/hard/libc_nano.a(libc_a-lock.o)
                0x08009830                __retarget_lock_init_recursive
 .text.__retarget_lock_acquire_recursive
                0x08009832        0x2 /home/qrsnap/.config/Code/User/globalStorage/bmd.stm32-for-vscode/@xpack-dev-tools/arm-none-eabi-gcc/12.3.1-1.2.1/.content/bin/../lib/gcc/arm-none-eabi/12.3.1/../../../../arm-none-eabi/lib/thumb/v7e-m+fp/hard/libc_nano.a(libc_a-lock.o)
                0x08009832                __retarget_lock_acquire_recursive
 .text.__retarget_lock_release_recursive
                0x08009834        0x2 /home/qrsnap/.config/Code/User/globalStorage/bmd.stm32-for-vscode/@xpack-dev-tools/arm-none-eabi-gcc/12.3.1-1.2.1/.content/bin/../lib/gcc/arm-none-eabi/12.3.1/../../../../arm-none-eabi/lib/thumb/v7e-m+fp/hard/libc_nano.a(libc_a-lock.o)
                0x08009834                __retarget_lock_release_recursive
 .text.strcpy   0x08009836       0x10 /home/qrsnap/.config/Code/User/globalStorage/bmd.stm32-for-vscode/@xpack-dev-tools/arm-none-eabi-gcc/12.3.1-1.2.1/.content/bin/../lib/gcc/arm-none-eabi/12.3.1/../../../../arm-none-eabi/lib/thumb/v7e-m+fp/hard/libc_nano.a(libc_a-strcpy.o)
                0x08009836                strcpy
 .text.memcpy   0x08009846       0x1c /home/qrsnap/.config/Code/User/globalStorage/bmd.stm32-for-vscode/@xpack-dev-tools/arm-none-eabi-gcc/12.3.1-1.2.1/.content/bin/../lib/gcc/arm-none-eabi/12.3.1/../../../../arm-none-eabi/lib/thumb/v7e-m+fp/hard/libc_nano.a(libc_a-memcpy-stub.o)
                0x08009846                memcpy
 *fill*         0x08009862        0x2 
 .text.__assert_func
                0x08009864       0x3c /home/qrsnap/.config/Code/User/globalStorage/bmd.stm32-for-vscode/@xpack-dev-tools/arm-none-eabi-gcc/12.3.1-1.2.1/.content/bin/../lib/gcc/arm-none-eabi/12.3.1/../../../../arm-none-eabi/lib/thumb/v7e-m+fp/hard/libc_nano.a(libc_a-assert.o)
                0x08009864                __assert_func
 .text._free_r  0x080098a0       0x94 /home/qrsnap/.config/Code/User/globalStorage/bmd.stm32-for-vscode/@xpack-dev-tools/arm-none-eabi-gcc/12.3.1-1.2.1/.content/bin/../lib/gcc/arm-none-eabi/12.3.1/../../../../arm-none-eabi/lib/thumb/v7e-m+fp/hard/libc_nano.a(libc_a-freer.o)
                0x080098a0                _free_r
 .text._malloc_usable_size_r
                0x08009934       0x10 /home/qrsnap/.config/Code/User/globalStorage/bmd.stm32-for-vscode/@xpack-dev-tools/arm-none-eabi-gcc/12.3.1-1.2.1/.content/bin/../lib/gcc/arm-none-eabi/12.3.1/../../../../arm-none-eabi/lib/thumb/v7e-m+fp/hard/libc_nano.a(libc_a-msizer.o)
                0x08009934                _malloc_usable_size_r
 .text.__ssputs_r
                0x08009944       0xb6 /home/qrsnap/.config/Code/User/globalStorage/bmd.stm32-for-vscode/@xpack-dev-tools/arm-none-eabi-gcc/12.3.1-1.2.1/.content/bin/../lib/gcc/arm-none-eabi/12.3.1/../../../../arm-none-eabi/lib/thumb/v7e-m+fp/hard/libc_nano.a(libc_a-nano-svfprintf.o)
                0x08009944                __ssputs_r
 *fill*         0x080099fa        0x2 
 .text._svfprintf_r
                0x080099fc      0x1f8 /home/qrsnap/.config/Code/User/globalStorage/bmd.stm32-for-vscode/@xpack-dev-tools/arm-none-eabi-gcc/12.3.1-1.2.1/.content/bin/../lib/gcc/arm-none-eabi/12.3.1/../../../../arm-none-eabi/lib/thumb/v7e-m+fp/hard/libc_nano.a(libc_a-nano-svfprintf.o)
                0x080099fc                _svfprintf_r
                0x080099fc                _svfiprintf_r
 .text._printf_common
                0x08009bf4       0xda /home/qrsnap/.config/Code/User/globalStorage/bmd.stm32-for-vscode/@xpack-dev-tools/arm-none-eabi-gcc/12.3.1-1.2.1/.content/bin/../lib/gcc/arm-none-eabi/12.3.1/../../../../arm-none-eabi/lib/thumb/v7e-m+fp/hard/libc_nano.a(libc_a-nano-vfprintf_i.o)
                0x08009bf4                _printf_common
 *fill*         0x08009cce        0x2 
 .text._printf_i
                0x08009cd0      0x258 /home/qrsnap/.config/Code/User/globalStorage/bmd.stm32-for-vscode/@xpack-dev-tools/arm-none-eabi-gcc/12.3.1-1.2.1/.content/bin/../lib/gcc/arm-none-eabi/12.3.1/../../../../arm-none-eabi/lib/thumb/v7e-m+fp/hard/libc_nano.a(libc_a-nano-vfprintf_i.o)
                0x08009cd0                _printf_i
 .text.__sflush_r
                0x08009f28      0x108 /home/qrsnap/.config/Code/User/globalStorage/bmd.stm32-for-vscode/@xpack-dev-tools/arm-none-eabi-gcc/12.3.1-1.2.1/.content/bin/../lib/gcc/arm-none-eabi/12.3.1/../../../../arm-none-eabi/lib/thumb/v7e-m+fp/hard/libc_nano.a(libc_a-fflush.o)
                0x08009f28                __sflush_r
 .text._fflush_r
                0x0800a030       0x50 /home/qrsnap/.config/Code/User/globalStorage/bmd.stm32-for-vscode/@xpack-dev-tools/arm-none-eabi-gcc/12.3.1-1.2.1/.content/bin/../lib/gcc/arm-none-eabi/12.3.1/../../../../arm-none-eabi/lib/thumb/v7e-m+fp/hard/libc_nano.a(libc_a-fflush.o)
                0x0800a030                _fflush_r
 .text.fprintf  0x0800a080       0x24 /home/qrsnap/.config/Code/User/globalStorage/bmd.stm32-for-vscode/@xpack-dev-tools/arm-none-eabi-gcc/12.3.1-1.2.1/.content/bin/../lib/gcc/arm-none-eabi/12.3.1/../../../../arm-none-eabi/lib/thumb/v7e-m+fp/hard/libc_nano.a(libc_a-fprintf.o)
                0x0800a080                fprintf
                0x0800a080                fiprintf
 .text.memmove  0x0800a0a4       0x34 /home/qrsnap/.config/Code/User/globalStorage/bmd.stm32-for-vscode/@xpack-dev-tools/arm-none-eabi-gcc/12.3.1-1.2.1/.content/bin/../lib/gcc/arm-none-eabi/12.3.1/../../../../arm-none-eabi/lib/thumb/v7e-m+fp/hard/libc_nano.a(libc_a-memmove.o)
                0x0800a0a4                memmove
 .text.abort    0x0800a0d8        0xe /home/qrsnap/.config/Code/User/globalStorage/bmd.stm32-for-vscode/@xpack-dev-tools/arm-none-eabi-gcc/12.3.1-1.2.1/.content/bin/../lib/gcc/arm-none-eabi/12.3.1/../../../../arm-none-eabi/lib/thumb/v7e-m+fp/hard/libc_nano.a(libc_a-abort.o)
                0x0800a0d8                abort
 .text.__sfputc_r
                0x0800a0e6       0x2e /home/qrsnap/.config/Code/User/globalStorage/bmd.stm32-for-vscode/@xpack-dev-tools/arm-none-eabi-gcc/12.3.1-1.2.1/.content/bin/../lib/gcc/arm-none-eabi/12.3.1/../../../../arm-none-eabi/lib/thumb/v7e-m+fp/hard/libc_nano.a(libc_a-nano-vfprintf.o)
 .text.__sfputs_r
                0x0800a114       0x24 /home/qrsnap/.config/Code/User/globalStorage/bmd.stm32-for-vscode/@xpack-dev-tools/arm-none-eabi-gcc/12.3.1-1.2.1/.content/bin/../lib/gcc/arm-none-eabi/12.3.1/../../../../arm-none-eabi/lib/thumb/v7e-m+fp/hard/libc_nano.a(libc_a-nano-vfprintf.o)
                0x0800a114                __sfputs_r
 .text._vfprintf_r
                0x0800a138      0x230 /home/qrsnap/.config/Code/User/globalStorage/bmd.stm32-for-vscode/@xpack-dev-tools/arm-none-eabi-gcc/12.3.1-1.2.1/.content/bin/../lib/gcc/arm-none-eabi/12.3.1/../../../../arm-none-eabi/lib/thumb/v7e-m+fp/hard/libc_nano.a(libc_a-nano-vfprintf.o)
                0x0800a138                _vfiprintf_r
                0x0800a138                _vfprintf_r
 .text.__swbuf_r
                0x0800a368       0x7c /home/qrsnap/.config/Code/User/globalStorage/bmd.stm32-for-vscode/@xpack-dev-tools/arm-none-eabi-gcc/12.3.1-1.2.1/.content/bin/../lib/gcc/arm-none-eabi/12.3.1/../../../../arm-none-eabi/lib/thumb/v7e-m+fp/hard/libc_nano.a(libc_a-wbuf.o)
                0x0800a368                __swbuf_r
 .text.__swsetup_r
                0x0800a3e4       0xac /home/qrsnap/.config/Code/User/globalStorage/bmd.stm32-for-vscode/@xpack-dev-tools/arm-none-eabi-gcc/12.3.1-1.2.1/.content/bin/../lib/gcc/arm-none-eabi/12.3.1/../../../../arm-none-eabi/lib/thumb/v7e-m+fp/hard/libc_nano.a(libc_a-wsetup.o)
                0x0800a3e4                __swsetup_r
 .text._raise_r
                0x0800a490       0x50 /home/qrsnap/.config/Code/User/globalStorage/bmd.stm32-for-vscode/@xpack-dev-tools/arm-none-eabi-gcc/12.3.1-1.2.1/.content/bin/../lib/gcc/arm-none-eabi/12.3.1/../../../../arm-none-eabi/lib/thumb/v7e-m+fp/hard/libc_nano.a(libc_a-signal.o)
                0x0800a490                _raise_r
 .text.raise    0x0800a4e0       0x10 /home/qrsnap/.config/Code/User/globalStorage/bmd.stm32-for-vscode/@xpack-dev-tools/arm-none-eabi-gcc/12.3.1-1.2.1/.content/bin/../lib/gcc/arm-none-eabi/12.3.1/../../../../arm-none-eabi/lib/thumb/v7e-m+fp/hard/libc_nano.a(libc_a-signal.o)
                0x0800a4e0                raise
 .text._kill_r  0x0800a4f0       0x24 /home/qrsnap/.config/Code/User/globalStorage/bmd.stm32-for-vscode/@xpack-dev-tools/arm-none-eabi-gcc/12.3.1-1.2.1/.content/bin/../lib/gcc/arm-none-eabi/12.3.1/../../../../arm-none-eabi/lib/thumb/v7e-m+fp/hard/libc_nano.a(libc_a-signalr.o)
                0x0800a4f0                _kill_r
 .text._getpid_r
                0x0800a514        0x4 /home/qrsnap/.config/Code/User/globalStorage/bmd.stm32-for-vscode/@xpack-dev-tools/arm-none-eabi-gcc/12.3.1-1.2.1/.content/bin/../lib/gcc/arm-none-eabi/12.3.1/../../../../arm-none-eabi/lib/thumb/v7e-m+fp/hard/libc_nano.a(libc_a-signalr.o)
                0x0800a514                _getpid_r
 .text.__swhatbuf_r
                0x0800a518       0x4c /home/qrsnap/.config/Code/User/globalStorage/bmd.stm32-for-vscode/@xpack-dev-tools/arm-none-eabi-gcc/12.3.1-1.2.1/.content/bin/../lib/gcc/arm-none-eabi/12.3.1/../../../../arm-none-eabi/lib/thumb/v7e-m+fp/hard/libc_nano.a(libc_a-makebuf.o)
                0x0800a518                __swhatbuf_r
 .text.__smakebuf_r
                0x0800a564       0x78 /home/qrsnap/.config/Code/User/globalStorage/bmd.stm32-for-vscode/@xpack-dev-tools/arm-none-eabi-gcc/12.3.1-1.2.1/.content/bin/../lib/gcc/arm-none-eabi/12.3.1/../../../../arm-none-eabi/lib/thumb/v7e-m+fp/hard/libc_nano.a(libc_a-makebuf.o)
                0x0800a564                __smakebuf_r
 .text._fstat_r
                0x0800a5dc       0x24 /home/qrsnap/.config/Code/User/globalStorage/bmd.stm32-for-vscode/@xpack-dev-tools/arm-none-eabi-gcc/12.3.1-1.2.1/.content/bin/../lib/gcc/arm-none-eabi/12.3.1/../../../../arm-none-eabi/lib/thumb/v7e-m+fp/hard/libc_nano.a(libc_a-fstatr.o)
                0x0800a5dc                _fstat_r
 .text._isatty_r
                0x0800a600       0x20 /home/qrsnap/.config/Code/User/globalStorage/bmd.stm32-for-vscode/@xpack-dev-tools/arm-none-eabi-gcc/12.3.1-1.2.1/.content/bin/../lib/gcc/arm-none-eabi/12.3.1/../../../../arm-none-eabi/lib/thumb/v7e-m+fp/hard/libc_nano.a(libc_a-isattyr.o)
                0x0800a600                _isatty_r
 .text.pow      0x0800a620       0xf0 /home/qrsnap/.config/Code/User/globalStorage/bmd.stm32-for-vscode/@xpack-dev-tools/arm-none-eabi-gcc/12.3.1-1.2.1/.content/bin/../lib/gcc/arm-none-eabi/12.3.1/../../../../arm-none-eabi/lib/thumb/v7e-m+fp/hard/libm.a(libm_a-w_pow.o)
                0x0800a620                pow
 .text.cosf     0x0800a710       0x70 /home/qrsnap/.config/Code/User/globalStorage/bmd.stm32-for-vscode/@xpack-dev-tools/arm-none-eabi-gcc/12.3.1-1.2.1/.content/bin/../lib/gcc/arm-none-eabi/12.3.1/../../../../arm-none-eabi/lib/thumb/v7e-m+fp/hard/libm.a(libm_a-sf_cos.o)
                0x0800a710                cosf
 .text.finite   0x0800a780       0x18 /home/qrsnap/.config/Code/User/globalStorage/bmd.stm32-for-vscode/@xpack-dev-tools/arm-none-eabi-gcc/12.3.1-1.2.1/.content/bin/../lib/gcc/arm-none-eabi/12.3.1/../../../../arm-none-eabi/lib/thumb/v7e-m+fp/hard/libm.a(libm_a-s_finite.o)
                0x0800a780                finite
 .text.floor    0x0800a798      0x108 /home/qrsnap/.config/Code/User/globalStorage/bmd.stm32-for-vscode/@xpack-dev-tools/arm-none-eabi-gcc/12.3.1-1.2.1/.content/bin/../lib/gcc/arm-none-eabi/12.3.1/../../../../arm-none-eabi/lib/thumb/v7e-m+fp/hard/libm.a(libm_a-s_floor.o)
                0x0800a798                floor
 .text.__ieee754_pow
                0x0800a8a0      0xbec /home/qrsnap/.config/Code/User/globalStorage/bmd.stm32-for-vscode/@xpack-dev-tools/arm-none-eabi-gcc/12.3.1-1.2.1/.content/bin/../lib/gcc/arm-none-eabi/12.3.1/../../../../arm-none-eabi/lib/thumb/v7e-m+fp/hard/libm.a(libm_a-e_pow.o)
                0x0800a8a0                __ieee754_pow
 .text.fabs     0x0800b48c       0x10 /home/qrsnap/.config/Code/User/globalStorage/bmd.stm32-for-vscode/@xpack-dev-tools/arm-none-eabi-gcc/12.3.1-1.2.1/.content/bin/../lib/gcc/arm-none-eabi/12.3.1/../../../../arm-none-eabi/lib/thumb/v7e-m+fp/hard/libm.a(libm_a-s_fabs.o)
                0x0800b48c                fabs
 .text.__kernel_cosf
                0x0800b49c      0x104 /home/qrsnap/.config/Code/User/globalStorage/bmd.stm32-for-vscode/@xpack-dev-tools/arm-none-eabi-gcc/12.3.1-1.2.1/.content/bin/../lib/gcc/arm-none-eabi/12.3.1/../../../../arm-none-eabi/lib/thumb/v7e-m+fp/hard/libm.a(libm_a-kf_cos.o)
                0x0800b49c                __kernel_cosf
 .text.__kernel_sinf
                0x0800b5a0       0x90 /home/qrsnap/.config/Code/User/globalStorage/bmd.stm32-for-vscode/@xpack-dev-tools/arm-none-eabi-gcc/12.3.1-1.2.1/.content/bin/../lib/gcc/arm-none-eabi/12.3.1/../../../../arm-none-eabi/lib/thumb/v7e-m+fp/hard/libm.a(libm_a-kf_sin.o)
                0x0800b5a0                __kernel_sinf
 .text.__ieee754_rem_pio2f
                0x0800b630      0x260 /home/qrsnap/.config/Code/User/globalStorage/bmd.stm32-for-vscode/@xpack-dev-tools/arm-none-eabi-gcc/12.3.1-1.2.1/.content/bin/../lib/gcc/arm-none-eabi/12.3.1/../../../../arm-none-eabi/lib/thumb/v7e-m+fp/hard/libm.a(libm_a-ef_rem_pio2.o)
                0x0800b630                __ieee754_rem_pio2f
 .text.fabsf    0x0800b890       0x10 /home/qrsnap/.config/Code/User/globalStorage/bmd.stm32-for-vscode/@xpack-dev-tools/arm-none-eabi-gcc/12.3.1-1.2.1/.content/bin/../lib/gcc/arm-none-eabi/12.3.1/../../../../arm-none-eabi/lib/thumb/v7e-m+fp/hard/libm.a(libm_a-sf_fabs.o)
                0x0800b890                fabsf
 .text.scalbn   0x0800b8a0      0x114 /home/qrsnap/.config/Code/User/globalStorage/bmd.stm32-for-vscode/@xpack-dev-tools/arm-none-eabi-gcc/12.3.1-1.2.1/.content/bin/../lib/gcc/arm-none-eabi/12.3.1/../../../../arm-none-eabi/lib/thumb/v7e-m+fp/hard/libm.a(libm_a-s_scalbn.o)
                0x0800b8a0                scalbn
 .text.with_errno
                0x0800b9b4       0x24 /home/qrsnap/.config/Code/User/globalStorage/bmd.stm32-for-vscode/@xpack-dev-tools/arm-none-eabi-gcc/12.3.1-1.2.1/.content/bin/../lib/gcc/arm-none-eabi/12.3.1/../../../../arm-none-eabi/lib/thumb/v7e-m+fp/hard/libm.a(libm_a-math_err.o)
 .text.xflow    0x0800b9d8       0x34 /home/qrsnap/.config/Code/User/globalStorage/bmd.stm32-for-vscode/@xpack-dev-tools/arm-none-eabi-gcc/12.3.1-1.2.1/.content/bin/../lib/gcc/arm-none-eabi/12.3.1/../../../../arm-none-eabi/lib/thumb/v7e-m+fp/hard/libm.a(libm_a-math_err.o)
 *fill*         0x0800ba0c        0x4 
 .text.__math_uflow
                0x0800ba10       0x10 /home/qrsnap/.config/Code/User/globalStorage/bmd.stm32-for-vscode/@xpack-dev-tools/arm-none-eabi-gcc/12.3.1-1.2.1/.content/bin/../lib/gcc/arm-none-eabi/12.3.1/../../../../arm-none-eabi/lib/thumb/v7e-m+fp/hard/libm.a(libm_a-math_err.o)
                0x0800ba10                __math_uflow
 .text.__math_oflow
                0x0800ba20       0x10 /home/qrsnap/.config/Code/User/globalStorage/bmd.stm32-for-vscode/@xpack-dev-tools/arm-none-eabi-gcc/12.3.1-1.2.1/.content/bin/../lib/gcc/arm-none-eabi/12.3.1/../../../../arm-none-eabi/lib/thumb/v7e-m+fp/hard/libm.a(libm_a-math_err.o)
                0x0800ba20                __math_oflow
 .text.__ieee754_sqrt
                0x0800ba30      0x1f4 /home/qrsnap/.config/Code/User/globalStorage/bmd.stm32-for-vscode/@xpack-dev-tools/arm-none-eabi-gcc/12.3.1-1.2.1/.content/bin/../lib/gcc/arm-none-eabi/12.3.1/../../../../arm-none-eabi/lib/thumb/v7e-m+fp/hard/libm.a(libm_a-e_sqrt.o)
                0x0800ba30                __ieee754_sqrt
 .text.__kernel_rem_pio2f
                0x0800bc24      0x66c /home/qrsnap/.config/Code/User/globalStorage/bmd.stm32-for-vscode/@xpack-dev-tools/arm-none-eabi-gcc/12.3.1-1.2.1/.content/bin/../lib/gcc/arm-none-eabi/12.3.1/../../../../arm-none-eabi/lib/thumb/v7e-m+fp/hard/libm.a(libm_a-kf_rem_pio2.o)
                0x0800bc24                __kernel_rem_pio2f
 .text.scalbnf  0x0800c290       0xe4 /home/qrsnap/.config/Code/User/globalStorage/bmd.stm32-for-vscode/@xpack-dev-tools/arm-none-eabi-gcc/12.3.1-1.2.1/.content/bin/../lib/gcc/arm-none-eabi/12.3.1/../../../../arm-none-eabi/lib/thumb/v7e-m+fp/hard/libm.a(libm_a-sf_scalbn.o)
                0x0800c290                scalbnf
 .text.floorf   0x0800c374       0x94 /home/qrsnap/.config/Code/User/globalStorage/bmd.stm32-for-vscode/@xpack-dev-tools/arm-none-eabi-gcc/12.3.1-1.2.1/.content/bin/../lib/gcc/arm-none-eabi/12.3.1/../../../../arm-none-eabi/lib/thumb/v7e-m+fp/hard/libm.a(libm_a-sf_floor.o)
                0x0800c374                floorf
 .text._close   0x0800c408       0x10 /home/qrsnap/.config/Code/User/globalStorage/bmd.stm32-for-vscode/@xpack-dev-tools/arm-none-eabi-gcc/12.3.1-1.2.1/.content/bin/../lib/gcc/arm-none-eabi/12.3.1/../../../../arm-none-eabi/lib/thumb/v7e-m+fp/hard/libnosys.a(close.o)
                0x0800c408                _close
 .text._fstat   0x0800c418       0x10 /home/qrsnap/.config/Code/User/globalStorage/bmd.stm32-for-vscode/@xpack-dev-tools/arm-none-eabi-gcc/12.3.1-1.2.1/.content/bin/../lib/gcc/arm-none-eabi/12.3.1/../../../../arm-none-eabi/lib/thumb/v7e-m+fp/hard/libnosys.a(fstat.o)
                0x0800c418                _fstat
 .text._getpid  0x0800c428       0x10 /home/qrsnap/.config/Code/User/globalStorage/bmd.stm32-for-vscode/@xpack-dev-tools/arm-none-eabi-gcc/12.3.1-1.2.1/.content/bin/../lib/gcc/arm-none-eabi/12.3.1/../../../../arm-none-eabi/lib/thumb/v7e-m+fp/hard/libnosys.a(getpid.o)
                0x0800c428                _getpid
 .text._isatty  0x0800c438       0x10 /home/qrsnap/.config/Code/User/globalStorage/bmd.stm32-for-vscode/@xpack-dev-tools/arm-none-eabi-gcc/12.3.1-1.2.1/.content/bin/../lib/gcc/arm-none-eabi/12.3.1/../../../../arm-none-eabi/lib/thumb/v7e-m+fp/hard/libnosys.a(isatty.o)
                0x0800c438                _isatty
 .text._kill    0x0800c448       0x10 /home/qrsnap/.config/Code/User/globalStorage/bmd.stm32-for-vscode/@xpack-dev-tools/arm-none-eabi-gcc/12.3.1-1.2.1/.content/bin/../lib/gcc/arm-none-eabi/12.3.1/../../../../arm-none-eabi/lib/thumb/v7e-m+fp/hard/libnosys.a(kill.o)
                0x0800c448                _kill
 .text._lseek   0x0800c458       0x10 /home/qrsnap/.config/Code/User/globalStorage/bmd.stm32-for-vscode/@xpack-dev-tools/arm-none-eabi-gcc/12.3.1-1.2.1/.content/bin/../lib/gcc/arm-none-eabi/12.3.1/../../../../arm-none-eabi/lib/thumb/v7e-m+fp/hard/libnosys.a(lseek.o)
                0x0800c458                _lseek
 .text._read    0x0800c468       0x10 /home/qrsnap/.config/Code/User/globalStorage/bmd.stm32-for-vscode/@xpack-dev-tools/arm-none-eabi-gcc/12.3.1-1.2.1/.content/bin/../lib/gcc/arm-none-eabi/12.3.1/../../../../arm-none-eabi/lib/thumb/v7e-m+fp/hard/libnosys.a(read.o)
                0x0800c468                _read
 .text._sbrk    0x0800c478       0x1c /home/qrsnap/.config/Code/User/globalStorage/bmd.stm32-for-vscode/@xpack-dev-tools/arm-none-eabi-gcc/12.3.1-1.2.1/.content/bin/../lib/gcc/arm-none-eabi/12.3.1/../../../../arm-none-eabi/lib/thumb/v7e-m+fp/hard/libnosys.a(sbrk.o)
                0x0800c478                _sbrk
 .text._write   0x0800c494       0x10 /home/qrsnap/.config/Code/User/globalStorage/bmd.stm32-for-vscode/@xpack-dev-tools/arm-none-eabi-gcc/12.3.1-1.2.1/.content/bin/../lib/gcc/arm-none-eabi/12.3.1/../../../../arm-none-eabi/lib/thumb/v7e-m+fp/hard/libnosys.a(write.o)
                0x0800c494                _write
 .text._exit    0x0800c4a4        0x4 /home/qrsnap/.config/Code/User/globalStorage/bmd.stm32-for-vscode/@xpack-dev-tools/arm-none-eabi-gcc/12.3.1-1.2.1/.content/bin/../lib/gcc/arm-none-eabi/12.3.1/../../../../arm-none-eabi/lib/thumb/v7e-m+fp/hard/libnosys.a(_exit.o)
                0x0800c4a4                _exit
 .text.__udivmoddi4
                0x0800c4a8      0x2bc /home/qrsnap/.config/Code/User/globalStorage/bmd.stm32-for-vscode/@xpack-dev-tools/arm-none-eabi-gcc/12.3.1-1.2.1/.content/bin/../lib/gcc/arm-none-eabi/12.3.1/thumb/v7e-m+fp/hard/libgcc.a(_udivmoddi4.o)
                0x0800c4a8                __udivmoddi4
 *(.glue_7)
 .glue_7        0x0800c764        0x0 linker stubs
 *(.glue_7t)
 .glue_7t       0x0800c764        0x0 linker stubs
 *(.eh_frame)
 .eh_frame      0x0800c764        0x0 /home/qrsnap/.config/Code/User/globalStorage/bmd.stm32-for-vscode/@xpack-dev-tools/arm-none-eabi-gcc/12.3.1-1.2.1/.content/bin/../lib/gcc/arm-none-eabi/12.3.1/thumb/v7e-m+fp/hard/crtbegin.o
 *(.init)
 .init          0x0800c764        0x4 /home/qrsnap/.config/Code/User/globalStorage/bmd.stm32-for-vscode/@xpack-dev-tools/arm-none-eabi-gcc/12.3.1-1.2.1/.content/bin/../lib/gcc/arm-none-eabi/12.3.1/thumb/v7e-m+fp/hard/crti.o
                0x0800c764                _init
 .init          0x0800c768        0x8 /home/qrsnap/.config/Code/User/globalStorage/bmd.stm32-for-vscode/@xpack-dev-tools/arm-none-eabi-gcc/12.3.1-1.2.1/.content/bin/../lib/gcc/arm-none-eabi/12.3.1/thumb/v7e-m+fp/hard/crtn.o
 *(.fini)
 .fini          0x0800c770        0x4 /home/qrsnap/.config/Code/User/globalStorage/bmd.stm32-for-vscode/@xpack-dev-tools/arm-none-eabi-gcc/12.3.1-1.2.1/.content/bin/../lib/gcc/arm-none-eabi/12.3.1/thumb/v7e-m+fp/hard/crti.o
                0x0800c770                _fini
 .fini          0x0800c774        0x8 /home/qrsnap/.config/Code/User/globalStorage/bmd.stm32-for-vscode/@xpack-dev-tools/arm-none-eabi-gcc/12.3.1-1.2.1/.content/bin/../lib/gcc/arm-none-eabi/12.3.1/thumb/v7e-m+fp/hard/crtn.o
                0x0800c77c                        . = ALIGN (0x4)
                0x0800c77c                        _etext = .

.vfp11_veneer   0x0800c77c        0x0
 .vfp11_veneer  0x0800c77c        0x0 linker stubs

.v4_bx          0x0800c77c        0x0