Archive member included to satisfy reference by file (symbol)

/opt/gcc-arm-none-eabi-10.3-2021.10/bin/../lib/gcc/arm-none-eabi/10.3.1/../../../../arm-none-eabi/lib/thumb/v7e-m+fp/hard/libc_nano.a(lib_a-exit.o)
                              /opt/gcc-arm-none-eabi-10.3-2021.10/bin/../lib/gcc/arm-none-eabi/10.3.1/../../../../arm-none-eabi/lib/thumb/v7e-m+fp/hard/crt0.o (exit)
/opt/gcc-arm-none-eabi-10.3-2021.10/bin/../lib/gcc/arm-none-eabi/10.3.1/../../../../arm-none-eabi/lib/thumb/v7e-m+fp/hard/libc_nano.a(lib_a-impure.o)
                              /opt/gcc-arm-none-eabi-10.3-2021.10/bin/../lib/gcc/arm-none-eabi/10.3.1/../../../../arm-none-eabi/lib/thumb/v7e-m+fp/hard/libc_nano.a(lib_a-exit.o) (_global_impure_ptr)
/opt/gcc-arm-none-eabi-10.3-2021.10/bin/../lib/gcc/arm-none-eabi/10.3.1/../../../../arm-none-eabi/lib/thumb/v7e-m+fp/hard/libc_nano.a(lib_a-init.o)
                              /opt/gcc-arm-none-eabi-10.3-2021.10/bin/../lib/gcc/arm-none-eabi/10.3.1/../../../../arm-none-eabi/lib/thumb/v7e-m+fp/hard/crt0.o (__libc_init_array)
/opt/gcc-arm-none-eabi-10.3-2021.10/bin/../lib/gcc/arm-none-eabi/10.3.1/../../../../arm-none-eabi/lib/thumb/v7e-m+fp/hard/libc_nano.a(lib_a-malloc.o)
                              build/nyan_os.o (malloc)
/opt/gcc-arm-none-eabi-10.3-2021.10/bin/../lib/gcc/arm-none-eabi/10.3.1/../../../../arm-none-eabi/lib/thumb/v7e-m+fp/hard/libc_nano.a(lib_a-memcmp.o)
                              build/nyan_os.o (memcmp)
/opt/gcc-arm-none-eabi-10.3-2021.10/bin/../lib/gcc/arm-none-eabi/10.3.1/../../../../arm-none-eabi/lib/thumb/v7e-m+fp/hard/libc_nano.a(lib_a-memcpy-stub.o)
                              build/nyan_os.o (memcpy)
/opt/gcc-arm-none-eabi-10.3-2021.10/bin/../lib/gcc/arm-none-eabi/10.3.1/../../../../arm-none-eabi/lib/thumb/v7e-m+fp/hard/libc_nano.a(lib_a-memset.o)
                              /opt/gcc-arm-none-eabi-10.3-2021.10/bin/../lib/gcc/arm-none-eabi/10.3.1/../../../../arm-none-eabi/lib/thumb/v7e-m+fp/hard/crt0.o (memset)
/opt/gcc-arm-none-eabi-10.3-2021.10/bin/../lib/gcc/arm-none-eabi/10.3.1/../../../../arm-none-eabi/lib/thumb/v7e-m+fp/hard/libc_nano.a(lib_a-nano-freer.o)
                              /opt/gcc-arm-none-eabi-10.3-2021.10/bin/../lib/gcc/arm-none-eabi/10.3.1/../../../../arm-none-eabi/lib/thumb/v7e-m+fp/hard/libc_nano.a(lib_a-malloc.o) (_free_r)
/opt/gcc-arm-none-eabi-10.3-2021.10/bin/../lib/gcc/arm-none-eabi/10.3.1/../../../../arm-none-eabi/lib/thumb/v7e-m+fp/hard/libc_nano.a(lib_a-nano-mallocr.o)
                              /opt/gcc-arm-none-eabi-10.3-2021.10/bin/../lib/gcc/arm-none-eabi/10.3.1/../../../../arm-none-eabi/lib/thumb/v7e-m+fp/hard/libc_nano.a(lib_a-malloc.o) (_malloc_r)
/opt/gcc-arm-none-eabi-10.3-2021.10/bin/../lib/gcc/arm-none-eabi/10.3.1/../../../../arm-none-eabi/lib/thumb/v7e-m+fp/hard/libc_nano.a(lib_a-realloc.o)
                              build/nyan_os.o (realloc)
/opt/gcc-arm-none-eabi-10.3-2021.10/bin/../lib/gcc/arm-none-eabi/10.3.1/../../../../arm-none-eabi/lib/thumb/v7e-m+fp/hard/libc_nano.a(lib_a-sbrkr.o)
                              /opt/gcc-arm-none-eabi-10.3-2021.10/bin/../lib/gcc/arm-none-eabi/10.3.1/../../../../arm-none-eabi/lib/thumb/v7e-m+fp/hard/libc_nano.a(lib_a-nano-mallocr.o) (_sbrk_r)
/opt/gcc-arm-none-eabi-10.3-2021.10/bin/../lib/gcc/arm-none-eabi/10.3.1/../../../../arm-none-eabi/lib/thumb/v7e-m+fp/hard/libc_nano.a(lib_a-snprintf.o)
                              build/usbd_composite.o (snprintf)
/opt/gcc-arm-none-eabi-10.3-2021.10/bin/../lib/gcc/arm-none-eabi/10.3.1/../../../../arm-none-eabi/lib/thumb/v7e-m+fp/hard/libc_nano.a(lib_a-strlen.o)
                              build/nyan_os.o (strlen)
/opt/gcc-arm-none-eabi-10.3-2021.10/bin/../lib/gcc/arm-none-eabi/10.3.1/../../../../arm-none-eabi/lib/thumb/v7e-m+fp/hard/libc_nano.a(lib_a-mlock.o)
                              /opt/gcc-arm-none-eabi-10.3-2021.10/bin/../lib/gcc/arm-none-eabi/10.3.1/../../../../arm-none-eabi/lib/thumb/v7e-m+fp/hard/libc_nano.a(lib_a-nano-freer.o) (__malloc_lock)
/opt/gcc-arm-none-eabi-10.3-2021.10/bin/../lib/gcc/arm-none-eabi/10.3.1/../../../../arm-none-eabi/lib/thumb/v7e-m+fp/hard/libc_nano.a(lib_a-nano-reallocr.o)
                              /opt/gcc-arm-none-eabi-10.3-2021.10/bin/../lib/gcc/arm-none-eabi/10.3.1/../../../../arm-none-eabi/lib/thumb/v7e-m+fp/hard/libc_nano.a(lib_a-realloc.o) (_realloc_r)
/opt/gcc-arm-none-eabi-10.3-2021.10/bin/../lib/gcc/arm-none-eabi/10.3.1/../../../../arm-none-eabi/lib/thumb/v7e-m+fp/hard/libc_nano.a(lib_a-nano-svfprintf.o)
                              /opt/gcc-arm-none-eabi-10.3-2021.10/bin/../lib/gcc/arm-none-eabi/10.3.1/../../../../arm-none-eabi/lib/thumb/v7e-m+fp/hard/libc_nano.a(lib_a-snprintf.o) (_svfprintf_r)
/opt/gcc-arm-none-eabi-10.3-2021.10/bin/../lib/gcc/arm-none-eabi/10.3.1/../../../../arm-none-eabi/lib/thumb/v7e-m+fp/hard/libc_nano.a(lib_a-nano-vfprintf_i.o)
[...]
Memory Configuration

Name             Origin             Length             Attributes
RAM              0x0000000020000000 0x0000000000040000 xrw
FLASH            0x0000000008000000 0x0000000000080000 xr
*default*        0x0000000000000000 0xffffffffffffffff

Linker script and memory map

LOAD /opt/gcc-arm-none-eabi-10.3-2021.10/bin/../lib/gcc/arm-none-eabi/10.3.1/thumb/v7e-m+fp/hard/crti.o
LOAD /opt/gcc-arm-none-eabi-10.3-2021.10/bin/../lib/gcc/arm-none-eabi/10.3.1/thumb/v7e-m+fp/hard/crtbegin.o
LOAD /opt/gcc-arm-none-eabi-10.3-2021.10/bin/../lib/gcc/arm-none-eabi/10.3.1/../../../../arm-none-eabi/lib/thumb/v7e-m+fp/hard/crt0.o
LOAD build/main.o
LOAD build/gpio.o
LOAD build/i2c.o
LOAD build/rng.o
LOAD build/spi.o
LOAD build/stm32f7xx_it.o
LOAD build/stm32f7xx_hal_msp.o
LOAD build/stm32f7xx_hal_rcc.o
LOAD build/stm32f7xx_hal_rcc_ex.o
LOAD build/stm32f7xx_hal_flash.o
LOAD build/stm32f7xx_hal_flash_ex.o
LOAD build/stm32f7xx_hal_gpio.o
LOAD build/stm32f7xx_hal_dma.o
LOAD build/stm32f7xx_hal_dma_ex.o
LOAD build/stm32f7xx_hal_pwr.o
LOAD build/stm32f7xx_hal_pwr_ex.o
LOAD build/stm32f7xx_hal_cortex.o
LOAD build/stm32f7xx_hal.o
LOAD build/stm32f7xx_hal_i2c.o
LOAD build/stm32f7xx_hal_i2c_ex.o
LOAD build/stm32f7xx_hal_exti.o
LOAD build/stm32f7xx_hal_rng.o
LOAD build/stm32f7xx_hal_spi.o
LOAD build/stm32f7xx_hal_spi_ex.o
LOAD build/stm32f7xx_hal_tim.o
LOAD build/stm32f7xx_hal_tim_ex.o
LOAD build/system_stm32f7xx.o
LOAD build/stm32f7xx_hal_pcd.o
LOAD build/stm32f7xx_hal_pcd_ex.o
LOAD build/stm32f7xx_ll_usb.o
LOAD build/nyan_leds.o
LOAD build/nyan_os.o
LOAD build/24xx_eeprom.o
LOAD build/tim.o
LOAD build/usb_otg.o
LOAD build/usbd_composite.o
LOAD build/usbd_hid_keyboard.o
LOAD build/usbd_core.o
LOAD build/usbd_ctlreq.o
LOAD build/usbd_ioreq.o
LOAD build/usb_device.o
LOAD build/usbd_desc.o
LOAD build/usbd_conf.o
LOAD build/usbd_cdc_acm.o
LOAD build/usbd_cdc_acm_if.o
LOAD build/dma.o
LOAD build/startup_stm32f723xx.o
LOAD /opt/gcc-arm-none-eabi-10.3-2021.10/bin/../lib/gcc/arm-none-eabi/10.3.1/../../../../arm-none-eabi/lib/thumb/v7e-m+fp/hard/libc_nano.a
LOAD /opt/gcc-arm-none-eabi-10.3-2021.10/bin/../lib/gcc/arm-none-eabi/10.3.1/../../../../arm-none-eabi/lib/thumb/v7e-m+fp/hard/libm.a
LOAD /opt/gcc-arm-none-eabi-10.3-2021.10/bin/../lib/gcc/arm-none-eabi/10.3.1/../../../../arm-none-eabi/lib/thumb/v7e-m+fp/hard/libnosys.a
START GROUP
LOAD /opt/gcc-arm-none-eabi-10.3-2021.10/bin/../lib/gcc/arm-none-eabi/10.3.1/thumb/v7e-m+fp/hard/libgcc.a
LOAD /opt/gcc-arm-none-eabi-10.3-2021.10/bin/../lib/gcc/arm-none-eabi/10.3.1/../../../../arm-none-eabi/lib/thumb/v7e-m+fp/hard/libc_nano.a
END GROUP
START GROUP
LOAD /opt/gcc-arm-none-eabi-10.3-2021.10/bin/../lib/gcc/arm-none-eabi/10.3.1/thumb/v7e-m+fp/hard/libgcc.a
LOAD /opt/gcc-arm-none-eabi-10.3-2021.10/bin/../lib/gcc/arm-none-eabi/10.3.1/../../../../arm-none-eabi/lib/thumb/v7e-m+fp/hard/libc_nano.a
END GROUP
LOAD /opt/gcc-arm-none-eabi-10.3-2021.10/bin/../lib/gcc/arm-none-eabi/10.3.1/thumb/v7e-m+fp/hard/crtend.o
LOAD /opt/gcc-arm-none-eabi-10.3-2021.10/bin/../lib/gcc/arm-none-eabi/10.3.1/thumb/v7e-m+fp/hard/crtn.o
                0x0000000020040000                _estack = (ORIGIN (RAM) + LENGTH (RAM))
                0x0000000000000800                _Min_Heap_Size = 0x800
                0x0000000000000800                _Min_Stack_Size = 0x800

.isr_vector     0x0000000008000000      0x1e0
                0x0000000008000000                . = ALIGN (0x4)
 *(.isr_vector)
 .isr_vector    0x0000000008000000      0x1e0 build/startup_stm32f723xx.o
                0x0000000008000000                g_pfnVectors
                0x00000000080001e0                . = ALIGN (0x4)

.text           0x00000000080001e0     0xabbc
                0x00000000080001e0                . = ALIGN (0x4)
 *(.text)
 .text          0x00000000080001e0       0x40 /opt/gcc-arm-none-eabi-10.3-2021.10/bin/../lib/gcc/arm-none-eabi/10.3.1/thumb/v7e-m+fp/hard/crtbegin.o
 .text          0x0000000008000220       0x10 /opt/gcc-arm-none-eabi-10.3-2021.10/bin/../lib/gcc/arm-none-eabi/10.3.1/../../../../arm-none-eabi/lib/thumb/v7e-m+fp/hard/libc_nano.a(lib_a-strlen.o)
                0x0000000008000220                strlen
 .text          0x0000000008000230       0xa0 /opt/gcc-arm-none-eabi-10.3-2021.10/bin/../lib/gcc/arm-none-eabi/10.3.1/../../../../arm-none-eabi/lib/thumb/v7e-m+fp/hard/libc_nano.a(lib_a-memchr.o)
                0x0000000008000230                memchr
 .text          0x00000000080002d0      0x378 /opt/gcc-arm-none-eabi-10.3-2021.10/bin/../lib/gcc/arm-none-eabi/10.3.1/thumb/v7e-m+fp/hard/libgcc.a(_arm_addsubdf3.o)
                0x00000000080002d0                __aeabi_drsub
                0x00000000080002d8                __aeabi_dsub
                0x00000000080002d8                __subdf3
                0x00000000080002dc                __adddf3
                0x00000000080002dc                __aeabi_dadd
                0x0000000008000554                __aeabi_ui2d
                0x0000000008000554                __floatunsidf
                0x0000000008000574                __floatsidf
                0x0000000008000574                __aeabi_i2d
                0x0000000008000598                __extendsfdf2
                0x0000000008000598                __aeabi_f2d
                0x00000000080005dc                __aeabi_ul2d
                0x00000000080005dc                __floatundidf
                0x00000000080005ec                __floatdidf
                0x00000000080005ec                __aeabi_l2d
 .text          0x0000000008000648      0x424 /opt/gcc-arm-none-eabi-10.3-2021.10/bin/../lib/gcc/arm-none-eabi/10.3.1/thumb/v7e-m+fp/hard/libgcc.a(_arm_muldivdf3.o)
                0x0000000008000648                __aeabi_dmul
                0x0000000008000648                __muldf3
                0x000000000800089c                __aeabi_ddiv
                0x000000000800089c                __divdf3
 .text          0x0000000008000a6c      0x110 /opt/gcc-arm-none-eabi-10.3-2021.10/bin/../lib/gcc/arm-none-eabi/10.3.1/thumb/v7e-m+fp/hard/libgcc.a(_arm_cmpdf2.o)
                0x0000000008000a6c                __gtdf2
                0x0000000008000a6c                __gedf2
                0x0000000008000a74                __ltdf2
                0x0000000008000a74                __ledf2
                0x0000000008000a7c                __cmpdf2
                0x0000000008000a7c                __eqdf2
                0x0000000008000a7c                __nedf2
                0x0000000008000af8                __aeabi_cdrcmple
                0x0000000008000b08                __aeabi_cdcmple
                0x0000000008000b08                __aeabi_cdcmpeq
                0x0000000008000b18                __aeabi_dcmpeq
                0x0000000008000b2c                __aeabi_dcmplt
                0x0000000008000b40                __aeabi_dcmple
                0x0000000008000b54                __aeabi_dcmpge
                0x0000000008000b68                __aeabi_dcmpgt
 .text          0x0000000008000b7c       0x2c /opt/gcc-arm-none-eabi-10.3-2021.10/bin/../lib/gcc/arm-none-eabi/10.3.1/thumb/v7e-m+fp/hard/libgcc.a(_arm_unorddf2.o)
                0x0000000008000b7c                __aeabi_dcmpun
                0x0000000008000b7c                __unorddf2
 .text          0x0000000008000ba8       0x40 /opt/gcc-arm-none-eabi-10.3-2021.10/bin/../lib/gcc/arm-none-eabi/10.3.1/thumb/v7e-m+fp/hard/libgcc.a(_arm_fixunsdfsi.o)
                0x0000000008000ba8                __fixunsdfsi
                0x0000000008000ba8                __aeabi_d2uiz
 .text          0x0000000008000be8       0xa0 /opt/gcc-arm-none-eabi-10.3-2021.10/bin/../lib/gcc/arm-none-eabi/10.3.1/thumb/v7e-m+fp/hard/libgcc.a(_arm_truncdfsf2.o)
                0x0000000008000be8                __aeabi_d2f
                0x0000000008000be8                __truncdfsf2
 .text          0x0000000008000c88       0x30 /opt/gcc-arm-none-eabi-10.3-2021.10/bin/../lib/gcc/arm-none-eabi/10.3.1/thumb/v7e-m+fp/hard/libgcc.a(_aeabi_uldivmod.o)
                0x0000000008000c88                __aeabi_uldivmod
 .text          0x0000000008000cb8      0x2d0 /opt/gcc-arm-none-eabi-10.3-2021.10/bin/../lib/gcc/arm-none-eabi/10.3.1/thumb/v7e-m+fp/hard/libgcc.a(_udivmoddi4.o)
                0x0000000008000cb8                __udivmoddi4
 .text          0x0000000008000f88        0x4 /opt/gcc-arm-none-eabi-10.3-2021.10/bin/../lib/gcc/arm-none-eabi/10.3.1/thumb/v7e-m+fp/hard/libgcc.a(_dvmd_tls.o)
                0x0000000008000f88                __aeabi_ldiv0
                0x0000000008000f88                __aeabi_idiv0
 *(.text*)
 .text.HAL_I2C_MemTxCpltCallback
                0x0000000008000f8c        0xc build/main.o
                0x0000000008000f8c                HAL_I2C_MemTxCpltCallback
 .text.HAL_I2C_MemRxCpltCallback
                0x0000000008000f98        0xc build/main.o
                0x0000000008000f98                HAL_I2C_MemRxCpltCallback
 .text.HAL_TIM_PeriodElapsedCallback
                0x0000000008000fa4       0x20 build/main.o
                0x0000000008000fa4                HAL_TIM_PeriodElapsedCallback
 .text.HAL_TIM_OC_DelayElapsedCallback
                0x0000000008000fc4       0xa0 build/main.o
                0x0000000008000fc4                HAL_TIM_OC_DelayElapsedCallback
 .text.Error_Handler
                0x0000000008001064       0x28 build/main.o
                0x0000000008001064                Error_Handler
 .text.SystemClock_Config
                0x000000000800108c       0xb0 build/main.o
                0x000000000800108c                SystemClock_Config
 .text.main     0x000000000800113c       0xc8 build/main.o
                0x000000000800113c                main
 .text.HAL_I2C_ErrorCallback
                0x0000000008001204        0xa build/main.o
                0x0000000008001204                HAL_I2C_ErrorCallback
 *fill*         0x000000000800120e        0x2 
 .text.MX_GPIO_Init
                0x0000000008001210       0xac build/gpio.o
                0x0000000008001210                MX_GPIO_Init
 .text.MX_I2C1_Init
                0x00000000080012bc       0x5c build/i2c.o
                0x00000000080012bc                MX_I2C1_Init
 .text.HAL_I2C_MspInit
                0x0000000008001318      0x130 build/i2c.o
                0x0000000008001318                HAL_I2C_MspInit
 .text.MX_RNG_Init
                0x0000000008001448       0x20 build/rng.o
                0x0000000008001448                MX_RNG_Init
 .text.HAL_RNG_MspInit
                0x0000000008001468       0x50 build/rng.o
                0x0000000008001468                HAL_RNG_MspInit
 .text.MX_SPI1_Init
                0x00000000080014b8       0x4c build/spi.o
                0x00000000080014b8                MX_SPI1_Init
 .text.MX_SPI2_Init
                0x0000000008001504       0x4c build/spi.o
                0x0000000008001504                MX_SPI2_Init
 .text.MX_SPI4_Init
                0x0000000008001550       0x4c build/spi.o
                0x0000000008001550                MX_SPI4_Init
 .text.HAL_SPI_MspInit
                0x000000000800159c      0x134 build/spi.o
                0x000000000800159c                HAL_SPI_MspInit
 .text.NMI_Handler
                0x00000000080016d0        0x2 build/stm32f7xx_it.o
                0x00000000080016d0                NMI_Handler
 *fill*         0x00000000080016d2        0x2 
 .text.HardFault_Handler
                0x00000000080016d4       0x3c build/stm32f7xx_it.o
                0x00000000080016d4                HardFault_Handler
 .text.MemManage_Handler
                0x0000000008001710        0x2 build/stm32f7xx_it.o
                0x0000000008001710                MemManage_Handler
 .text.BusFault_Handler
                0x0000000008001712        0x2 build/stm32f7xx_it.o
                0x0000000008001712                BusFault_Handler
 .text.UsageFault_Handler
                0x0000000008001714        0x2 build/stm32f7xx_it.o
                0x0000000008001714                UsageFault_Handler
 .text.SVC_Handler
                0x0000000008001716        0x2 build/stm32f7xx_it.o
                0x0000000008001716                SVC_Handler
 .text.DebugMon_Handler
                0x0000000008001718        0x2 build/stm32f7xx_it.o
                0x0000000008001718                DebugMon_Handler
 .text.PendSV_Handler
                0x000000000800171a        0x2 build/stm32f7xx_it.o
                0x000000000800171a                PendSV_Handler
 .text.SysTick_Handler
                0x000000000800171c        0x8 build/stm32f7xx_it.o
                0x000000000800171c                SysTick_Handler
 .text.DMA1_Stream0_IRQHandler
                0x0000000008001724       0x10 build/stm32f7xx_it.o
                0x0000000008001724                DMA1_Stream0_IRQHandler
 .text.DMA1_Stream6_IRQHandler
                0x0000000008001734       0x10 build/stm32f7xx_it.o
                0x0000000008001734                DMA1_Stream6_IRQHandler
 .text.TIM1_UP_TIM10_IRQHandler
                0x0000000008001744       0x10 build/stm32f7xx_it.o
                0x0000000008001744                TIM1_UP_TIM10_IRQHandler
 .text.TIM1_CC_IRQHandler
                0x0000000008001754       0x10 build/stm32f7xx_it.o
                0x0000000008001754                TIM1_CC_IRQHandler
 .text.I2C1_EV_IRQHandler
                0x0000000008001764       0x10 build/stm32f7xx_it.o
                0x0000000008001764                I2C1_EV_IRQHandler
 .text.I2C1_ER_IRQHandler
                0x0000000008001774       0x10 build/stm32f7xx_it.o
                0x0000000008001774                I2C1_ER_IRQHandler
 .text.TIM8_CC_IRQHandler
                0x0000000008001784       0x10 build/stm32f7xx_it.o
                0x0000000008001784                TIM8_CC_IRQHandler
 .text.TIM6_DAC_IRQHandler
                0x0000000008001794       0x2c build/stm32f7xx_it.o
                0x0000000008001794                TIM6_DAC_IRQHandler
 .text.TIM7_IRQHandler
                0x00000000080017c0       0x10 build/stm32f7xx_it.o
                0x00000000080017c0                TIM7_IRQHandler
 .text.OTG_HS_IRQHandler
                0x00000000080017d0       0x10 build/stm32f7xx_it.o
                0x00000000080017d0                OTG_HS_IRQHandler
 .text.HAL_MspInit
                0x00000000080017e0       0x30 build/stm32f7xx_hal_msp.o
                0x00000000080017e0                HAL_MspInit
 .text.HAL_RCC_OscConfig
                0x0000000008001810      0x434 build/stm32f7xx_hal_rcc.o
                0x0000000008001810                HAL_RCC_OscConfig
 .text.HAL_RCC_GetSysClockFreq
                0x0000000008001c44       0xa8 build/stm32f7xx_hal_rcc.o
                0x0000000008001c44                HAL_RCC_GetSysClockFreq
 .text.HAL_RCC_ClockConfig
                0x0000000008001cec      0x16c build/stm32f7xx_hal_rcc.o
                0x0000000008001cec                HAL_RCC_ClockConfig
 .text.HAL_RCC_GetHCLKFreq
                0x0000000008001e58        0xc build/stm32f7xx_hal_rcc.o
                0x0000000008001e58                HAL_RCC_GetHCLKFreq
 .text.HAL_RCCEx_PeriphCLKConfig
                0x0000000008001e64      0x4e4 build/stm32f7xx_hal_rcc_ex.o
                0x0000000008001e64                HAL_RCCEx_PeriphCLKConfig
 .text.HAL_GPIO_Init
                0x0000000008002348      0x1e8 build/stm32f7xx_hal_gpio.o
                0x0000000008002348                HAL_GPIO_Init
 .text.HAL_GPIO_WritePin
                0x0000000008002530        0xc build/stm32f7xx_hal_gpio.o
                0x0000000008002530                HAL_GPIO_WritePin
 .text.DMA_SetConfig
                0x000000000800253c       0x2c build/stm32f7xx_hal_dma.o
 .text.DMA_CalcBaseAndBitshift
                0x0000000008002568       0x40 build/stm32f7xx_hal_dma.o
 .text.DMA_CheckFifoParam
                0x00000000080025a8       0x8e build/stm32f7xx_hal_dma.o
 *fill*         0x0000000008002636        0x2 
 .text.HAL_DMA_Init
                0x0000000008002638       0xcc build/stm32f7xx_hal_dma.o
                0x0000000008002638                HAL_DMA_Init
 .text.HAL_DMA_Start_IT
                0x0000000008002704       0x74 build/stm32f7xx_hal_dma.o
                0x0000000008002704                HAL_DMA_Start_IT
 .text.HAL_DMA_Abort_IT
                0x0000000008002778       0x26 build/stm32f7xx_hal_dma.o
                0x0000000008002778                HAL_DMA_Abort_IT
 *fill*         0x000000000800279e        0x2 
 .text.HAL_DMA_IRQHandler
                0x00000000080027a0      0x1dc build/stm32f7xx_hal_dma.o
                0x00000000080027a0                HAL_DMA_IRQHandler
 .text.HAL_DMA_GetState
                0x000000000800297c        0x6 build/stm32f7xx_hal_dma.o
                0x000000000800297c                HAL_DMA_GetState
 .text.HAL_DMA_GetError
                0x0000000008002982        0x4 build/stm32f7xx_hal_dma.o
                0x0000000008002982                HAL_DMA_GetError
 *fill*         0x0000000008002986        0x2 
 .text.HAL_PWREx_EnableOverDrive
                0x0000000008002988       0x7c build/stm32f7xx_hal_pwr_ex.o
                0x0000000008002988                HAL_PWREx_EnableOverDrive
 .text.__NVIC_SetPriority
                0x0000000008002a04       0x24 build/stm32f7xx_hal_cortex.o
 .text.NVIC_EncodePriority
                0x0000000008002a28       0x3e build/stm32f7xx_hal_cortex.o
 *fill*         0x0000000008002a66        0x2 
 .text.HAL_NVIC_SetPriorityGrouping
                0x0000000008002a68       0x24 build/stm32f7xx_hal_cortex.o
                0x0000000008002a68                HAL_NVIC_SetPriorityGrouping
 .text.HAL_NVIC_SetPriority
                0x0000000008002a8c       0x20 build/stm32f7xx_hal_cortex.o
                0x0000000008002a8c                HAL_NVIC_SetPriority
 .text.HAL_NVIC_EnableIRQ
                0x0000000008002aac       0x1c build/stm32f7xx_hal_cortex.o
                0x0000000008002aac                HAL_NVIC_EnableIRQ
 .text.HAL_SYSTICK_Config
                0x0000000008002ac8       0x28 build/stm32f7xx_hal_cortex.o
                0x0000000008002ac8                HAL_SYSTICK_Config
 .text.HAL_InitTick
                0x0000000008002af0       0x4c build/stm32f7xx_hal.o
                0x0000000008002af0                HAL_InitTick
 .text.HAL_Init
                0x0000000008002b3c       0x24 build/stm32f7xx_hal.o
                0x0000000008002b3c                HAL_Init
 .text.HAL_IncTick
                0x0000000008002b60       0x18 build/stm32f7xx_hal.o
                0x0000000008002b60                HAL_IncTick
 .text.HAL_GetTick
                0x0000000008002b78        0xc build/stm32f7xx_hal.o
                0x0000000008002b78                HAL_GetTick
 .text.HAL_Delay
                0x0000000008002b84       0x28 build/stm32f7xx_hal.o
                0x0000000008002b84                HAL_Delay
 .text.I2C_Flush_TXDR
                0x0000000008002bac       0x22 build/stm32f7xx_hal_i2c.o
 .text.I2C_TransferConfig
                0x0000000008002bce       0x3c build/stm32f7xx_hal_i2c.o
 *fill*         0x0000000008002c0a        0x2 
 .text.I2C_Enable_IRQ
                0x0000000008002c0c       0x7c build/stm32f7xx_hal_i2c.o
 .text.I2C_Disable_IRQ
                0x0000000008002c88       0x70 build/stm32f7xx_hal_i2c.o
 .text.HAL_I2C_Init
                0x0000000008002cf8       0xbc build/stm32f7xx_hal_i2c.o
                0x0000000008002cf8                HAL_I2C_Init
 .text.HAL_I2C_Mem_Read_DMA
                0x0000000008002db4      0x134 build/stm32f7xx_hal_i2c.o
                0x0000000008002db4                HAL_I2C_Mem_Read_DMA
 .text.HAL_I2C_EV_IRQHandler
                0x0000000008002ee8       0x10 build/stm32f7xx_hal_i2c.o
                0x0000000008002ee8                HAL_I2C_EV_IRQHandler
 .text.HAL_I2C_MasterTxCpltCallback
                0x0000000008002ef8        0x2 build/stm32f7xx_hal_i2c.o
                0x0000000008002ef8                HAL_I2C_MasterTxCpltCallback
 .text.HAL_I2C_MasterRxCpltCallback
                0x0000000008002efa        0x2 build/stm32f7xx_hal_i2c.o
                0x0000000008002efa                HAL_I2C_MasterRxCpltCallback
 .text.I2C_ITMasterSeqCplt
                0x0000000008002efc       0x54 build/stm32f7xx_hal_i2c.o
 .text.HAL_I2C_SlaveTxCpltCallback
                0x0000000008002f50        0x2 build/stm32f7xx_hal_i2c.o
                0x0000000008002f50                HAL_I2C_SlaveTxCpltCallback
 .text.HAL_I2C_SlaveRxCpltCallback
                0x0000000008002f52        0x2 build/stm32f7xx_hal_i2c.o
                0x0000000008002f52                HAL_I2C_SlaveRxCpltCallback
 .text.I2C_ITSlaveSeqCplt
                0x0000000008002f54       0x82 build/stm32f7xx_hal_i2c.o
 .text.HAL_I2C_AddrCallback
                0x0000000008002fd6        0x2 build/stm32f7xx_hal_i2c.o
                0x0000000008002fd6                HAL_I2C_AddrCallback
 .text.I2C_ITAddrCplt
                0x0000000008002fd8       0xa0 build/stm32f7xx_hal_i2c.o
 .text.HAL_I2C_ListenCpltCallback
                0x0000000008003078        0x2 build/stm32f7xx_hal_i2c.o
                0x0000000008003078                HAL_I2C_ListenCpltCallback
 *fill*         0x000000000800307a        0x2 
 .text.I2C_ITListenCplt
                0x000000000800307c       0x68 build/stm32f7xx_hal_i2c.o
 .text.HAL_I2C_AbortCpltCallback
                0x00000000080030e4        0x2 build/stm32f7xx_hal_i2c.o
                0x00000000080030e4                HAL_I2C_AbortCpltCallback
 .text.I2C_TreatErrorCallback
                0x00000000080030e6       0x2e build/stm32f7xx_hal_i2c.o
 .text.I2C_ITError
                0x0000000008003114      0x108 build/stm32f7xx_hal_i2c.o
 .text.I2C_ITSlaveCplt
                0x000000000800321c      0x168 build/stm32f7xx_hal_i2c.o
 .text.I2C_Slave_ISR_IT
                0x0000000008003384      0x150 build/stm32f7xx_hal_i2c.o
 .text.I2C_ITMasterCplt
                0x00000000080034d4      0x12e build/stm32f7xx_hal_i2c.o
 .text.I2C_Slave_ISR_DMA
                0x0000000008003602      0x122 build/stm32f7xx_hal_i2c.o
 .text.I2C_Master_ISR_DMA
                0x0000000008003724      0x142 build/stm32f7xx_hal_i2c.o
 .text.I2C_DMAError
                0x0000000008003866       0x44 build/stm32f7xx_hal_i2c.o
 .text.I2C_DMAMasterReceiveCplt
                0x00000000080038aa       0x5a build/stm32f7xx_hal_i2c.o
 .text.I2C_Mem_ISR_DMA
                0x0000000008003904      0x194 build/stm32f7xx_hal_i2c.o
 .text.HAL_I2C_ER_IRQHandler
                0x0000000008003a98       0x6a build/stm32f7xx_hal_i2c.o
                0x0000000008003a98                HAL_I2C_ER_IRQHandler
 .text.I2C_DMAAbort
                0x0000000008003b02       0x1a build/stm32f7xx_hal_i2c.o
 .text.HAL_I2C_GetError
                0x0000000008003b1c        0x4 build/stm32f7xx_hal_i2c.o
                0x0000000008003b1c                HAL_I2C_GetError
 .text.HAL_I2CEx_ConfigAnalogFilter
                0x0000000008003b20       0x5c build/stm32f7xx_hal_i2c_ex.o
                0x0000000008003b20                HAL_I2CEx_ConfigAnalogFilter
 .text.HAL_I2CEx_ConfigDigitalFilter
                0x0000000008003b7c       0x58 build/stm32f7xx_hal_i2c_ex.o
                0x0000000008003b7c                HAL_I2CEx_ConfigDigitalFilter
 .text.HAL_RNG_Init
                0x0000000008003bd4       0x2e build/stm32f7xx_hal_rng.o
                0x0000000008003bd4                HAL_RNG_Init
 .text.HAL_SPI_Init
                0x0000000008003c02       0xe8 build/stm32f7xx_hal_spi.o
                0x0000000008003c02                HAL_SPI_Init
 *fill*         0x0000000008003cea        0x2 
 .text.TIM_OC1_SetConfig
                0x0000000008003cec       0x68 build/stm32f7xx_hal_tim.o
 .text.TIM_OC3_SetConfig
                0x0000000008003d54       0x70 build/stm32f7xx_hal_tim.o
 .text.TIM_OC4_SetConfig
                0x0000000008003dc4       0x54 build/stm32f7xx_hal_tim.o
 .text.TIM_OC5_SetConfig
                0x0000000008003e18       0x54 build/stm32f7xx_hal_tim.o
 .text.TIM_OC6_SetConfig
                0x0000000008003e6c       0x54 build/stm32f7xx_hal_tim.o
 .text.TIM_TI1_ConfigInputStage
                0x0000000008003ec0       0x26 build/stm32f7xx_hal_tim.o
 .text.TIM_TI2_ConfigInputStage
                0x0000000008003ee6       0x28 build/stm32f7xx_hal_tim.o
 .text.TIM_ITRx_SetConfig
                0x0000000008003f0e       0x10 build/stm32f7xx_hal_tim.o
 *fill*         0x0000000008003f1e        0x2 
 .text.HAL_TIM_Base_Start_IT
                0x0000000008003f20       0x90 build/stm32f7xx_hal_tim.o
                0x0000000008003f20                HAL_TIM_Base_Start_IT
 .text.HAL_TIM_IC_CaptureCallback
                0x0000000008003fb0        0x2 build/stm32f7xx_hal_tim.o
                0x0000000008003fb0                HAL_TIM_IC_CaptureCallback
 .text.HAL_TIM_PWM_PulseFinishedCallback
                0x0000000008003fb2        0x2 build/stm32f7xx_hal_tim.o
                0x0000000008003fb2                HAL_TIM_PWM_PulseFinishedCallback
 .text.HAL_TIM_TriggerCallback
                0x0000000008003fb4        0x2 build/stm32f7xx_hal_tim.o
                0x0000000008003fb4                HAL_TIM_TriggerCallback
 .text.HAL_TIM_IRQHandler
                0x0000000008003fb6      0x19a build/stm32f7xx_hal_tim.o
                0x0000000008003fb6                HAL_TIM_IRQHandler
 .text.TIM_Base_SetConfig
                0x0000000008004150      0x110 build/stm32f7xx_hal_tim.o
                0x0000000008004150                TIM_Base_SetConfig
 .text.HAL_TIM_Base_Init
                0x0000000008004260       0x60 build/stm32f7xx_hal_tim.o
                0x0000000008004260                HAL_TIM_Base_Init
 .text.HAL_TIM_OC_Init
                0x00000000080042c0       0x60 build/stm32f7xx_hal_tim.o
                0x00000000080042c0                HAL_TIM_OC_Init
 .text.TIM_OC2_SetConfig
                0x0000000008004320       0x70 build/stm32f7xx_hal_tim.o
                0x0000000008004320                TIM_OC2_SetConfig
 .text.HAL_TIM_OC_ConfigChannel
                0x0000000008004390       0x7a build/stm32f7xx_hal_tim.o
                0x0000000008004390                HAL_TIM_OC_ConfigChannel
 .text.TIM_ETR_SetConfig
                0x000000000800440a       0x1a build/stm32f7xx_hal_tim.o
                0x000000000800440a                TIM_ETR_SetConfig
 .text.HAL_TIM_ConfigClockSource
                0x0000000008004424      0x100 build/stm32f7xx_hal_tim.o
                0x0000000008004424                HAL_TIM_ConfigClockSource
 .text.TIM_CCxChannelCmd
                0x0000000008004524       0x1e build/stm32f7xx_hal_tim.o
                0x0000000008004524                TIM_CCxChannelCmd
 *fill*         0x0000000008004542        0x2 
 .text.HAL_TIM_OC_Start_IT
                0x0000000008004544      0x1c4 build/stm32f7xx_hal_tim.o
                0x0000000008004544                HAL_TIM_OC_Start_IT
 .text.HAL_TIMEx_MasterConfigSynchronization
                0x0000000008004708       0xa0 build/stm32f7xx_hal_tim_ex.o
                0x0000000008004708                HAL_TIMEx_MasterConfigSynchronization
 .text.HAL_TIMEx_ConfigBreakDeadTime
                0x00000000080047a8       0x90 build/stm32f7xx_hal_tim_ex.o
                0x00000000080047a8                HAL_TIMEx_ConfigBreakDeadTime
 .text.HAL_TIMEx_CommutCallback
                0x0000000008004838        0x2 build/stm32f7xx_hal_tim_ex.o
                0x0000000008004838                HAL_TIMEx_CommutCallback
 .text.HAL_TIMEx_BreakCallback
                0x000000000800483a        0x2 build/stm32f7xx_hal_tim_ex.o
                0x000000000800483a                HAL_TIMEx_BreakCallback
 .text.HAL_TIMEx_Break2Callback
                0x000000000800483c        0x2 build/stm32f7xx_hal_tim_ex.o
                0x000000000800483c                HAL_TIMEx_Break2Callback
 *fill*         0x000000000800483e        0x2 
 .text.SystemInit
                0x0000000008004840       0x14 build/system_stm32f7xx.o
                0x0000000008004840                SystemInit
 .text.PCD_WriteEmptyTxFifo
                0x0000000008004854       0xd0 build/stm32f7xx_hal_pcd.o
 .text.HAL_PCD_Init
                0x0000000008004924      0x13c build/stm32f7xx_hal_pcd.o
                0x0000000008004924                HAL_PCD_Init
 .text.HAL_PCD_Start
                0x0000000008004a60       0x2a build/stm32f7xx_hal_pcd.o
                0x0000000008004a60                HAL_PCD_Start
 *fill*         0x0000000008004a8a        0x2 
 .text.PCD_EP_OutXfrComplete_int
                0x0000000008004a8c      0x104 build/stm32f7xx_hal_pcd.o
 .text.PCD_EP_OutSetupPacket_int
                0x0000000008004b90       0x50 build/stm32f7xx_hal_pcd.o
 .text.HAL_PCD_SetAddress
                0x0000000008004be0       0x28 build/stm32f7xx_hal_pcd.o
                0x0000000008004be0                HAL_PCD_SetAddress
 .text.HAL_PCD_EP_Open
                0x0000000008004c08       0x8a build/stm32f7xx_hal_pcd.o
                0x0000000008004c08                HAL_PCD_EP_Open
 .text.HAL_PCD_EP_Close
                0x0000000008004c92       0x72 build/stm32f7xx_hal_pcd.o
                0x0000000008004c92                HAL_PCD_EP_Close
 .text.HAL_PCD_EP_Receive
                0x0000000008004d04       0x5e build/stm32f7xx_hal_pcd.o
                0x0000000008004d04                HAL_PCD_EP_Receive
 .text.HAL_PCD_EP_GetRxCount
                0x0000000008004d62       0x12 build/stm32f7xx_hal_pcd.o
                0x0000000008004d62                HAL_PCD_EP_GetRxCount
 .text.HAL_PCD_EP_Transmit
                0x0000000008004d74       0x5e build/stm32f7xx_hal_pcd.o
                0x0000000008004d74                HAL_PCD_EP_Transmit
 .text.HAL_PCD_EP_SetStall
                0x0000000008004dd2       0x88 build/stm32f7xx_hal_pcd.o
                0x0000000008004dd2                HAL_PCD_EP_SetStall
 .text.HAL_PCD_EP_ClrStall
                0x0000000008004e5a       0x76 build/stm32f7xx_hal_pcd.o
                0x0000000008004e5a                HAL_PCD_EP_ClrStall
 .text.HAL_PCD_EP_Abort
                0x0000000008004ed0       0x34 build/stm32f7xx_hal_pcd.o
                0x0000000008004ed0                HAL_PCD_EP_Abort
 .text.HAL_PCD_IRQHandler
                0x0000000008004f04      0x606 build/stm32f7xx_hal_pcd.o
                0x0000000008004f04                HAL_PCD_IRQHandler
 .text.HAL_PCDEx_SetTxFiFo
                0x000000000800550a       0x4c build/stm32f7xx_hal_pcd_ex.o
                0x000000000800550a                HAL_PCDEx_SetTxFiFo
 .text.HAL_PCDEx_SetRxFiFo
                0x0000000008005556        0x8 build/stm32f7xx_hal_pcd_ex.o
                0x0000000008005556                HAL_PCDEx_SetRxFiFo
 *fill*         0x000000000800555e        0x2 
 .text.HAL_PCDEx_ActivateLPM
                0x0000000008005560       0x28 build/stm32f7xx_hal_pcd_ex.o
                0x0000000008005560                HAL_PCDEx_ActivateLPM
 .text.HAL_PCDEx_LPM_Callback
                0x0000000008005588        0x2 build/stm32f7xx_hal_pcd_ex.o
                0x0000000008005588                HAL_PCDEx_LPM_Callback
 *fill*         0x000000000800558a        0x2 
 .text.USB_CoreReset
                0x000000000800558c       0x50 build/stm32f7xx_ll_usb.o
 .text.USB_HS_PHYCInit
                0x00000000080055dc       0x5c build/stm32f7xx_ll_usb.o
 .text.USB_CoreInit
                0x0000000008005638       0xd4 build/stm32f7xx_ll_usb.o
                0x0000000008005638                USB_CoreInit
 .text.USB_SetTurnaroundTime
                0x000000000800570c       0xe4 build/stm32f7xx_ll_usb.o
                0x000000000800570c                USB_SetTurnaroundTime
 .text.USB_EnableGlobalInt
                0x00000000080057f0        0xc build/stm32f7xx_ll_usb.o
                0x00000000080057f0                USB_EnableGlobalInt
 .text.USB_DisableGlobalInt
                0x00000000080057fc        0xc build/stm32f7xx_ll_usb.o
                0x00000000080057fc                USB_DisableGlobalInt
 .text.USB_FlushTxFifo
                0x0000000008005808       0x50 build/stm32f7xx_ll_usb.o
                0x0000000008005808                USB_FlushTxFifo
 .text.USB_FlushRxFifo
                0x0000000008005858       0x4c build/stm32f7xx_ll_usb.o
                0x0000000008005858                USB_FlushRxFifo
 .text.USB_SetDevSpeed
                0x00000000080058a4        0xe build/stm32f7xx_ll_usb.o
                0x00000000080058a4                USB_SetDevSpeed
 *fill*         0x00000000080058b2        0x2 
 .text.USB_DevInit
                0x00000000080058b4      0x1a4 build/stm32f7xx_ll_usb.o
                0x00000000080058b4                USB_DevInit
 .text.USB_GetDevSpeed
                0x0000000008005a58       0x1e build/stm32f7xx_ll_usb.o
                0x0000000008005a58                USB_GetDevSpeed
 *fill*         0x0000000008005a76        0x2 
 .text.USB_ActivateEndpoint
                0x0000000008005a78       0x98 build/stm32f7xx_ll_usb.o
                0x0000000008005a78                USB_ActivateEndpoint
 .text.USB_DeactivateEndpoint
                0x0000000008005b10       0xe0 build/stm32f7xx_ll_usb.o
                0x0000000008005b10                USB_DeactivateEndpoint
 .text.USB_EP0StartXfer
                0x0000000008005bf0      0x120 build/stm32f7xx_ll_usb.o
                0x0000000008005bf0                USB_EP0StartXfer
 .text.USB_EPStopXfer
                0x0000000008005d10       0xbe build/stm32f7xx_ll_usb.o
                0x0000000008005d10                USB_EPStopXfer
 .text.USB_WritePacket
                0x0000000008005dce       0x2e build/stm32f7xx_ll_usb.o
                0x0000000008005dce                USB_WritePacket
 .text.USB_EPStartXfer
                0x0000000008005dfc      0x230 build/stm32f7xx_ll_usb.o
                0x0000000008005dfc                USB_EPStartXfer
 .text.USB_ReadPacket
                0x000000000800602c       0x46 build/stm32f7xx_ll_usb.o
                0x000000000800602c                USB_ReadPacket
 .text.USB_EPSetStall
                0x0000000008006072       0x5a build/stm32f7xx_ll_usb.o
                0x0000000008006072                USB_EPSetStall
 .text.USB_EPClearStall
                0x00000000080060cc       0x5c build/stm32f7xx_ll_usb.o
                0x00000000080060cc                USB_EPClearStall
 .text.USB_SetDevAddress
                0x0000000008006128       0x20 build/stm32f7xx_ll_usb.o
                0x0000000008006128                USB_SetDevAddress
 .text.USB_DevConnect
                0x0000000008006148       0x1c build/stm32f7xx_ll_usb.o
                0x0000000008006148                USB_DevConnect
 .text.USB_DevDisconnect
                0x0000000008006164       0x1c build/stm32f7xx_ll_usb.o
                0x0000000008006164                USB_DevDisconnect
 .text.USB_ReadInterrupts
                0x0000000008006180        0x8 build/stm32f7xx_ll_usb.o
                0x0000000008006180                USB_ReadInterrupts
 .text.USB_ReadDevAllOutEpInterrupt
                0x0000000008006188       0x10 build/stm32f7xx_ll_usb.o
                0x0000000008006188                USB_ReadDevAllOutEpInterrupt
 .text.USB_ReadDevAllInEpInterrupt
                0x0000000008006198       0x10 build/stm32f7xx_ll_usb.o
                0x0000000008006198                USB_ReadDevAllInEpInterrupt
 .text.USB_ReadDevOutEPInterrupt
                0x00000000080061a8       0x12 build/stm32f7xx_ll_usb.o
                0x00000000080061a8                USB_ReadDevOutEPInterrupt
 .text.USB_ReadDevInEPInterrupt
                0x00000000080061ba       0x24 build/stm32f7xx_ll_usb.o
                0x00000000080061ba                USB_ReadDevInEPInterrupt
 .text.USB_GetMode
                0x00000000080061de        0x8 build/stm32f7xx_ll_usb.o
                0x00000000080061de                USB_GetMode
 .text.USB_SetCurrentMode
                0x00000000080061e6       0x62 build/stm32f7xx_ll_usb.o
                0x00000000080061e6                USB_SetCurrentMode
 .text.USB_ActivateSetup
                0x0000000008006248       0x20 build/stm32f7xx_ll_usb.o
                0x0000000008006248                USB_ActivateSetup
 .text.USB_EP0_OutStart
                0x0000000008006268       0x60 build/stm32f7xx_ll_usb.o
                0x0000000008006268                USB_EP0_OutStart
 .text.getSystemStatusOCRValue
                0x00000000080062c8       0x60 build/nyan_leds.o
                0x00000000080062c8                getSystemStatusOCRValue
 .text.NyanOsInit
                0x0000000008006328       0x42 build/nyan_os.o
                0x0000000008006328                NyanOsInit
 .text.NyanPrint
                0x000000000800636a       0x7a build/nyan_os.o
                0x000000000800636a                NyanPrint
 .text.NyanWelcomeDisplay
                0x00000000080063e4       0x34 build/nyan_os.o
                0x00000000080063e4                NyanWelcomeDisplay
 .text.FreeNyanString
                0x0000000008006418       0x24 build/nyan_os.o
                0x0000000008006418                FreeNyanString
 .text.NyanDecode
                0x000000000800643c       0x40 build/nyan_os.o
                0x000000000800643c                NyanDecode
 .text.NyanAddInputBuffer
                0x000000000800647c       0xc0 build/nyan_os.o
                0x000000000800647c                NyanAddInputBuffer
 .text.NyanExeGetinfo
                0x000000000800653c       0x10 build/nyan_os.o
                0x000000000800653c                NyanExeGetinfo
 .text.NyanExecute
                0x000000000800654c       0x7c build/nyan_os.o
                0x000000000800654c                NyanExecute
 .text.EepromInit
                0x00000000080065c8       0x2a build/24xx_eeprom.o
                0x00000000080065c8                EepromInit
 .text.EepromCreateControlByte
                0x00000000080065f2       0x26 build/24xx_eeprom.o
                0x00000000080065f2                EepromCreateControlByte
 .text.EepromRead
                0x0000000008006618       0x50 build/24xx_eeprom.o
                0x0000000008006618                EepromRead
 .text.MX_TIM1_Init
                0x0000000008006668       0xc8 build/tim.o
                0x0000000008006668                MX_TIM1_Init
 .text.MX_TIM6_Init
                0x0000000008006730       0x50 build/tim.o
                0x0000000008006730                MX_TIM6_Init
 .text.MX_TIM7_Init
                0x0000000008006780       0x54 build/tim.o
                0x0000000008006780                MX_TIM7_Init
 .text.MX_TIM8_Init
                0x00000000080067d4       0xf8 build/tim.o
                0x00000000080067d4                MX_TIM8_Init
 .text.HAL_TIM_OC_MspInit
                0x00000000080068cc       0x50 build/tim.o
                0x00000000080068cc                HAL_TIM_OC_MspInit
 .text.HAL_TIM_Base_MspInit
                0x000000000800691c       0xa0 build/tim.o
                0x000000000800691c                HAL_TIM_Base_MspInit
 .text.MX_USB_OTG_HS_PCD_Init
                0x00000000080069bc       0x38 build/usb_otg.o
                0x00000000080069bc                MX_USB_OTG_HS_PCD_Init
 .text.HAL_PCD_MspInit
                0x00000000080069f4       0xc4 build/usb_otg.o
                0x00000000080069f4                HAL_PCD_MspInit
 .text.USBD_COMPOSITE_Init
                0x0000000008006ab8       0x24 build/usbd_composite.o
 .text.USBD_COMPOSITE_DeInit
                0x0000000008006adc       0x24 build/usbd_composite.o
 .text.USBD_COMPOSITE_Setup
                0x0000000008006b00       0x54 build/usbd_composite.o
 .text.USBD_COMPOSITE_DataIn
                0x0000000008006b54       0x58 build/usbd_composite.o
 .text.USBD_COMPOSITE_EP0_RxReady
                0x0000000008006bac       0x10 build/usbd_composite.o
 .text.USBD_COMPOSITE_EP0_TxReady
                0x0000000008006bbc        0x4 build/usbd_composite.o
 .text.USBD_COMPOSITE_SOF
                0x0000000008006bc0        0x4 build/usbd_composite.o
 .text.USBD_COMPOSITE_IsoINIncomplete
                0x0000000008006bc4        0x4 build/usbd_composite.o
 .text.USBD_COMPOSITE_IsoOutIncomplete
                0x0000000008006bc8        0x4 build/usbd_composite.o
 .text.USBD_COMPOSITE_DataOut
                0x0000000008006bcc       0x28 build/usbd_composite.o
 .text.USBD_COMPOSITE_GetHSCfgDesc
                0x0000000008006bf4        0xc build/usbd_composite.o
 .text.USBD_COMPOSITE_GetFSCfgDesc
                0x0000000008006c00        0xc build/usbd_composite.o
 .text.USBD_COMPOSITE_GetOtherSpeedCfgDesc
                0x0000000008006c0c        0xc build/usbd_composite.o
 .text.USBD_COMPOSITE_GetDeviceQualifierDesc
                0x0000000008006c18        0xc build/usbd_composite.o
 .text.USBD_COMPOSITE_GetUsrStringDesc
                0x0000000008006c24       0x7c build/usbd_composite.o
 .text.USBD_COMPOSITE_Mount_Class
                0x0000000008006ca0      0x150 build/usbd_composite.o
                0x0000000008006ca0                USBD_COMPOSITE_Mount_Class
 .text.USBD_HID_GetFSCfgDesc
                0x0000000008006df0        0xc build/usbd_hid_keyboard.o
 .text.USBD_HID_GetHSCfgDesc
                0x0000000008006dfc        0xc build/usbd_hid_keyboard.o
 .text.USBD_HID_GetOtherSpeedCfgDesc
                0x0000000008006e08        0xc build/usbd_hid_keyboard.o
 .text.USBD_HID_DataIn
                0x0000000008006e14        0xa build/usbd_hid_keyboard.o
 *fill*         0x0000000008006e1e        0x2 
 .text.USBD_HID_GetDeviceQualifierDesc
                0x0000000008006e20        0xc build/usbd_hid_keyboard.o
 .text.USBD_HID_Setup
                0x0000000008006e2c      0x124 build/usbd_hid_keyboard.o
 .text.USBD_HID_DeInit
                0x0000000008006f50       0x34 build/usbd_hid_keyboard.o
 .text.USBD_HID_Init
                0x0000000008006f84       0x68 build/usbd_hid_keyboard.o
 .text.USBD_Update_HID_KBD_DESC
                0x0000000008006fec       0x20 build/usbd_hid_keyboard.o
                0x0000000008006fec                USBD_Update_HID_KBD_DESC
 .text.USBD_Init
                0x000000000800700c       0x2a build/usbd_core.o
                0x000000000800700c                USBD_Init
 .text.USBD_RegisterClass
                0x0000000008007036       0x44 build/usbd_core.o
                0x0000000008007036                USBD_RegisterClass
 .text.USBD_Start
                0x000000000800707a        0x8 build/usbd_core.o
                0x000000000800707a                USBD_Start
 .text.USBD_SetClassConfig
                0x0000000008007082       0x12 build/usbd_core.o
                0x0000000008007082                USBD_SetClassConfig
 .text.USBD_ClrClassConfig
                0x0000000008007094       0x10 build/usbd_core.o
                0x0000000008007094                USBD_ClrClassConfig
 .text.USBD_LL_SetupStage
                0x00000000080070a4       0x58 build/usbd_core.o
                0x00000000080070a4                USBD_LL_SetupStage
 .text.USBD_LL_DataOutStage
                0x00000000080070fc       0x78 build/usbd_core.o
                0x00000000080070fc                USBD_LL_DataOutStage
 .text.USBD_LL_DataInStage
                0x0000000008007174       0xbe build/usbd_core.o
                0x0000000008007174                USBD_LL_DataInStage
 .text.USBD_LL_Reset
                0x0000000008007232       0x54 build/usbd_core.o
                0x0000000008007232                USBD_LL_Reset
 .text.USBD_LL_SetSpeed
                0x0000000008007286        0x6 build/usbd_core.o
                0x0000000008007286                USBD_LL_SetSpeed
 .text.USBD_LL_Suspend
                0x000000000800728c       0x14 build/usbd_core.o
                0x000000000800728c                USBD_LL_Suspend
 .text.USBD_LL_Resume
                0x00000000080072a0       0x1a build/usbd_core.o
                0x00000000080072a0                USBD_LL_Resume
 .text.USBD_LL_SOF
                0x00000000080072ba       0x28 build/usbd_core.o
                0x00000000080072ba                USBD_LL_SOF
 .text.USBD_LL_IsoINIncomplete
                0x00000000080072e2       0x28 build/usbd_core.o
                0x00000000080072e2                USBD_LL_IsoINIncomplete
 .text.USBD_LL_IsoOUTIncomplete
                0x000000000800730a       0x28 build/usbd_core.o
                0x000000000800730a                USBD_LL_IsoOUTIncomplete
 .text.USBD_LL_DevConnected
                0x0000000008007332        0x4 build/usbd_core.o
                0x0000000008007332                USBD_LL_DevConnected
 .text.USBD_LL_DevDisconnected
                0x0000000008007336       0x18 build/usbd_core.o
                0x0000000008007336                USBD_LL_DevDisconnected
 .text.USBD_GetLen
                0x000000000800734e       0x14 build/usbd_ctlreq.o
 .text.USBD_SetFeature
                0x0000000008007362       0x14 build/usbd_ctlreq.o
 .text.USBD_ParseSetupRequest
                0x0000000008007376       0x28 build/usbd_ctlreq.o
                0x0000000008007376                USBD_ParseSetupRequest
 .text.USBD_CtlError
                0x000000000800739e       0x14 build/usbd_ctlreq.o
                0x000000000800739e                USBD_CtlError
 .text.USBD_GetDescriptor
                0x00000000080073b2      0x19a build/usbd_ctlreq.o
 .text.USBD_SetAddress
                0x000000000800754c       0x50 build/usbd_ctlreq.o
 .text.USBD_SetConfig
                0x000000000800759c       0xc8 build/usbd_ctlreq.o
 .text.USBD_GetConfig
                0x0000000008007664       0x40 build/usbd_ctlreq.o
 .text.USBD_GetStatus
                0x00000000080076a4       0x38 build/usbd_ctlreq.o
 .text.USBD_ClrFeature
                0x00000000080076dc       0x26 build/usbd_ctlreq.o
 .text.USBD_StdDevReq
                0x0000000008007702       0x70 build/usbd_ctlreq.o
                0x0000000008007702                USBD_StdDevReq
 .text.USBD_StdItfReq
                0x0000000008007772       0x68 build/usbd_ctlreq.o
                0x0000000008007772                USBD_StdItfReq
 .text.USBD_StdEPReq
                0x00000000080077da      0x1f2 build/usbd_ctlreq.o
                0x00000000080077da                USBD_StdEPReq
 .text.USBD_GetString
                0x00000000080079cc       0x3a build/usbd_ctlreq.o
                0x00000000080079cc                USBD_GetString
 .text.USBD_CtlSendData
                0x0000000008007a06       0x1a build/usbd_ioreq.o
                0x0000000008007a06                USBD_CtlSendData
 .text.USBD_CtlContinueSendData
                0x0000000008007a20       0x10 build/usbd_ioreq.o
                0x0000000008007a20                USBD_CtlContinueSendData
 .text.USBD_CtlPrepareRx
                0x0000000008007a30       0x1e build/usbd_ioreq.o
                0x0000000008007a30                USBD_CtlPrepareRx
 .text.USBD_CtlContinueRx
                0x0000000008007a4e       0x10 build/usbd_ioreq.o
                0x0000000008007a4e                USBD_CtlContinueRx
 .text.USBD_CtlSendStatus
                0x0000000008007a5e       0x16 build/usbd_ioreq.o
                0x0000000008007a5e                USBD_CtlSendStatus
 .text.USBD_CtlReceiveStatus
                0x0000000008007a74       0x16 build/usbd_ioreq.o
                0x0000000008007a74                USBD_CtlReceiveStatus
 *fill*         0x0000000008007a8a        0x2 
 .text.MX_USB_DEVICE_Init
                0x0000000008007a8c       0x58 build/usb_device.o
                0x0000000008007a8c                MX_USB_DEVICE_Init
 .text.USBD_DeviceDescriptor
                0x0000000008007ae4        0xc build/usbd_desc.o
                0x0000000008007ae4                USBD_DeviceDescriptor
 .text.USBD_LangIDStrDescriptor
                0x0000000008007af0        0xc build/usbd_desc.o
                0x0000000008007af0                USBD_LangIDStrDescriptor
 .text.IntToUnicode
                0x0000000008007afc       0x46 build/usbd_desc.o
 *fill*         0x0000000008007b42        0x2 
 .text.Get_SerialNum
                0x0000000008007b44       0x38 build/usbd_desc.o
 .text.USBD_SerialStrDescriptor
                0x0000000008007b7c       0x14 build/usbd_desc.o
                0x0000000008007b7c                USBD_SerialStrDescriptor
 .text.USBD_ProductStrDescriptor
                0x0000000008007b90       0x24 build/usbd_desc.o
                0x0000000008007b90                USBD_ProductStrDescriptor
 .text.USBD_ManufacturerStrDescriptor
                0x0000000008007bb4       0x1c build/usbd_desc.o
                0x0000000008007bb4                USBD_ManufacturerStrDescriptor
 .text.USBD_ConfigStrDescriptor
                0x0000000008007bd0       0x24 build/usbd_desc.o
                0x0000000008007bd0                USBD_ConfigStrDescriptor
 .text.USBD_InterfaceStrDescriptor
                0x0000000008007bf4       0x24 build/usbd_desc.o
                0x0000000008007bf4                USBD_InterfaceStrDescriptor
 .text.HAL_PCDEx_SetTxFiFoInBytes
                0x0000000008007c18        0xa build/usbd_conf.o
                0x0000000008007c18                HAL_PCDEx_SetTxFiFoInBytes
 .text.HAL_PCDEx_SetRxFiFoInBytes
                0x0000000008007c22        0xa build/usbd_conf.o
                0x0000000008007c22                HAL_PCDEx_SetRxFiFoInBytes
 .text.HAL_PCD_SetupStageCallback
                0x0000000008007c2c       0x10 build/usbd_conf.o
                0x0000000008007c2c                HAL_PCD_SetupStageCallback
 .text.HAL_PCD_DataOutStageCallback
                0x0000000008007c3c       0x18 build/usbd_conf.o
                0x0000000008007c3c                HAL_PCD_DataOutStageCallback
 .text.HAL_PCD_DataInStageCallback
                0x0000000008007c54       0x16 build/usbd_conf.o
                0x0000000008007c54                HAL_PCD_DataInStageCallback
 .text.HAL_PCD_SOFCallback
                0x0000000008007c6a        0xc build/usbd_conf.o
                0x0000000008007c6a                HAL_PCD_SOFCallback
 .text.HAL_PCD_ResetCallback
                0x0000000008007c76       0x2c build/usbd_conf.o
                0x0000000008007c76                HAL_PCD_ResetCallback
 *fill*         0x0000000008007ca2        0x2 
 .text.HAL_PCD_SuspendCallback
                0x0000000008007ca4       0x30 build/usbd_conf.o
                0x0000000008007ca4                HAL_PCD_SuspendCallback
 .text.HAL_PCD_ResumeCallback
                0x0000000008007cd4        0xc build/usbd_conf.o
                0x0000000008007cd4                HAL_PCD_ResumeCallback
 .text.HAL_PCD_ISOOUTIncompleteCallback
                0x0000000008007ce0        0xc build/usbd_conf.o
                0x0000000008007ce0                HAL_PCD_ISOOUTIncompleteCallback
 .text.HAL_PCD_ISOINIncompleteCallback
                0x0000000008007cec        0xc build/usbd_conf.o
                0x0000000008007cec                HAL_PCD_ISOINIncompleteCallback
 .text.HAL_PCD_ConnectCallback
                0x0000000008007cf8        0xc build/usbd_conf.o
                0x0000000008007cf8                HAL_PCD_ConnectCallback
 .text.HAL_PCD_DisconnectCallback
                0x0000000008007d04        0xc build/usbd_conf.o
                0x0000000008007d04                HAL_PCD_DisconnectCallback
 .text.USBD_LL_Init
                0x0000000008007d10       0x84 build/usbd_conf.o
                0x0000000008007d10                USBD_LL_Init
 .text.USBD_LL_IsStallEP
                0x0000000008007d94       0x2e build/usbd_conf.o
                0x0000000008007d94                USBD_LL_IsStallEP
 .text.USBD_LL_GetRxDataSize
                0x0000000008007dc2        0xc build/usbd_conf.o
                0x0000000008007dc2                USBD_LL_GetRxDataSize
 .text.USBD_Get_USB_Status
                0x0000000008007dce       0x14 build/usbd_conf.o
                0x0000000008007dce                USBD_Get_USB_Status
 .text.USBD_LL_Start
                0x0000000008007de2       0x10 build/usbd_conf.o
                0x0000000008007de2                USBD_LL_Start
 .text.USBD_LL_OpenEP
                0x0000000008007df2       0x16 build/usbd_conf.o
                0x0000000008007df2                USBD_LL_OpenEP
 .text.USBD_LL_CloseEP
                0x0000000008007e08       0x10 build/usbd_conf.o
                0x0000000008007e08                USBD_LL_CloseEP
 .text.USBD_LL_StallEP
                0x0000000008007e18       0x10 build/usbd_conf.o
                0x0000000008007e18                USBD_LL_StallEP
 .text.USBD_LL_ClearStallEP
                0x0000000008007e28       0x10 build/usbd_conf.o
                0x0000000008007e28                USBD_LL_ClearStallEP
 .text.USBD_LL_SetUSBAddress
                0x0000000008007e38       0x10 build/usbd_conf.o
                0x0000000008007e38                USBD_LL_SetUSBAddress
 .text.USBD_LL_Transmit
                0x0000000008007e48       0x10 build/usbd_conf.o
                0x0000000008007e48                USBD_LL_Transmit
 .text.USBD_LL_PrepareReceive
                0x0000000008007e58       0x10 build/usbd_conf.o
                0x0000000008007e58                USBD_LL_PrepareReceive
 .text.USBD_CDC_EP0_RxReady
                0x0000000008007e68       0x4c build/usbd_cdc_acm.o
 .text.USBD_CDC_GetFSCfgDesc
                0x0000000008007eb4        0xc build/usbd_cdc_acm.o
 .text.USBD_CDC_GetHSCfgDesc
                0x0000000008007ec0        0xc build/usbd_cdc_acm.o
 .text.USBD_CDC_GetOtherSpeedCfgDesc
                0x0000000008007ecc        0xc build/usbd_cdc_acm.o
 .text.USBD_CDC_GetDeviceQualifierDescriptor
                0x0000000008007ed8        0xc build/usbd_cdc_acm.o
 .text.USBD_CDC_DataOut
                0x0000000008007ee4       0x50 build/usbd_cdc_acm.o
 .text.USBD_CDC_DataIn
                0x0000000008007f34       0x98 build/usbd_cdc_acm.o
 .text.USBD_CDC_Setup
                0x0000000008007fcc      0x150 build/usbd_cdc_acm.o
 .text.USBD_CDC_DeInit
                0x000000000800811c       0x7c build/usbd_cdc_acm.o
 .text.USBD_CDC_Init
                0x0000000008008198      0x164 build/usbd_cdc_acm.o
 .text.USBD_CDC_ACM_RegisterInterface
                0x00000000080082fc        0xe build/usbd_cdc_acm.o
                0x00000000080082fc                USBD_CDC_ACM_RegisterInterface
 *fill*         0x000000000800830a        0x2 
 .text.USBD_CDC_SetTxBuffer
                0x000000000800830c       0x1c build/usbd_cdc_acm.o
                0x000000000800830c                USBD_CDC_SetTxBuffer
 .text.USBD_CDC_SetRxBuffer
                0x0000000008008328       0x18 build/usbd_cdc_acm.o
                0x0000000008008328                USBD_CDC_SetRxBuffer
 .text.USBD_CDC_TransmitPacket
                0x0000000008008340       0x50 build/usbd_cdc_acm.o
                0x0000000008008340                USBD_CDC_TransmitPacket
 .text.USBD_CDC_ReceivePacket
                0x0000000008008390       0x50 build/usbd_cdc_acm.o
                0x0000000008008390                USBD_CDC_ReceivePacket
 .text.USBD_Update_CDC_ACM_DESC
                0x00000000080083e0       0x98 build/usbd_cdc_acm.o
                0x00000000080083e0                USBD_Update_CDC_ACM_DESC
 .text.CDC_DeInit
                0x0000000008008478        0x4 build/usbd_cdc_acm_if.o
 .text.CDC_TransmitCplt
                0x000000000800847c       0x18 build/usbd_cdc_acm_if.o
 .text.CDC_Init
                0x0000000008008494       0x1c build/usbd_cdc_acm_if.o
 .text.CDC_Receive
                0x00000000080084b0       0x74 build/usbd_cdc_acm_if.o
 .text.CDC_Control
                0x0000000008008524       0x94 build/usbd_cdc_acm_if.o
 .text.CDC_Transmit
                0x00000000080085b8       0x44 build/usbd_cdc_acm_if.o
                0x00000000080085b8                CDC_Transmit
 .text.MX_DMA_Init
                0x00000000080085fc       0x44 build/dma.o
                0x00000000080085fc                MX_DMA_Init
 .text.Reset_Handler
                0x0000000008008640       0x50 build/startup_stm32f723xx.o
                0x0000000008008640                Reset_Handler
 .text.Default_Handler
                0x0000000008008690        0x2 build/startup_stm32f723xx.o
                0x0000000008008690                RTC_Alarm_IRQHandler
                0x0000000008008690                EXTI2_IRQHandler
                0x0000000008008690                UART8_IRQHandler
                0x0000000008008690                SPI4_IRQHandler
                0x0000000008008690                DMA2_Stream5_IRQHandler
                0x0000000008008690                DMA1_Stream5_IRQHandler
                0x0000000008008690                PVD_IRQHandler
                0x0000000008008690                TAMP_STAMP_IRQHandler
                0x0000000008008690                EXTI3_IRQHandler
                0x0000000008008690                TIM8_TRG_COM_TIM14_IRQHandler
                0x0000000008008690                TIM8_UP_TIM13_IRQHandler
                0x0000000008008690                I2C3_ER_IRQHandler
                0x0000000008008690                EXTI0_IRQHandler
                0x0000000008008690                I2C2_EV_IRQHandler
                0x0000000008008690                DMA1_Stream2_IRQHandler
                0x0000000008008690                CAN1_RX0_IRQHandler
                0x0000000008008690                FPU_IRQHandler
                0x0000000008008690                OTG_HS_WKUP_IRQHandler
                0x0000000008008690                DMA2_Stream2_IRQHandler
                0x0000000008008690                SPI1_IRQHandler
                0x0000000008008690                TIM1_BRK_TIM9_IRQHandler
                0x0000000008008690                DMA2_Stream3_IRQHandler
                0x0000000008008690                SAI2_IRQHandler
                0x0000000008008690                USART6_IRQHandler
                0x0000000008008690                USART3_IRQHandler
                0x0000000008008690                CAN1_RX1_IRQHandler
                0x0000000008008690                UART5_IRQHandler
                0x0000000008008690                DMA2_Stream0_IRQHandler
                0x0000000008008690                TIM4_IRQHandler
                0x0000000008008690                QUADSPI_IRQHandler
                0x0000000008008690                DMA1_Stream1_IRQHandler
                0x0000000008008690                UART4_IRQHandler
                0x0000000008008690                TIM3_IRQHandler
                0x0000000008008690                RCC_IRQHandler
                0x0000000008008690                TIM8_BRK_TIM12_IRQHandler
                0x0000000008008690                Default_Handler
                0x0000000008008690                EXTI15_10_IRQHandler
                0x0000000008008690                ADC_IRQHandler
                0x0000000008008690                DMA1_Stream7_IRQHandler
                0x0000000008008690                SPI5_IRQHandler
                0x0000000008008690                SDMMC1_IRQHandler
                0x0000000008008690                TIM5_IRQHandler
                0x0000000008008690                DMA2_Stream7_IRQHandler
                0x0000000008008690                I2C3_EV_IRQHandler
                0x0000000008008690                EXTI9_5_IRQHandler
                0x0000000008008690                RTC_WKUP_IRQHandler
                0x0000000008008690                SPI2_IRQHandler
                0x0000000008008690                OTG_HS_EP1_IN_IRQHandler
                0x0000000008008690                CAN1_TX_IRQHandler
                0x0000000008008690                EXTI4_IRQHandler
                0x0000000008008690                RNG_IRQHandler
                0x0000000008008690                OTG_HS_EP1_OUT_IRQHandler
                0x0000000008008690                WWDG_IRQHandler
                0x0000000008008690                TIM2_IRQHandler
                0x0000000008008690                OTG_FS_WKUP_IRQHandler
                0x0000000008008690                TIM1_TRG_COM_TIM11_IRQHandler
                0x0000000008008690                EXTI1_IRQHandler
                0x0000000008008690                SDMMC2_IRQHandler
                0x0000000008008690                UART7_IRQHandler
                0x0000000008008690                USART2_IRQHandler
                0x0000000008008690                I2C2_ER_IRQHandler
                0x0000000008008690                DMA2_Stream1_IRQHandler
                0x0000000008008690                CAN1_SCE_IRQHandler
                0x0000000008008690                FLASH_IRQHandler
                0x0000000008008690                DMA2_Stream4_IRQHandler
                0x0000000008008690                USART1_IRQHandler
                0x0000000008008690                OTG_FS_IRQHandler
                0x0000000008008690                SPI3_IRQHandler
                0x0000000008008690                DMA1_Stream4_IRQHandler
                0x0000000008008690                FMC_IRQHandler
                0x0000000008008690                LPTIM1_IRQHandler
                0x0000000008008690                DMA2_Stream6_IRQHandler
                0x0000000008008690                SAI1_IRQHandler
                0x0000000008008690                DMA1_Stream3_IRQHandler
 *fill*         0x0000000008008692        0x2 
 .text.__libc_init_array
                0x0000000008008694       0x48 /opt/gcc-arm-none-eabi-10.3-2021.10/bin/../lib/gcc/arm-none-eabi/10.3.1/../../../../arm-none-eabi/lib/thumb/v7e-m+fp/hard/libc_nano.a(lib_a-init.o)
                0x0000000008008694                __libc_init_array
 .text.malloc   0x00000000080086dc       0x10 /opt/gcc-arm-none-eabi-10.3-2021.10/bin/../lib/gcc/arm-none-eabi/10.3.1/../../../../arm-none-eabi/lib/thumb/v7e-m+fp/hard/libc_nano.a(lib_a-malloc.o)
                0x00000000080086dc                malloc
 .text.free     0x00000000080086ec       0x10 /opt/gcc-arm-none-eabi-10.3-2021.10/bin/../lib/gcc/arm-none-eabi/10.3.1/../../../../arm-none-eabi/lib/thumb/v7e-m+fp/hard/libc_nano.a(lib_a-malloc.o)
                0x00000000080086ec                free
 .text.memcmp   0x00000000080086fc       0x20 /opt/gcc-arm-none-eabi-10.3-2021.10/bin/../lib/gcc/arm-none-eabi/10.3.1/../../../../arm-none-eabi/lib/thumb/v7e-m+fp/hard/libc_nano.a(lib_a-memcmp.o)
                0x00000000080086fc                memcmp
 .text.memcpy   0x000000000800871c       0x1c /opt/gcc-arm-none-eabi-10.3-2021.10/bin/../lib/gcc/arm-none-eabi/10.3.1/../../../../arm-none-eabi/lib/thumb/v7e-m+fp/hard/libc_nano.a(lib_a-memcpy-stub.o)
                0x000000000800871c                memcpy
 .text.memset   0x0000000008008738       0x10 /opt/gcc-arm-none-eabi-10.3-2021.10/bin/../lib/gcc/arm-none-eabi/10.3.1/../../../../arm-none-eabi/lib/thumb/v7e-m+fp/hard/libc_nano.a(lib_a-memset.o)
                0x0000000008008738                memset
 .text._free_r  0x0000000008008748       0x98 /opt/gcc-arm-none-eabi-10.3-2021.10/bin/../lib/gcc/arm-none-eabi/10.3.1/../../../../arm-none-eabi/lib/thumb/v7e-m+fp/hard/libc_nano.a(lib_a-nano-freer.o)
                0x0000000008008748                _free_r
 .text.sbrk_aligned
                0x00000000080087e0       0x40 /opt/gcc-arm-none-eabi-10.3-2021.10/bin/../lib/gcc/arm-none-eabi/10.3.1/../../../../arm-none-eabi/lib/thumb/v7e-m+fp/hard/libc_nano.a(lib_a-nano-mallocr.o)
 .text._malloc_r
                0x0000000008008820       0xe8 /opt/gcc-arm-none-eabi-10.3-2021.10/bin/../lib/gcc/arm-none-eabi/10.3.1/../../../../arm-none-eabi/lib/thumb/v7e-m+fp/hard/libc_nano.a(lib_a-nano-mallocr.o)
                0x0000000008008820                _malloc_r
 .text.realloc  0x0000000008008908       0x10 /opt/gcc-arm-none-eabi-10.3-2021.10/bin/../lib/gcc/arm-none-eabi/10.3.1/../../../../arm-none-eabi/lib/thumb/v7e-m+fp/hard/libc_nano.a(lib_a-realloc.o)
                0x0000000008008908                realloc
 .text._sbrk_r  0x0000000008008918       0x20 /opt/gcc-arm-none-eabi-10.3-2021.10/bin/../lib/gcc/arm-none-eabi/10.3.1/../../../../arm-none-eabi/lib/thumb/v7e-m+fp/hard/libc_nano.a(lib_a-sbrkr.o)
                0x0000000008008918                _sbrk_r
 .text.snprintf
                0x0000000008008938       0x68 /opt/gcc-arm-none-eabi-10.3-2021.10/bin/../lib/gcc/arm-none-eabi/10.3.1/../../../../arm-none-eabi/lib/thumb/v7e-m+fp/hard/libc_nano.a(lib_a-snprintf.o)
                0x0000000008008938                snprintf
                0x0000000008008938                sniprintf
 .text.__malloc_lock
                0x00000000080089a0        0xc /opt/gcc-arm-none-eabi-10.3-2021.10/bin/../lib/gcc/arm-none-eabi/10.3.1/../../../../arm-none-eabi/lib/thumb/v7e-m+fp/hard/libc_nano.a(lib_a-mlock.o)
                0x00000000080089a0                __malloc_lock
 .text.__malloc_unlock
                0x00000000080089ac        0xc /opt/gcc-arm-none-eabi-10.3-2021.10/bin/../lib/gcc/arm-none-eabi/10.3.1/../../../../arm-none-eabi/lib/thumb/v7e-m+fp/hard/libc_nano.a(lib_a-mlock.o)
                0x00000000080089ac                __malloc_unlock
 .text._realloc_r
                0x00000000080089b8       0x5e /opt/gcc-arm-none-eabi-10.3-2021.10/bin/../lib/gcc/arm-none-eabi/10.3.1/../../../../arm-none-eabi/lib/thumb/v7e-m+fp/hard/libc_nano.a(lib_a-nano-reallocr.o)
                0x00000000080089b8                _realloc_r
 .text.__ssputs_r
                0x0000000008008a16       0xb6 /opt/gcc-arm-none-eabi-10.3-2021.10/bin/../lib/gcc/arm-none-eabi/10.3.1/../../../../arm-none-eabi/lib/thumb/v7e-m+fp/hard/libc_nano.a(lib_a-nano-svfprintf.o)
                0x0000000008008a16                __ssputs_r
 .text._svfprintf_r
                0x0000000008008acc      0x200 /opt/gcc-arm-none-eabi-10.3-2021.10/bin/../lib/gcc/arm-none-eabi/10.3.1/../../../../arm-none-eabi/lib/thumb/v7e-m+fp/hard/libc_nano.a(lib_a-nano-svfprintf.o)
                0x0000000008008acc                _svfprintf_r
                0x0000000008008acc                _svfiprintf_r
 .text._printf_common
                0x0000000008008ccc       0xda /opt/gcc-arm-none-eabi-10.3-2021.10/bin/../lib/gcc/arm-none-eabi/10.3.1/../../../../arm-none-eabi/lib/thumb/v7e-m+fp/hard/libc_nano.a(lib_a-nano-vfprintf_i.o)
                0x0000000008008ccc                _printf_common
 *fill*         0x0000000008008da6        0x2 
 .text._printf_i
                0x0000000008008da8      0x24c /opt/gcc-arm-none-eabi-10.3-2021.10/bin/../lib/gcc/arm-none-eabi/10.3.1/../../../../arm-none-eabi/lib/thumb/v7e-m+fp/hard/libc_nano.a(lib_a-nano-vfprintf_i.o)
                0x0000000008008da8                _printf_i
 .text.__retarget_lock_acquire_recursive
                0x0000000008008ff4        0x2 /opt/gcc-arm-none-eabi-10.3-2021.10/bin/../lib/gcc/arm-none-eabi/10.3.1/../../../../arm-none-eabi/lib/thumb/v7e-m+fp/hard/libc_nano.a(lib_a-lock.o)
                0x0000000008008ff4                __retarget_lock_acquire_recursive
 .text.__retarget_lock_release_recursive
                0x0000000008008ff6        0x2 /opt/gcc-arm-none-eabi-10.3-2021.10/bin/../lib/gcc/arm-none-eabi/10.3.1/../../../../arm-none-eabi/lib/thumb/v7e-m+fp/hard/libc_nano.a(lib_a-lock.o)
                0x0000000008008ff6                __retarget_lock_release_recursive
 .text.memmove  0x0000000008008ff8       0x34 /opt/gcc-arm-none-eabi-10.3-2021.10/bin/../lib/gcc/arm-none-eabi/10.3.1/../../../../arm-none-eabi/lib/thumb/v7e-m+fp/hard/libc_nano.a(lib_a-memmove.o)
                0x0000000008008ff8                memmove
 .text._malloc_usable_size_r
                0x000000000800902c       0x10 /opt/gcc-arm-none-eabi-10.3-2021.10/bin/../lib/gcc/arm-none-eabi/10.3.1/../../../../arm-none-eabi/lib/thumb/v7e-m+fp/hard/libc_nano.a(lib_a-nano-msizer.o)
                0x000000000800902c                _malloc_usable_size_r
 *fill*         0x000000000800903c        0x4 
 .text.floor    0x0000000008009040      0x108 /opt/gcc-arm-none-eabi-10.3-2021.10/bin/../lib/gcc/arm-none-eabi/10.3.1/../../../../arm-none-eabi/lib/thumb/v7e-m+fp/hard/libm.a(lib_a-s_floor.o)
                0x0000000008009040                floor
 .text.cosf     0x0000000008009148       0x70 /opt/gcc-arm-none-eabi-10.3-2021.10/bin/../lib/gcc/arm-none-eabi/10.3.1/../../../../arm-none-eabi/lib/thumb/v7e-m+fp/hard/libm.a(lib_a-sf_cos.o)
                0x0000000008009148                cosf
 .text.pow      0x00000000080091b8       0xf0 /opt/gcc-arm-none-eabi-10.3-2021.10/bin/../lib/gcc/arm-none-eabi/10.3.1/../../../../arm-none-eabi/lib/thumb/v7e-m+fp/hard/libm.a(lib_a-w_pow.o)
                0x00000000080091b8                pow
 .text.__ieee754_pow
                0x00000000080092a8      0xb74 /opt/gcc-arm-none-eabi-10.3-2021.10/bin/../lib/gcc/arm-none-eabi/10.3.1/../../../../arm-none-eabi/lib/thumb/v7e-m+fp/hard/libm.a(lib_a-e_pow.o)
                0x00000000080092a8                __ieee754_pow
 .text.__ieee754_sqrt
                0x0000000008009e1c      0x198 /opt/gcc-arm-none-eabi-10.3-2021.10/bin/../lib/gcc/arm-none-eabi/10.3.1/../../../../arm-none-eabi/lib/thumb/v7e-m+fp/hard/libm.a(lib_a-e_sqrt.o)
                0x0000000008009e1c                __ieee754_sqrt
 .text.__ieee754_rem_pio2f
                0x0000000008009fb4      0x264 /opt/gcc-arm-none-eabi-10.3-2021.10/bin/../lib/gcc/arm-none-eabi/10.3.1/../../../../arm-none-eabi/lib/thumb/v7e-m+fp/hard/libm.a(lib_a-ef_rem_pio2.o)
                0x0000000008009fb4                __ieee754_rem_pio2f
 .text.__kernel_cosf
                0x000000000800a218      0x104 /opt/gcc-arm-none-eabi-10.3-2021.10/bin/../lib/gcc/arm-none-eabi/10.3.1/../../../../arm-none-eabi/lib/thumb/v7e-m+fp/hard/libm.a(lib_a-kf_cos.o)
                0x000000000800a218                __kernel_cosf
 .text.__kernel_rem_pio2f
                0x000000000800a31c      0x674 /opt/gcc-arm-none-eabi-10.3-2021.10/bin/../lib/gcc/arm-none-eabi/10.3.1/../../../../arm-none-eabi/lib/thumb/v7e-m+fp/hard/libm.a(lib_a-kf_rem_pio2.o)
                0x000000000800a31c                __kernel_rem_pio2f
 .text.__kernel_sinf
                0x000000000800a990       0x90 /opt/gcc-arm-none-eabi-10.3-2021.10/bin/../lib/gcc/arm-none-eabi/10.3.1/../../../../arm-none-eabi/lib/thumb/v7e-m+fp/hard/libm.a(lib_a-kf_sin.o)
                0x000000000800a990                __kernel_sinf
 .text.with_errno
                0x000000000800aa20       0x18 /opt/gcc-arm-none-eabi-10.3-2021.10/bin/../lib/gcc/arm-none-eabi/10.3.1/../../../../arm-none-eabi/lib/thumb/v7e-m+fp/hard/libm.a(lib_a-math_err.o)
 .text.xflow    0x000000000800aa38       0x2c /opt/gcc-arm-none-eabi-10.3-2021.10/bin/../lib/gcc/arm-none-eabi/10.3.1/../../../../arm-none-eabi/lib/thumb/v7e-m+fp/hard/libm.a(lib_a-math_err.o)
 .text.__math_uflow
                0x000000000800aa64       0x14 /opt/gcc-arm-none-eabi-10.3-2021.10/bin/../lib/gcc/arm-none-eabi/10.3.1/../../../../arm-none-eabi/lib/thumb/v7e-m+fp/hard/libm.a(lib_a-math_err.o)
                0x000000000800aa64                __math_uflow
 .text.__math_oflow
                0x000000000800aa78       0x14 /opt/gcc-arm-none-eabi-10.3-2021.10/bin/../lib/gcc/arm-none-eabi/10.3.1/../../../../arm-none-eabi/lib/thumb/v7e-m+fp/hard/libm.a(lib_a-math_err.o)
                0x000000000800aa78                __math_oflow
 .text.fabs     0x000000000800aa8c       0x14 /opt/gcc-arm-none-eabi-10.3-2021.10/bin/../lib/gcc/arm-none-eabi/10.3.1/../../../../arm-none-eabi/lib/thumb/v7e-m+fp/hard/libm.a(lib_a-s_fabs.o)
                0x000000000800aa8c                fabs
 .text.finite   0x000000000800aaa0       0x18 /opt/gcc-arm-none-eabi-10.3-2021.10/bin/../lib/gcc/arm-none-eabi/10.3.1/../../../../arm-none-eabi/lib/thumb/v7e-m+fp/hard/libm.a(lib_a-s_finite.o)
                0x000000000800aaa0                finite
 .text.scalbn   0x000000000800aab8      0x124 /opt/gcc-arm-none-eabi-10.3-2021.10/bin/../lib/gcc/arm-none-eabi/10.3.1/../../../../arm-none-eabi/lib/thumb/v7e-m+fp/hard/libm.a(lib_a-s_scalbn.o)
                0x000000000800aab8                scalbn
 .text.fabsf    0x000000000800abdc       0x10 /opt/gcc-arm-none-eabi-10.3-2021.10/bin/../lib/gcc/arm-none-eabi/10.3.1/../../../../arm-none-eabi/lib/thumb/v7e-m+fp/hard/libm.a(lib_a-sf_fabs.o)
                0x000000000800abdc                fabsf
 .text.floorf   0x000000000800abec       0x8c /opt/gcc-arm-none-eabi-10.3-2021.10/bin/../lib/gcc/arm-none-eabi/10.3.1/../../../../arm-none-eabi/lib/thumb/v7e-m+fp/hard/libm.a(lib_a-sf_floor.o)
                0x000000000800abec                floorf
 .text.scalbnf  0x000000000800ac78       0xe4 /opt/gcc-arm-none-eabi-10.3-2021.10/bin/../lib/gcc/arm-none-eabi/10.3.1/../../../../arm-none-eabi/lib/thumb/v7e-m+fp/hard/libm.a(lib_a-sf_scalbn.o)
                0x000000000800ac78                scalbnf
 .text._sbrk    0x000000000800ad5c       0x1c /opt/gcc-arm-none-eabi-10.3-2021.10/bin/../lib/gcc/arm-none-eabi/10.3.1/../../../../arm-none-eabi/lib/thumb/v7e-m+fp/hard/libnosys.a(sbrk.o)
                0x000000000800ad5c                _sbrk
 .text.__errno  0x000000000800ad78        0xc /opt/gcc-arm-none-eabi-10.3-2021.10/bin/../lib/gcc/arm-none-eabi/10.3.1/../../../../arm-none-eabi/lib/thumb/v7e-m+fp/hard/libc_nano.a(lib_a-errno.o)
                0x000000000800ad78                __errno
 *(.glue_7)
 .glue_7        0x000000000800ad84        0x0 linker stubs
 *(.glue_7t)
 .glue_7t       0x000000000800ad84        0x0 linker stubs
 *(.eh_frame)
 .eh_frame      0x000000000800ad84        0x0 /opt/gcc-arm-none-eabi-10.3-2021.10/bin/../lib/gcc/arm-none-eabi/10.3.1/thumb/v7e-m+fp/hard/crtbegin.o
 *(.init)
 .init          0x000000000800ad84        0x4 /opt/gcc-arm-none-eabi-10.3-2021.10/bin/../lib/gcc/arm-none-eabi/10.3.1/thumb/v7e-m+fp/hard/crti.o
                0x000000000800ad84                _init
 .init          0x000000000800ad88        0x8 /opt/gcc-arm-none-eabi-10.3-2021.10/bin/../lib/gcc/arm-none-eabi/10.3.1/thumb/v7e-m+fp/hard/crtn.o
 *(.fini)
 .fini          0x000000000800ad90        0x4 /opt/gcc-arm-none-eabi-10.3-2021.10/bin/../lib/gcc/arm-none-eabi/10.3.1/thumb/v7e-m+fp/hard/crti.o
                0x000000000800ad90                _fini
 .fini          0x000000000800ad94        0x8 /opt/gcc-arm-none-eabi-10.3-2021.10/bin/../lib/gcc/arm-none-eabi/10.3.1/thumb/v7e-m+fp/hard/crtn.o
                0x000000000800ad9c                . = ALIGN (0x4)
                0x000000000800ad9c                _etext = .

.vfp11_veneer   0x000000000800ad9c        0x0
 .vfp11_veneer  0x000000000800ad9c        0x0 linker stubs

.v4_bx          0x000000000800ad9c        0x0
 .v4_bx         0x000000000800ad9c        0x0 linker stubs

.iplt           0x000000000800ad9c        0x0
 .iplt          0x000000000800ad9c        0x0 /opt/gcc-arm-none-eabi-10.3-2021.10/bin/../lib/gcc/arm-none-eabi/10.3.1/thumb/v7e-m+fp/hard/crtbegin.o

.rodata         0x000000000800ada0      0x4d4
                0x000000000800ada0                . = ALIGN (0x4)
 *(.rodata)
 *(.rodata*)
 .rodata.main.str1.4
                0x000000000800ada0       0x1c build/main.o
 .rodata.flagBitshiftOffset.0
                0x000000000800adbc        0x8 build/stm32f7xx_hal_dma.o
 .rodata.AHBPrescTable
                0x000000000800adc4       0x10 build/system_stm32f7xx.o
                0x000000000800adc4                AHBPrescTable
 *fill*         0x000000000800add4        0x4 
 .rodata.SYSTEM_STATUS_DEGREE_INCREMENT
                0x000000000800add8        0x8 build/nyan_leds.o
                0x000000000800add8                SYSTEM_STATUS_DEGREE_INCREMENT
 .rodata.NyanAddInputBuffer.str1.4
                0x000000000800ade0        0x4 build/nyan_os.o
 .rodata.str1.4
                0x000000000800ade4        0xe build/nyan_os.o
 *fill*         0x000000000800adf2        0x2 
 .rodata.nyan_commands
                0x000000000800adf4        0x8 build/nyan_os.o
 .rodata.USBD_COMPOSITE_GetUsrStringDesc.str1.4
                0x000000000800adfc       0x23 build/usbd_composite.o
 *fill*         0x000000000800ae1f        0x1 
 .rodata.USBD_ProductStrDescriptor.str1.4
                0x000000000800ae20       0x17 build/usbd_desc.o
 *fill*         0x000000000800ae37        0x1 
 .rodata.USBD_ManufacturerStrDescriptor.str1.4
                0x000000000800ae38       0x13 build/usbd_desc.o
 *fill*         0x000000000800ae4b        0x1 
 .rodata.USBD_ConfigStrDescriptor.str1.4
                0x000000000800ae4c       0x10 build/usbd_desc.o
 .rodata.USBD_InterfaceStrDescriptor.str1.4
                0x000000000800ae5c       0x14 build/usbd_desc.o
 .rodata._svfprintf_r.str1.1
                0x000000000800ae70       0x11 /opt/gcc-arm-none-eabi-10.3-2021.10/bin/../lib/gcc/arm-none-eabi/10.3.1/../../../../arm-none-eabi/lib/thumb/v7e-m+fp/hard/libc_nano.a(lib_a-nano-svfprintf.o)
 .rodata._printf_i.str1.1
                0x000000000800ae81       0x22 /opt/gcc-arm-none-eabi-10.3-2021.10/bin/../lib/gcc/arm-none-eabi/10.3.1/../../../../arm-none-eabi/lib/thumb/v7e-m+fp/hard/libc_nano.a(lib_a-nano-vfprintf_i.o)
 *fill*         0x000000000800aea3        0x1 
 .rodata.npio2_hw
                0x000000000800aea4       0x80 /opt/gcc-arm-none-eabi-10.3-2021.10/bin/../lib/gcc/arm-none-eabi/10.3.1/../../../../arm-none-eabi/lib/thumb/v7e-m+fp/hard/libm.a(lib_a-ef_rem_pio2.o)
 .rodata.two_over_pi
                0x000000000800af24      0x318 /opt/gcc-arm-none-eabi-10.3-2021.10/bin/../lib/gcc/arm-none-eabi/10.3.1/../../../../arm-none-eabi/lib/thumb/v7e-m+fp/hard/libm.a(lib_a-ef_rem_pio2.o)
 .rodata.PIo2   0x000000000800b23c       0x2c /opt/gcc-arm-none-eabi-10.3-2021.10/bin/../lib/gcc/arm-none-eabi/10.3.1/../../../../arm-none-eabi/lib/thumb/v7e-m+fp/hard/libm.a(lib_a-kf_rem_pio2.o)
 .rodata.init_jk
                0x000000000800b268        0xc /opt/gcc-arm-none-eabi-10.3-2021.10/bin/../lib/gcc/arm-none-eabi/10.3.1/../../../../arm-none-eabi/lib/thumb/v7e-m+fp/hard/libm.a(lib_a-kf_rem_pio2.o)
                0x000000000800b274                . = ALIGN (0x4)

.ARM.extab
 *(.ARM.extab* .gnu.linkonce.armextab.*)

.ARM            0x000000000800b274        0x8
                0x000000000800b274                __exidx_start = .
 *(.ARM.exidx*)
 .ARM.exidx     0x000000000800b274        0x8 /opt/gcc-arm-none-eabi-10.3-2021.10/bin/../lib/gcc/arm-none-eabi/10.3.1/thumb/v7e-m+fp/hard/libgcc.a(_udivmoddi4.o)
                0x000000000800b27c                __exidx_end = .

.rel.dyn        0x000000000800b27c        0x0
 .rel.iplt      0x000000000800b27c        0x0 /opt/gcc-arm-none-eabi-10.3-2021.10/bin/../lib/gcc/arm-none-eabi/10.3.1/thumb/v7e-m+fp/hard/crtbegin.o

.preinit_array  0x000000000800b27c        0x0
                0x000000000800b27c                PROVIDE (__preinit_array_start = .)
 *(.preinit_array*)
                0x000000000800b27c                PROVIDE (__preinit_array_end = .)

.init_array     0x000000000800b27c        0x4
                0x000000000800b27c                PROVIDE (__init_array_start = .)
 *(SORT_BY_NAME(.init_array.*))
 *(.init_array*)
 .init_array    0x000000000800b27c        0x4 /opt/gcc-arm-none-eabi-10.3-2021.10/bin/../lib/gcc/arm-none-eabi/10.3.1/thumb/v7e-m+fp/hard/crtbegin.o
                0x000000000800b280                PROVIDE (__init_array_end = .)

.fini_array     0x000000000800b280        0x4
                [!provide]                        PROVIDE (__fini_array_start = .)
 *(SORT_BY_NAME(.fini_array.*))
 *(.fini_array*)
 .fini_array    0x000000000800b280        0x4 /opt/gcc-arm-none-eabi-10.3-2021.10/bin/../lib/gcc/arm-none-eabi/10.3.1/thumb/v7e-m+fp/hard/crtbegin.o
                [!provide]                        PROVIDE (__fini_array_end = .)
                0x000000000800b284                _sidata = LOADADDR (.data)

.data           0x0000000020000000      0x408 load address 0x000000000800b284
                0x0000000020000000                . = ALIGN (0x4)
                0x0000000020000000                _sdata = .
 *(.data)
 *(.data*)
 .data.uwTickFreq
                0x0000000020000000        0x1 build/stm32f7xx_hal.o
                0x0000000020000000                uwTickFreq
 *fill*         0x0000000020000001        0x3 
 .data.uwTickPrio
                0x0000000020000004        0x4 build/stm32f7xx_hal.o
                0x0000000020000004                uwTickPrio
 .data.SystemCoreClock
                0x0000000020000008        0x4 build/system_stm32f7xx.o
                0x0000000020000008                SystemCoreClock
 .data.nyan_keys_getinfo
                0x000000002000000c       0x38 build/nyan_os.o
 .data.nyan_keys_newline
                0x0000000020000044        0x3 build/nyan_os.o
 *fill*         0x0000000020000047        0x1 
 .data.nyan_keys_path_text
                0x0000000020000048        0xf build/nyan_os.o
 *fill*         0x0000000020000057        0x1 
 .data.nyan_keys_unknown_command
                0x0000000020000058       0x20 build/nyan_os.o
 .data.nyan_keys_welcome_text
                0x0000000020000078       0x42 build/nyan_os.o
 *fill*         0x00000000200000ba        0x2 
 .data.USBD_COMPOSITE_DeviceQualifierDesc
                0x00000000200000bc        0xa build/usbd_composite.o
 .data.USBD_Track_String_Index
                0x00000000200000c6        0x1 build/usbd_composite.o
                0x00000000200000c6                USBD_Track_String_Index
 *fill*         0x00000000200000c7        0x1 
 .data.USBD_COMPOSITE
                0x00000000200000c8       0x3c build/usbd_composite.o
                0x00000000200000c8                USBD_COMPOSITE
 .data.HID_KEYBOARD_ReportDesc
                0x0000000020000104       0xbb build/usbd_hid_keyboard.o
 *fill*         0x00000000200001bf        0x1 
 .data.USBD_HID_DeviceQualifierDesc
                0x00000000200001c0        0xa build/usbd_hid_keyboard.o
 *fill*         0x00000000200001ca        0x2 
 .data.USBD_HID_KEYBOARD_Desc
                0x00000000200001cc        0x9 build/usbd_hid_keyboard.o
 *fill*         0x00000000200001d5        0x3 
 .data.USBD_HID_KEYBOARD_CfgHSDesc
                0x00000000200001d8       0x22 build/usbd_hid_keyboard.o
 *fill*         0x00000000200001fa        0x2 
 .data.USBD_HID_KEYBOARD_CfgFSDesc
                0x00000000200001fc       0x22 build/usbd_hid_keyboard.o
 *fill*         0x000000002000021e        0x2 
 .data.USBD_HID_KEYBOARD
                0x0000000020000220       0x3c build/usbd_hid_keyboard.o
                0x0000000020000220                USBD_HID_KEYBOARD
 .data.HID_KEYBOARD_IN_EP
                0x000000002000025c        0x1 build/usbd_hid_keyboard.o
                0x000000002000025c                HID_KEYBOARD_IN_EP
 *fill*         0x000000002000025d        0x3 
 .data.USBD_StringSerial
                0x0000000020000260       0x1a build/usbd_desc.o
                0x0000000020000260                USBD_StringSerial
 *fill*         0x000000002000027a        0x2 
 .data.USBD_LangIDDesc
                0x000000002000027c        0x4 build/usbd_desc.o
                0x000000002000027c                USBD_LangIDDesc
 .data.USBD_DeviceDesc
                0x0000000020000280       0x12 build/usbd_desc.o
                0x0000000020000280                USBD_DeviceDesc
 *fill*         0x0000000020000292        0x2 
 .data.USBD_Desc
                0x0000000020000294       0x1c build/usbd_desc.o
                0x0000000020000294                USBD_Desc
 .data.USBD_CDC_CfgFSDesc
                0x00000000200002b0       0x4b build/usbd_cdc_acm.o
 *fill*         0x00000000200002fb        0x1 
 .data.USBD_CDC_CfgHSDesc
                0x00000000200002fc       0x4b build/usbd_cdc_acm.o
 *fill*         0x0000000020000347        0x1 
 .data.USBD_CDC_ACM
                0x0000000020000348       0x3c build/usbd_cdc_acm.o
                0x0000000020000348                USBD_CDC_ACM
 .data.USBD_CDC_DeviceQualifierDesc
                0x0000000020000384        0xa build/usbd_cdc_acm.o
 *fill*         0x000000002000038e        0x2 
 .data.USBD_CDC_ACM_fops
                0x0000000020000390       0x14 build/usbd_cdc_acm_if.o
                0x0000000020000390                USBD_CDC_ACM_fops
 .data._impure_ptr
                0x00000000200003a4        0x4 /opt/gcc-arm-none-eabi-10.3-2021.10/bin/../lib/gcc/arm-none-eabi/10.3.1/../../../../arm-none-eabi/lib/thumb/v7e-m+fp/hard/libc_nano.a(lib_a-impure.o)
                0x00000000200003a4                _impure_ptr
 .data.impure_data
                0x00000000200003a8       0x60 /opt/gcc-arm-none-eabi-10.3-2021.10/bin/../lib/gcc/arm-none-eabi/10.3.1/../../../../arm-none-eabi/lib/thumb/v7e-m+fp/hard/libc_nano.a(lib_a-impure.o)
                0x0000000020000408                . = ALIGN (0x4)
                0x0000000020000408                _edata = .

.igot.plt       0x0000000020000408        0x0 load address 0x000000000800b68c
 .igot.plt      0x0000000020000408        0x0 /opt/gcc-arm-none-eabi-10.3-2021.10/bin/../lib/gcc/arm-none-eabi/10.3.1/thumb/v7e-m+fp/hard/crtbegin.o
                0x0000000020000408                . = ALIGN (0x4)

.bss            0x0000000020000408     0x16e0 load address 0x000000000800b68c
                0x0000000020000408                _sbss = .
                0x0000000020000408                __bss_start__ = _sbss
 *(.bss)
 .bss           0x0000000020000408       0x1c /opt/gcc-arm-none-eabi-10.3-2021.10/bin/../lib/gcc/arm-none-eabi/10.3.1/thumb/v7e-m+fp/hard/crtbegin.o
 *(.bss*)
 .bss.nos       0x0000000020000424       0x9c build/main.o
                0x0000000020000424                nos
 .bss.nos_eeprom
                0x00000000200004c0      0x484 build/main.o
                0x00000000200004c0                nos_eeprom
 *fill*         0x0000000020000944        0x4 
 .bss.system_status_led_angle
                0x0000000020000948        0x8 build/main.o
                0x0000000020000948                system_status_led_angle
 .bss.hdma_i2c1_tx
                0x0000000020000950       0x60 build/i2c.o
                0x0000000020000950                hdma_i2c1_tx
 .bss.hdma_i2c1_rx
                0x00000000200009b0       0x60 build/i2c.o
                0x00000000200009b0                hdma_i2c1_rx
 .bss.hi2c1     0x0000000020000a10       0x54 build/i2c.o
                0x0000000020000a10                hi2c1
 .bss.hrng      0x0000000020000a64       0x10 build/rng.o
                0x0000000020000a64                hrng
 .bss.hspi4     0x0000000020000a74       0x64 build/spi.o
                0x0000000020000a74                hspi4
 .bss.hspi2     0x0000000020000ad8       0x64 build/spi.o
                0x0000000020000ad8                hspi2
 .bss.hspi1     0x0000000020000b3c       0x64 build/spi.o
                0x0000000020000b3c                hspi1
 .bss.uwTick    0x0000000020000ba0        0x4 build/stm32f7xx_hal.o
                0x0000000020000ba0                uwTick
 .bss.htim8     0x0000000020000ba4       0x4c build/tim.o
                0x0000000020000ba4                htim8
 .bss.htim7     0x0000000020000bf0       0x4c build/tim.o
                0x0000000020000bf0                htim7
 .bss.htim6     0x0000000020000c3c       0x4c build/tim.o
                0x0000000020000c3c                htim6
 .bss.htim1     0x0000000020000c88       0x4c build/tim.o
                0x0000000020000c88                htim1
 .bss.hpcd_USB_OTG_HS
                0x0000000020000cd4      0x508 build/usb_otg.o
                0x0000000020000cd4                hpcd_USB_OTG_HS
 .bss.USBD_StrDesc.0
                0x00000000200011dc       0x40 build/usbd_composite.o
 .bss.USBD_COMPOSITE_HSCfgDesc
                0x000000002000121c       0x64 build/usbd_composite.o
                0x000000002000121c                USBD_COMPOSITE_HSCfgDesc
 .bss.USBD_COMPOSITE_FSCfgDesc
                0x0000000020001280       0x64 build/usbd_composite.o
                0x0000000020001280                USBD_COMPOSITE_FSCfgDesc
 .bss.USBD_HID_KBD_Instace
                0x00000000200012e4       0x10 build/usbd_hid_keyboard.o
 .bss.HID_KEYBOARD_STR_DESC_IDX
                0x00000000200012f4        0x1 build/usbd_hid_keyboard.o
                0x00000000200012f4                HID_KEYBOARD_STR_DESC_IDX
 .bss.HID_KEYBOARD_ITF_NBR
                0x00000000200012f5        0x1 build/usbd_hid_keyboard.o
                0x00000000200012f5                HID_KEYBOARD_ITF_NBR
 .bss.cfgidx.0  0x00000000200012f6        0x1 build/usbd_ctlreq.o
 *fill*         0x00000000200012f7        0x1 
 .bss.hUsbDevice
                0x00000000200012f8      0x31c build/usb_device.o
                0x00000000200012f8                hUsbDevice
 .bss.USBD_StrDesc
                0x0000000020001614      0x200 build/usbd_desc.o
                0x0000000020001614                USBD_StrDesc
 .bss.hpcd_USB_OTG_PTR
                0x0000000020001814        0x4 build/usbd_conf.o
                0x0000000020001814                hpcd_USB_OTG_PTR
 .bss.CDC_ACM_Class_Data
                0x0000000020001818      0x21c build/usbd_cdc_acm.o
                0x0000000020001818                CDC_ACM_Class_Data
 .bss.CDC_STR_DESC_IDX
                0x0000000020001a34        0x1 build/usbd_cdc_acm.o
                0x0000000020001a34                CDC_STR_DESC_IDX
 *fill*         0x0000000020001a35        0x3 
 .bss.CDC_COM_ITF_NBR
                0x0000000020001a38        0x1 build/usbd_cdc_acm.o
                0x0000000020001a38                CDC_COM_ITF_NBR
 *fill*         0x0000000020001a39        0x3 
 .bss.CDC_CMD_ITF_NBR
                0x0000000020001a3c        0x1 build/usbd_cdc_acm.o
                0x0000000020001a3c                CDC_CMD_ITF_NBR
 *fill*         0x0000000020001a3d        0x3 
 .bss.CDC_CMD_EP
                0x0000000020001a40        0x1 build/usbd_cdc_acm.o
                0x0000000020001a40                CDC_CMD_EP
 *fill*         0x0000000020001a41        0x3 
 .bss.CDC_OUT_EP
                0x0000000020001a44        0x1 build/usbd_cdc_acm.o
                0x0000000020001a44                CDC_OUT_EP
 *fill*         0x0000000020001a45        0x3 
 .bss.CDC_IN_EP
                0x0000000020001a48        0x1 build/usbd_cdc_acm.o
                0x0000000020001a48                CDC_IN_EP
 *fill*         0x0000000020001a49        0x3 
 .bss.Line_Coding
                0x0000000020001a4c        0x8 build/usbd_cdc_acm_if.o
                0x0000000020001a4c                Line_Coding
 .bss.RX_Buffer
                0x0000000020001a54       0x80 build/usbd_cdc_acm_if.o
                0x0000000020001a54                RX_Buffer
 .bss.__malloc_free_list
                0x0000000020001ad4        0x4 /opt/gcc-arm-none-eabi-10.3-2021.10/bin/../lib/gcc/arm-none-eabi/10.3.1/../../../../arm-none-eabi/lib/thumb/v7e-m+fp/hard/libc_nano.a(lib_a-nano-mallocr.o)
                0x0000000020001ad4                __malloc_free_list
 .bss.__malloc_sbrk_start
                0x0000000020001ad8        0x4 /opt/gcc-arm-none-eabi-10.3-2021.10/bin/../lib/gcc/arm-none-eabi/10.3.1/../../../../arm-none-eabi/lib/thumb/v7e-m+fp/hard/libc_nano.a(lib_a-nano-mallocr.o)
                0x0000000020001ad8                __malloc_sbrk_start
 .bss.errno     0x0000000020001adc        0x4 /opt/gcc-arm-none-eabi-10.3-2021.10/bin/../lib/gcc/arm-none-eabi/10.3.1/../../../../arm-none-eabi/lib/thumb/v7e-m+fp/hard/libc_nano.a(lib_a-reent.o)
                0x0000000020001adc                errno
 .bss.__lock___malloc_recursive_mutex
                0x0000000020001ae0        0x1 /opt/gcc-arm-none-eabi-10.3-2021.10/bin/../lib/gcc/arm-none-eabi/10.3.1/../../../../arm-none-eabi/lib/thumb/v7e-m+fp/hard/libc_nano.a(lib_a-lock.o)
                0x0000000020001ae0                __lock___malloc_recursive_mutex
 *fill*         0x0000000020001ae1        0x3 
 .bss.heap_end.0
                0x0000000020001ae4        0x4 /opt/gcc-arm-none-eabi-10.3-2021.10/bin/../lib/gcc/arm-none-eabi/10.3.1/../../../../arm-none-eabi/lib/thumb/v7e-m+fp/hard/libnosys.a(sbrk.o)
 *(COMMON)
                0x0000000020001ae8                . = ALIGN (0x4)
                0x0000000020001ae8                _ebss = .
                0x0000000020001ae8                __bss_end__ = _ebss

._user_heap_stack
                0x0000000020001ae8     0x1000 load address 0x000000000800b68c
                0x0000000020001ae8                . = ALIGN (0x8)
                0x0000000020001ae8                PROVIDE (end = .)
                [!provide]                        PROVIDE (_end = .)
                0x00000000200022e8                . = (. + _Min_Heap_Size)
 *fill*         0x0000000020001ae8      0x800 
                0x0000000020002ae8                . = (. + _Min_Stack_Size)
 *fill*         0x00000000200022e8      0x800 
                0x0000000020002ae8                . = ALIGN (0x8)

/DISCARD/
 libc.a(*)
 libm.a(*)
 libgcc.a(*)

.ARM.attributes
                0x0000000000000000       0x30
 *(.ARM.attributes)
 .ARM.attributes
                0x0000000000000000       0x1e /opt/gcc-arm-none-eabi-10.3-2021.10/bin/../lib/gcc/arm-none-eabi/10.3.1/thumb/v7e-m+fp/hard/crti.o
 .ARM.attributes
                0x000000000000001e       0x34 /opt/gcc-arm-none-eabi-10.3-2021.10/bin/../lib/gcc/arm-none-eabi/10.3.1/thumb/v7e-m+fp/hard/crtbegin.o
 .ARM.attributes
                0x0000000000000052       0x34 build/main.o
 .ARM.attributes
                0x0000000000000086       0x34 build/gpio.o
 .ARM.attributes
                0x00000000000000ba       0x34 build/i2c.o
 .ARM.attributes
                0x00000000000000ee       0x34 build/rng.o
 .ARM.attributes
                0x0000000000000122       0x34 build/spi.o
 .ARM.attributes
                0x0000000000000156       0x34 build/stm32f7xx_it.o
 .ARM.attributes
                0x000000000000018a       0x34 build/stm32f7xx_hal_msp.o
 .ARM.attributes
                0x00000000000001be       0x34 build/stm32f7xx_hal_rcc.o
 .ARM.attributes
                0x00000000000001f2       0x34 build/stm32f7xx_hal_rcc_ex.o
 .ARM.attributes
                0x0000000000000226       0x34 build/stm32f7xx_hal_gpio.o
 .ARM.attributes
                0x000000000000025a       0x34 build/stm32f7xx_hal_dma.o
 .ARM.attributes
                0x000000000000028e       0x34 build/stm32f7xx_hal_pwr_ex.o
 .ARM.attributes
                0x00000000000002c2       0x34 build/stm32f7xx_hal_cortex.o
 .ARM.attributes
                0x00000000000002f6       0x34 build/stm32f7xx_hal.o
 .ARM.attributes
                0x000000000000032a       0x34 build/stm32f7xx_hal_i2c.o
 .ARM.attributes
                0x000000000000035e       0x34 build/stm32f7xx_hal_i2c_ex.o
 .ARM.attributes
                0x0000000000000392       0x34 build/stm32f7xx_hal_rng.o
 .ARM.attributes
                0x00000000000003c6       0x34 build/stm32f7xx_hal_spi.o
 .ARM.attributes