Archive member included to satisfy reference by file (symbol)

/home/qrsnap/.config/Code/User/globalStorage/bmd.stm32-for-vscode/@xpack-dev-tools/arm-none-eabi-gcc/12.3.1-1.2.1/.content/bin/../lib/gcc/arm-none-eabi/12.3.1/../../../../arm-none-eabi/lib/thumb/v7e-m+fp/hard/libc_nano.a(libc_a-atexit.o)
                              /home/qrsnap/.config/Code/User/globalStorage/bmd.stm32-for-vscode/@xpack-dev-tools/arm-none-eabi-gcc/12.3.1-1.2.1/.content/bin/../lib/gcc/arm-none-eabi/12.3.1/../../../../arm-none-eabi/lib/thumb/v7e-m+fp/hard/crt0.o (atexit)
/home/qrsnap/.config/Code/User/globalStorage/bmd.stm32-for-vscode/@xpack-dev-tools/arm-none-eabi-gcc/12.3.1-1.2.1/.content/bin/../lib/gcc/arm-none-eabi/12.3.1/../../../../arm-none-eabi/lib/thumb/v7e-m+fp/hard/libc_nano.a(libc_a-atoi.o)
                              build/nyan_os.o (atoi)
/home/qrsnap/.config/Code/User/globalStorage/bmd.stm32-for-vscode/@xpack-dev-tools/arm-none-eabi-gcc/12.3.1-1.2.1/.content/bin/../lib/gcc/arm-none-eabi/12.3.1/../../../../arm-none-eabi/lib/thumb/v7e-m+fp/hard/libc_nano.a(libc_a-exit.o)
                              /home/qrsnap/.config/Code/User/globalStorage/bmd.stm32-for-vscode/@xpack-dev-tools/arm-none-eabi-gcc/12.3.1-1.2.1/.content/bin/../lib/gcc/arm-none-eabi/12.3.1/../../../../arm-none-eabi/lib/thumb/v7e-m+fp/hard/crt0.o (exit)
/home/qrsnap/.config/Code/User/globalStorage/bmd.stm32-for-vscode/@xpack-dev-tools/arm-none-eabi-gcc/12.3.1-1.2.1/.content/bin/../lib/gcc/arm-none-eabi/12.3.1/../../../../arm-none-eabi/lib/thumb/v7e-m+fp/hard/libc_nano.a(libc_a-malloc.o)
                              build/nyan_os.o (malloc)
/home/qrsnap/.config/Code/User/globalStorage/bmd.stm32-for-vscode/@xpack-dev-tools/arm-none-eabi-gcc/12.3.1-1.2.1/.content/bin/../lib/gcc/arm-none-eabi/12.3.1/../../../../arm-none-eabi/lib/thumb/v7e-m+fp/hard/libc_nano.a(libc_a-mallocr.o)
                              /home/qrsnap/.config/Code/User/globalStorage/bmd.stm32-for-vscode/@xpack-dev-tools/arm-none-eabi-gcc/12.3.1-1.2.1/.content/bin/../lib/gcc/arm-none-eabi/12.3.1/../../../../arm-none-eabi/lib/thumb/v7e-m+fp/hard/libc_nano.a(libc_a-malloc.o) (_malloc_r)
/home/qrsnap/.config/Code/User/globalStorage/bmd.stm32-for-vscode/@xpack-dev-tools/arm-none-eabi-gcc/12.3.1-1.2.1/.content/bin/../lib/gcc/arm-none-eabi/12.3.1/../../../../arm-none-eabi/lib/thumb/v7e-m+fp/hard/libc_nano.a(libc_a-mlock.o)
                              /home/qrsnap/.config/Code/User/globalStorage/bmd.stm32-for-vscode/@xpack-dev-tools/arm-none-eabi-gcc/12.3.1-1.2.1/.content/bin/../lib/gcc/arm-none-eabi/12.3.1/../../../../arm-none-eabi/lib/thumb/v7e-m+fp/hard/libc_nano.a(libc_a-mallocr.o) (__malloc_lock)
/home/qrsnap/.config/Code/User/globalStorage/bmd.stm32-for-vscode/@xpack-dev-tools/arm-none-eabi-gcc/12.3.1-1.2.1/.content/bin/../lib/gcc/arm-none-eabi/12.3.1/../../../../arm-none-eabi/lib/thumb/v7e-m+fp/hard/libc_nano.a(libc_a-realloc.o)
                              build/lattice_ice_hx.o (realloc)
/home/qrsnap/.config/Code/User/globalStorage/bmd.stm32-for-vscode/@xpack-dev-tools/arm-none-eabi-gcc/12.3.1-1.2.1/.content/bin/../lib/gcc/arm-none-eabi/12.3.1/../../../../arm-none-eabi/lib/thumb/v7e-m+fp/hard/libc_nano.a(libc_a-reallocr.o)
                              /home/qrsnap/.config/Code/User/globalStorage/bmd.stm32-for-vscode/@xpack-dev-tools/arm-none-eabi-gcc/12.3.1-1.2.1/.content/bin/../lib/gcc/arm-none-eabi/12.3.1/../../../../arm-none-eabi/lib/thumb/v7e-m+fp/hard/libc_nano.a(libc_a-realloc.o) (_realloc_r)
/home/qrsnap/.config/Code/User/globalStorage/bmd.stm32-for-vscode/@xpack-dev-tools/arm-none-eabi-gcc/12.3.1-1.2.1/.content/bin/../lib/gcc/arm-none-eabi/12.3.1/../../../../arm-none-eabi/lib/thumb/v7e-m+fp/hard/libc_nano.a(libc_a-strtol.o)
                              /home/qrsnap/.config/Code/User/globalStorage/bmd.stm32-for-vscode/@xpack-dev-tools/arm-none-eabi-gcc/12.3.1-1.2.1/.content/bin/../lib/gcc/arm-none-eabi/12.3.1/../../../../arm-none-eabi/lib/thumb/v7e-m+fp/hard/libc_nano.a(libc_a-atoi.o) (_strtol_r)
/home/qrsnap/.config/Code/User/globalStorage/bmd.stm32-for-vscode/@xpack-dev-tools/arm-none-eabi-gcc/12.3.1-1.2.1/.content/bin/../lib/gcc/arm-none-eabi/12.3.1/../../../../arm-none-eabi/lib/thumb/v7e-m+fp/hard/libc_nano.a(libc_a-ctype_.o)
                              /home/qrsnap/.config/Code/User/globalStorage/bmd.stm32-for-vscode/@xpack-dev-tools/arm-none-eabi-gcc/12.3.1-1.2.1/.content/bin/../lib/gcc/arm-none-eabi/12.3.1/../../../../arm-none-eabi/lib/thumb/v7e-m+fp/hard/libc_nano.a(libc_a-strtol.o) (_ctype_)
/home/qrsnap/.config/Code/User/globalStorage/bmd.stm32-for-vscode/@xpack-dev-tools/arm-none-eabi-gcc/12.3.1-1.2.1/.content/bin/../lib/gcc/arm-none-eabi/12.3.1/../../../../arm-none-eabi/lib/thumb/v7e-m+fp/hard/libc_nano.a(libc_a-fgetc.o)
                              build/iceuncompr.o (fgetc)
[...]
Memory Configuration

Name             Origin             Length             Attributes
RAM              0x20000000         0x00040000         xrw
FLASH            0x08000000         0x00080000         xr
*default*        0x00000000         0xffffffff

Linker script and memory map

LOAD /home/qrsnap/.config/Code/User/globalStorage/bmd.stm32-for-vscode/@xpack-dev-tools/arm-none-eabi-gcc/12.3.1-1.2.1/.content/bin/../lib/gcc/arm-none-eabi/12.3.1/thumb/v7e-m+fp/hard/crti.o
LOAD /home/qrsnap/.config/Code/User/globalStorage/bmd.stm32-for-vscode/@xpack-dev-tools/arm-none-eabi-gcc/12.3.1-1.2.1/.content/bin/../lib/gcc/arm-none-eabi/12.3.1/thumb/v7e-m+fp/hard/crtbegin.o
LOAD /home/qrsnap/.config/Code/User/globalStorage/bmd.stm32-for-vscode/@xpack-dev-tools/arm-none-eabi-gcc/12.3.1-1.2.1/.content/bin/../lib/gcc/arm-none-eabi/12.3.1/../../../../arm-none-eabi/lib/thumb/v7e-m+fp/hard/crt0.o
LOAD build/24xx_eeprom.o
LOAD build/dma.o
LOAD build/gpio.o
LOAD build/i2c.o
LOAD build/iceuncompr.o
LOAD build/lattice_ice_hx.o
LOAD build/main.o
LOAD build/nyan_keys.o
LOAD build/nyan_leds.o
LOAD build/nyan_os.o
LOAD build/nyan_sha256.o
LOAD build/rng.o
LOAD build/spi.o
LOAD build/stm32f7xx_hal_msp.o
LOAD build/stm32f7xx_it.o
LOAD build/system_stm32f7xx.o
LOAD build/tim.o
LOAD build/usb_otg.o
LOAD build/stm32f7xx_hal.o
LOAD build/stm32f7xx_hal_cortex.o
LOAD build/stm32f7xx_hal_dma.o
LOAD build/stm32f7xx_hal_dma_ex.o
LOAD build/stm32f7xx_hal_exti.o
LOAD build/stm32f7xx_hal_flash.o
LOAD build/stm32f7xx_hal_flash_ex.o
LOAD build/stm32f7xx_hal_gpio.o
LOAD build/stm32f7xx_hal_i2c.o
LOAD build/stm32f7xx_hal_i2c_ex.o
LOAD build/stm32f7xx_hal_pcd.o
LOAD build/stm32f7xx_hal_pcd_ex.o
LOAD build/stm32f7xx_hal_pwr.o
LOAD build/stm32f7xx_hal_pwr_ex.o
LOAD build/stm32f7xx_hal_rcc.o
LOAD build/stm32f7xx_hal_rcc_ex.o
LOAD build/stm32f7xx_hal_rng.o
LOAD build/stm32f7xx_hal_spi.o
LOAD build/stm32f7xx_hal_spi_ex.o
LOAD build/stm32f7xx_hal_tim.o
LOAD build/stm32f7xx_hal_tim_ex.o
LOAD build/stm32f7xx_ll_usb.o
LOAD build/usb_device.o
LOAD build/usbd_cdc_acm_if.o
LOAD build/usbd_desc.o
LOAD build/usbd_cdc_acm.o
LOAD build/usbd_composite.o
LOAD build/usbd_hid_keyboard.o
LOAD build/usbd_core.o
LOAD build/usbd_ctlreq.o
LOAD build/usbd_ioreq.o
LOAD build/usbd_conf.o
LOAD build/startup_stm32f723xx.o
LOAD /home/qrsnap/.config/Code/User/globalStorage/bmd.stm32-for-vscode/@xpack-dev-tools/arm-none-eabi-gcc/12.3.1-1.2.1/.content/bin/../lib/gcc/arm-none-eabi/12.3.1/../../../../arm-none-eabi/lib/thumb/v7e-m+fp/hard/libc_nano.a
LOAD /home/qrsnap/.config/Code/User/globalStorage/bmd.stm32-for-vscode/@xpack-dev-tools/arm-none-eabi-gcc/12.3.1-1.2.1/.content/bin/../lib/gcc/arm-none-eabi/12.3.1/../../../../arm-none-eabi/lib/thumb/v7e-m+fp/hard/libm.a
LOAD /home/qrsnap/.config/Code/User/globalStorage/bmd.stm32-for-vscode/@xpack-dev-tools/arm-none-eabi-gcc/12.3.1-1.2.1/.content/bin/../lib/gcc/arm-none-eabi/12.3.1/../../../../arm-none-eabi/lib/thumb/v7e-m+fp/hard/libnosys.a
START GROUP
LOAD /home/qrsnap/.config/Code/User/globalStorage/bmd.stm32-for-vscode/@xpack-dev-tools/arm-none-eabi-gcc/12.3.1-1.2.1/.content/bin/../lib/gcc/arm-none-eabi/12.3.1/thumb/v7e-m+fp/hard/libgcc.a
LOAD /home/qrsnap/.config/Code/User/globalStorage/bmd.stm32-for-vscode/@xpack-dev-tools/arm-none-eabi-gcc/12.3.1-1.2.1/.content/bin/../lib/gcc/arm-none-eabi/12.3.1/../../../../arm-none-eabi/lib/thumb/v7e-m+fp/hard/libc_nano.a
END GROUP
START GROUP
LOAD /home/qrsnap/.config/Code/User/globalStorage/bmd.stm32-for-vscode/@xpack-dev-tools/arm-none-eabi-gcc/12.3.1-1.2.1/.content/bin/../lib/gcc/arm-none-eabi/12.3.1/thumb/v7e-m+fp/hard/libgcc.a
LOAD /home/qrsnap/.config/Code/User/globalStorage/bmd.stm32-for-vscode/@xpack-dev-tools/arm-none-eabi-gcc/12.3.1-1.2.1/.content/bin/../lib/gcc/arm-none-eabi/12.3.1/../../../../arm-none-eabi/lib/thumb/v7e-m+fp/hard/libc_nano.a
END GROUP
LOAD /home/qrsnap/.config/Code/User/globalStorage/bmd.stm32-for-vscode/@xpack-dev-tools/arm-none-eabi-gcc/12.3.1-1.2.1/.content/bin/../lib/gcc/arm-none-eabi/12.3.1/thumb/v7e-m+fp/hard/crtend.o
LOAD /home/qrsnap/.config/Code/User/globalStorage/bmd.stm32-for-vscode/@xpack-dev-tools/arm-none-eabi-gcc/12.3.1-1.2.1/.content/bin/../lib/gcc/arm-none-eabi/12.3.1/thumb/v7e-m+fp/hard/crtn.o
                0x20040000                        _estack = (ORIGIN (RAM) + LENGTH (RAM))
                0x00000800                        _Min_Heap_Size = 0x800
                0x00000800                        _Min_Stack_Size = 0x800

.isr_vector     0x08000000      0x1e0
                0x08000000                        . = ALIGN (0x4)
 *(.isr_vector)
 .isr_vector    0x08000000      0x1e0 build/startup_stm32f723xx.o
                0x08000000                g_pfnVectors
                0x080001e0                        . = ALIGN (0x4)

.text           0x080001e0     0xdd1c
                0x080001e0                        . = ALIGN (0x4)
 *(.text)
 .text          0x080001e0       0xa0 /home/qrsnap/.config/Code/User/globalStorage/bmd.stm32-for-vscode/@xpack-dev-tools/arm-none-eabi-gcc/12.3.1-1.2.1/.content/bin/../lib/gcc/arm-none-eabi/12.3.1/../../../../arm-none-eabi/lib/thumb/v7e-m+fp/hard/libc_nano.a(libc_a-memchr.o)
                0x080001e0                memchr
 .text          0x08000280       0x10 /home/qrsnap/.config/Code/User/globalStorage/bmd.stm32-for-vscode/@xpack-dev-tools/arm-none-eabi-gcc/12.3.1-1.2.1/.content/bin/../lib/gcc/arm-none-eabi/12.3.1/../../../../arm-none-eabi/lib/thumb/v7e-m+fp/hard/libc_nano.a(libc_a-strlen.o)
                0x08000280                strlen
 .text          0x08000290      0x378 /home/qrsnap/.config/Code/User/globalStorage/bmd.stm32-for-vscode/@xpack-dev-tools/arm-none-eabi-gcc/12.3.1-1.2.1/.content/bin/../lib/gcc/arm-none-eabi/12.3.1/thumb/v7e-m+fp/hard/libgcc.a(_arm_addsubdf3.o)
                0x08000290                __aeabi_drsub
                0x08000298                __aeabi_dsub
                0x08000298                __subdf3
                0x0800029c                __adddf3
                0x0800029c                __aeabi_dadd
                0x08000514                __aeabi_ui2d
                0x08000514                __floatunsidf
                0x08000534                __floatsidf
                0x08000534                __aeabi_i2d
                0x08000558                __extendsfdf2
                0x08000558                __aeabi_f2d
                0x0800059c                __aeabi_ul2d
                0x0800059c                __floatundidf
                0x080005ac                __floatdidf
                0x080005ac                __aeabi_l2d
 .text          0x08000608      0x424 /home/qrsnap/.config/Code/User/globalStorage/bmd.stm32-for-vscode/@xpack-dev-tools/arm-none-eabi-gcc/12.3.1-1.2.1/.content/bin/../lib/gcc/arm-none-eabi/12.3.1/thumb/v7e-m+fp/hard/libgcc.a(_arm_muldivdf3.o)
                0x08000608                __aeabi_dmul
                0x08000608                __muldf3
                0x0800085c                __aeabi_ddiv
                0x0800085c                __divdf3
 .text          0x08000a2c      0x110 /home/qrsnap/.config/Code/User/globalStorage/bmd.stm32-for-vscode/@xpack-dev-tools/arm-none-eabi-gcc/12.3.1-1.2.1/.content/bin/../lib/gcc/arm-none-eabi/12.3.1/thumb/v7e-m+fp/hard/libgcc.a(_arm_cmpdf2.o)
                0x08000a2c                __gtdf2
                0x08000a2c                __gedf2
                0x08000a34                __ltdf2
                0x08000a34                __ledf2
                0x08000a3c                __cmpdf2
                0x08000a3c                __eqdf2
                0x08000a3c                __nedf2
                0x08000ab8                __aeabi_cdrcmple
                0x08000ac8                __aeabi_cdcmple
                0x08000ac8                __aeabi_cdcmpeq
                0x08000ad8                __aeabi_dcmpeq
                0x08000aec                __aeabi_dcmplt
                0x08000b00                __aeabi_dcmple
                0x08000b14                __aeabi_dcmpge
                0x08000b28                __aeabi_dcmpgt
 .text          0x08000b3c       0x2c /home/qrsnap/.config/Code/User/globalStorage/bmd.stm32-for-vscode/@xpack-dev-tools/arm-none-eabi-gcc/12.3.1-1.2.1/.content/bin/../lib/gcc/arm-none-eabi/12.3.1/thumb/v7e-m+fp/hard/libgcc.a(_arm_unorddf2.o)
                0x08000b3c                __aeabi_dcmpun
                0x08000b3c                __unorddf2
 .text          0x08000b68       0x40 /home/qrsnap/.config/Code/User/globalStorage/bmd.stm32-for-vscode/@xpack-dev-tools/arm-none-eabi-gcc/12.3.1-1.2.1/.content/bin/../lib/gcc/arm-none-eabi/12.3.1/thumb/v7e-m+fp/hard/libgcc.a(_arm_fixunsdfsi.o)
                0x08000b68                __fixunsdfsi
                0x08000b68                __aeabi_d2uiz
 .text          0x08000ba8       0xa0 /home/qrsnap/.config/Code/User/globalStorage/bmd.stm32-for-vscode/@xpack-dev-tools/arm-none-eabi-gcc/12.3.1-1.2.1/.content/bin/../lib/gcc/arm-none-eabi/12.3.1/thumb/v7e-m+fp/hard/libgcc.a(_arm_truncdfsf2.o)
                0x08000ba8                __aeabi_d2f
                0x08000ba8                __truncdfsf2
 .text          0x08000c48       0x30 /home/qrsnap/.config/Code/User/globalStorage/bmd.stm32-for-vscode/@xpack-dev-tools/arm-none-eabi-gcc/12.3.1-1.2.1/.content/bin/../lib/gcc/arm-none-eabi/12.3.1/thumb/v7e-m+fp/hard/libgcc.a(_aeabi_uldivmod.o)
                0x08000c48                __aeabi_uldivmod
 .text          0x08000c78        0x4 /home/qrsnap/.config/Code/User/globalStorage/bmd.stm32-for-vscode/@xpack-dev-tools/arm-none-eabi-gcc/12.3.1-1.2.1/.content/bin/../lib/gcc/arm-none-eabi/12.3.1/thumb/v7e-m+fp/hard/libgcc.a(_dvmd_tls.o)
                0x08000c78                __aeabi_ldiv0
                0x08000c78                __aeabi_idiv0
 *(.text*)
 .text.__do_global_dtors_aux
                0x08000c7c       0x24 /home/qrsnap/.config/Code/User/globalStorage/bmd.stm32-for-vscode/@xpack-dev-tools/arm-none-eabi-gcc/12.3.1-1.2.1/.content/bin/../lib/gcc/arm-none-eabi/12.3.1/thumb/v7e-m+fp/hard/crtbegin.o
 .text.frame_dummy
                0x08000ca0       0x1c /home/qrsnap/.config/Code/User/globalStorage/bmd.stm32-for-vscode/@xpack-dev-tools/arm-none-eabi-gcc/12.3.1-1.2.1/.content/bin/../lib/gcc/arm-none-eabi/12.3.1/thumb/v7e-m+fp/hard/crtbegin.o
 .text.EepromInit
                0x08000cbc       0x2a build/24xx_eeprom.o
                0x08000cbc                EepromInit
 .text.EepromFlushTxBuff
                0x08000ce6       0x10 build/24xx_eeprom.o
                0x08000ce6                EepromFlushTxBuff
 .text.EepromCreateControlByte
                0x08000cf6       0x26 build/24xx_eeprom.o
                0x08000cf6                EepromCreateControlByte
 .text.EepromWrite
                0x08000d1c       0x44 build/24xx_eeprom.o
                0x08000d1c                EepromWrite
 .text.EepromRead
                0x08000d60       0x50 build/24xx_eeprom.o
                0x08000d60                EepromRead
 .text.MX_DMA_Init
                0x08000db0       0x64 build/dma.o
                0x08000db0                MX_DMA_Init
 .text.MX_GPIO_Init
                0x08000e14      0x128 build/gpio.o
                0x08000e14                MX_GPIO_Init
 .text.NYAN_SPI4_GPIO_Init
                0x08000f3c       0x64 build/gpio.o
                0x08000f3c                NYAN_SPI4_GPIO_Init
 .text.MX_I2C1_Init
                0x08000fa0       0x58 build/i2c.o
                0x08000fa0                MX_I2C1_Init
 .text.HAL_I2C_MspInit
                0x08000ff8      0x130 build/i2c.o
                0x08000ff8                HAL_I2C_MspInit
 .text.read_bit
                0x08001128       0x32 build/iceuncompr.o
                0x08001128                read_bit
 *fill*         0x0800115a        0x2 
 .text.write_bit
                0x0800115c       0x38 build/iceuncompr.o
                0x0800115c                write_bit
 .text.read_int
                0x08001194       0x2e build/iceuncompr.o
                0x08001194                read_int
 .text.write_zeros
                0x080011c2       0x18 build/iceuncompr.o
                0x080011c2                write_zeros
 *fill*         0x080011da        0x2 
 .text.ice_uncompress
                0x080011dc      0x108 build/iceuncompr.o
                0x080011dc                ice_uncompress
 .text.WriteUncomprBitstream
                0x080012e4       0x24 build/iceuncompr.o
                0x080012e4                WriteUncomprBitstream
 .text.FPGAGetBitstreamData
                0x08001308       0x7c build/lattice_ice_hx.o
                0x08001308                FPGAGetBitstreamData
 .text.FPGAGetBitstreamCompressedSize
                0x08001384       0x28 build/lattice_ice_hx.o
                0x08001384                FPGAGetBitstreamCompressedSize
 .text.FPGAInit
                0x080013ac       0xac build/lattice_ice_hx.o
                0x080013ac                FPGAInit
 .text.SCB_EnableICache
                0x08001458       0x30 build/main.o
 .text.SCB_EnableDCache
                0x08001488       0x5c build/main.o
 .text.HAL_SPI_TxRxCpltCallback
                0x080014e4        0xc build/main.o
                0x080014e4                HAL_SPI_TxRxCpltCallback
 .text.HAL_I2C_MemTxCpltCallback
                0x080014f0        0xc build/main.o
                0x080014f0                HAL_I2C_MemTxCpltCallback
 .text.HAL_I2C_MemRxCpltCallback
                0x080014fc        0xc build/main.o
                0x080014fc                HAL_I2C_MemRxCpltCallback
 .text.HAL_TIM_PeriodElapsedCallback
                0x08001508       0xd4 build/main.o
                0x08001508                HAL_TIM_PeriodElapsedCallback
 .text.HAL_TIM_OC_DelayElapsedCallback
                0x080015dc       0xb0 build/main.o
                0x080015dc                HAL_TIM_OC_DelayElapsedCallback
 .text.Error_Handler
                0x0800168c       0x40 build/main.o
                0x0800168c                Error_Handler
 .text.SystemClock_Config
                0x080016cc       0xb0 build/main.o
                0x080016cc                SystemClock_Config
 .text.main     0x0800177c       0xe0 build/main.o
                0x0800177c                main
 .text.HAL_I2C_ErrorCallback
                0x0800185c       0x1c build/main.o
                0x0800185c                HAL_I2C_ErrorCallback
 .text.NyanKeysInit
                0x08001878       0x18 build/nyan_keys.o
                0x08001878                NyanKeysInit
 .text.NyanGetKeys
                0x08001890       0x28 build/nyan_keys.o
                0x08001890                NyanGetKeys
 .text.getSystemStatusOCRValue
                0x080018b8       0x60 build/nyan_leds.o
                0x080018b8                getSystemStatusOCRValue
 .text.NyanPrint
                0x08001918       0xa0 build/nyan_os.o
                0x08001918                NyanPrint
 .text.NyanWelcomeDisplay
                0x080019b8       0x3c build/nyan_os.o
                0x080019b8                NyanWelcomeDisplay
 .text.NyanCdcTX
                0x080019f4       0xb4 build/nyan_os.o
                0x080019f4                NyanCdcTX
 .text.NyanExeGetinfo
                0x08001aa8       0x70 build/nyan_os.o
                0x08001aa8                NyanExeGetinfo
 .text.NyanExeSetOwner
                0x08001b18      0x112 build/nyan_os.o
                0x08001b18                NyanExeSetOwner
 *fill*         0x08001c2a        0x2 
 .text.NyanExeWriteFpgaBitstream
                0x08001c2c      0x1e4 build/nyan_os.o
                0x08001c2c                NyanExeWriteFpgaBitstream
 .text.NyanExecute
                0x08001e10       0xcc build/nyan_os.o
                0x08001e10                NyanExecute
 .text.FreeNyanCommandArgs
                0x08001edc       0x36 build/nyan_os.o
                0x08001edc                FreeNyanCommandArgs
 *fill*         0x08001f12        0x2 
 .text.NyanDecodeArgs
                0x08001f14       0x9c build/nyan_os.o
                0x08001f14                NyanDecodeArgs
 .text.NyanDecode
                0x08001fb0       0x48 build/nyan_os.o
                0x08001fb0                NyanDecode
 .text.FreeNyanString
                0x08001ff8       0x24 build/nyan_os.o
                0x08001ff8                FreeNyanString
 .text.ClearNyanCommandBuffer
                0x0800201c       0x12 build/nyan_os.o
                0x0800201c                ClearNyanCommandBuffer
 .text.NyanOsInit
                0x0800202e       0x54 build/nyan_os.o
                0x0800202e                NyanOsInit
 *fill*         0x08002082        0x2 
 .text.NyanAddInputBuffer
                0x08002084      0x15c build/nyan_os.o
                0x08002084                NyanAddInputBuffer
 .text.sha256_transform
                0x080021e0      0x174 build/nyan_sha256.o
                0x080021e0                sha256_transform
 .text.sha256_init
                0x08002354       0x54 build/nyan_sha256.o
                0x08002354                sha256_init
 .text.sha256_update
                0x080023a8       0x40 build/nyan_sha256.o
                0x080023a8                sha256_update
 .text.sha256_final
                0x080023e8       0xe6 build/nyan_sha256.o
                0x080023e8                sha256_final
 *fill*         0x080024ce        0x2 
 .text.MX_RNG_Init
                0x080024d0       0x20 build/rng.o
                0x080024d0                MX_RNG_Init
 .text.HAL_RNG_MspInit
                0x080024f0       0x50 build/rng.o
                0x080024f0                HAL_RNG_MspInit
 .text.MX_SPI1_Init
                0x08002540       0x4c build/spi.o
                0x08002540                MX_SPI1_Init
 .text.MX_SPI2_Init
                0x0800258c       0x4c build/spi.o
                0x0800258c                MX_SPI2_Init
 .text.MX_SPI4_Init
                0x080025d8       0x4c build/spi.o
                0x080025d8                MX_SPI4_Init
 .text.HAL_SPI_MspInit
                0x08002624      0x1c4 build/spi.o
                0x08002624                HAL_SPI_MspInit
 .text.HAL_SPI_MspDeInit
                0x080027e8       0x94 build/spi.o
                0x080027e8                HAL_SPI_MspDeInit
 .text.HAL_MspInit
                0x0800287c       0x30 build/stm32f7xx_hal_msp.o
                0x0800287c                HAL_MspInit
 .text.NMI_Handler
                0x080028ac        0x2 build/stm32f7xx_it.o
                0x080028ac                NMI_Handler
 *fill*         0x080028ae        0x2 
 .text.HardFault_Handler
                0x080028b0       0x3c build/stm32f7xx_it.o
                0x080028b0                HardFault_Handler
 .text.MemManage_Handler
                0x080028ec        0x2 build/stm32f7xx_it.o
                0x080028ec                MemManage_Handler
 .text.BusFault_Handler
                0x080028ee        0x2 build/stm32f7xx_it.o
                0x080028ee                BusFault_Handler
 .text.UsageFault_Handler
                0x080028f0        0x2 build/stm32f7xx_it.o
                0x080028f0                UsageFault_Handler
 .text.SVC_Handler
                0x080028f2        0x2 build/stm32f7xx_it.o
                0x080028f2                SVC_Handler
 .text.DebugMon_Handler
                0x080028f4        0x2 build/stm32f7xx_it.o
                0x080028f4                DebugMon_Handler
 .text.PendSV_Handler
                0x080028f6        0x2 build/stm32f7xx_it.o
                0x080028f6                PendSV_Handler
 .text.SysTick_Handler
                0x080028f8        0x8 build/stm32f7xx_it.o
                0x080028f8                SysTick_Handler
 .text.DMA1_Stream0_IRQHandler
                0x08002900       0x10 build/stm32f7xx_it.o
                0x08002900                DMA1_Stream0_IRQHandler
 .text.DMA1_Stream3_IRQHandler
                0x08002910       0x10 build/stm32f7xx_it.o
                0x08002910                DMA1_Stream3_IRQHandler
 .text.DMA1_Stream4_IRQHandler
                0x08002920       0x10 build/stm32f7xx_it.o
                0x08002920                DMA1_Stream4_IRQHandler
 .text.DMA1_Stream6_IRQHandler
                0x08002930       0x10 build/stm32f7xx_it.o
                0x08002930                DMA1_Stream6_IRQHandler
 .text.TIM1_UP_TIM10_IRQHandler
                0x08002940       0x10 build/stm32f7xx_it.o
                0x08002940                TIM1_UP_TIM10_IRQHandler
 .text.TIM1_CC_IRQHandler
                0x08002950       0x10 build/stm32f7xx_it.o
                0x08002950                TIM1_CC_IRQHandler
 .text.I2C1_EV_IRQHandler
                0x08002960       0x10 build/stm32f7xx_it.o
                0x08002960                I2C1_EV_IRQHandler
 .text.I2C1_ER_IRQHandler
                0x08002970       0x10 build/stm32f7xx_it.o
                0x08002970                I2C1_ER_IRQHandler
 .text.SPI2_IRQHandler
                0x08002980       0x10 build/stm32f7xx_it.o
                0x08002980                SPI2_IRQHandler
 .text.TIM8_CC_IRQHandler
                0x08002990       0x10 build/stm32f7xx_it.o
                0x08002990                TIM8_CC_IRQHandler
 .text.TIM6_DAC_IRQHandler
                0x080029a0       0x10 build/stm32f7xx_it.o
                0x080029a0                TIM6_DAC_IRQHandler
 .text.TIM7_IRQHandler
                0x080029b0       0x10 build/stm32f7xx_it.o
                0x080029b0                TIM7_IRQHandler
 .text.OTG_HS_IRQHandler
                0x080029c0       0x10 build/stm32f7xx_it.o
                0x080029c0                OTG_HS_IRQHandler
 .text.SystemInit
                0x080029d0       0x14 build/system_stm32f7xx.o
                0x080029d0                SystemInit
 .text.MX_TIM1_Init
                0x080029e4       0xe0 build/tim.o
                0x080029e4                MX_TIM1_Init
 .text.MX_TIM6_Init
                0x08002ac4       0x50 build/tim.o
                0x08002ac4                MX_TIM6_Init
 .text.MX_TIM7_Init
                0x08002b14       0x54 build/tim.o
                0x08002b14                MX_TIM7_Init
 .text.MX_TIM8_Init
                0x08002b68       0xf4 build/tim.o
                0x08002b68                MX_TIM8_Init
 .text.HAL_TIM_OC_MspInit
                0x08002c5c       0x50 build/tim.o
                0x08002c5c                HAL_TIM_OC_MspInit
 .text.HAL_TIM_Base_MspInit
                0x08002cac       0xa0 build/tim.o
                0x08002cac                HAL_TIM_Base_MspInit
 .text.MX_USB_OTG_HS_PCD_Init
                0x08002d4c       0x38 build/usb_otg.o
                0x08002d4c                MX_USB_OTG_HS_PCD_Init
 .text.HAL_PCD_MspInit
                0x08002d84       0xf8 build/usb_otg.o
                0x08002d84                HAL_PCD_MspInit
 .text.HAL_InitTick
                0x08002e7c       0x4c build/stm32f7xx_hal.o
                0x08002e7c                HAL_InitTick
 .text.HAL_Init
                0x08002ec8       0x24 build/stm32f7xx_hal.o
                0x08002ec8                HAL_Init
 .text.HAL_IncTick
                0x08002eec       0x18 build/stm32f7xx_hal.o
                0x08002eec                HAL_IncTick
 .text.HAL_GetTick
                0x08002f04        0xc build/stm32f7xx_hal.o
                0x08002f04                HAL_GetTick
 .text.HAL_Delay
                0x08002f10       0x28 build/stm32f7xx_hal.o
                0x08002f10                HAL_Delay
 .text.__NVIC_DisableIRQ
                0x08002f38       0x24 build/stm32f7xx_hal_cortex.o
 .text.__NVIC_SetPriority
                0x08002f5c       0x24 build/stm32f7xx_hal_cortex.o
 .text.NVIC_EncodePriority
                0x08002f80       0x3e build/stm32f7xx_hal_cortex.o
 *fill*         0x08002fbe        0x2 
 .text.HAL_NVIC_SetPriorityGrouping
                0x08002fc0       0x24 build/stm32f7xx_hal_cortex.o
                0x08002fc0                HAL_NVIC_SetPriorityGrouping
 .text.HAL_NVIC_SetPriority
                0x08002fe4       0x20 build/stm32f7xx_hal_cortex.o
                0x08002fe4                HAL_NVIC_SetPriority
 .text.HAL_NVIC_EnableIRQ
                0x08003004       0x1c build/stm32f7xx_hal_cortex.o
                0x08003004                HAL_NVIC_EnableIRQ
 .text.HAL_NVIC_DisableIRQ
                0x08003020        0x8 build/stm32f7xx_hal_cortex.o
                0x08003020                HAL_NVIC_DisableIRQ
 .text.HAL_SYSTICK_Config
                0x08003028       0x28 build/stm32f7xx_hal_cortex.o
                0x08003028                HAL_SYSTICK_Config
 .text.DMA_SetConfig
                0x08003050       0x2c build/stm32f7xx_hal_dma.o
 .text.DMA_CalcBaseAndBitshift
                0x0800307c       0x40 build/stm32f7xx_hal_dma.o
 .text.DMA_CheckFifoParam
                0x080030bc       0x8e build/stm32f7xx_hal_dma.o
 *fill*         0x0800314a        0x2 
 .text.HAL_DMA_Init
                0x0800314c       0xcc build/stm32f7xx_hal_dma.o
                0x0800314c                HAL_DMA_Init
 .text.HAL_DMA_DeInit
                0x08003218       0x64 build/stm32f7xx_hal_dma.o
                0x08003218                HAL_DMA_DeInit
 .text.HAL_DMA_Start_IT
                0x0800327c       0x74 build/stm32f7xx_hal_dma.o
                0x0800327c                HAL_DMA_Start_IT
 .text.HAL_DMA_Abort_IT
                0x080032f0       0x26 build/stm32f7xx_hal_dma.o
                0x080032f0                HAL_DMA_Abort_IT
 *fill*         0x08003316        0x2 
 .text.HAL_DMA_IRQHandler
                0x08003318      0x1dc build/stm32f7xx_hal_dma.o
                0x08003318                HAL_DMA_IRQHandler
 .text.HAL_DMA_GetState
                0x080034f4        0x6 build/stm32f7xx_hal_dma.o
                0x080034f4                HAL_DMA_GetState
 .text.HAL_DMA_GetError
                0x080034fa        0x4 build/stm32f7xx_hal_dma.o
                0x080034fa                HAL_DMA_GetError
 *fill*         0x080034fe        0x2 
 .text.HAL_GPIO_Init
                0x08003500      0x1e8 build/stm32f7xx_hal_gpio.o
                0x08003500                HAL_GPIO_Init
 .text.HAL_GPIO_DeInit
                0x080036e8      0x134 build/stm32f7xx_hal_gpio.o
                0x080036e8                HAL_GPIO_DeInit
 .text.HAL_GPIO_ReadPin
                0x0800381c        0xe build/stm32f7xx_hal_gpio.o
                0x0800381c                HAL_GPIO_ReadPin
 .text.HAL_GPIO_WritePin
                0x0800382a        0xc build/stm32f7xx_hal_gpio.o
                0x0800382a                HAL_GPIO_WritePin
 .text.I2C_Flush_TXDR
                0x08003836       0x22 build/stm32f7xx_hal_i2c.o
 .text.I2C_TransferConfig
                0x08003858       0x3c build/stm32f7xx_hal_i2c.o
 .text.I2C_Enable_IRQ
                0x08003894       0x7c build/stm32f7xx_hal_i2c.o
 .text.I2C_Disable_IRQ
                0x08003910       0x70 build/stm32f7xx_hal_i2c.o
 .text.HAL_I2C_Init
                0x08003980       0xbc build/stm32f7xx_hal_i2c.o
                0x08003980                HAL_I2C_Init
 .text.HAL_I2C_Mem_Write_DMA
                0x08003a3c      0x134 build/stm32f7xx_hal_i2c.o
                0x08003a3c                HAL_I2C_Mem_Write_DMA
 .text.HAL_I2C_Mem_Read_DMA
                0x08003b70      0x134 build/stm32f7xx_hal_i2c.o
                0x08003b70                HAL_I2C_Mem_Read_DMA
 .text.HAL_I2C_EV_IRQHandler
                0x08003ca4       0x10 build/stm32f7xx_hal_i2c.o
                0x08003ca4                HAL_I2C_EV_IRQHandler
 .text.HAL_I2C_MasterTxCpltCallback
                0x08003cb4        0x2 build/stm32f7xx_hal_i2c.o
                0x08003cb4                HAL_I2C_MasterTxCpltCallback
 .text.HAL_I2C_MasterRxCpltCallback
                0x08003cb6        0x2 build/stm32f7xx_hal_i2c.o
                0x08003cb6                HAL_I2C_MasterRxCpltCallback
 .text.I2C_ITMasterSeqCplt
                0x08003cb8       0x54 build/stm32f7xx_hal_i2c.o
 .text.HAL_I2C_SlaveTxCpltCallback
                0x08003d0c        0x2 build/stm32f7xx_hal_i2c.o
                0x08003d0c                HAL_I2C_SlaveTxCpltCallback
 .text.HAL_I2C_SlaveRxCpltCallback
                0x08003d0e        0x2 build/stm32f7xx_hal_i2c.o
                0x08003d0e                HAL_I2C_SlaveRxCpltCallback
 .text.I2C_ITSlaveSeqCplt
                0x08003d10       0x82 build/stm32f7xx_hal_i2c.o
 .text.HAL_I2C_AddrCallback
                0x08003d92        0x2 build/stm32f7xx_hal_i2c.o
                0x08003d92                HAL_I2C_AddrCallback
 .text.I2C_ITAddrCplt
                0x08003d94       0xa0 build/stm32f7xx_hal_i2c.o
 .text.HAL_I2C_ListenCpltCallback
                0x08003e34        0x2 build/stm32f7xx_hal_i2c.o
                0x08003e34                HAL_I2C_ListenCpltCallback
 *fill*         0x08003e36        0x2 
 .text.I2C_ITListenCplt
                0x08003e38       0x68 build/stm32f7xx_hal_i2c.o
 .text.HAL_I2C_AbortCpltCallback
                0x08003ea0        0x2 build/stm32f7xx_hal_i2c.o
                0x08003ea0                HAL_I2C_AbortCpltCallback
 .text.I2C_TreatErrorCallback
                0x08003ea2       0x2e build/stm32f7xx_hal_i2c.o
 .text.I2C_ITError
                0x08003ed0      0x108 build/stm32f7xx_hal_i2c.o
 .text.I2C_ITSlaveCplt
                0x08003fd8      0x168 build/stm32f7xx_hal_i2c.o
 .text.I2C_Slave_ISR_IT
                0x08004140      0x150 build/stm32f7xx_hal_i2c.o
 .text.I2C_ITMasterCplt
                0x08004290      0x12e build/stm32f7xx_hal_i2c.o
 .text.I2C_Slave_ISR_DMA
                0x080043be      0x122 build/stm32f7xx_hal_i2c.o
 .text.I2C_Master_ISR_DMA
                0x080044e0      0x142 build/stm32f7xx_hal_i2c.o
 .text.I2C_DMAError
                0x08004622       0x44 build/stm32f7xx_hal_i2c.o
 .text.I2C_DMAMasterTransmitCplt
                0x08004666       0x5a build/stm32f7xx_hal_i2c.o
 .text.I2C_DMAMasterReceiveCplt
                0x080046c0       0x5a build/stm32f7xx_hal_i2c.o
 *fill*         0x0800471a        0x2 
 .text.I2C_Mem_ISR_DMA
                0x0800471c      0x194 build/stm32f7xx_hal_i2c.o
 .text.HAL_I2C_ER_IRQHandler
                0x080048b0       0x6a build/stm32f7xx_hal_i2c.o
                0x080048b0                HAL_I2C_ER_IRQHandler
 .text.I2C_DMAAbort
                0x0800491a       0x1a build/stm32f7xx_hal_i2c.o
 .text.HAL_I2C_GetError
                0x08004934        0x4 build/stm32f7xx_hal_i2c.o
                0x08004934                HAL_I2C_GetError
 .text.HAL_I2CEx_ConfigAnalogFilter
                0x08004938       0x5c build/stm32f7xx_hal_i2c_ex.o
                0x08004938                HAL_I2CEx_ConfigAnalogFilter
 .text.HAL_I2CEx_ConfigDigitalFilter
                0x08004994       0x58 build/stm32f7xx_hal_i2c_ex.o
                0x08004994                HAL_I2CEx_ConfigDigitalFilter
 .text.PCD_WriteEmptyTxFifo
                0x080049ec       0xd0 build/stm32f7xx_hal_pcd.o
 .text.HAL_PCD_Init
                0x08004abc      0x13c build/stm32f7xx_hal_pcd.o
                0x08004abc                HAL_PCD_Init
 .text.HAL_PCD_Start
                0x08004bf8       0x2a build/stm32f7xx_hal_pcd.o
                0x08004bf8                HAL_PCD_Start
 *fill*         0x08004c22        0x2 
 .text.PCD_EP_OutXfrComplete_int
                0x08004c24      0x104 build/stm32f7xx_hal_pcd.o
 .text.PCD_EP_OutSetupPacket_int
                0x08004d28       0x50 build/stm32f7xx_hal_pcd.o
 .text.HAL_PCD_SetAddress
                0x08004d78       0x28 build/stm32f7xx_hal_pcd.o
                0x08004d78                HAL_PCD_SetAddress
 .text.HAL_PCD_EP_Open
                0x08004da0       0x8a build/stm32f7xx_hal_pcd.o
                0x08004da0                HAL_PCD_EP_Open
 .text.HAL_PCD_EP_Close
                0x08004e2a       0x72 build/stm32f7xx_hal_pcd.o
                0x08004e2a                HAL_PCD_EP_Close
 .text.HAL_PCD_EP_Receive
                0x08004e9c       0x5e build/stm32f7xx_hal_pcd.o
                0x08004e9c                HAL_PCD_EP_Receive
 .text.HAL_PCD_EP_GetRxCount
                0x08004efa       0x12 build/stm32f7xx_hal_pcd.o
                0x08004efa                HAL_PCD_EP_GetRxCount
 .text.HAL_PCD_EP_Transmit
                0x08004f0c       0x5e build/stm32f7xx_hal_pcd.o
                0x08004f0c                HAL_PCD_EP_Transmit
 .text.HAL_PCD_EP_SetStall
                0x08004f6a       0x88 build/stm32f7xx_hal_pcd.o
                0x08004f6a                HAL_PCD_EP_SetStall
 .text.HAL_PCD_EP_ClrStall
                0x08004ff2       0x76 build/stm32f7xx_hal_pcd.o
                0x08004ff2                HAL_PCD_EP_ClrStall
 .text.HAL_PCD_EP_Abort
                0x08005068       0x34 build/stm32f7xx_hal_pcd.o
                0x08005068                HAL_PCD_EP_Abort
 .text.HAL_PCD_IRQHandler
                0x0800509c      0x606 build/stm32f7xx_hal_pcd.o
                0x0800509c                HAL_PCD_IRQHandler
 .text.HAL_PCDEx_SetTxFiFo
                0x080056a2       0x4c build/stm32f7xx_hal_pcd_ex.o
                0x080056a2                HAL_PCDEx_SetTxFiFo
 .text.HAL_PCDEx_SetRxFiFo
                0x080056ee        0x8 build/stm32f7xx_hal_pcd_ex.o
                0x080056ee                HAL_PCDEx_SetRxFiFo
 *fill*         0x080056f6        0x2 
 .text.HAL_PCDEx_ActivateLPM
                0x080056f8       0x28 build/stm32f7xx_hal_pcd_ex.o
                0x080056f8                HAL_PCDEx_ActivateLPM
 .text.HAL_PCDEx_LPM_Callback
                0x08005720        0x2 build/stm32f7xx_hal_pcd_ex.o
                0x08005720                HAL_PCDEx_LPM_Callback
 *fill*         0x08005722        0x2 
 .text.HAL_PWREx_EnableOverDrive
                0x08005724       0x7c build/stm32f7xx_hal_pwr_ex.o
                0x08005724                HAL_PWREx_EnableOverDrive
 .text.HAL_RCC_OscConfig
                0x080057a0      0x434 build/stm32f7xx_hal_rcc.o
                0x080057a0                HAL_RCC_OscConfig
 .text.HAL_RCC_GetSysClockFreq
                0x08005bd4       0xa8 build/stm32f7xx_hal_rcc.o
                0x08005bd4                HAL_RCC_GetSysClockFreq
 .text.HAL_RCC_ClockConfig
                0x08005c7c      0x16c build/stm32f7xx_hal_rcc.o
                0x08005c7c                HAL_RCC_ClockConfig
 .text.HAL_RCC_GetHCLKFreq
                0x08005de8        0xc build/stm32f7xx_hal_rcc.o
                0x08005de8                HAL_RCC_GetHCLKFreq
 .text.HAL_RCCEx_PeriphCLKConfig
                0x08005df4      0x4e4 build/stm32f7xx_hal_rcc_ex.o
                0x08005df4                HAL_RCCEx_PeriphCLKConfig
 .text.HAL_RNG_Init
                0x080062d8       0x2e build/stm32f7xx_hal_rng.o
                0x080062d8                HAL_RNG_Init
 *fill*         0x08006306        0x2 
 .text.SPI_WaitFlagStateUntilTimeout
                0x08006308       0xc8 build/stm32f7xx_hal_spi.o
 .text.SPI_WaitFifoStateUntilTimeout
                0x080063d0       0xf0 build/stm32f7xx_hal_spi.o
 .text.SPI_EndRxTxTransaction
                0x080064c0       0xa0 build/stm32f7xx_hal_spi.o
 .text.SPI_EndRxTransaction
                0x08006560       0xc4 build/stm32f7xx_hal_spi.o
 .text.HAL_SPI_Init
                0x08006624       0xe8 build/stm32f7xx_hal_spi.o
                0x08006624                HAL_SPI_Init
 .text.HAL_SPI_DeInit
                0x0800670c       0x2c build/stm32f7xx_hal_spi.o
                0x0800670c                HAL_SPI_DeInit
 .text.HAL_SPI_Transmit
                0x08006738      0x200 build/stm32f7xx_hal_spi.o
                0x08006738                HAL_SPI_Transmit
 .text.HAL_SPI_TransmitReceive_DMA
                0x08006938      0x210 build/stm32f7xx_hal_spi.o
                0x08006938                HAL_SPI_TransmitReceive_DMA
 .text.HAL_SPI_RxCpltCallback
                0x08006b48        0x2 build/stm32f7xx_hal_spi.o
                0x08006b48                HAL_SPI_RxCpltCallback
 .text.HAL_SPI_RxHalfCpltCallback
                0x08006b4a        0x2 build/stm32f7xx_hal_spi.o
                0x08006b4a                HAL_SPI_RxHalfCpltCallback
 .text.SPI_DMAHalfReceiveCplt
                0x08006b4c        0xa build/stm32f7xx_hal_spi.o
 .text.HAL_SPI_TxRxHalfCpltCallback
                0x08006b56        0x2 build/stm32f7xx_hal_spi.o
                0x08006b56                HAL_SPI_TxRxHalfCpltCallback
 .text.SPI_DMAHalfTransmitReceiveCplt
                0x08006b58        0xa build/stm32f7xx_hal_spi.o
 .text.HAL_SPI_ErrorCallback
                0x08006b62        0x2 build/stm32f7xx_hal_spi.o
                0x08006b62                HAL_SPI_ErrorCallback
 .text.SPI_DMAError
                0x08006b64       0x22 build/stm32f7xx_hal_spi.o
 .text.SPI_DMAReceiveCplt
                0x08006b86       0x70 build/stm32f7xx_hal_spi.o
 .text.SPI_DMATransmitReceiveCplt
                0x08006bf6       0x5e build/stm32f7xx_hal_spi.o
 .text.HAL_SPI_IRQHandler
                0x08006c54      0x118 build/stm32f7xx_hal_spi.o
                0x08006c54                HAL_SPI_IRQHandler
 .text.SPI_DMAAbortOnError
                0x08006d6c       0x12 build/stm32f7xx_hal_spi.o
 *fill*         0x08006d7e        0x2 
 .text.TIM_OC1_SetConfig
                0x08006d80       0x68 build/stm32f7xx_hal_tim.o
 .text.TIM_OC3_SetConfig
                0x08006de8       0x70 build/stm32f7xx_hal_tim.o
 .text.TIM_OC4_SetConfig
                0x08006e58       0x54 build/stm32f7xx_hal_tim.o
 .text.TIM_OC5_SetConfig
                0x08006eac       0x54 build/stm32f7xx_hal_tim.o
 .text.TIM_OC6_SetConfig
                0x08006f00       0x54 build/stm32f7xx_hal_tim.o
 .text.TIM_TI1_ConfigInputStage
                0x08006f54       0x26 build/stm32f7xx_hal_tim.o
 .text.TIM_TI2_ConfigInputStage
                0x08006f7a       0x28 build/stm32f7xx_hal_tim.o
 .text.TIM_ITRx_SetConfig
                0x08006fa2       0x10 build/stm32f7xx_hal_tim.o
 *fill*         0x08006fb2        0x2 
 .text.HAL_TIM_Base_Start_IT
                0x08006fb4       0x90 build/stm32f7xx_hal_tim.o
                0x08006fb4                HAL_TIM_Base_Start_IT
 .text.HAL_TIM_IC_CaptureCallback
                0x08007044        0x2 build/stm32f7xx_hal_tim.o
                0x08007044                HAL_TIM_IC_CaptureCallback
 .text.HAL_TIM_PWM_PulseFinishedCallback
                0x08007046        0x2 build/stm32f7xx_hal_tim.o
                0x08007046                HAL_TIM_PWM_PulseFinishedCallback
 .text.HAL_TIM_TriggerCallback
                0x08007048        0x2 build/stm32f7xx_hal_tim.o
                0x08007048                HAL_TIM_TriggerCallback
 .text.HAL_TIM_IRQHandler
                0x0800704a      0x19a build/stm32f7xx_hal_tim.o
                0x0800704a                HAL_TIM_IRQHandler
 .text.TIM_Base_SetConfig
                0x080071e4      0x110 build/stm32f7xx_hal_tim.o
                0x080071e4                TIM_Base_SetConfig
 .text.HAL_TIM_Base_Init
                0x080072f4       0x60 build/stm32f7xx_hal_tim.o
                0x080072f4                HAL_TIM_Base_Init
 .text.HAL_TIM_OC_Init
                0x08007354       0x60 build/stm32f7xx_hal_tim.o
                0x08007354                HAL_TIM_OC_Init
 .text.TIM_OC2_SetConfig
                0x080073b4       0x70 build/stm32f7xx_hal_tim.o
                0x080073b4                TIM_OC2_SetConfig
 .text.HAL_TIM_OC_ConfigChannel
                0x08007424       0x7a build/stm32f7xx_hal_tim.o
                0x08007424                HAL_TIM_OC_ConfigChannel
 .text.TIM_ETR_SetConfig
                0x0800749e       0x1a build/stm32f7xx_hal_tim.o
                0x0800749e                TIM_ETR_SetConfig
 .text.HAL_TIM_ConfigClockSource
                0x080074b8      0x100 build/stm32f7xx_hal_tim.o
                0x080074b8                HAL_TIM_ConfigClockSource
 .text.TIM_CCxChannelCmd
                0x080075b8       0x1e build/stm32f7xx_hal_tim.o
                0x080075b8                TIM_CCxChannelCmd
 *fill*         0x080075d6        0x2 
 .text.HAL_TIM_OC_Start_IT
                0x080075d8      0x1c4 build/stm32f7xx_hal_tim.o
                0x080075d8                HAL_TIM_OC_Start_IT
 .text.HAL_TIM_OC_Stop_IT
                0x0800779c      0x100 build/stm32f7xx_hal_tim.o
                0x0800779c                HAL_TIM_OC_Stop_IT
 .text.HAL_TIMEx_MasterConfigSynchronization
                0x0800789c       0xa0 build/stm32f7xx_hal_tim_ex.o
                0x0800789c                HAL_TIMEx_MasterConfigSynchronization
 .text.HAL_TIMEx_ConfigBreakDeadTime
                0x0800793c       0x90 build/stm32f7xx_hal_tim_ex.o
                0x0800793c                HAL_TIMEx_ConfigBreakDeadTime
 .text.HAL_TIMEx_CommutCallback
                0x080079cc        0x2 build/stm32f7xx_hal_tim_ex.o
                0x080079cc                HAL_TIMEx_CommutCallback
 .text.HAL_TIMEx_BreakCallback
                0x080079ce        0x2 build/stm32f7xx_hal_tim_ex.o
                0x080079ce                HAL_TIMEx_BreakCallback
 .text.HAL_TIMEx_Break2Callback
                0x080079d0        0x2 build/stm32f7xx_hal_tim_ex.o
                0x080079d0                HAL_TIMEx_Break2Callback
 *fill*         0x080079d2        0x2 
 .text.USB_CoreReset
                0x080079d4       0x50 build/stm32f7xx_ll_usb.o
 .text.USB_HS_PHYCInit
                0x08007a24       0x5c build/stm32f7xx_ll_usb.o
 .text.USB_CoreInit
                0x08007a80       0xd4 build/stm32f7xx_ll_usb.o
                0x08007a80                USB_CoreInit
 .text.USB_SetTurnaroundTime
                0x08007b54       0xe4 build/stm32f7xx_ll_usb.o
                0x08007b54                USB_SetTurnaroundTime
 .text.USB_EnableGlobalInt
                0x08007c38        0xc build/stm32f7xx_ll_usb.o
                0x08007c38                USB_EnableGlobalInt
 .text.USB_DisableGlobalInt
                0x08007c44        0xc build/stm32f7xx_ll_usb.o
                0x08007c44                USB_DisableGlobalInt
 .text.USB_FlushTxFifo
                0x08007c50       0x50 build/stm32f7xx_ll_usb.o
                0x08007c50                USB_FlushTxFifo
 .text.USB_FlushRxFifo
                0x08007ca0       0x4c build/stm32f7xx_ll_usb.o
                0x08007ca0                USB_FlushRxFifo
 .text.USB_SetDevSpeed
                0x08007cec        0xe build/stm32f7xx_ll_usb.o
                0x08007cec                USB_SetDevSpeed
 *fill*         0x08007cfa        0x2 
 .text.USB_DevInit
                0x08007cfc      0x1a4 build/stm32f7xx_ll_usb.o
                0x08007cfc                USB_DevInit
 .text.USB_GetDevSpeed
                0x08007ea0       0x1e build/stm32f7xx_ll_usb.o
                0x08007ea0                USB_GetDevSpeed
 *fill*         0x08007ebe        0x2 
 .text.USB_ActivateEndpoint
                0x08007ec0       0x98 build/stm32f7xx_ll_usb.o
                0x08007ec0                USB_ActivateEndpoint
 .text.USB_DeactivateEndpoint
                0x08007f58       0xe0 build/stm32f7xx_ll_usb.o
                0x08007f58                USB_DeactivateEndpoint
 .text.USB_EP0StartXfer
                0x08008038      0x120 build/stm32f7xx_ll_usb.o
                0x08008038                USB_EP0StartXfer
 .text.USB_EPStopXfer
                0x08008158       0xbe build/stm32f7xx_ll_usb.o
                0x08008158                USB_EPStopXfer
 .text.USB_WritePacket
                0x08008216       0x2e build/stm32f7xx_ll_usb.o
                0x08008216                USB_WritePacket
 .text.USB_EPStartXfer
                0x08008244      0x230 build/stm32f7xx_ll_usb.o
                0x08008244                USB_EPStartXfer
 .text.USB_ReadPacket
                0x08008474       0x46 build/stm32f7xx_ll_usb.o
                0x08008474                USB_ReadPacket
 .text.USB_EPSetStall
                0x080084ba       0x5a build/stm32f7xx_ll_usb.o
                0x080084ba                USB_EPSetStall
 .text.USB_EPClearStall
                0x08008514       0x5c build/stm32f7xx_ll_usb.o
                0x08008514                USB_EPClearStall
 .text.USB_SetDevAddress
                0x08008570       0x20 build/stm32f7xx_ll_usb.o
                0x08008570                USB_SetDevAddress
 .text.USB_DevConnect
                0x08008590       0x1c build/stm32f7xx_ll_usb.o
                0x08008590                USB_DevConnect
 .text.USB_DevDisconnect
                0x080085ac       0x1c build/stm32f7xx_ll_usb.o
                0x080085ac                USB_DevDisconnect
 .text.USB_ReadInterrupts
                0x080085c8        0x8 build/stm32f7xx_ll_usb.o
                0x080085c8                USB_ReadInterrupts
 .text.USB_ReadDevAllOutEpInterrupt
                0x080085d0       0x10 build/stm32f7xx_ll_usb.o
                0x080085d0                USB_ReadDevAllOutEpInterrupt
 .text.USB_ReadDevAllInEpInterrupt
                0x080085e0       0x10 build/stm32f7xx_ll_usb.o
                0x080085e0                USB_ReadDevAllInEpInterrupt
 .text.USB_ReadDevOutEPInterrupt
                0x080085f0       0x12 build/stm32f7xx_ll_usb.o
                0x080085f0                USB_ReadDevOutEPInterrupt
 .text.USB_ReadDevInEPInterrupt
                0x08008602       0x24 build/stm32f7xx_ll_usb.o
                0x08008602                USB_ReadDevInEPInterrupt
 .text.USB_GetMode
                0x08008626        0x8 build/stm32f7xx_ll_usb.o
                0x08008626                USB_GetMode
 .text.USB_SetCurrentMode
                0x0800862e       0x62 build/stm32f7xx_ll_usb.o
                0x0800862e                USB_SetCurrentMode
 .text.USB_ActivateSetup
                0x08008690       0x20 build/stm32f7xx_ll_usb.o
                0x08008690                USB_ActivateSetup
 .text.USB_EP0_OutStart
                0x080086b0       0x60 build/stm32f7xx_ll_usb.o
                0x080086b0                USB_EP0_OutStart
 .text.MX_USB_DEVICE_Init
                0x08008710       0x58 build/usb_device.o
                0x08008710                MX_USB_DEVICE_Init
 .text.CDC_DeInit
                0x08008768        0x4 build/usbd_cdc_acm_if.o
 .text.CDC_TransmitCplt
                0x0800876c       0x24 build/usbd_cdc_acm_if.o
 .text.CDC_Init
                0x08008790       0x1c build/usbd_cdc_acm_if.o
 .text.CDC_Receive
                0x080087ac       0x74 build/usbd_cdc_acm_if.o
 .text.CDC_Control
                0x08008820       0xa0 build/usbd_cdc_acm_if.o
 .text.CDC_Transmit
                0x080088c0       0x44 build/usbd_cdc_acm_if.o
                0x080088c0                CDC_Transmit
 .text.USBD_DeviceDescriptor
                0x08008904        0xc build/usbd_desc.o
                0x08008904                USBD_DeviceDescriptor
 .text.USBD_LangIDStrDescriptor
                0x08008910        0xc build/usbd_desc.o
                0x08008910                USBD_LangIDStrDescriptor
 .text.IntToUnicode
                0x0800891c       0x46 build/usbd_desc.o
 *fill*         0x08008962        0x2 
 .text.Get_SerialNum
                0x08008964       0x38 build/usbd_desc.o
 .text.USBD_SerialStrDescriptor
                0x0800899c       0x14 build/usbd_desc.o
                0x0800899c                USBD_SerialStrDescriptor
 .text.USBD_ProductStrDescriptor
                0x080089b0       0x24 build/usbd_desc.o
                0x080089b0                USBD_ProductStrDescriptor
 .text.USBD_ManufacturerStrDescriptor
                0x080089d4       0x1c build/usbd_desc.o
                0x080089d4                USBD_ManufacturerStrDescriptor
 .text.USBD_ConfigStrDescriptor
                0x080089f0       0x24 build/usbd_desc.o
                0x080089f0                USBD_ConfigStrDescriptor
 .text.USBD_InterfaceStrDescriptor
                0x08008a14       0x24 build/usbd_desc.o
                0x08008a14                USBD_InterfaceStrDescriptor
 .text.USBD_CDC_EP0_RxReady
                0x08008a38       0x4c build/usbd_cdc_acm.o
 .text.USBD_CDC_GetFSCfgDesc
                0x08008a84        0xc build/usbd_cdc_acm.o
 .text.USBD_CDC_GetHSCfgDesc
                0x08008a90        0xc build/usbd_cdc_acm.o
 .text.USBD_CDC_GetOtherSpeedCfgDesc
                0x08008a9c        0xc build/usbd_cdc_acm.o
 .text.USBD_CDC_GetDeviceQualifierDescriptor
                0x08008aa8        0xc build/usbd_cdc_acm.o
 .text.USBD_CDC_DataOut
                0x08008ab4       0x50 build/usbd_cdc_acm.o
 .text.USBD_CDC_DataIn
                0x08008b04       0x98 build/usbd_cdc_acm.o
 .text.USBD_CDC_Setup
                0x08008b9c      0x150 build/usbd_cdc_acm.o
 .text.USBD_CDC_DeInit
                0x08008cec       0x7c build/usbd_cdc_acm.o
 .text.USBD_CDC_Init
                0x08008d68      0x164 build/usbd_cdc_acm.o
 .text.USBD_CDC_ACM_RegisterInterface
                0x08008ecc        0xe build/usbd_cdc_acm.o
                0x08008ecc                USBD_CDC_ACM_RegisterInterface
 *fill*         0x08008eda        0x2 
 .text.USBD_CDC_SetTxBuffer
                0x08008edc       0x1c build/usbd_cdc_acm.o
                0x08008edc                USBD_CDC_SetTxBuffer
 .text.USBD_CDC_SetRxBuffer
                0x08008ef8       0x18 build/usbd_cdc_acm.o
                0x08008ef8                USBD_CDC_SetRxBuffer
 .text.USBD_CDC_TransmitPacket
                0x08008f10       0x50 build/usbd_cdc_acm.o
                0x08008f10                USBD_CDC_TransmitPacket
 .text.USBD_CDC_ReceivePacket
                0x08008f60       0x50 build/usbd_cdc_acm.o
                0x08008f60                USBD_CDC_ReceivePacket
 .text.USBD_Update_CDC_ACM_DESC
                0x08008fb0       0x98 build/usbd_cdc_acm.o
                0x08008fb0                USBD_Update_CDC_ACM_DESC
 .text.USBD_COMPOSITE_Init
                0x08009048       0x24 build/usbd_composite.o
 .text.USBD_COMPOSITE_DeInit
                0x0800906c       0x24 build/usbd_composite.o
 .text.USBD_COMPOSITE_Setup
                0x08009090       0x54 build/usbd_composite.o
 .text.USBD_COMPOSITE_DataIn
                0x080090e4       0x58 build/usbd_composite.o
 .text.USBD_COMPOSITE_EP0_RxReady
                0x0800913c       0x10 build/usbd_composite.o
 .text.USBD_COMPOSITE_EP0_TxReady
                0x0800914c        0x4 build/usbd_composite.o
 .text.USBD_COMPOSITE_SOF
                0x08009150        0x4 build/usbd_composite.o
 .text.USBD_COMPOSITE_IsoINIncomplete
                0x08009154        0x4 build/usbd_composite.o
 .text.USBD_COMPOSITE_IsoOutIncomplete
                0x08009158        0x4 build/usbd_composite.o
 .text.USBD_COMPOSITE_DataOut
                0x0800915c       0x28 build/usbd_composite.o
 .text.USBD_COMPOSITE_GetHSCfgDesc
                0x08009184        0xc build/usbd_composite.o
 .text.USBD_COMPOSITE_GetFSCfgDesc
                0x08009190        0xc build/usbd_composite.o
 .text.USBD_COMPOSITE_GetOtherSpeedCfgDesc
                0x0800919c        0xc build/usbd_composite.o
 .text.USBD_COMPOSITE_GetDeviceQualifierDesc
                0x080091a8        0xc build/usbd_composite.o
 .text.USBD_COMPOSITE_GetUsrStringDesc
                0x080091b4       0x7c build/usbd_composite.o
 .text.USBD_COMPOSITE_Mount_Class
                0x08009230      0x150 build/usbd_composite.o
                0x08009230                USBD_COMPOSITE_Mount_Class
 .text.USBD_HID_GetFSCfgDesc
                0x08009380        0xc build/usbd_hid_keyboard.o
 .text.USBD_HID_GetHSCfgDesc
                0x0800938c        0xc build/usbd_hid_keyboard.o
 .text.USBD_HID_GetOtherSpeedCfgDesc
                0x08009398        0xc build/usbd_hid_keyboard.o
 .text.USBD_HID_DataIn
                0x080093a4        0xa build/usbd_hid_keyboard.o
 *fill*         0x080093ae        0x2 
 .text.USBD_HID_GetDeviceQualifierDesc
                0x080093b0        0xc build/usbd_hid_keyboard.o
 .text.USBD_HID_Setup
                0x080093bc      0x124 build/usbd_hid_keyboard.o
 .text.USBD_HID_DeInit
                0x080094e0       0x34 build/usbd_hid_keyboard.o
 .text.USBD_HID_Init
                0x08009514       0x68 build/usbd_hid_keyboard.o
 .text.USBD_Update_HID_KBD_DESC
                0x0800957c       0x20 build/usbd_hid_keyboard.o
                0x0800957c                USBD_Update_HID_KBD_DESC
 .text.USBD_Init
                0x0800959c       0x2a build/usbd_core.o
                0x0800959c                USBD_Init
 .text.USBD_RegisterClass
                0x080095c6       0x44 build/usbd_core.o
                0x080095c6                USBD_RegisterClass
 .text.USBD_Start
                0x0800960a        0x8 build/usbd_core.o
                0x0800960a                USBD_Start
 .text.USBD_SetClassConfig
                0x08009612       0x12 build/usbd_core.o
                0x08009612                USBD_SetClassConfig
 .text.USBD_ClrClassConfig
                0x08009624       0x10 build/usbd_core.o
                0x08009624                USBD_ClrClassConfig
 .text.USBD_LL_SetupStage
                0x08009634       0x58 build/usbd_core.o
                0x08009634                USBD_LL_SetupStage
 .text.USBD_LL_DataOutStage
                0x0800968c       0x78 build/usbd_core.o
                0x0800968c                USBD_LL_DataOutStage
 .text.USBD_LL_DataInStage
                0x08009704       0xbe build/usbd_core.o
                0x08009704                USBD_LL_DataInStage
 .text.USBD_LL_Reset
                0x080097c2       0x54 build/usbd_core.o
                0x080097c2                USBD_LL_Reset
 .text.USBD_LL_SetSpeed
                0x08009816        0x6 build/usbd_core.o
                0x08009816                USBD_LL_SetSpeed
 .text.USBD_LL_Suspend
                0x0800981c       0x14 build/usbd_core.o
                0x0800981c                USBD_LL_Suspend
 .text.USBD_LL_Resume
                0x08009830       0x1a build/usbd_core.o
                0x08009830                USBD_LL_Resume
 .text.USBD_LL_SOF
                0x0800984a       0x28 build/usbd_core.o
                0x0800984a                USBD_LL_SOF
 .text.USBD_LL_IsoINIncomplete
                0x08009872       0x28 build/usbd_core.o
                0x08009872                USBD_LL_IsoINIncomplete
 .text.USBD_LL_IsoOUTIncomplete
                0x0800989a       0x28 build/usbd_core.o
                0x0800989a                USBD_LL_IsoOUTIncomplete
 .text.USBD_LL_DevConnected
                0x080098c2        0x4 build/usbd_core.o
                0x080098c2                USBD_LL_DevConnected
 .text.USBD_LL_DevDisconnected
                0x080098c6       0x18 build/usbd_core.o
                0x080098c6                USBD_LL_DevDisconnected
 .text.USBD_GetLen
                0x080098de       0x14 build/usbd_ctlreq.o
 .text.USBD_SetFeature
                0x080098f2       0x14 build/usbd_ctlreq.o
 .text.USBD_ParseSetupRequest
                0x08009906       0x28 build/usbd_ctlreq.o
                0x08009906                USBD_ParseSetupRequest
 .text.USBD_CtlError
                0x0800992e       0x14 build/usbd_ctlreq.o
                0x0800992e                USBD_CtlError
 .text.USBD_GetDescriptor
                0x08009942      0x19a build/usbd_ctlreq.o
 .text.USBD_SetAddress
                0x08009adc       0x50 build/usbd_ctlreq.o
 .text.USBD_SetConfig
                0x08009b2c       0xc8 build/usbd_ctlreq.o
 .text.USBD_GetConfig
                0x08009bf4       0x40 build/usbd_ctlreq.o
 .text.USBD_GetStatus
                0x08009c34       0x38 build/usbd_ctlreq.o
 .text.USBD_ClrFeature
                0x08009c6c       0x26 build/usbd_ctlreq.o
 .text.USBD_StdDevReq
                0x08009c92       0x70 build/usbd_ctlreq.o
                0x08009c92                USBD_StdDevReq
 .text.USBD_StdItfReq
                0x08009d02       0x68 build/usbd_ctlreq.o
                0x08009d02                USBD_StdItfReq
 .text.USBD_StdEPReq
                0x08009d6a      0x1f2 build/usbd_ctlreq.o
                0x08009d6a                USBD_StdEPReq
 .text.USBD_GetString
                0x08009f5c       0x3a build/usbd_ctlreq.o
                0x08009f5c                USBD_GetString
 .text.USBD_CtlSendData
                0x08009f96       0x1a build/usbd_ioreq.o
                0x08009f96                USBD_CtlSendData
 .text.USBD_CtlContinueSendData
                0x08009fb0       0x10 build/usbd_ioreq.o
                0x08009fb0                USBD_CtlContinueSendData
 .text.USBD_CtlPrepareRx
                0x08009fc0       0x1e build/usbd_ioreq.o
                0x08009fc0                USBD_CtlPrepareRx
 .text.USBD_CtlContinueRx
                0x08009fde       0x10 build/usbd_ioreq.o
                0x08009fde                USBD_CtlContinueRx
 .text.USBD_CtlSendStatus
                0x08009fee       0x16 build/usbd_ioreq.o
                0x08009fee                USBD_CtlSendStatus
 .text.USBD_CtlReceiveStatus
                0x0800a004       0x16 build/usbd_ioreq.o
                0x0800a004                USBD_CtlReceiveStatus
 .text.HAL_PCDEx_SetTxFiFoInBytes
                0x0800a01a        0xa build/usbd_conf.o
                0x0800a01a                HAL_PCDEx_SetTxFiFoInBytes
 .text.HAL_PCDEx_SetRxFiFoInBytes
                0x0800a024        0xa build/usbd_conf.o
                0x0800a024                HAL_PCDEx_SetRxFiFoInBytes
 .text.HAL_PCD_SetupStageCallback
                0x0800a02e       0x10 build/usbd_conf.o
                0x0800a02e                HAL_PCD_SetupStageCallback
 .text.HAL_PCD_DataOutStageCallback
                0x0800a03e       0x18 build/usbd_conf.o
                0x0800a03e                HAL_PCD_DataOutStageCallback
 .text.HAL_PCD_DataInStageCallback
                0x0800a056       0x16 build/usbd_conf.o
                0x0800a056                HAL_PCD_DataInStageCallback
 .text.HAL_PCD_SOFCallback
                0x0800a06c        0xc build/usbd_conf.o
                0x0800a06c                HAL_PCD_SOFCallback
 .text.HAL_PCD_ResetCallback
                0x0800a078       0x2c build/usbd_conf.o
                0x0800a078                HAL_PCD_ResetCallback
 .text.HAL_PCD_SuspendCallback
                0x0800a0a4       0x30 build/usbd_conf.o
                0x0800a0a4                HAL_PCD_SuspendCallback
 .text.HAL_PCD_ResumeCallback
                0x0800a0d4        0xc build/usbd_conf.o
                0x0800a0d4                HAL_PCD_ResumeCallback
 .text.HAL_PCD_ISOOUTIncompleteCallback
                0x0800a0e0        0xc build/usbd_conf.o
                0x0800a0e0                HAL_PCD_ISOOUTIncompleteCallback
 .text.HAL_PCD_ISOINIncompleteCallback
                0x0800a0ec        0xc build/usbd_conf.o
                0x0800a0ec                HAL_PCD_ISOINIncompleteCallback
 .text.HAL_PCD_ConnectCallback
                0x0800a0f8        0xc build/usbd_conf.o
                0x0800a0f8                HAL_PCD_ConnectCallback
 .text.HAL_PCD_DisconnectCallback
                0x0800a104        0xc build/usbd_conf.o
                0x0800a104                HAL_PCD_DisconnectCallback
 .text.USBD_LL_Init
                0x0800a110       0x84 build/usbd_conf.o
                0x0800a110                USBD_LL_Init
 .text.USBD_LL_IsStallEP
                0x0800a194       0x2e build/usbd_conf.o
                0x0800a194                USBD_LL_IsStallEP
 .text.USBD_LL_GetRxDataSize
                0x0800a1c2        0xc build/usbd_conf.o
                0x0800a1c2                USBD_LL_GetRxDataSize
 .text.USBD_Get_USB_Status
                0x0800a1ce       0x14 build/usbd_conf.o
                0x0800a1ce                USBD_Get_USB_Status
 .text.USBD_LL_Start
                0x0800a1e2       0x10 build/usbd_conf.o
                0x0800a1e2                USBD_LL_Start
 .text.USBD_LL_OpenEP
                0x0800a1f2       0x16 build/usbd_conf.o
                0x0800a1f2                USBD_LL_OpenEP
 .text.USBD_LL_CloseEP
                0x0800a208       0x10 build/usbd_conf.o
                0x0800a208                USBD_LL_CloseEP
 .text.USBD_LL_StallEP
                0x0800a218       0x10 build/usbd_conf.o
                0x0800a218                USBD_LL_StallEP
 .text.USBD_LL_ClearStallEP
                0x0800a228       0x10 build/usbd_conf.o
                0x0800a228                USBD_LL_ClearStallEP
 .text.USBD_LL_SetUSBAddress
                0x0800a238       0x10 build/usbd_conf.o
                0x0800a238                USBD_LL_SetUSBAddress
 .text.USBD_LL_Transmit
                0x0800a248       0x10 build/usbd_conf.o
                0x0800a248                USBD_LL_Transmit
 .text.USBD_LL_PrepareReceive
                0x0800a258       0x10 build/usbd_conf.o
                0x0800a258                USBD_LL_PrepareReceive
 .text.Reset_Handler
                0x0800a268       0x50 build/startup_stm32f723xx.o
                0x0800a268                Reset_Handler
 .text.Default_Handler
                0x0800a2b8        0x2 build/startup_stm32f723xx.o
                0x0800a2b8                RTC_Alarm_IRQHandler
                0x0800a2b8                EXTI2_IRQHandler
                0x0800a2b8                UART8_IRQHandler
                0x0800a2b8                SPI4_IRQHandler
                0x0800a2b8                DMA2_Stream5_IRQHandler
                0x0800a2b8                DMA1_Stream5_IRQHandler
                0x0800a2b8                PVD_IRQHandler
                0x0800a2b8                TAMP_STAMP_IRQHandler
                0x0800a2b8                EXTI3_IRQHandler
                0x0800a2b8                TIM8_TRG_COM_TIM14_IRQHandler
                0x0800a2b8                TIM8_UP_TIM13_IRQHandler
                0x0800a2b8                I2C3_ER_IRQHandler
                0x0800a2b8                EXTI0_IRQHandler
                0x0800a2b8                I2C2_EV_IRQHandler
                0x0800a2b8                DMA1_Stream2_IRQHandler
                0x0800a2b8                CAN1_RX0_IRQHandler
                0x0800a2b8                FPU_IRQHandler
                0x0800a2b8                OTG_HS_WKUP_IRQHandler
                0x0800a2b8                DMA2_Stream2_IRQHandler
                0x0800a2b8                SPI1_IRQHandler
                0x0800a2b8                TIM1_BRK_TIM9_IRQHandler
                0x0800a2b8                DMA2_Stream3_IRQHandler
                0x0800a2b8                SAI2_IRQHandler
                0x0800a2b8                USART6_IRQHandler
                0x0800a2b8                USART3_IRQHandler
                0x0800a2b8                CAN1_RX1_IRQHandler
                0x0800a2b8                UART5_IRQHandler
                0x0800a2b8                DMA2_Stream0_IRQHandler
                0x0800a2b8                TIM4_IRQHandler
                0x0800a2b8                QUADSPI_IRQHandler
                0x0800a2b8                DMA1_Stream1_IRQHandler
                0x0800a2b8                UART4_IRQHandler
                0x0800a2b8                TIM3_IRQHandler
                0x0800a2b8                RCC_IRQHandler
                0x0800a2b8                TIM8_BRK_TIM12_IRQHandler
                0x0800a2b8                Default_Handler
                0x0800a2b8                EXTI15_10_IRQHandler
                0x0800a2b8                ADC_IRQHandler
                0x0800a2b8                DMA1_Stream7_IRQHandler
                0x0800a2b8                SPI5_IRQHandler
                0x0800a2b8                SDMMC1_IRQHandler
                0x0800a2b8                TIM5_IRQHandler
                0x0800a2b8                DMA2_Stream7_IRQHandler
                0x0800a2b8                I2C3_EV_IRQHandler
                0x0800a2b8                EXTI9_5_IRQHandler
                0x0800a2b8                RTC_WKUP_IRQHandler
                0x0800a2b8                OTG_HS_EP1_IN_IRQHandler
                0x0800a2b8                CAN1_TX_IRQHandler
                0x0800a2b8                EXTI4_IRQHandler
                0x0800a2b8                RNG_IRQHandler
                0x0800a2b8                OTG_HS_EP1_OUT_IRQHandler
                0x0800a2b8                WWDG_IRQHandler
                0x0800a2b8                TIM2_IRQHandler
                0x0800a2b8                OTG_FS_WKUP_IRQHandler
                0x0800a2b8                TIM1_TRG_COM_TIM11_IRQHandler
                0x0800a2b8                EXTI1_IRQHandler
                0x0800a2b8                SDMMC2_IRQHandler
                0x0800a2b8                UART7_IRQHandler
                0x0800a2b8                USART2_IRQHandler
                0x0800a2b8                I2C2_ER_IRQHandler
                0x0800a2b8                DMA2_Stream1_IRQHandler
                0x0800a2b8                CAN1_SCE_IRQHandler
                0x0800a2b8                FLASH_IRQHandler
                0x0800a2b8                DMA2_Stream4_IRQHandler
                0x0800a2b8                USART1_IRQHandler
                0x0800a2b8                OTG_FS_IRQHandler
                0x0800a2b8                SPI3_IRQHandler
                0x0800a2b8                FMC_IRQHandler
                0x0800a2b8                LPTIM1_IRQHandler
                0x0800a2b8                DMA2_Stream6_IRQHandler
                0x0800a2b8                SAI1_IRQHandler
 .text.atoi     0x0800a2ba        0x8 /home/qrsnap/.config/Code/User/globalStorage/bmd.stm32-for-vscode/@xpack-dev-tools/arm-none-eabi-gcc/12.3.1-1.2.1/.content/bin/../lib/gcc/arm-none-eabi/12.3.1/../../../../arm-none-eabi/lib/thumb/v7e-m+fp/hard/libc_nano.a(libc_a-atoi.o)
                0x0800a2ba                atoi
 *fill*         0x0800a2c2        0x2 
 .text.malloc   0x0800a2c4       0x10 /home/qrsnap/.config/Code/User/globalStorage/bmd.stm32-for-vscode/@xpack-dev-tools/arm-none-eabi-gcc/12.3.1-1.2.1/.content/bin/../lib/gcc/arm-none-eabi/12.3.1/../../../../arm-none-eabi/lib/thumb/v7e-m+fp/hard/libc_nano.a(libc_a-malloc.o)
                0x0800a2c4                malloc
 .text.free     0x0800a2d4       0x10 /home/qrsnap/.config/Code/User/globalStorage/bmd.stm32-for-vscode/@xpack-dev-tools/arm-none-eabi-gcc/12.3.1-1.2.1/.content/bin/../lib/gcc/arm-none-eabi/12.3.1/../../../../arm-none-eabi/lib/thumb/v7e-m+fp/hard/libc_nano.a(libc_a-malloc.o)
                0x0800a2d4                free
 .text.sbrk_aligned
                0x0800a2e4       0x44 /home/qrsnap/.config/Code/User/globalStorage/bmd.stm32-for-vscode/@xpack-dev-tools/arm-none-eabi-gcc/12.3.1-1.2.1/.content/bin/../lib/gcc/arm-none-eabi/12.3.1/../../../../arm-none-eabi/lib/thumb/v7e-m+fp/hard/libc_nano.a(libc_a-mallocr.o)
 .text._malloc_r
                0x0800a328      0x100 /home/qrsnap/.config/Code/User/globalStorage/bmd.stm32-for-vscode/@xpack-dev-tools/arm-none-eabi-gcc/12.3.1-1.2.1/.content/bin/../lib/gcc/arm-none-eabi/12.3.1/../../../../arm-none-eabi/lib/thumb/v7e-m+fp/hard/libc_nano.a(libc_a-mallocr.o)
                0x0800a328                _malloc_r
 .text.__malloc_lock
                0x0800a428        0xc /home/qrsnap/.config/Code/User/globalStorage/bmd.stm32-for-vscode/@xpack-dev-tools/arm-none-eabi-gcc/12.3.1-1.2.1/.content/bin/../lib/gcc/arm-none-eabi/12.3.1/../../../../arm-none-eabi/lib/thumb/v7e-m+fp/hard/libc_nano.a(libc_a-mlock.o)
                0x0800a428                __malloc_lock
 .text.__malloc_unlock
                0x0800a434        0xc /home/qrsnap/.config/Code/User/globalStorage/bmd.stm32-for-vscode/@xpack-dev-tools/arm-none-eabi-gcc/12.3.1-1.2.1/.content/bin/../lib/gcc/arm-none-eabi/12.3.1/../../../../arm-none-eabi/lib/thumb/v7e-m+fp/hard/libc_nano.a(libc_a-mlock.o)
                0x0800a434                __malloc_unlock
 .text.realloc  0x0800a440       0x10 /home/qrsnap/.config/Code/User/globalStorage/bmd.stm32-for-vscode/@xpack-dev-tools/arm-none-eabi-gcc/12.3.1-1.2.1/.content/bin/../lib/gcc/arm-none-eabi/12.3.1/../../../../arm-none-eabi/lib/thumb/v7e-m+fp/hard/libc_nano.a(libc_a-realloc.o)
                0x0800a440                realloc
 .text._realloc_r
                0x0800a450       0x5c /home/qrsnap/.config/Code/User/globalStorage/bmd.stm32-for-vscode/@xpack-dev-tools/arm-none-eabi-gcc/12.3.1-1.2.1/.content/bin/../lib/gcc/arm-none-eabi/12.3.1/../../../../arm-none-eabi/lib/thumb/v7e-m+fp/hard/libc_nano.a(libc_a-reallocr.o)
                0x0800a450                _realloc_r
 .text._strtol_l.constprop.0
                0x0800a4ac       0xfc /home/qrsnap/.config/Code/User/globalStorage/bmd.stm32-for-vscode/@xpack-dev-tools/arm-none-eabi-gcc/12.3.1-1.2.1/.content/bin/../lib/gcc/arm-none-eabi/12.3.1/../../../../arm-none-eabi/lib/thumb/v7e-m+fp/hard/libc_nano.a(libc_a-strtol.o)
 .text.strtol   0x0800a5a8       0x14 /home/qrsnap/.config/Code/User/globalStorage/bmd.stm32-for-vscode/@xpack-dev-tools/arm-none-eabi-gcc/12.3.1-1.2.1/.content/bin/../lib/gcc/arm-none-eabi/12.3.1/../../../../arm-none-eabi/lib/thumb/v7e-m+fp/hard/libc_nano.a(libc_a-strtol.o)
                0x0800a5a8                strtol
 .text._fgetc_r
                0x0800a5bc       0x56 /home/qrsnap/.config/Code/User/globalStorage/bmd.stm32-for-vscode/@xpack-dev-tools/arm-none-eabi-gcc/12.3.1-1.2.1/.content/bin/../lib/gcc/arm-none-eabi/12.3.1/../../../../arm-none-eabi/lib/thumb/v7e-m+fp/hard/libc_nano.a(libc_a-fgetc.o)
                0x0800a5bc                _fgetc_r
 *fill*         0x0800a612        0x2 
 .text.fgetc    0x0800a614       0x10 /home/qrsnap/.config/Code/User/globalStorage/bmd.stm32-for-vscode/@xpack-dev-tools/arm-none-eabi-gcc/12.3.1-1.2.1/.content/bin/../lib/gcc/arm-none-eabi/12.3.1/../../../../arm-none-eabi/lib/thumb/v7e-m+fp/hard/libc_nano.a(libc_a-fgetc.o)
                0x0800a614                fgetc
 .text.std      0x0800a624       0x6c /home/qrsnap/.config/Code/User/globalStorage/bmd.stm32-for-vscode/@xpack-dev-tools/arm-none-eabi-gcc/12.3.1-1.2.1/.content/bin/../lib/gcc/arm-none-eabi/12.3.1/../../../../arm-none-eabi/lib/thumb/v7e-m+fp/hard/libc_nano.a(libc_a-findfp.o)
 .text.stdio_exit_handler
                0x0800a690       0x18 /home/qrsnap/.config/Code/User/globalStorage/bmd.stm32-for-vscode/@xpack-dev-tools/arm-none-eabi-gcc/12.3.1-1.2.1/.content/bin/../lib/gcc/arm-none-eabi/12.3.1/../../../../arm-none-eabi/lib/thumb/v7e-m+fp/hard/libc_nano.a(libc_a-findfp.o)
 .text.cleanup_stdio
                0x0800a6a8       0x40 /home/qrsnap/.config/Code/User/globalStorage/bmd.stm32-for-vscode/@xpack-dev-tools/arm-none-eabi-gcc/12.3.1-1.2.1/.content/bin/../lib/gcc/arm-none-eabi/12.3.1/../../../../arm-none-eabi/lib/thumb/v7e-m+fp/hard/libc_nano.a(libc_a-findfp.o)
 .text.global_stdio_init.part.0
                0x0800a6e8       0x3c /home/qrsnap/.config/Code/User/globalStorage/bmd.stm32-for-vscode/@xpack-dev-tools/arm-none-eabi-gcc/12.3.1-1.2.1/.content/bin/../lib/gcc/arm-none-eabi/12.3.1/../../../../arm-none-eabi/lib/thumb/v7e-m+fp/hard/libc_nano.a(libc_a-findfp.o)
 .text.__sfp_lock_acquire
                0x0800a724        0xc /home/qrsnap/.config/Code/User/globalStorage/bmd.stm32-for-vscode/@xpack-dev-tools/arm-none-eabi-gcc/12.3.1-1.2.1/.content/bin/../lib/gcc/arm-none-eabi/12.3.1/../../../../arm-none-eabi/lib/thumb/v7e-m+fp/hard/libc_nano.a(libc_a-findfp.o)
                0x0800a724                __sfp_lock_acquire
 .text.__sfp_lock_release
                0x0800a730        0xc /home/qrsnap/.config/Code/User/globalStorage/bmd.stm32-for-vscode/@xpack-dev-tools/arm-none-eabi-gcc/12.3.1-1.2.1/.content/bin/../lib/gcc/arm-none-eabi/12.3.1/../../../../arm-none-eabi/lib/thumb/v7e-m+fp/hard/libc_nano.a(libc_a-findfp.o)
                0x0800a730                __sfp_lock_release
 .text.__sfp    0x0800a73c       0xa4 /home/qrsnap/.config/Code/User/globalStorage/bmd.stm32-for-vscode/@xpack-dev-tools/arm-none-eabi-gcc/12.3.1-1.2.1/.content/bin/../lib/gcc/arm-none-eabi/12.3.1/../../../../arm-none-eabi/lib/thumb/v7e-m+fp/hard/libc_nano.a(libc_a-findfp.o)
                0x0800a73c                __sfp
 .text.__sinit  0x0800a7e0       0x30 /home/qrsnap/.config/Code/User/globalStorage/bmd.stm32-for-vscode/@xpack-dev-tools/arm-none-eabi-gcc/12.3.1-1.2.1/.content/bin/../lib/gcc/arm-none-eabi/12.3.1/../../../../arm-none-eabi/lib/thumb/v7e-m+fp/hard/libc_nano.a(libc_a-findfp.o)
                0x0800a7e0                __sinit
 .text._fwalk_sglue
                0x0800a810       0x3c /home/qrsnap/.config/Code/User/globalStorage/bmd.stm32-for-vscode/@xpack-dev-tools/arm-none-eabi-gcc/12.3.1-1.2.1/.content/bin/../lib/gcc/arm-none-eabi/12.3.1/../../../../arm-none-eabi/lib/thumb/v7e-m+fp/hard/libc_nano.a(libc_a-fwalk.o)
                0x0800a810                _fwalk_sglue
 .text.__srget_r
                0x0800a84c       0x30 /home/qrsnap/.config/Code/User/globalStorage/bmd.stm32-for-vscode/@xpack-dev-tools/arm-none-eabi-gcc/12.3.1-1.2.1/.content/bin/../lib/gcc/arm-none-eabi/12.3.1/../../../../arm-none-eabi/lib/thumb/v7e-m+fp/hard/libc_nano.a(libc_a-rget.o)
                0x0800a84c                __srget_r
 .text.snprintf
                0x0800a87c       0x68 /home/qrsnap/.config/Code/User/globalStorage/bmd.stm32-for-vscode/@xpack-dev-tools/arm-none-eabi-gcc/12.3.1-1.2.1/.content/bin/../lib/gcc/arm-none-eabi/12.3.1/../../../../arm-none-eabi/lib/thumb/v7e-m+fp/hard/libc_nano.a(libc_a-snprintf.o)
                0x0800a87c                snprintf
                0x0800a87c                sniprintf
 .text.sprintf  0x0800a8e4       0x40 /home/qrsnap/.config/Code/User/globalStorage/bmd.stm32-for-vscode/@xpack-dev-tools/arm-none-eabi-gcc/12.3.1-1.2.1/.content/bin/../lib/gcc/arm-none-eabi/12.3.1/../../../../arm-none-eabi/lib/thumb/v7e-m+fp/hard/libc_nano.a(libc_a-sprintf.o)
                0x0800a8e4                sprintf
                0x0800a8e4                siprintf
 .text.__sread  0x0800a924       0x22 /home/qrsnap/.config/Code/User/globalStorage/bmd.stm32-for-vscode/@xpack-dev-tools/arm-none-eabi-gcc/12.3.1-1.2.1/.content/bin/../lib/gcc/arm-none-eabi/12.3.1/../../../../arm-none-eabi/lib/thumb/v7e-m+fp/hard/libc_nano.a(libc_a-stdio.o)
                0x0800a924                __sread
 .text.__swrite
                0x0800a946       0x38 /home/qrsnap/.config/Code/User/globalStorage/bmd.stm32-for-vscode/@xpack-dev-tools/arm-none-eabi-gcc/12.3.1-1.2.1/.content/bin/../lib/gcc/arm-none-eabi/12.3.1/../../../../arm-none-eabi/lib/thumb/v7e-m+fp/hard/libc_nano.a(libc_a-stdio.o)
                0x0800a946                __swrite
 .text.__sseek  0x0800a97e       0x24 /home/qrsnap/.config/Code/User/globalStorage/bmd.stm32-for-vscode/@xpack-dev-tools/arm-none-eabi-gcc/12.3.1-1.2.1/.content/bin/../lib/gcc/arm-none-eabi/12.3.1/../../../../arm-none-eabi/lib/thumb/v7e-m+fp/hard/libc_nano.a(libc_a-stdio.o)
                0x0800a97e                __sseek
 .text.__sclose
                0x0800a9a2        0x8 /home/qrsnap/.config/Code/User/globalStorage/bmd.stm32-for-vscode/@xpack-dev-tools/arm-none-eabi-gcc/12.3.1-1.2.1/.content/bin/../lib/gcc/arm-none-eabi/12.3.1/../../../../arm-none-eabi/lib/thumb/v7e-m+fp/hard/libc_nano.a(libc_a-stdio.o)
                0x0800a9a2                __sclose
 .text.fmemseeker
                0x0800a9aa       0x5c /home/qrsnap/.config/Code/User/globalStorage/bmd.stm32-for-vscode/@xpack-dev-tools/arm-none-eabi-gcc/12.3.1-1.2.1/.content/bin/../lib/gcc/arm-none-eabi/12.3.1/../../../../arm-none-eabi/lib/thumb/v7e-m+fp/hard/libc_nano.a(libc_a-fmemopen.o)
 .text.fmemcloser
                0x0800aa06        0xc /home/qrsnap/.config/Code/User/globalStorage/bmd.stm32-for-vscode/@xpack-dev-tools/arm-none-eabi-gcc/12.3.1-1.2.1/.content/bin/../lib/gcc/arm-none-eabi/12.3.1/../../../../arm-none-eabi/lib/thumb/v7e-m+fp/hard/libc_nano.a(libc_a-fmemopen.o)
 .text.fmemwriter
                0x0800aa12       0x90 /home/qrsnap/.config/Code/User/globalStorage/bmd.stm32-for-vscode/@xpack-dev-tools/arm-none-eabi-gcc/12.3.1-1.2.1/.content/bin/../lib/gcc/arm-none-eabi/12.3.1/../../../../arm-none-eabi/lib/thumb/v7e-m+fp/hard/libc_nano.a(libc_a-fmemopen.o)
 .text.fmemreader
                0x0800aaa2       0x30 /home/qrsnap/.config/Code/User/globalStorage/bmd.stm32-for-vscode/@xpack-dev-tools/arm-none-eabi-gcc/12.3.1-1.2.1/.content/bin/../lib/gcc/arm-none-eabi/12.3.1/../../../../arm-none-eabi/lib/thumb/v7e-m+fp/hard/libc_nano.a(libc_a-fmemopen.o)
 *fill*         0x0800aad2        0x2 
 .text._fmemopen_r
                0x0800aad4      0x144 /home/qrsnap/.config/Code/User/globalStorage/bmd.stm32-for-vscode/@xpack-dev-tools/arm-none-eabi-gcc/12.3.1-1.2.1/.content/bin/../lib/gcc/arm-none-eabi/12.3.1/../../../../arm-none-eabi/lib/thumb/v7e-m+fp/hard/libc_nano.a(libc_a-fmemopen.o)
                0x0800aad4                _fmemopen_r
 .text.fmemopen
                0x0800ac18       0x14 /home/qrsnap/.config/Code/User/globalStorage/bmd.stm32-for-vscode/@xpack-dev-tools/arm-none-eabi-gcc/12.3.1-1.2.1/.content/bin/../lib/gcc/arm-none-eabi/12.3.1/../../../../arm-none-eabi/lib/thumb/v7e-m+fp/hard/libc_nano.a(libc_a-fmemopen.o)
                0x0800ac18                fmemopen
 .text.memcmp   0x0800ac2c       0x20 /home/qrsnap/.config/Code/User/globalStorage/bmd.stm32-for-vscode/@xpack-dev-tools/arm-none-eabi-gcc/12.3.1-1.2.1/.content/bin/../lib/gcc/arm-none-eabi/12.3.1/../../../../arm-none-eabi/lib/thumb/v7e-m+fp/hard/libc_nano.a(libc_a-memcmp.o)
                0x0800ac2c                memcmp
 .text.memset   0x0800ac4c       0x10 /home/qrsnap/.config/Code/User/globalStorage/bmd.stm32-for-vscode/@xpack-dev-tools/arm-none-eabi-gcc/12.3.1-1.2.1/.content/bin/../lib/gcc/arm-none-eabi/12.3.1/../../../../arm-none-eabi/lib/thumb/v7e-m+fp/hard/libc_nano.a(libc_a-memset.o)
                0x0800ac4c                memset
 .text.strncpy  0x0800ac5c       0x26 /home/qrsnap/.config/Code/User/globalStorage/bmd.stm32-for-vscode/@xpack-dev-tools/arm-none-eabi-gcc/12.3.1-1.2.1/.content/bin/../lib/gcc/arm-none-eabi/12.3.1/../../../../arm-none-eabi/lib/thumb/v7e-m+fp/hard/libc_nano.a(libc_a-strncpy.o)
                0x0800ac5c                strncpy
 *fill*         0x0800ac82        0x2 
 .text.strtok   0x0800ac84       0x68 /home/qrsnap/.config/Code/User/globalStorage/bmd.stm32-for-vscode/@xpack-dev-tools/arm-none-eabi-gcc/12.3.1-1.2.1/.content/bin/../lib/gcc/arm-none-eabi/12.3.1/../../../../arm-none-eabi/lib/thumb/v7e-m+fp/hard/libc_nano.a(libc_a-strtok.o)
                0x0800ac84                strtok
 .text.__strtok_r
                0x0800acec       0x50 /home/qrsnap/.config/Code/User/globalStorage/bmd.stm32-for-vscode/@xpack-dev-tools/arm-none-eabi-gcc/12.3.1-1.2.1/.content/bin/../lib/gcc/arm-none-eabi/12.3.1/../../../../arm-none-eabi/lib/thumb/v7e-m+fp/hard/libc_nano.a(libc_a-strtok_r.o)
                0x0800acec                __strtok_r
 .text._close_r
                0x0800ad3c       0x20 /home/qrsnap/.config/Code/User/globalStorage/bmd.stm32-for-vscode/@xpack-dev-tools/arm-none-eabi-gcc/12.3.1-1.2.1/.content/bin/../lib/gcc/arm-none-eabi/12.3.1/../../../../arm-none-eabi/lib/thumb/v7e-m+fp/hard/libc_nano.a(libc_a-closer.o)
                0x0800ad3c                _close_r
 .text._lseek_r
                0x0800ad5c       0x24 /home/qrsnap/.config/Code/User/globalStorage/bmd.stm32-for-vscode/@xpack-dev-tools/arm-none-eabi-gcc/12.3.1-1.2.1/.content/bin/../lib/gcc/arm-none-eabi/12.3.1/../../../../arm-none-eabi/lib/thumb/v7e-m+fp/hard/libc_nano.a(libc_a-lseekr.o)
                0x0800ad5c                _lseek_r
 .text._read_r  0x0800ad80       0x24 /home/qrsnap/.config/Code/User/globalStorage/bmd.stm32-for-vscode/@xpack-dev-tools/arm-none-eabi-gcc/12.3.1-1.2.1/.content/bin/../lib/gcc/arm-none-eabi/12.3.1/../../../../arm-none-eabi/lib/thumb/v7e-m+fp/hard/libc_nano.a(libc_a-readr.o)
                0x0800ad80                _read_r
 .text._sbrk_r  0x0800ada4       0x20 /home/qrsnap/.config/Code/User/globalStorage/bmd.stm32-for-vscode/@xpack-dev-tools/arm-none-eabi-gcc/12.3.1-1.2.1/.content/bin/../lib/gcc/arm-none-eabi/12.3.1/../../../../arm-none-eabi/lib/thumb/v7e-m+fp/hard/libc_nano.a(libc_a-sbrkr.o)
                0x0800ada4                _sbrk_r
 .text._write_r
                0x0800adc4       0x24 /home/qrsnap/.config/Code/User/globalStorage/bmd.stm32-for-vscode/@xpack-dev-tools/arm-none-eabi-gcc/12.3.1-1.2.1/.content/bin/../lib/gcc/arm-none-eabi/12.3.1/../../../../arm-none-eabi/lib/thumb/v7e-m+fp/hard/libc_nano.a(libc_a-writer.o)
                0x0800adc4                _write_r
 .text.__errno  0x0800ade8        0xc /home/qrsnap/.config/Code/User/globalStorage/bmd.stm32-for-vscode/@xpack-dev-tools/arm-none-eabi-gcc/12.3.1-1.2.1/.content/bin/../lib/gcc/arm-none-eabi/12.3.1/../../../../arm-none-eabi/lib/thumb/v7e-m+fp/hard/libc_nano.a(libc_a-errno.o)
                0x0800ade8                __errno
 .text.__libc_init_array
                0x0800adf4       0x48 /home/qrsnap/.config/Code/User/globalStorage/bmd.stm32-for-vscode/@xpack-dev-tools/arm-none-eabi-gcc/12.3.1-1.2.1/.content/bin/../lib/gcc/arm-none-eabi/12.3.1/../../../../arm-none-eabi/lib/thumb/v7e-m+fp/hard/libc_nano.a(libc_a-init.o)
                0x0800adf4                __libc_init_array
 .text.__retarget_lock_init_recursive
                0x0800ae3c        0x2 /home/qrsnap/.config/Code/User/globalStorage/bmd.stm32-for-vscode/@xpack-dev-tools/arm-none-eabi-gcc/12.3.1-1.2.1/.content/bin/../lib/gcc/arm-none-eabi/12.3.1/../../../../arm-none-eabi/lib/thumb/v7e-m+fp/hard/libc_nano.a(libc_a-lock.o)
                0x0800ae3c                __retarget_lock_init_recursive
 .text.__retarget_lock_close_recursive
                0x0800ae3e        0x2 /home/qrsnap/.config/Code/User/globalStorage/bmd.stm32-for-vscode/@xpack-dev-tools/arm-none-eabi-gcc/12.3.1-1.2.1/.content/bin/../lib/gcc/arm-none-eabi/12.3.1/../../../../arm-none-eabi/lib/thumb/v7e-m+fp/hard/libc_nano.a(libc_a-lock.o)
                0x0800ae3e                __retarget_lock_close_recursive
 .text.__retarget_lock_acquire_recursive
                0x0800ae40        0x2 /home/qrsnap/.config/Code/User/globalStorage/bmd.stm32-for-vscode/@xpack-dev-tools/arm-none-eabi-gcc/12.3.1-1.2.1/.content/bin/../lib/gcc/arm-none-eabi/12.3.1/../../../../arm-none-eabi/lib/thumb/v7e-m+fp/hard/libc_nano.a(libc_a-lock.o)
                0x0800ae40                __retarget_lock_acquire_recursive
 .text.__retarget_lock_release_recursive
                0x0800ae42        0x2 /home/qrsnap/.config/Code/User/globalStorage/bmd.stm32-for-vscode/@xpack-dev-tools/arm-none-eabi-gcc/12.3.1-1.2.1/.content/bin/../lib/gcc/arm-none-eabi/12.3.1/../../../../arm-none-eabi/lib/thumb/v7e-m+fp/hard/libc_nano.a(libc_a-lock.o)
                0x0800ae42                __retarget_lock_release_recursive
 .text.strcpy   0x0800ae44       0x10 /home/qrsnap/.config/Code/User/globalStorage/bmd.stm32-for-vscode/@xpack-dev-tools/arm-none-eabi-gcc/12.3.1-1.2.1/.content/bin/../lib/gcc/arm-none-eabi/12.3.1/../../../../arm-none-eabi/lib/thumb/v7e-m+fp/hard/libc_nano.a(libc_a-strcpy.o)
                0x0800ae44                strcpy
 .text.memcpy   0x0800ae54       0x1c /home/qrsnap/.config/Code/User/globalStorage/bmd.stm32-for-vscode/@xpack-dev-tools/arm-none-eabi-gcc/12.3.1-1.2.1/.content/bin/../lib/gcc/arm-none-eabi/12.3.1/../../../../arm-none-eabi/lib/thumb/v7e-m+fp/hard/libc_nano.a(libc_a-memcpy-stub.o)
                0x0800ae54                memcpy
 .text.abort    0x0800ae70        0xe /home/qrsnap/.config/Code/User/globalStorage/bmd.stm32-for-vscode/@xpack-dev-tools/arm-none-eabi-gcc/12.3.1-1.2.1/.content/bin/../lib/gcc/arm-none-eabi/12.3.1/../../../../arm-none-eabi/lib/thumb/v7e-m+fp/hard/libc_nano.a(libc_a-abort.o)
                0x0800ae70                abort
 *fill*         0x0800ae7e        0x2 
 .text.__assert_func
                0x0800ae80       0x3c /home/qrsnap/.config/Code/User/globalStorage/bmd.stm32-for-vscode/@xpack-dev-tools/arm-none-eabi-gcc/12.3.1-1.2.1/.content/bin/../lib/gcc/arm-none-eabi/12.3.1/../../../../arm-none-eabi/lib/thumb/v7e-m+fp/hard/libc_nano.a(libc_a-assert.o)
                0x0800ae80                __assert_func
 .text._free_r  0x0800aebc       0x94 /home/qrsnap/.config/Code/User/globalStorage/bmd.stm32-for-vscode/@xpack-dev-tools/arm-none-eabi-gcc/12.3.1-1.2.1/.content/bin/../lib/gcc/arm-none-eabi/12.3.1/../../../../arm-none-eabi/lib/thumb/v7e-m+fp/hard/libc_nano.a(libc_a-freer.o)
                0x0800aebc                _free_r
 .text._malloc_usable_size_r
                0x0800af50       0x10 /home/qrsnap/.config/Code/User/globalStorage/bmd.stm32-for-vscode/@xpack-dev-tools/arm-none-eabi-gcc/12.3.1-1.2.1/.content/bin/../lib/gcc/arm-none-eabi/12.3.1/../../../../arm-none-eabi/lib/thumb/v7e-m+fp/hard/libc_nano.a(libc_a-msizer.o)
                0x0800af50                _malloc_usable_size_r
 .text.__ssputs_r
                0x0800af60       0xb6 /home/qrsnap/.config/Code/User/globalStorage/bmd.stm32-for-vscode/@xpack-dev-tools/arm-none-eabi-gcc/12.3.1-1.2.1/.content/bin/../lib/gcc/arm-none-eabi/12.3.1/../../../../arm-none-eabi/lib/thumb/v7e-m+fp/hard/libc_nano.a(libc_a-nano-svfprintf.o)
                0x0800af60                __ssputs_r
 *fill*         0x0800b016        0x2 
 .text._svfprintf_r
                0x0800b018      0x1f8 /home/qrsnap/.config/Code/User/globalStorage/bmd.stm32-for-vscode/@xpack-dev-tools/arm-none-eabi-gcc/12.3.1-1.2.1/.content/bin/../lib/gcc/arm-none-eabi/12.3.1/../../../../arm-none-eabi/lib/thumb/v7e-m+fp/hard/libc_nano.a(libc_a-nano-svfprintf.o)
                0x0800b018                _svfprintf_r
                0x0800b018                _svfiprintf_r
 .text._printf_common
                0x0800b210       0xda /home/qrsnap/.config/Code/User/globalStorage/bmd.stm32-for-vscode/@xpack-dev-tools/arm-none-eabi-gcc/12.3.1-1.2.1/.content/bin/../lib/gcc/arm-none-eabi/12.3.1/../../../../arm-none-eabi/lib/thumb/v7e-m+fp/hard/libc_nano.a(libc_a-nano-vfprintf_i.o)
                0x0800b210                _printf_common
 *fill*         0x0800b2ea        0x2 
 .text._printf_i
                0x0800b2ec      0x258 /home/qrsnap/.config/Code/User/globalStorage/bmd.stm32-for-vscode/@xpack-dev-tools/arm-none-eabi-gcc/12.3.1-1.2.1/.content/bin/../lib/gcc/arm-none-eabi/12.3.1/../../../../arm-none-eabi/lib/thumb/v7e-m+fp/hard/libc_nano.a(libc_a-nano-vfprintf_i.o)
                0x0800b2ec                _printf_i
 .text.__sflush_r
                0x0800b544      0x108 /home/qrsnap/.config/Code/User/globalStorage/bmd.stm32-for-vscode/@xpack-dev-tools/arm-none-eabi-gcc/12.3.1-1.2.1/.content/bin/../lib/gcc/arm-none-eabi/12.3.1/../../../../arm-none-eabi/lib/thumb/v7e-m+fp/hard/libc_nano.a(libc_a-fflush.o)
                0x0800b544                __sflush_r
 .text._fflush_r
                0x0800b64c       0x50 /home/qrsnap/.config/Code/User/globalStorage/bmd.stm32-for-vscode/@xpack-dev-tools/arm-none-eabi-gcc/12.3.1-1.2.1/.content/bin/../lib/gcc/arm-none-eabi/12.3.1/../../../../arm-none-eabi/lib/thumb/v7e-m+fp/hard/libc_nano.a(libc_a-fflush.o)
                0x0800b64c                _fflush_r
 .text.__sflags
                0x0800b69c       0x6c /home/qrsnap/.config/Code/User/globalStorage/bmd.stm32-for-vscode/@xpack-dev-tools/arm-none-eabi-gcc/12.3.1-1.2.1/.content/bin/../lib/gcc/arm-none-eabi/12.3.1/../../../../arm-none-eabi/lib/thumb/v7e-m+fp/hard/libc_nano.a(libc_a-flags.o)
                0x0800b69c                __sflags
 .text.fprintf  0x0800b708       0x24 /home/qrsnap/.config/Code/User/globalStorage/bmd.stm32-for-vscode/@xpack-dev-tools/arm-none-eabi-gcc/12.3.1-1.2.1/.content/bin/../lib/gcc/arm-none-eabi/12.3.1/../../../../arm-none-eabi/lib/thumb/v7e-m+fp/hard/libc_nano.a(libc_a-fprintf.o)
                0x0800b708                fprintf
                0x0800b708                fiprintf
 .text.lflush   0x0800b72c       0x1c /home/qrsnap/.config/Code/User/globalStorage/bmd.stm32-for-vscode/@xpack-dev-tools/arm-none-eabi-gcc/12.3.1-1.2.1/.content/bin/../lib/gcc/arm-none-eabi/12.3.1/../../../../arm-none-eabi/lib/thumb/v7e-m+fp/hard/libc_nano.a(libc_a-refill.o)
 .text.__srefill_r
                0x0800b748       0xe8 /home/qrsnap/.config/Code/User/globalStorage/bmd.stm32-for-vscode/@xpack-dev-tools/arm-none-eabi-gcc/12.3.1-1.2.1/.content/bin/../lib/gcc/arm-none-eabi/12.3.1/../../../../arm-none-eabi/lib/thumb/v7e-m+fp/hard/libc_nano.a(libc_a-refill.o)
                0x0800b748                __srefill_r
 .text.memmove  0x0800b830       0x34 /home/qrsnap/.config/Code/User/globalStorage/bmd.stm32-for-vscode/@xpack-dev-tools/arm-none-eabi-gcc/12.3.1-1.2.1/.content/bin/../lib/gcc/arm-none-eabi/12.3.1/../../../../arm-none-eabi/lib/thumb/v7e-m+fp/hard/libc_nano.a(libc_a-memmove.o)
                0x0800b830                memmove
 .text._raise_r
                0x0800b864       0x50 /home/qrsnap/.config/Code/User/globalStorage/bmd.stm32-for-vscode/@xpack-dev-tools/arm-none-eabi-gcc/12.3.1-1.2.1/.content/bin/../lib/gcc/arm-none-eabi/12.3.1/../../../../arm-none-eabi/lib/thumb/v7e-m+fp/hard/libc_nano.a(libc_a-signal.o)
                0x0800b864                _raise_r
 .text.raise    0x0800b8b4       0x10 /home/qrsnap/.config/Code/User/globalStorage/bmd.stm32-for-vscode/@xpack-dev-tools/arm-none-eabi-gcc/12.3.1-1.2.1/.content/bin/../lib/gcc/arm-none-eabi/12.3.1/../../../../arm-none-eabi/lib/thumb/v7e-m+fp/hard/libc_nano.a(libc_a-signal.o)
                0x0800b8b4                raise
 .text._kill_r  0x0800b8c4       0x24 /home/qrsnap/.config/Code/User/globalStorage/bmd.stm32-for-vscode/@xpack-dev-tools/arm-none-eabi-gcc/12.3.1-1.2.1/.content/bin/../lib/gcc/arm-none-eabi/12.3.1/../../../../arm-none-eabi/lib/thumb/v7e-m+fp/hard/libc_nano.a(libc_a-signalr.o)
                0x0800b8c4                _kill_r
 .text._getpid_r
                0x0800b8e8        0x4 /home/qrsnap/.config/Code/User/globalStorage/bmd.stm32-for-vscode/@xpack-dev-tools/arm-none-eabi-gcc/12.3.1-1.2.1/.content/bin/../lib/gcc/arm-none-eabi/12.3.1/../../../../arm-none-eabi/lib/thumb/v7e-m+fp/hard/libc_nano.a(libc_a-signalr.o)
                0x0800b8e8                _getpid_r
 .text.__sfputc_r
                0x0800b8ec       0x2e /home/qrsnap/.config/Code/User/globalStorage/bmd.stm32-for-vscode/@xpack-dev-tools/arm-none-eabi-gcc/12.3.1-1.2.1/.content/bin/../lib/gcc/arm-none-eabi/12.3.1/../../../../arm-none-eabi/lib/thumb/v7e-m+fp/hard/libc_nano.a(libc_a-nano-vfprintf.o)
 .text.__sfputs_r
                0x0800b91a       0x24 /home/qrsnap/.config/Code/User/globalStorage/bmd.stm32-for-vscode/@xpack-dev-tools/arm-none-eabi-gcc/12.3.1-1.2.1/.content/bin/../lib/gcc/arm-none-eabi/12.3.1/../../../../arm-none-eabi/lib/thumb/v7e-m+fp/hard/libc_nano.a(libc_a-nano-vfprintf.o)
                0x0800b91a                __sfputs_r
 *fill*         0x0800b93e        0x2 
 .text._vfprintf_r
                0x0800b940      0x230 /home/qrsnap/.config/Code/User/globalStorage/bmd.stm32-for-vscode/@xpack-dev-tools/arm-none-eabi-gcc/12.3.1-1.2.1/.content/bin/../lib/gcc/arm-none-eabi/12.3.1/../../../../arm-none-eabi/lib/thumb/v7e-m+fp/hard/libc_nano.a(libc_a-nano-vfprintf.o)
                0x0800b940                _vfiprintf_r
                0x0800b940                _vfprintf_r
 .text.__swhatbuf_r
                0x0800bb70       0x4c /home/qrsnap/.config/Code/User/globalStorage/bmd.stm32-for-vscode/@xpack-dev-tools/arm-none-eabi-gcc/12.3.1-1.2.1/.content/bin/../lib/gcc/arm-none-eabi/12.3.1/../../../../arm-none-eabi/lib/thumb/v7e-m+fp/hard/libc_nano.a(libc_a-makebuf.o)
                0x0800bb70                __swhatbuf_r
 .text.__smakebuf_r
                0x0800bbbc       0x78 /home/qrsnap/.config/Code/User/globalStorage/bmd.stm32-for-vscode/@xpack-dev-tools/arm-none-eabi-gcc/12.3.1-1.2.1/.content/bin/../lib/gcc/arm-none-eabi/12.3.1/../../../../arm-none-eabi/lib/thumb/v7e-m+fp/hard/libc_nano.a(libc_a-makebuf.o)
                0x0800bbbc                __smakebuf_r
 .text.__swbuf_r
                0x0800bc34       0x7c /home/qrsnap/.config/Code/User/globalStorage/bmd.stm32-for-vscode/@xpack-dev-tools/arm-none-eabi-gcc/12.3.1-1.2.1/.content/bin/../lib/gcc/arm-none-eabi/12.3.1/../../../../arm-none-eabi/lib/thumb/v7e-m+fp/hard/libc_nano.a(libc_a-wbuf.o)
                0x0800bc34                __swbuf_r
 .text.__swsetup_r
                0x0800bcb0       0xac /home/qrsnap/.config/Code/User/globalStorage/bmd.stm32-for-vscode/@xpack-dev-tools/arm-none-eabi-gcc/12.3.1-1.2.1/.content/bin/../lib/gcc/arm-none-eabi/12.3.1/../../../../arm-none-eabi/lib/thumb/v7e-m+fp/hard/libc_nano.a(libc_a-wsetup.o)
                0x0800bcb0                __swsetup_r
 .text._fstat_r
                0x0800bd5c       0x24 /home/qrsnap/.config/Code/User/globalStorage/bmd.stm32-for-vscode/@xpack-dev-tools/arm-none-eabi-gcc/12.3.1-1.2.1/.content/bin/../lib/gcc/arm-none-eabi/12.3.1/../../../../arm-none-eabi/lib/thumb/v7e-m+fp/hard/libc_nano.a(libc_a-fstatr.o)
                0x0800bd5c                _fstat_r
 .text._isatty_r
                0x0800bd80       0x20 /home/qrsnap/.config/Code/User/globalStorage/bmd.stm32-for-vscode/@xpack-dev-tools/arm-none-eabi-gcc/12.3.1-1.2.1/.content/bin/../lib/gcc/arm-none-eabi/12.3.1/../../../../arm-none-eabi/lib/thumb/v7e-m+fp/hard/libc_nano.a(libc_a-isattyr.o)
                0x0800bd80                _isatty_r
 .text.pow      0x0800bda0       0xf0 /home/qrsnap/.config/Code/User/globalStorage/bmd.stm32-for-vscode/@xpack-dev-tools/arm-none-eabi-gcc/12.3.1-1.2.1/.content/bin/../lib/gcc/arm-none-eabi/12.3.1/../../../../arm-none-eabi/lib/thumb/v7e-m+fp/hard/libm.a(libm_a-w_pow.o)
                0x0800bda0                pow
 .text.cosf     0x0800be90       0x70 /home/qrsnap/.config/Code/User/globalStorage/bmd.stm32-for-vscode/@xpack-dev-tools/arm-none-eabi-gcc/12.3.1-1.2.1/.content/bin/../lib/gcc/arm-none-eabi/12.3.1/../../../../arm-none-eabi/lib/thumb/v7e-m+fp/hard/libm.a(libm_a-sf_cos.o)
                0x0800be90                cosf
 .text.finite   0x0800bf00       0x18 /home/qrsnap/.config/Code/User/globalStorage/bmd.stm32-for-vscode/@xpack-dev-tools/arm-none-eabi-gcc/12.3.1-1.2.1/.content/bin/../lib/gcc/arm-none-eabi/12.3.1/../../../../arm-none-eabi/lib/thumb/v7e-m+fp/hard/libm.a(libm_a-s_finite.o)
                0x0800bf00                finite
 .text.floor    0x0800bf18      0x108 /home/qrsnap/.config/Code/User/globalStorage/bmd.stm32-for-vscode/@xpack-dev-tools/arm-none-eabi-gcc/12.3.1-1.2.1/.content/bin/../lib/gcc/arm-none-eabi/12.3.1/../../../../arm-none-eabi/lib/thumb/v7e-m+fp/hard/libm.a(libm_a-s_floor.o)
                0x0800bf18                floor
 .text.__ieee754_pow
                0x0800c020      0xbec /home/qrsnap/.config/Code/User/globalStorage/bmd.stm32-for-vscode/@xpack-dev-tools/arm-none-eabi-gcc/12.3.1-1.2.1/.content/bin/../lib/gcc/arm-none-eabi/12.3.1/../../../../arm-none-eabi/lib/thumb/v7e-m+fp/hard/libm.a(libm_a-e_pow.o)
                0x0800c020                __ieee754_pow