Archive member included to satisfy reference by file (symbol)

/opt/gcc-arm-none-eabi-10.3-2021.10/bin/../lib/gcc/arm-none-eabi/10.3.1/../../../../arm-none-eabi/lib/thumb/v7e-m+fp/hard/libc_nano.a(lib_a-atoi.o)
                              build/nyan_os.o (atoi)
/opt/gcc-arm-none-eabi-10.3-2021.10/bin/../lib/gcc/arm-none-eabi/10.3.1/../../../../arm-none-eabi/lib/thumb/v7e-m+fp/hard/libc_nano.a(lib_a-exit.o)
                              /opt/gcc-arm-none-eabi-10.3-2021.10/bin/../lib/gcc/arm-none-eabi/10.3.1/../../../../arm-none-eabi/lib/thumb/v7e-m+fp/hard/crt0.o (exit)
/opt/gcc-arm-none-eabi-10.3-2021.10/bin/../lib/gcc/arm-none-eabi/10.3.1/../../../../arm-none-eabi/lib/thumb/v7e-m+fp/hard/libc_nano.a(lib_a-fgetc.o)
                              build/iceuncompr.o (fgetc)
/opt/gcc-arm-none-eabi-10.3-2021.10/bin/../lib/gcc/arm-none-eabi/10.3.1/../../../../arm-none-eabi/lib/thumb/v7e-m+fp/hard/libc_nano.a(lib_a-findfp.o)
                              /opt/gcc-arm-none-eabi-10.3-2021.10/bin/../lib/gcc/arm-none-eabi/10.3.1/../../../../arm-none-eabi/lib/thumb/v7e-m+fp/hard/libc_nano.a(lib_a-fgetc.o) (__sinit)
/opt/gcc-arm-none-eabi-10.3-2021.10/bin/../lib/gcc/arm-none-eabi/10.3.1/../../../../arm-none-eabi/lib/thumb/v7e-m+fp/hard/libc_nano.a(lib_a-fmemopen.o)
                              build/iceuncompr.o (fmemopen)
/opt/gcc-arm-none-eabi-10.3-2021.10/bin/../lib/gcc/arm-none-eabi/10.3.1/../../../../arm-none-eabi/lib/thumb/v7e-m+fp/hard/libc_nano.a(lib_a-fwalk.o)
                              /opt/gcc-arm-none-eabi-10.3-2021.10/bin/../lib/gcc/arm-none-eabi/10.3.1/../../../../arm-none-eabi/lib/thumb/v7e-m+fp/hard/libc_nano.a(lib_a-findfp.o) (_fwalk)
/opt/gcc-arm-none-eabi-10.3-2021.10/bin/../lib/gcc/arm-none-eabi/10.3.1/../../../../arm-none-eabi/lib/thumb/v7e-m+fp/hard/libc_nano.a(lib_a-impure.o)
                              /opt/gcc-arm-none-eabi-10.3-2021.10/bin/../lib/gcc/arm-none-eabi/10.3.1/../../../../arm-none-eabi/lib/thumb/v7e-m+fp/hard/libc_nano.a(lib_a-exit.o) (_global_impure_ptr)
/opt/gcc-arm-none-eabi-10.3-2021.10/bin/../lib/gcc/arm-none-eabi/10.3.1/../../../../arm-none-eabi/lib/thumb/v7e-m+fp/hard/libc_nano.a(lib_a-init.o)
                              /opt/gcc-arm-none-eabi-10.3-2021.10/bin/../lib/gcc/arm-none-eabi/10.3.1/../../../../arm-none-eabi/lib/thumb/v7e-m+fp/hard/crt0.o (__libc_init_array)
/opt/gcc-arm-none-eabi-10.3-2021.10/bin/../lib/gcc/arm-none-eabi/10.3.1/../../../../arm-none-eabi/lib/thumb/v7e-m+fp/hard/libc_nano.a(lib_a-lock.o)
                              /opt/gcc-arm-none-eabi-10.3-2021.10/bin/../lib/gcc/arm-none-eabi/10.3.1/../../../../arm-none-eabi/lib/thumb/v7e-m+fp/hard/libc_nano.a(lib_a-findfp.o) (__retarget_lock_init_recursive)
/opt/gcc-arm-none-eabi-10.3-2021.10/bin/../lib/gcc/arm-none-eabi/10.3.1/../../../../arm-none-eabi/lib/thumb/v7e-m+fp/hard/libc_nano.a(lib_a-malloc.o)
                              build/nyan_os.o (malloc)
/opt/gcc-arm-none-eabi-10.3-2021.10/bin/../lib/gcc/arm-none-eabi/10.3.1/../../../../arm-none-eabi/lib/thumb/v7e-m+fp/hard/libc_nano.a(lib_a-memchr.o)
                              /opt/gcc-arm-none-eabi-10.3-2021.10/bin/../lib/gcc/arm-none-eabi/10.3.1/../../../../arm-none-eabi/lib/thumb/v7e-m+fp/hard/libc_nano.a(lib_a-fmemopen.o) (memchr)
/opt/gcc-arm-none-eabi-10.3-2021.10/bin/../lib/gcc/arm-none-eabi/10.3.1/../../../../arm-none-eabi/lib/thumb/v7e-m+fp/hard/libc_nano.a(lib_a-memcmp.o)
                              build/nyan_os.o (memcmp)
/opt/gcc-arm-none-eabi-10.3-2021.10/bin/../lib/gcc/arm-none-eabi/10.3.1/../../../../arm-none-eabi/lib/thumb/v7e-m+fp/hard/libc_nano.a(lib_a-memcpy-stub.o)
                              build/nyan_os.o (memcpy)
/opt/gcc-arm-none-eabi-10.3-2021.10/bin/../lib/gcc/arm-none-eabi/10.3.1/../../../../arm-none-eabi/lib/thumb/v7e-m+fp/hard/libc_nano.a(lib_a-memset.o)
                              /opt/gcc-arm-none-eabi-10.3-2021.10/bin/../lib/gcc/arm-none-eabi/10.3.1/../../../../arm-none-eabi/lib/thumb/v7e-m+fp/hard/crt0.o (memset)
/opt/gcc-arm-none-eabi-10.3-2021.10/bin/../lib/gcc/arm-none-eabi/10.3.1/../../../../arm-none-eabi/lib/thumb/v7e-m+fp/hard/libc_nano.a(lib_a-nano-freer.o)
                              /opt/gcc-arm-none-eabi-10.3-2021.10/bin/../lib/gcc/arm-none-eabi/10.3.1/../../../../arm-none-eabi/lib/thumb/v7e-m+fp/hard/libc_nano.a(lib_a-fmemopen.o) (_free_r)
/opt/gcc-arm-none-eabi-10.3-2021.10/bin/../lib/gcc/arm-none-eabi/10.3.1/../../../../arm-none-eabi/lib/thumb/v7e-m+fp/hard/libc_nano.a(lib_a-nano-mallocr.o)
                              /opt/gcc-arm-none-eabi-10.3-2021.10/bin/../lib/gcc/arm-none-eabi/10.3.1/../../../../arm-none-eabi/lib/thumb/v7e-m+fp/hard/libc_nano.a(lib_a-findfp.o) (_malloc_r)
/opt/gcc-arm-none-eabi-10.3-2021.10/bin/../lib/gcc/arm-none-eabi/10.3.1/../../../../arm-none-eabi/lib/thumb/v7e-m+fp/hard/libc_nano.a(lib_a-realloc.o)
                              build/nyan_os.o (realloc)
[...]
Memory Configuration

Name             Origin             Length             Attributes
RAM              0x0000000020000000 0x0000000000040000 xrw
FLASH            0x0000000008000000 0x0000000000080000 xr
*default*        0x0000000000000000 0xffffffffffffffff

Linker script and memory map

LOAD /opt/gcc-arm-none-eabi-10.3-2021.10/bin/../lib/gcc/arm-none-eabi/10.3.1/thumb/v7e-m+fp/hard/crti.o
LOAD /opt/gcc-arm-none-eabi-10.3-2021.10/bin/../lib/gcc/arm-none-eabi/10.3.1/thumb/v7e-m+fp/hard/crtbegin.o
LOAD /opt/gcc-arm-none-eabi-10.3-2021.10/bin/../lib/gcc/arm-none-eabi/10.3.1/../../../../arm-none-eabi/lib/thumb/v7e-m+fp/hard/crt0.o
LOAD build/main.o
LOAD build/gpio.o
LOAD build/i2c.o
LOAD build/rng.o
LOAD build/spi.o
LOAD build/stm32f7xx_it.o
LOAD build/stm32f7xx_hal_msp.o
LOAD build/stm32f7xx_hal_rcc.o
LOAD build/stm32f7xx_hal_rcc_ex.o
LOAD build/stm32f7xx_hal_flash.o
LOAD build/stm32f7xx_hal_flash_ex.o
LOAD build/stm32f7xx_hal_gpio.o
LOAD build/stm32f7xx_hal_dma.o
LOAD build/stm32f7xx_hal_dma_ex.o
LOAD build/stm32f7xx_hal_pwr.o
LOAD build/stm32f7xx_hal_pwr_ex.o
LOAD build/stm32f7xx_hal_cortex.o
LOAD build/stm32f7xx_hal.o
LOAD build/stm32f7xx_hal_i2c.o
LOAD build/stm32f7xx_hal_i2c_ex.o
LOAD build/stm32f7xx_hal_exti.o
LOAD build/stm32f7xx_hal_rng.o
LOAD build/stm32f7xx_hal_spi.o
LOAD build/stm32f7xx_hal_spi_ex.o
LOAD build/stm32f7xx_hal_tim.o
LOAD build/stm32f7xx_hal_tim_ex.o
LOAD build/system_stm32f7xx.o
LOAD build/stm32f7xx_hal_pcd.o
LOAD build/stm32f7xx_hal_pcd_ex.o
LOAD build/stm32f7xx_ll_usb.o
LOAD build/nyan_leds.o
LOAD build/nyan_os.o
LOAD build/nyan_sha256.o
LOAD build/iceuncompr.o
LOAD build/lattice_ice_hx.o
LOAD build/24xx_eeprom.o
LOAD build/tim.o
LOAD build/usb_otg.o
LOAD build/usbd_composite.o
LOAD build/usbd_hid_keyboard.o
LOAD build/usbd_core.o
LOAD build/usbd_ctlreq.o
LOAD build/usbd_ioreq.o
LOAD build/usb_device.o
LOAD build/usbd_desc.o
LOAD build/usbd_conf.o
LOAD build/usbd_cdc_acm.o
LOAD build/usbd_cdc_acm_if.o
LOAD build/dma.o
LOAD build/startup_stm32f723xx.o
LOAD /opt/gcc-arm-none-eabi-10.3-2021.10/bin/../lib/gcc/arm-none-eabi/10.3.1/../../../../arm-none-eabi/lib/thumb/v7e-m+fp/hard/libc_nano.a
LOAD /opt/gcc-arm-none-eabi-10.3-2021.10/bin/../lib/gcc/arm-none-eabi/10.3.1/../../../../arm-none-eabi/lib/thumb/v7e-m+fp/hard/libm.a
LOAD /opt/gcc-arm-none-eabi-10.3-2021.10/bin/../lib/gcc/arm-none-eabi/10.3.1/../../../../arm-none-eabi/lib/thumb/v7e-m+fp/hard/libnosys.a
START GROUP
LOAD /opt/gcc-arm-none-eabi-10.3-2021.10/bin/../lib/gcc/arm-none-eabi/10.3.1/thumb/v7e-m+fp/hard/libgcc.a
LOAD /opt/gcc-arm-none-eabi-10.3-2021.10/bin/../lib/gcc/arm-none-eabi/10.3.1/../../../../arm-none-eabi/lib/thumb/v7e-m+fp/hard/libc_nano.a
END GROUP
START GROUP
LOAD /opt/gcc-arm-none-eabi-10.3-2021.10/bin/../lib/gcc/arm-none-eabi/10.3.1/thumb/v7e-m+fp/hard/libgcc.a
LOAD /opt/gcc-arm-none-eabi-10.3-2021.10/bin/../lib/gcc/arm-none-eabi/10.3.1/../../../../arm-none-eabi/lib/thumb/v7e-m+fp/hard/libc_nano.a
END GROUP
LOAD /opt/gcc-arm-none-eabi-10.3-2021.10/bin/../lib/gcc/arm-none-eabi/10.3.1/thumb/v7e-m+fp/hard/crtend.o
LOAD /opt/gcc-arm-none-eabi-10.3-2021.10/bin/../lib/gcc/arm-none-eabi/10.3.1/thumb/v7e-m+fp/hard/crtn.o
                0x0000000020040000                _estack = (ORIGIN (RAM) + LENGTH (RAM))
                0x0000000000000800                _Min_Heap_Size = 0x800
                0x0000000000000800                _Min_Stack_Size = 0x800

.isr_vector     0x0000000008000000      0x1e0
                0x0000000008000000                . = ALIGN (0x4)
 *(.isr_vector)
 .isr_vector    0x0000000008000000      0x1e0 build/startup_stm32f723xx.o
                0x0000000008000000                g_pfnVectors
                0x00000000080001e0                . = ALIGN (0x4)

.text           0x00000000080001e0     0xd374
                0x00000000080001e0                . = ALIGN (0x4)
 *(.text)
 .text          0x00000000080001e0       0x40 /opt/gcc-arm-none-eabi-10.3-2021.10/bin/../lib/gcc/arm-none-eabi/10.3.1/thumb/v7e-m+fp/hard/crtbegin.o
 .text          0x0000000008000220       0xa0 /opt/gcc-arm-none-eabi-10.3-2021.10/bin/../lib/gcc/arm-none-eabi/10.3.1/../../../../arm-none-eabi/lib/thumb/v7e-m+fp/hard/libc_nano.a(lib_a-memchr.o)
                0x0000000008000220                memchr
 .text          0x00000000080002c0       0x10 /opt/gcc-arm-none-eabi-10.3-2021.10/bin/../lib/gcc/arm-none-eabi/10.3.1/../../../../arm-none-eabi/lib/thumb/v7e-m+fp/hard/libc_nano.a(lib_a-strlen.o)
                0x00000000080002c0                strlen
 .text          0x00000000080002d0      0x378 /opt/gcc-arm-none-eabi-10.3-2021.10/bin/../lib/gcc/arm-none-eabi/10.3.1/thumb/v7e-m+fp/hard/libgcc.a(_arm_addsubdf3.o)
                0x00000000080002d0                __aeabi_drsub
                0x00000000080002d8                __aeabi_dsub
                0x00000000080002d8                __subdf3
                0x00000000080002dc                __adddf3
                0x00000000080002dc                __aeabi_dadd
                0x0000000008000554                __aeabi_ui2d
                0x0000000008000554                __floatunsidf
                0x0000000008000574                __floatsidf
                0x0000000008000574                __aeabi_i2d
                0x0000000008000598                __extendsfdf2
                0x0000000008000598                __aeabi_f2d
                0x00000000080005dc                __aeabi_ul2d
                0x00000000080005dc                __floatundidf
                0x00000000080005ec                __floatdidf
                0x00000000080005ec                __aeabi_l2d
 .text          0x0000000008000648      0x424 /opt/gcc-arm-none-eabi-10.3-2021.10/bin/../lib/gcc/arm-none-eabi/10.3.1/thumb/v7e-m+fp/hard/libgcc.a(_arm_muldivdf3.o)
                0x0000000008000648                __aeabi_dmul
                0x0000000008000648                __muldf3
                0x000000000800089c                __aeabi_ddiv
                0x000000000800089c                __divdf3
 .text          0x0000000008000a6c      0x110 /opt/gcc-arm-none-eabi-10.3-2021.10/bin/../lib/gcc/arm-none-eabi/10.3.1/thumb/v7e-m+fp/hard/libgcc.a(_arm_cmpdf2.o)
                0x0000000008000a6c                __gtdf2
                0x0000000008000a6c                __gedf2
                0x0000000008000a74                __ltdf2
                0x0000000008000a74                __ledf2
                0x0000000008000a7c                __cmpdf2
                0x0000000008000a7c                __eqdf2
                0x0000000008000a7c                __nedf2
                0x0000000008000af8                __aeabi_cdrcmple
                0x0000000008000b08                __aeabi_cdcmple
                0x0000000008000b08                __aeabi_cdcmpeq
                0x0000000008000b18                __aeabi_dcmpeq
                0x0000000008000b2c                __aeabi_dcmplt
                0x0000000008000b40                __aeabi_dcmple
                0x0000000008000b54                __aeabi_dcmpge
                0x0000000008000b68                __aeabi_dcmpgt
 .text          0x0000000008000b7c       0x2c /opt/gcc-arm-none-eabi-10.3-2021.10/bin/../lib/gcc/arm-none-eabi/10.3.1/thumb/v7e-m+fp/hard/libgcc.a(_arm_unorddf2.o)
                0x0000000008000b7c                __aeabi_dcmpun
                0x0000000008000b7c                __unorddf2
 .text          0x0000000008000ba8       0x40 /opt/gcc-arm-none-eabi-10.3-2021.10/bin/../lib/gcc/arm-none-eabi/10.3.1/thumb/v7e-m+fp/hard/libgcc.a(_arm_fixunsdfsi.o)
                0x0000000008000ba8                __fixunsdfsi
                0x0000000008000ba8                __aeabi_d2uiz
 .text          0x0000000008000be8       0xa0 /opt/gcc-arm-none-eabi-10.3-2021.10/bin/../lib/gcc/arm-none-eabi/10.3.1/thumb/v7e-m+fp/hard/libgcc.a(_arm_truncdfsf2.o)
                0x0000000008000be8                __aeabi_d2f
                0x0000000008000be8                __truncdfsf2
 .text          0x0000000008000c88       0x30 /opt/gcc-arm-none-eabi-10.3-2021.10/bin/../lib/gcc/arm-none-eabi/10.3.1/thumb/v7e-m+fp/hard/libgcc.a(_aeabi_uldivmod.o)
                0x0000000008000c88                __aeabi_uldivmod
 .text          0x0000000008000cb8      0x2d0 /opt/gcc-arm-none-eabi-10.3-2021.10/bin/../lib/gcc/arm-none-eabi/10.3.1/thumb/v7e-m+fp/hard/libgcc.a(_udivmoddi4.o)
                0x0000000008000cb8                __udivmoddi4
 .text          0x0000000008000f88        0x4 /opt/gcc-arm-none-eabi-10.3-2021.10/bin/../lib/gcc/arm-none-eabi/10.3.1/thumb/v7e-m+fp/hard/libgcc.a(_dvmd_tls.o)
                0x0000000008000f88                __aeabi_ldiv0
                0x0000000008000f88                __aeabi_idiv0
 *(.text*)
 .text.HAL_I2C_MemTxCpltCallback
                0x0000000008000f8c        0xc build/main.o
                0x0000000008000f8c                HAL_I2C_MemTxCpltCallback
 .text.HAL_I2C_MemRxCpltCallback
                0x0000000008000f98        0xc build/main.o
                0x0000000008000f98                HAL_I2C_MemRxCpltCallback
 .text.HAL_TIM_PeriodElapsedCallback
                0x0000000008000fa4       0xa0 build/main.o
                0x0000000008000fa4                HAL_TIM_PeriodElapsedCallback
 .text.HAL_TIM_OC_DelayElapsedCallback
                0x0000000008001044       0xa0 build/main.o
                0x0000000008001044                HAL_TIM_OC_DelayElapsedCallback
 .text.Error_Handler
                0x00000000080010e4       0x40 build/main.o
                0x00000000080010e4                Error_Handler
 .text.SystemClock_Config
                0x0000000008001124       0xb0 build/main.o
                0x0000000008001124                SystemClock_Config
 .text.main     0x00000000080011d4      0x128 build/main.o
                0x00000000080011d4                main
 .text.HAL_I2C_ErrorCallback
                0x00000000080012fc       0x1c build/main.o
                0x00000000080012fc                HAL_I2C_ErrorCallback
 .text.MX_GPIO_Init
                0x0000000008001318      0x108 build/gpio.o
                0x0000000008001318                MX_GPIO_Init
 .text.MX_I2C1_Init
                0x0000000008001420       0x58 build/i2c.o
                0x0000000008001420                MX_I2C1_Init
 .text.HAL_I2C_MspInit
                0x0000000008001478      0x130 build/i2c.o
                0x0000000008001478                HAL_I2C_MspInit
 .text.MX_RNG_Init
                0x00000000080015a8       0x20 build/rng.o
                0x00000000080015a8                MX_RNG_Init
 .text.HAL_RNG_MspInit
                0x00000000080015c8       0x50 build/rng.o
                0x00000000080015c8                HAL_RNG_MspInit
 .text.MX_SPI1_Init
                0x0000000008001618       0x4c build/spi.o
                0x0000000008001618                MX_SPI1_Init
 .text.MX_SPI2_Init
                0x0000000008001664       0x4c build/spi.o
                0x0000000008001664                MX_SPI2_Init
 .text.MX_SPI4_Init
                0x00000000080016b0       0x4c build/spi.o
                0x00000000080016b0                MX_SPI4_Init
 .text.HAL_SPI_MspInit
                0x00000000080016fc      0x134 build/spi.o
                0x00000000080016fc                HAL_SPI_MspInit
 .text.NMI_Handler
                0x0000000008001830        0x2 build/stm32f7xx_it.o
                0x0000000008001830                NMI_Handler
 *fill*         0x0000000008001832        0x2 
 .text.HardFault_Handler
                0x0000000008001834       0x3c build/stm32f7xx_it.o
                0x0000000008001834                HardFault_Handler
 .text.MemManage_Handler
                0x0000000008001870        0x2 build/stm32f7xx_it.o
                0x0000000008001870                MemManage_Handler
 .text.BusFault_Handler
                0x0000000008001872        0x2 build/stm32f7xx_it.o
                0x0000000008001872                BusFault_Handler
 .text.UsageFault_Handler
                0x0000000008001874        0x2 build/stm32f7xx_it.o
                0x0000000008001874                UsageFault_Handler
 .text.SVC_Handler
                0x0000000008001876        0x2 build/stm32f7xx_it.o
                0x0000000008001876                SVC_Handler
 .text.DebugMon_Handler
                0x0000000008001878        0x2 build/stm32f7xx_it.o
                0x0000000008001878                DebugMon_Handler
 .text.PendSV_Handler
                0x000000000800187a        0x2 build/stm32f7xx_it.o
                0x000000000800187a                PendSV_Handler
 .text.SysTick_Handler
                0x000000000800187c        0x8 build/stm32f7xx_it.o
                0x000000000800187c                SysTick_Handler
 .text.DMA1_Stream0_IRQHandler
                0x0000000008001884       0x10 build/stm32f7xx_it.o
                0x0000000008001884                DMA1_Stream0_IRQHandler
 .text.DMA1_Stream6_IRQHandler
                0x0000000008001894       0x10 build/stm32f7xx_it.o
                0x0000000008001894                DMA1_Stream6_IRQHandler
 .text.TIM1_UP_TIM10_IRQHandler
                0x00000000080018a4       0x10 build/stm32f7xx_it.o
                0x00000000080018a4                TIM1_UP_TIM10_IRQHandler
 .text.TIM1_CC_IRQHandler
                0x00000000080018b4       0x10 build/stm32f7xx_it.o
                0x00000000080018b4                TIM1_CC_IRQHandler
 .text.I2C1_EV_IRQHandler
                0x00000000080018c4       0x10 build/stm32f7xx_it.o
                0x00000000080018c4                I2C1_EV_IRQHandler
 .text.I2C1_ER_IRQHandler
                0x00000000080018d4       0x10 build/stm32f7xx_it.o
                0x00000000080018d4                I2C1_ER_IRQHandler
 .text.TIM8_CC_IRQHandler
                0x00000000080018e4       0x10 build/stm32f7xx_it.o
                0x00000000080018e4                TIM8_CC_IRQHandler
 .text.TIM6_DAC_IRQHandler
                0x00000000080018f4       0x10 build/stm32f7xx_it.o
                0x00000000080018f4                TIM6_DAC_IRQHandler
 .text.TIM7_IRQHandler
                0x0000000008001904       0x10 build/stm32f7xx_it.o
                0x0000000008001904                TIM7_IRQHandler
 .text.OTG_HS_IRQHandler
                0x0000000008001914       0x10 build/stm32f7xx_it.o
                0x0000000008001914                OTG_HS_IRQHandler
 .text.HAL_MspInit
                0x0000000008001924       0x30 build/stm32f7xx_hal_msp.o
                0x0000000008001924                HAL_MspInit
 .text.HAL_RCC_OscConfig
                0x0000000008001954      0x434 build/stm32f7xx_hal_rcc.o
                0x0000000008001954                HAL_RCC_OscConfig
 .text.HAL_RCC_GetSysClockFreq
                0x0000000008001d88       0xa4 build/stm32f7xx_hal_rcc.o
                0x0000000008001d88                HAL_RCC_GetSysClockFreq
 .text.HAL_RCC_ClockConfig
                0x0000000008001e2c      0x16c build/stm32f7xx_hal_rcc.o
                0x0000000008001e2c                HAL_RCC_ClockConfig
 .text.HAL_RCC_GetHCLKFreq
                0x0000000008001f98        0xc build/stm32f7xx_hal_rcc.o
                0x0000000008001f98                HAL_RCC_GetHCLKFreq
 .text.HAL_RCCEx_PeriphCLKConfig
                0x0000000008001fa4      0x4e4 build/stm32f7xx_hal_rcc_ex.o
                0x0000000008001fa4                HAL_RCCEx_PeriphCLKConfig
 .text.HAL_GPIO_Init
                0x0000000008002488      0x1e0 build/stm32f7xx_hal_gpio.o
                0x0000000008002488                HAL_GPIO_Init
 .text.HAL_GPIO_ReadPin
                0x0000000008002668        0xe build/stm32f7xx_hal_gpio.o
                0x0000000008002668                HAL_GPIO_ReadPin
 .text.HAL_GPIO_WritePin
                0x0000000008002676        0xc build/stm32f7xx_hal_gpio.o
                0x0000000008002676                HAL_GPIO_WritePin
 .text.DMA_SetConfig
                0x0000000008002682       0x2c build/stm32f7xx_hal_dma.o
 *fill*         0x00000000080026ae        0x2 
 .text.DMA_CalcBaseAndBitshift
                0x00000000080026b0       0x40 build/stm32f7xx_hal_dma.o
 .text.DMA_CheckFifoParam
                0x00000000080026f0       0x8e build/stm32f7xx_hal_dma.o
 *fill*         0x000000000800277e        0x2 
 .text.HAL_DMA_Init
                0x0000000008002780       0xcc build/stm32f7xx_hal_dma.o
                0x0000000008002780                HAL_DMA_Init
 .text.HAL_DMA_Start_IT
                0x000000000800284c       0x74 build/stm32f7xx_hal_dma.o
                0x000000000800284c                HAL_DMA_Start_IT
 .text.HAL_DMA_Abort_IT
                0x00000000080028c0       0x26 build/stm32f7xx_hal_dma.o
                0x00000000080028c0                HAL_DMA_Abort_IT
 *fill*         0x00000000080028e6        0x2 
 .text.HAL_DMA_IRQHandler
                0x00000000080028e8      0x1dc build/stm32f7xx_hal_dma.o
                0x00000000080028e8                HAL_DMA_IRQHandler
 .text.HAL_DMA_GetState
                0x0000000008002ac4        0x6 build/stm32f7xx_hal_dma.o
                0x0000000008002ac4                HAL_DMA_GetState
 .text.HAL_DMA_GetError
                0x0000000008002aca        0x4 build/stm32f7xx_hal_dma.o
                0x0000000008002aca                HAL_DMA_GetError
 *fill*         0x0000000008002ace        0x2 
 .text.HAL_PWREx_EnableOverDrive
                0x0000000008002ad0       0x7c build/stm32f7xx_hal_pwr_ex.o
                0x0000000008002ad0                HAL_PWREx_EnableOverDrive
 .text.HAL_NVIC_SetPriorityGrouping
                0x0000000008002b4c       0x24 build/stm32f7xx_hal_cortex.o
                0x0000000008002b4c                HAL_NVIC_SetPriorityGrouping
 .text.HAL_NVIC_SetPriority
                0x0000000008002b70       0x6c build/stm32f7xx_hal_cortex.o
                0x0000000008002b70                HAL_NVIC_SetPriority
 .text.HAL_NVIC_EnableIRQ
                0x0000000008002bdc       0x1c build/stm32f7xx_hal_cortex.o
                0x0000000008002bdc                HAL_NVIC_EnableIRQ
 .text.HAL_SYSTICK_Config
                0x0000000008002bf8       0x28 build/stm32f7xx_hal_cortex.o
                0x0000000008002bf8                HAL_SYSTICK_Config
 .text.HAL_InitTick
                0x0000000008002c20       0x4c build/stm32f7xx_hal.o
                0x0000000008002c20                HAL_InitTick
 .text.HAL_Init
                0x0000000008002c6c       0x24 build/stm32f7xx_hal.o
                0x0000000008002c6c                HAL_Init
 .text.HAL_IncTick
                0x0000000008002c90       0x18 build/stm32f7xx_hal.o
                0x0000000008002c90                HAL_IncTick
 .text.HAL_GetTick
                0x0000000008002ca8        0xc build/stm32f7xx_hal.o
                0x0000000008002ca8                HAL_GetTick
 .text.HAL_Delay
                0x0000000008002cb4       0x28 build/stm32f7xx_hal.o
                0x0000000008002cb4                HAL_Delay
 .text.I2C_Flush_TXDR
                0x0000000008002cdc       0x22 build/stm32f7xx_hal_i2c.o
 .text.I2C_TransferConfig
                0x0000000008002cfe       0x3c build/stm32f7xx_hal_i2c.o
 *fill*         0x0000000008002d3a        0x2 
 .text.I2C_Enable_IRQ
                0x0000000008002d3c       0x80 build/stm32f7xx_hal_i2c.o
 .text.I2C_Disable_IRQ
                0x0000000008002dbc       0x70 build/stm32f7xx_hal_i2c.o
 .text.HAL_I2C_Init
                0x0000000008002e2c       0xbc build/stm32f7xx_hal_i2c.o
                0x0000000008002e2c                HAL_I2C_Init
 .text.HAL_I2C_Mem_Write_DMA
                0x0000000008002ee8      0x134 build/stm32f7xx_hal_i2c.o
                0x0000000008002ee8                HAL_I2C_Mem_Write_DMA
 .text.HAL_I2C_Mem_Read_DMA
                0x000000000800301c      0x134 build/stm32f7xx_hal_i2c.o
                0x000000000800301c                HAL_I2C_Mem_Read_DMA
 .text.HAL_I2C_EV_IRQHandler
                0x0000000008003150       0x10 build/stm32f7xx_hal_i2c.o
                0x0000000008003150                HAL_I2C_EV_IRQHandler
 .text.HAL_I2C_MasterTxCpltCallback
                0x0000000008003160        0x2 build/stm32f7xx_hal_i2c.o
                0x0000000008003160                HAL_I2C_MasterTxCpltCallback
 .text.HAL_I2C_MasterRxCpltCallback
                0x0000000008003162        0x2 build/stm32f7xx_hal_i2c.o
                0x0000000008003162                HAL_I2C_MasterRxCpltCallback
 .text.I2C_ITMasterSeqCplt
                0x0000000008003164       0x54 build/stm32f7xx_hal_i2c.o
 .text.HAL_I2C_SlaveTxCpltCallback
                0x00000000080031b8        0x2 build/stm32f7xx_hal_i2c.o
                0x00000000080031b8                HAL_I2C_SlaveTxCpltCallback
 .text.HAL_I2C_SlaveRxCpltCallback
                0x00000000080031ba        0x2 build/stm32f7xx_hal_i2c.o
                0x00000000080031ba                HAL_I2C_SlaveRxCpltCallback
 .text.I2C_ITSlaveSeqCplt
                0x00000000080031bc       0x82 build/stm32f7xx_hal_i2c.o
 .text.HAL_I2C_AddrCallback
                0x000000000800323e        0x2 build/stm32f7xx_hal_i2c.o
                0x000000000800323e                HAL_I2C_AddrCallback
 .text.I2C_ITAddrCplt
                0x0000000008003240       0xa0 build/stm32f7xx_hal_i2c.o
 .text.HAL_I2C_ListenCpltCallback
                0x00000000080032e0        0x2 build/stm32f7xx_hal_i2c.o
                0x00000000080032e0                HAL_I2C_ListenCpltCallback
 *fill*         0x00000000080032e2        0x2 
 .text.I2C_ITListenCplt
                0x00000000080032e4       0x68 build/stm32f7xx_hal_i2c.o
 .text.HAL_I2C_AbortCpltCallback
                0x000000000800334c        0x2 build/stm32f7xx_hal_i2c.o
                0x000000000800334c                HAL_I2C_AbortCpltCallback
 .text.I2C_TreatErrorCallback
                0x000000000800334e       0x2e build/stm32f7xx_hal_i2c.o
 .text.I2C_ITError
                0x000000000800337c      0x108 build/stm32f7xx_hal_i2c.o
 .text.I2C_ITSlaveCplt
                0x0000000008003484      0x168 build/stm32f7xx_hal_i2c.o
 .text.I2C_Slave_ISR_IT
                0x00000000080035ec      0x150 build/stm32f7xx_hal_i2c.o
 .text.I2C_ITMasterCplt
                0x000000000800373c      0x12e build/stm32f7xx_hal_i2c.o
 .text.I2C_Slave_ISR_DMA
                0x000000000800386a      0x126 build/stm32f7xx_hal_i2c.o
 .text.I2C_Master_ISR_DMA
                0x0000000008003990      0x142 build/stm32f7xx_hal_i2c.o
 .text.I2C_DMAError
                0x0000000008003ad2       0x44 build/stm32f7xx_hal_i2c.o
 .text.I2C_DMAMasterTransmitCplt
                0x0000000008003b16       0x5a build/stm32f7xx_hal_i2c.o
 .text.I2C_DMAMasterReceiveCplt
                0x0000000008003b70       0x5a build/stm32f7xx_hal_i2c.o
 *fill*         0x0000000008003bca        0x2 
 .text.I2C_Mem_ISR_DMA
                0x0000000008003bcc      0x194 build/stm32f7xx_hal_i2c.o
 .text.HAL_I2C_ER_IRQHandler
                0x0000000008003d60       0x6a build/stm32f7xx_hal_i2c.o
                0x0000000008003d60                HAL_I2C_ER_IRQHandler
 .text.I2C_DMAAbort
                0x0000000008003dca       0x1a build/stm32f7xx_hal_i2c.o
 .text.HAL_I2C_GetError
                0x0000000008003de4        0x4 build/stm32f7xx_hal_i2c.o
                0x0000000008003de4                HAL_I2C_GetError
 .text.HAL_I2CEx_ConfigAnalogFilter
                0x0000000008003de8       0x5c build/stm32f7xx_hal_i2c_ex.o
                0x0000000008003de8                HAL_I2CEx_ConfigAnalogFilter
 .text.HAL_I2CEx_ConfigDigitalFilter
                0x0000000008003e44       0x58 build/stm32f7xx_hal_i2c_ex.o
                0x0000000008003e44                HAL_I2CEx_ConfigDigitalFilter
 .text.HAL_RNG_Init
                0x0000000008003e9c       0x2e build/stm32f7xx_hal_rng.o
                0x0000000008003e9c                HAL_RNG_Init
 *fill*         0x0000000008003eca        0x2 
 .text.SPI_WaitFlagStateUntilTimeout
                0x0000000008003ecc       0xd4 build/stm32f7xx_hal_spi.o
 .text.SPI_WaitFifoStateUntilTimeout
                0x0000000008003fa0       0xf4 build/stm32f7xx_hal_spi.o
 .text.SPI_EndRxTxTransaction
                0x0000000008004094       0xa0 build/stm32f7xx_hal_spi.o
 .text.HAL_SPI_Init
                0x0000000008004134       0xe8 build/stm32f7xx_hal_spi.o
                0x0000000008004134                HAL_SPI_Init
 .text.HAL_SPI_Transmit
                0x000000000800421c      0x200 build/stm32f7xx_hal_spi.o
                0x000000000800421c                HAL_SPI_Transmit
 .text.TIM_OC1_SetConfig
                0x000000000800441c       0x68 build/stm32f7xx_hal_tim.o
 .text.TIM_OC3_SetConfig
                0x0000000008004484       0x70 build/stm32f7xx_hal_tim.o
 .text.TIM_OC4_SetConfig
                0x00000000080044f4       0x54 build/stm32f7xx_hal_tim.o
 .text.TIM_OC5_SetConfig
                0x0000000008004548       0x54 build/stm32f7xx_hal_tim.o
 .text.TIM_OC6_SetConfig
                0x000000000800459c       0x54 build/stm32f7xx_hal_tim.o
 .text.TIM_TI1_ConfigInputStage
                0x00000000080045f0       0x26 build/stm32f7xx_hal_tim.o
 .text.TIM_TI2_ConfigInputStage
                0x0000000008004616       0x28 build/stm32f7xx_hal_tim.o
 .text.TIM_ITRx_SetConfig
                0x000000000800463e       0x10 build/stm32f7xx_hal_tim.o
 *fill*         0x000000000800464e        0x2 
 .text.HAL_TIM_Base_Start_IT
                0x0000000008004650       0x90 build/stm32f7xx_hal_tim.o
                0x0000000008004650                HAL_TIM_Base_Start_IT
 .text.HAL_TIM_IC_CaptureCallback
                0x00000000080046e0        0x2 build/stm32f7xx_hal_tim.o
                0x00000000080046e0                HAL_TIM_IC_CaptureCallback
 .text.HAL_TIM_PWM_PulseFinishedCallback
                0x00000000080046e2        0x2 build/stm32f7xx_hal_tim.o
                0x00000000080046e2                HAL_TIM_PWM_PulseFinishedCallback
 .text.HAL_TIM_TriggerCallback
                0x00000000080046e4        0x2 build/stm32f7xx_hal_tim.o
                0x00000000080046e4                HAL_TIM_TriggerCallback
 .text.HAL_TIM_IRQHandler
                0x00000000080046e6      0x19a build/stm32f7xx_hal_tim.o
                0x00000000080046e6                HAL_TIM_IRQHandler
 .text.TIM_Base_SetConfig
                0x0000000008004880      0x110 build/stm32f7xx_hal_tim.o
                0x0000000008004880                TIM_Base_SetConfig
 .text.HAL_TIM_Base_Init
                0x0000000008004990       0x60 build/stm32f7xx_hal_tim.o
                0x0000000008004990                HAL_TIM_Base_Init
 .text.HAL_TIM_OC_Init
                0x00000000080049f0       0x60 build/stm32f7xx_hal_tim.o
                0x00000000080049f0                HAL_TIM_OC_Init
 .text.TIM_OC2_SetConfig
                0x0000000008004a50       0x70 build/stm32f7xx_hal_tim.o
                0x0000000008004a50                TIM_OC2_SetConfig
 .text.HAL_TIM_OC_ConfigChannel
                0x0000000008004ac0       0x7a build/stm32f7xx_hal_tim.o
                0x0000000008004ac0                HAL_TIM_OC_ConfigChannel
 .text.TIM_ETR_SetConfig
                0x0000000008004b3a       0x1a build/stm32f7xx_hal_tim.o
                0x0000000008004b3a                TIM_ETR_SetConfig
 .text.HAL_TIM_ConfigClockSource
                0x0000000008004b54      0x100 build/stm32f7xx_hal_tim.o
                0x0000000008004b54                HAL_TIM_ConfigClockSource
 .text.TIM_CCxChannelCmd
                0x0000000008004c54       0x1e build/stm32f7xx_hal_tim.o
                0x0000000008004c54                TIM_CCxChannelCmd
 *fill*         0x0000000008004c72        0x2 
 .text.HAL_TIM_OC_Start_IT
                0x0000000008004c74      0x198 build/stm32f7xx_hal_tim.o
                0x0000000008004c74                HAL_TIM_OC_Start_IT
 .text.HAL_TIM_OC_Stop_IT
                0x0000000008004e0c       0xf8 build/stm32f7xx_hal_tim.o
                0x0000000008004e0c                HAL_TIM_OC_Stop_IT
 .text.HAL_TIMEx_MasterConfigSynchronization
                0x0000000008004f04       0xa0 build/stm32f7xx_hal_tim_ex.o
                0x0000000008004f04                HAL_TIMEx_MasterConfigSynchronization
 .text.HAL_TIMEx_ConfigBreakDeadTime
                0x0000000008004fa4       0x90 build/stm32f7xx_hal_tim_ex.o
                0x0000000008004fa4                HAL_TIMEx_ConfigBreakDeadTime
 .text.HAL_TIMEx_CommutCallback
                0x0000000008005034        0x2 build/stm32f7xx_hal_tim_ex.o
                0x0000000008005034                HAL_TIMEx_CommutCallback
 .text.HAL_TIMEx_BreakCallback
                0x0000000008005036        0x2 build/stm32f7xx_hal_tim_ex.o
                0x0000000008005036                HAL_TIMEx_BreakCallback
 .text.HAL_TIMEx_Break2Callback
                0x0000000008005038        0x2 build/stm32f7xx_hal_tim_ex.o
                0x0000000008005038                HAL_TIMEx_Break2Callback
 *fill*         0x000000000800503a        0x2 
 .text.SystemInit
                0x000000000800503c       0x14 build/system_stm32f7xx.o
                0x000000000800503c                SystemInit
 .text.PCD_WriteEmptyTxFifo
                0x0000000008005050       0xd0 build/stm32f7xx_hal_pcd.o
 .text.HAL_PCD_Init
                0x0000000008005120      0x13c build/stm32f7xx_hal_pcd.o
                0x0000000008005120                HAL_PCD_Init
 .text.HAL_PCD_Start
                0x000000000800525c       0x2a build/stm32f7xx_hal_pcd.o
                0x000000000800525c                HAL_PCD_Start
 *fill*         0x0000000008005286        0x2 
 .text.PCD_EP_OutXfrComplete_int
                0x0000000008005288      0x104 build/stm32f7xx_hal_pcd.o
 .text.PCD_EP_OutSetupPacket_int
                0x000000000800538c       0x50 build/stm32f7xx_hal_pcd.o
 .text.HAL_PCD_SetAddress
                0x00000000080053dc       0x28 build/stm32f7xx_hal_pcd.o
                0x00000000080053dc                HAL_PCD_SetAddress
 .text.HAL_PCD_EP_Open
                0x0000000008005404       0x8a build/stm32f7xx_hal_pcd.o
                0x0000000008005404                HAL_PCD_EP_Open
 .text.HAL_PCD_EP_Close
                0x000000000800548e       0x72 build/stm32f7xx_hal_pcd.o
                0x000000000800548e                HAL_PCD_EP_Close
 .text.HAL_PCD_EP_Receive
                0x0000000008005500       0x5e build/stm32f7xx_hal_pcd.o
                0x0000000008005500                HAL_PCD_EP_Receive
 .text.HAL_PCD_EP_GetRxCount
                0x000000000800555e       0x12 build/stm32f7xx_hal_pcd.o
                0x000000000800555e                HAL_PCD_EP_GetRxCount
 .text.HAL_PCD_EP_Transmit
                0x0000000008005570       0x5e build/stm32f7xx_hal_pcd.o
                0x0000000008005570                HAL_PCD_EP_Transmit
 .text.HAL_PCD_EP_SetStall
                0x00000000080055ce       0x88 build/stm32f7xx_hal_pcd.o
                0x00000000080055ce                HAL_PCD_EP_SetStall
 .text.HAL_PCD_EP_ClrStall
                0x0000000008005656       0x76 build/stm32f7xx_hal_pcd.o
                0x0000000008005656                HAL_PCD_EP_ClrStall
 .text.HAL_PCD_EP_Abort
                0x00000000080056cc       0x34 build/stm32f7xx_hal_pcd.o
                0x00000000080056cc                HAL_PCD_EP_Abort
 .text.HAL_PCD_IRQHandler
                0x0000000008005700      0x606 build/stm32f7xx_hal_pcd.o
                0x0000000008005700                HAL_PCD_IRQHandler
 .text.HAL_PCDEx_SetTxFiFo
                0x0000000008005d06       0x4c build/stm32f7xx_hal_pcd_ex.o
                0x0000000008005d06                HAL_PCDEx_SetTxFiFo
 .text.HAL_PCDEx_SetRxFiFo
                0x0000000008005d52        0x8 build/stm32f7xx_hal_pcd_ex.o
                0x0000000008005d52                HAL_PCDEx_SetRxFiFo
 *fill*         0x0000000008005d5a        0x2 
 .text.HAL_PCDEx_ActivateLPM
                0x0000000008005d5c       0x28 build/stm32f7xx_hal_pcd_ex.o
                0x0000000008005d5c                HAL_PCDEx_ActivateLPM
 .text.HAL_PCDEx_LPM_Callback
                0x0000000008005d84        0x2 build/stm32f7xx_hal_pcd_ex.o
                0x0000000008005d84                HAL_PCDEx_LPM_Callback
 *fill*         0x0000000008005d86        0x2 
 .text.USB_CoreReset
                0x0000000008005d88       0x50 build/stm32f7xx_ll_usb.o
 .text.USB_HS_PHYCInit
                0x0000000008005dd8       0x5c build/stm32f7xx_ll_usb.o
 .text.USB_CoreInit
                0x0000000008005e34       0xd4 build/stm32f7xx_ll_usb.o
                0x0000000008005e34                USB_CoreInit
 .text.USB_SetTurnaroundTime
                0x0000000008005f08       0xe4 build/stm32f7xx_ll_usb.o
                0x0000000008005f08                USB_SetTurnaroundTime
 .text.USB_EnableGlobalInt
                0x0000000008005fec        0xc build/stm32f7xx_ll_usb.o
                0x0000000008005fec                USB_EnableGlobalInt
 .text.USB_DisableGlobalInt
                0x0000000008005ff8        0xc build/stm32f7xx_ll_usb.o
                0x0000000008005ff8                USB_DisableGlobalInt
 .text.USB_FlushTxFifo
                0x0000000008006004       0x50 build/stm32f7xx_ll_usb.o
                0x0000000008006004                USB_FlushTxFifo
 .text.USB_FlushRxFifo
                0x0000000008006054       0x4c build/stm32f7xx_ll_usb.o
                0x0000000008006054                USB_FlushRxFifo
 .text.USB_SetDevSpeed
                0x00000000080060a0        0xe build/stm32f7xx_ll_usb.o
                0x00000000080060a0                USB_SetDevSpeed
 *fill*         0x00000000080060ae        0x2 
 .text.USB_DevInit
                0x00000000080060b0      0x1a4 build/stm32f7xx_ll_usb.o
                0x00000000080060b0                USB_DevInit
 .text.USB_GetDevSpeed
                0x0000000008006254       0x1e build/stm32f7xx_ll_usb.o
                0x0000000008006254                USB_GetDevSpeed
 *fill*         0x0000000008006272        0x2 
 .text.USB_ActivateEndpoint
                0x0000000008006274       0x9c build/stm32f7xx_ll_usb.o
                0x0000000008006274                USB_ActivateEndpoint
 .text.USB_DeactivateEndpoint
                0x0000000008006310       0xe0 build/stm32f7xx_ll_usb.o
                0x0000000008006310                USB_DeactivateEndpoint
 .text.USB_EP0StartXfer
                0x00000000080063f0      0x120 build/stm32f7xx_ll_usb.o
                0x00000000080063f0                USB_EP0StartXfer
 .text.USB_EPStopXfer
                0x0000000008006510       0xbe build/stm32f7xx_ll_usb.o
                0x0000000008006510                USB_EPStopXfer
 .text.USB_WritePacket
                0x00000000080065ce       0x2e build/stm32f7xx_ll_usb.o
                0x00000000080065ce                USB_WritePacket
 .text.USB_EPStartXfer
                0x00000000080065fc      0x230 build/stm32f7xx_ll_usb.o
                0x00000000080065fc                USB_EPStartXfer
 .text.USB_ReadPacket
                0x000000000800682c       0x54 build/stm32f7xx_ll_usb.o
                0x000000000800682c                USB_ReadPacket
 .text.USB_EPSetStall
                0x0000000008006880       0x5a build/stm32f7xx_ll_usb.o
                0x0000000008006880                USB_EPSetStall
 .text.USB_EPClearStall
                0x00000000080068da       0x5c build/stm32f7xx_ll_usb.o
                0x00000000080068da                USB_EPClearStall
 .text.USB_SetDevAddress
                0x0000000008006936       0x20 build/stm32f7xx_ll_usb.o
                0x0000000008006936                USB_SetDevAddress
 .text.USB_DevConnect
                0x0000000008006956       0x1c build/stm32f7xx_ll_usb.o
                0x0000000008006956                USB_DevConnect
 .text.USB_DevDisconnect
                0x0000000008006972       0x1c build/stm32f7xx_ll_usb.o
                0x0000000008006972                USB_DevDisconnect
 .text.USB_ReadInterrupts
                0x000000000800698e        0x8 build/stm32f7xx_ll_usb.o
                0x000000000800698e                USB_ReadInterrupts
 .text.USB_ReadDevAllOutEpInterrupt
                0x0000000008006996       0x10 build/stm32f7xx_ll_usb.o
                0x0000000008006996                USB_ReadDevAllOutEpInterrupt
 .text.USB_ReadDevAllInEpInterrupt
                0x00000000080069a6       0x10 build/stm32f7xx_ll_usb.o
                0x00000000080069a6                USB_ReadDevAllInEpInterrupt
 .text.USB_ReadDevOutEPInterrupt
                0x00000000080069b6       0x12 build/stm32f7xx_ll_usb.o
                0x00000000080069b6                USB_ReadDevOutEPInterrupt
 .text.USB_ReadDevInEPInterrupt
                0x00000000080069c8       0x28 build/stm32f7xx_ll_usb.o
                0x00000000080069c8                USB_ReadDevInEPInterrupt
 .text.USB_GetMode
                0x00000000080069f0        0x8 build/stm32f7xx_ll_usb.o
                0x00000000080069f0                USB_GetMode
 .text.USB_SetCurrentMode
                0x00000000080069f8       0x62 build/stm32f7xx_ll_usb.o
                0x00000000080069f8                USB_SetCurrentMode
 *fill*         0x0000000008006a5a        0x2 
 .text.USB_ActivateSetup
                0x0000000008006a5c       0x20 build/stm32f7xx_ll_usb.o
                0x0000000008006a5c                USB_ActivateSetup
 .text.USB_EP0_OutStart
                0x0000000008006a7c       0x60 build/stm32f7xx_ll_usb.o
                0x0000000008006a7c                USB_EP0_OutStart
 *fill*         0x0000000008006adc        0x4 
 .text.getSystemStatusOCRValue
                0x0000000008006ae0       0x60 build/nyan_leds.o
                0x0000000008006ae0                getSystemStatusOCRValue
 .text.NyanPrint
                0x0000000008006b40       0xa0 build/nyan_os.o
                0x0000000008006b40                NyanPrint
 .text.NyanWelcomeDisplay
                0x0000000008006be0       0x3c build/nyan_os.o
                0x0000000008006be0                NyanWelcomeDisplay
 .text.NyanCdcTX
                0x0000000008006c1c       0xb4 build/nyan_os.o
                0x0000000008006c1c                NyanCdcTX
 .text.NyanExeGetinfo
                0x0000000008006cd0       0x70 build/nyan_os.o
                0x0000000008006cd0                NyanExeGetinfo
 .text.NyanExeSetOwner
                0x0000000008006d40      0x112 build/nyan_os.o
                0x0000000008006d40                NyanExeSetOwner
 *fill*         0x0000000008006e52        0x2 
 .text.NyanExeWriteFpgaBitstream
                0x0000000008006e54      0x1e4 build/nyan_os.o
                0x0000000008006e54                NyanExeWriteFpgaBitstream
 .text.NyanExecute
                0x0000000008007038       0xcc build/nyan_os.o
                0x0000000008007038                NyanExecute
 .text.FreeNyanCommandArgs
                0x0000000008007104       0x36 build/nyan_os.o
                0x0000000008007104                FreeNyanCommandArgs
 *fill*         0x000000000800713a        0x2 
 .text.NyanDecodeArgs
                0x000000000800713c       0x9c build/nyan_os.o
                0x000000000800713c                NyanDecodeArgs
 .text.NyanDecode
                0x00000000080071d8       0x48 build/nyan_os.o
                0x00000000080071d8                NyanDecode
 .text.FreeNyanString
                0x0000000008007220       0x24 build/nyan_os.o
                0x0000000008007220                FreeNyanString
 .text.ClearNyanCommandBuffer
                0x0000000008007244       0x12 build/nyan_os.o
                0x0000000008007244                ClearNyanCommandBuffer
 .text.NyanOsInit
                0x0000000008007256       0x54 build/nyan_os.o
                0x0000000008007256                NyanOsInit
 *fill*         0x00000000080072aa        0x2 
 .text.NyanAddInputBuffer
                0x00000000080072ac      0x15c build/nyan_os.o
                0x00000000080072ac                NyanAddInputBuffer
 .text.sha256_transform
                0x0000000008007408      0x164 build/nyan_sha256.o
                0x0000000008007408                sha256_transform
 .text.sha256_init
                0x000000000800756c       0x54 build/nyan_sha256.o
                0x000000000800756c                sha256_init
 .text.sha256_update
                0x00000000080075c0       0x40 build/nyan_sha256.o
                0x00000000080075c0                sha256_update
 .text.sha256_final
                0x0000000008007600       0xe8 build/nyan_sha256.o
                0x0000000008007600                sha256_final
 .text.read_bit
                0x00000000080076e8       0x32 build/iceuncompr.o
                0x00000000080076e8                read_bit
 *fill*         0x000000000800771a        0x2 
 .text.write_bit
                0x000000000800771c       0x38 build/iceuncompr.o
                0x000000000800771c                write_bit
 .text.read_int
                0x0000000008007754       0x2e build/iceuncompr.o
                0x0000000008007754                read_int
 .text.write_zeros
                0x0000000008007782       0x18 build/iceuncompr.o
                0x0000000008007782                write_zeros
 *fill*         0x000000000800779a        0x2 
 .text.ice_uncompress
                0x000000000800779c      0x108 build/iceuncompr.o
                0x000000000800779c                ice_uncompress
 .text.WriteUncomprBitstream
                0x00000000080078a4       0x24 build/iceuncompr.o
                0x00000000080078a4                WriteUncomprBitstream
 .text.FPGAGetBitstreamData
                0x00000000080078c8       0x7c build/lattice_ice_hx.o
                0x00000000080078c8                FPGAGetBitstreamData
 .text.FPGAGetBitstreamCompressedSize
                0x0000000008007944       0x28 build/lattice_ice_hx.o
                0x0000000008007944                FPGAGetBitstreamCompressedSize
 .text.FPGAInit
                0x000000000800796c       0x8c build/lattice_ice_hx.o
                0x000000000800796c                FPGAInit
 .text.EepromInit
                0x00000000080079f8       0x2a build/24xx_eeprom.o
                0x00000000080079f8                EepromInit
 .text.EepromFlushTxBuff
                0x0000000008007a22       0x10 build/24xx_eeprom.o
                0x0000000008007a22                EepromFlushTxBuff
 .text.EepromCreateControlByte
                0x0000000008007a32       0x26 build/24xx_eeprom.o
                0x0000000008007a32                EepromCreateControlByte
 .text.EepromWrite
                0x0000000008007a58       0x44 build/24xx_eeprom.o
                0x0000000008007a58                EepromWrite
 .text.EepromRead
                0x0000000008007a9c       0x50 build/24xx_eeprom.o
                0x0000000008007a9c                EepromRead
 .text.MX_TIM1_Init
                0x0000000008007aec       0xe0 build/tim.o
                0x0000000008007aec                MX_TIM1_Init
 .text.MX_TIM6_Init
                0x0000000008007bcc       0x50 build/tim.o
                0x0000000008007bcc                MX_TIM6_Init
 .text.MX_TIM7_Init
                0x0000000008007c1c       0x54 build/tim.o
                0x0000000008007c1c                MX_TIM7_Init
 .text.MX_TIM8_Init
                0x0000000008007c70       0xf4 build/tim.o
                0x0000000008007c70                MX_TIM8_Init
 .text.HAL_TIM_OC_MspInit
                0x0000000008007d64       0x50 build/tim.o
                0x0000000008007d64                HAL_TIM_OC_MspInit
 .text.HAL_TIM_Base_MspInit
                0x0000000008007db4       0xa0 build/tim.o
                0x0000000008007db4                HAL_TIM_Base_MspInit
 .text.MX_USB_OTG_HS_PCD_Init
                0x0000000008007e54       0x38 build/usb_otg.o
                0x0000000008007e54                MX_USB_OTG_HS_PCD_Init
 .text.HAL_PCD_MspInit
                0x0000000008007e8c       0xf8 build/usb_otg.o
                0x0000000008007e8c                HAL_PCD_MspInit
 .text.USBD_COMPOSITE_Init
                0x0000000008007f84       0x24 build/usbd_composite.o
 .text.USBD_COMPOSITE_DeInit
                0x0000000008007fa8       0x24 build/usbd_composite.o
 .text.USBD_COMPOSITE_Setup
                0x0000000008007fcc       0x54 build/usbd_composite.o
 .text.USBD_COMPOSITE_DataIn
                0x0000000008008020       0x58 build/usbd_composite.o
 .text.USBD_COMPOSITE_EP0_RxReady
                0x0000000008008078       0x10 build/usbd_composite.o
 .text.USBD_COMPOSITE_EP0_TxReady
                0x0000000008008088        0x4 build/usbd_composite.o
 .text.USBD_COMPOSITE_SOF
                0x000000000800808c        0x4 build/usbd_composite.o
 .text.USBD_COMPOSITE_IsoINIncomplete
                0x0000000008008090        0x4 build/usbd_composite.o
 .text.USBD_COMPOSITE_IsoOutIncomplete
                0x0000000008008094        0x4 build/usbd_composite.o
 .text.USBD_COMPOSITE_DataOut
                0x0000000008008098       0x28 build/usbd_composite.o
 .text.USBD_COMPOSITE_GetHSCfgDesc
                0x00000000080080c0        0xc build/usbd_composite.o
 .text.USBD_COMPOSITE_GetFSCfgDesc
                0x00000000080080cc        0xc build/usbd_composite.o
 .text.USBD_COMPOSITE_GetOtherSpeedCfgDesc
                0x00000000080080d8        0xc build/usbd_composite.o
 .text.USBD_COMPOSITE_GetDeviceQualifierDesc
                0x00000000080080e4        0xc build/usbd_composite.o
 .text.USBD_COMPOSITE_GetUsrStringDesc
                0x00000000080080f0       0x7c build/usbd_composite.o
 .text.USBD_COMPOSITE_Mount_Class
                0x000000000800816c      0x13c build/usbd_composite.o
                0x000000000800816c                USBD_COMPOSITE_Mount_Class
 .text.USBD_HID_GetFSCfgDesc
                0x00000000080082a8        0xc build/usbd_hid_keyboard.o
 .text.USBD_HID_GetHSCfgDesc
                0x00000000080082b4        0xc build/usbd_hid_keyboard.o
 .text.USBD_HID_GetOtherSpeedCfgDesc
                0x00000000080082c0        0xc build/usbd_hid_keyboard.o
 .text.USBD_HID_DataIn
                0x00000000080082cc        0xa build/usbd_hid_keyboard.o
 *fill*         0x00000000080082d6        0x2 
 .text.USBD_HID_GetDeviceQualifierDesc
                0x00000000080082d8        0xc build/usbd_hid_keyboard.o
 .text.USBD_HID_Setup
                0x00000000080082e4      0x124 build/usbd_hid_keyboard.o
 .text.USBD_HID_DeInit
                0x0000000008008408       0x34 build/usbd_hid_keyboard.o
 .text.USBD_HID_Init
                0x000000000800843c       0x68 build/usbd_hid_keyboard.o
 .text.USBD_Update_HID_KBD_DESC
                0x00000000080084a4       0x20 build/usbd_hid_keyboard.o
                0x00000000080084a4                USBD_Update_HID_KBD_DESC
 .text.USBD_Init
                0x00000000080084c4       0x2a build/usbd_core.o
                0x00000000080084c4                USBD_Init
 .text.USBD_RegisterClass
                0x00000000080084ee       0x44 build/usbd_core.o
                0x00000000080084ee                USBD_RegisterClass
 .text.USBD_Start
                0x0000000008008532        0x8 build/usbd_core.o
                0x0000000008008532                USBD_Start
 .text.USBD_SetClassConfig
                0x000000000800853a       0x12 build/usbd_core.o
                0x000000000800853a                USBD_SetClassConfig
 .text.USBD_ClrClassConfig
                0x000000000800854c       0x10 build/usbd_core.o
                0x000000000800854c                USBD_ClrClassConfig
 .text.USBD_LL_SetupStage
                0x000000000800855c       0x58 build/usbd_core.o
                0x000000000800855c                USBD_LL_SetupStage
 .text.USBD_LL_DataOutStage
                0x00000000080085b4       0x78 build/usbd_core.o
                0x00000000080085b4                USBD_LL_DataOutStage
 .text.USBD_LL_DataInStage
                0x000000000800862c       0xbe build/usbd_core.o
                0x000000000800862c                USBD_LL_DataInStage
 .text.USBD_LL_Reset
                0x00000000080086ea       0x54 build/usbd_core.o
                0x00000000080086ea                USBD_LL_Reset
 .text.USBD_LL_SetSpeed
                0x000000000800873e        0x6 build/usbd_core.o
                0x000000000800873e                USBD_LL_SetSpeed
 .text.USBD_LL_Suspend
                0x0000000008008744       0x14 build/usbd_core.o
                0x0000000008008744                USBD_LL_Suspend
 .text.USBD_LL_Resume
                0x0000000008008758       0x1a build/usbd_core.o
                0x0000000008008758                USBD_LL_Resume
 .text.USBD_LL_SOF
                0x0000000008008772       0x28 build/usbd_core.o
                0x0000000008008772                USBD_LL_SOF
 .text.USBD_LL_IsoINIncomplete
                0x000000000800879a       0x28 build/usbd_core.o
                0x000000000800879a                USBD_LL_IsoINIncomplete
 .text.USBD_LL_IsoOUTIncomplete
                0x00000000080087c2       0x28 build/usbd_core.o
                0x00000000080087c2                USBD_LL_IsoOUTIncomplete
 .text.USBD_LL_DevConnected
                0x00000000080087ea        0x4 build/usbd_core.o
                0x00000000080087ea                USBD_LL_DevConnected
 .text.USBD_LL_DevDisconnected
                0x00000000080087ee       0x18 build/usbd_core.o
                0x00000000080087ee                USBD_LL_DevDisconnected
 .text.USBD_GetLen
                0x0000000008008806       0x14 build/usbd_ctlreq.o
 .text.USBD_SetFeature
                0x000000000800881a       0x14 build/usbd_ctlreq.o
 .text.USBD_ParseSetupRequest
                0x000000000800882e       0x28 build/usbd_ctlreq.o
                0x000000000800882e                USBD_ParseSetupRequest
 .text.USBD_CtlError
                0x0000000008008856       0x14 build/usbd_ctlreq.o
                0x0000000008008856                USBD_CtlError
 .text.USBD_GetDescriptor
                0x000000000800886a      0x19a build/usbd_ctlreq.o
 .text.USBD_SetAddress
                0x0000000008008a04       0x50 build/usbd_ctlreq.o
 .text.USBD_SetConfig
                0x0000000008008a54       0xc8 build/usbd_ctlreq.o
 .text.USBD_GetConfig
                0x0000000008008b1c       0x40 build/usbd_ctlreq.o
 .text.USBD_GetStatus
                0x0000000008008b5c       0x38 build/usbd_ctlreq.o
 .text.USBD_ClrFeature
                0x0000000008008b94       0x26 build/usbd_ctlreq.o
 .text.USBD_StdDevReq
                0x0000000008008bba       0x70 build/usbd_ctlreq.o
                0x0000000008008bba                USBD_StdDevReq
 .text.USBD_StdItfReq
                0x0000000008008c2a       0x68 build/usbd_ctlreq.o
                0x0000000008008c2a                USBD_StdItfReq
 .text.USBD_StdEPReq
                0x0000000008008c92      0x1f2 build/usbd_ctlreq.o
                0x0000000008008c92                USBD_StdEPReq
 .text.USBD_GetString
                0x0000000008008e84       0x3a build/usbd_ctlreq.o
                0x0000000008008e84                USBD_GetString
 .text.USBD_CtlSendData
                0x0000000008008ebe       0x1a build/usbd_ioreq.o
                0x0000000008008ebe                USBD_CtlSendData
 .text.USBD_CtlContinueSendData
                0x0000000008008ed8       0x10 build/usbd_ioreq.o
                0x0000000008008ed8                USBD_CtlContinueSendData
 .text.USBD_CtlPrepareRx
                0x0000000008008ee8       0x1e build/usbd_ioreq.o
                0x0000000008008ee8                USBD_CtlPrepareRx
 .text.USBD_CtlContinueRx
                0x0000000008008f06       0x10 build/usbd_ioreq.o
                0x0000000008008f06                USBD_CtlContinueRx
 .text.USBD_CtlSendStatus
                0x0000000008008f16       0x16 build/usbd_ioreq.o
                0x0000000008008f16                USBD_CtlSendStatus
 .text.USBD_CtlReceiveStatus
                0x0000000008008f2c       0x16 build/usbd_ioreq.o
                0x0000000008008f2c                USBD_CtlReceiveStatus
 *fill*         0x0000000008008f42        0x2 
 .text.MX_USB_DEVICE_Init
                0x0000000008008f44       0x58 build/usb_device.o
                0x0000000008008f44                MX_USB_DEVICE_Init
 .text.USBD_DeviceDescriptor
                0x0000000008008f9c        0xc build/usbd_desc.o
                0x0000000008008f9c                USBD_DeviceDescriptor
 .text.USBD_LangIDStrDescriptor
                0x0000000008008fa8        0xc build/usbd_desc.o
                0x0000000008008fa8                USBD_LangIDStrDescriptor
 .text.IntToUnicode
                0x0000000008008fb4       0x46 build/usbd_desc.o
 *fill*         0x0000000008008ffa        0x2 
 .text.Get_SerialNum
                0x0000000008008ffc       0x38 build/usbd_desc.o
 .text.USBD_SerialStrDescriptor
                0x0000000008009034       0x14 build/usbd_desc.o
                0x0000000008009034                USBD_SerialStrDescriptor
 .text.USBD_ProductStrDescriptor
                0x0000000008009048       0x24 build/usbd_desc.o
                0x0000000008009048                USBD_ProductStrDescriptor
 .text.USBD_ManufacturerStrDescriptor
                0x000000000800906c       0x1c build/usbd_desc.o
                0x000000000800906c                USBD_ManufacturerStrDescriptor
 .text.USBD_ConfigStrDescriptor
                0x0000000008009088       0x24 build/usbd_desc.o
                0x0000000008009088                USBD_ConfigStrDescriptor
 .text.USBD_InterfaceStrDescriptor
                0x00000000080090ac       0x24 build/usbd_desc.o
                0x00000000080090ac                USBD_InterfaceStrDescriptor
 .text.HAL_PCDEx_SetTxFiFoInBytes
                0x00000000080090d0        0xa build/usbd_conf.o
                0x00000000080090d0                HAL_PCDEx_SetTxFiFoInBytes
 .text.HAL_PCDEx_SetRxFiFoInBytes
                0x00000000080090da        0xa build/usbd_conf.o
                0x00000000080090da                HAL_PCDEx_SetRxFiFoInBytes
 .text.HAL_PCD_SetupStageCallback
                0x00000000080090e4       0x10 build/usbd_conf.o
                0x00000000080090e4                HAL_PCD_SetupStageCallback
 .text.HAL_PCD_DataOutStageCallback
                0x00000000080090f4       0x18 build/usbd_conf.o
                0x00000000080090f4                HAL_PCD_DataOutStageCallback
 .text.HAL_PCD_DataInStageCallback
                0x000000000800910c       0x16 build/usbd_conf.o
                0x000000000800910c                HAL_PCD_DataInStageCallback
 .text.HAL_PCD_SOFCallback
                0x0000000008009122        0xc build/usbd_conf.o
                0x0000000008009122                HAL_PCD_SOFCallback
 .text.HAL_PCD_ResetCallback
                0x000000000800912e       0x2c build/usbd_conf.o
                0x000000000800912e                HAL_PCD_ResetCallback
 *fill*         0x000000000800915a        0x2 
 .text.HAL_PCD_SuspendCallback
                0x000000000800915c       0x30 build/usbd_conf.o
                0x000000000800915c                HAL_PCD_SuspendCallback
 .text.HAL_PCD_ResumeCallback
                0x000000000800918c        0xc build/usbd_conf.o
                0x000000000800918c                HAL_PCD_ResumeCallback
 .text.HAL_PCD_ISOOUTIncompleteCallback
                0x0000000008009198        0xc build/usbd_conf.o
                0x0000000008009198                HAL_PCD_ISOOUTIncompleteCallback
 .text.HAL_PCD_ISOINIncompleteCallback
                0x00000000080091a4        0xc build/usbd_conf.o
                0x00000000080091a4                HAL_PCD_ISOINIncompleteCallback
 .text.HAL_PCD_ConnectCallback
                0x00000000080091b0        0xc build/usbd_conf.o
                0x00000000080091b0                HAL_PCD_ConnectCallback
 .text.HAL_PCD_DisconnectCallback
                0x00000000080091bc        0xc build/usbd_conf.o
                0x00000000080091bc                HAL_PCD_DisconnectCallback
 .text.USBD_LL_Init
                0x00000000080091c8       0x84 build/usbd_conf.o
                0x00000000080091c8                USBD_LL_Init
 .text.USBD_LL_IsStallEP
                0x000000000800924c       0x2e build/usbd_conf.o
                0x000000000800924c                USBD_LL_IsStallEP
 .text.USBD_LL_GetRxDataSize
                0x000000000800927a        0xc build/usbd_conf.o
                0x000000000800927a                USBD_LL_GetRxDataSize
 .text.USBD_Get_USB_Status
                0x0000000008009286       0x14 build/usbd_conf.o
                0x0000000008009286                USBD_Get_USB_Status
 .text.USBD_LL_Start
                0x000000000800929a       0x10 build/usbd_conf.o
                0x000000000800929a                USBD_LL_Start
 .text.USBD_LL_OpenEP
                0x00000000080092aa       0x16 build/usbd_conf.o
                0x00000000080092aa                USBD_LL_OpenEP
 .text.USBD_LL_CloseEP
                0x00000000080092c0       0x10 build/usbd_conf.o
                0x00000000080092c0                USBD_LL_CloseEP
 .text.USBD_LL_StallEP
                0x00000000080092d0       0x10 build/usbd_conf.o
                0x00000000080092d0                USBD_LL_StallEP
 .text.USBD_LL_ClearStallEP
                0x00000000080092e0       0x10 build/usbd_conf.o
                0x00000000080092e0                USBD_LL_ClearStallEP
 .text.USBD_LL_SetUSBAddress
                0x00000000080092f0       0x10 build/usbd_conf.o
                0x00000000080092f0                USBD_LL_SetUSBAddress
 .text.USBD_LL_Transmit
                0x0000000008009300       0x10 build/usbd_conf.o
                0x0000000008009300                USBD_LL_Transmit
 .text.USBD_LL_PrepareReceive
                0x0000000008009310       0x10 build/usbd_conf.o
                0x0000000008009310                USBD_LL_PrepareReceive
 .text.USBD_CDC_EP0_RxReady
                0x0000000008009320       0x4c build/usbd_cdc_acm.o
 .text.USBD_CDC_GetFSCfgDesc
                0x000000000800936c        0xc build/usbd_cdc_acm.o
 .text.USBD_CDC_GetHSCfgDesc
                0x0000000008009378        0xc build/usbd_cdc_acm.o
 .text.USBD_CDC_GetOtherSpeedCfgDesc
                0x0000000008009384        0xc build/usbd_cdc_acm.o
 .text.USBD_CDC_GetDeviceQualifierDescriptor
                0x0000000008009390        0xc build/usbd_cdc_acm.o
 .text.USBD_CDC_DataOut
                0x000000000800939c       0x50 build/usbd_cdc_acm.o
 .text.USBD_CDC_DataIn
                0x00000000080093ec       0x98 build/usbd_cdc_acm.o
 .text.USBD_CDC_Setup
                0x0000000008009484      0x150 build/usbd_cdc_acm.o
 .text.USBD_CDC_DeInit
                0x00000000080095d4       0x7c build/usbd_cdc_acm.o
 .text.USBD_CDC_Init
                0x0000000008009650      0x164 build/usbd_cdc_acm.o
 .text.USBD_CDC_ACM_RegisterInterface
                0x00000000080097b4        0xe build/usbd_cdc_acm.o
                0x00000000080097b4                USBD_CDC_ACM_RegisterInterface
 *fill*         0x00000000080097c2        0x2 
 .text.USBD_CDC_SetTxBuffer
                0x00000000080097c4       0x1c build/usbd_cdc_acm.o
                0x00000000080097c4                USBD_CDC_SetTxBuffer
 .text.USBD_CDC_SetRxBuffer
                0x00000000080097e0       0x18 build/usbd_cdc_acm.o
                0x00000000080097e0                USBD_CDC_SetRxBuffer
 .text.USBD_CDC_TransmitPacket
                0x00000000080097f8       0x54 build/usbd_cdc_acm.o
                0x00000000080097f8                USBD_CDC_TransmitPacket
 .text.USBD_CDC_ReceivePacket
                0x000000000800984c       0x50 build/usbd_cdc_acm.o
                0x000000000800984c                USBD_CDC_ReceivePacket
 .text.USBD_Update_CDC_ACM_DESC
                0x000000000800989c       0x98 build/usbd_cdc_acm.o
                0x000000000800989c                USBD_Update_CDC_ACM_DESC
 .text.CDC_DeInit
                0x0000000008009934        0x4 build/usbd_cdc_acm_if.o
 .text.CDC_TransmitCplt
                0x0000000008009938       0x24 build/usbd_cdc_acm_if.o
 .text.CDC_Init
                0x000000000800995c       0x1c build/usbd_cdc_acm_if.o
 .text.CDC_Receive
                0x0000000008009978       0x74 build/usbd_cdc_acm_if.o
 .text.CDC_Control
                0x00000000080099ec       0x9c build/usbd_cdc_acm_if.o
 .text.CDC_Transmit
                0x0000000008009a88       0x44 build/usbd_cdc_acm_if.o
                0x0000000008009a88                CDC_Transmit
 .text.MX_DMA_Init
                0x0000000008009acc       0x44 build/dma.o
                0x0000000008009acc                MX_DMA_Init
 .text.Reset_Handler
                0x0000000008009b10       0x50 build/startup_stm32f723xx.o
                0x0000000008009b10                Reset_Handler
 .text.Default_Handler
                0x0000000008009b60        0x2 build/startup_stm32f723xx.o
                0x0000000008009b60                RTC_Alarm_IRQHandler
                0x0000000008009b60                EXTI2_IRQHandler
                0x0000000008009b60                UART8_IRQHandler
                0x0000000008009b60                SPI4_IRQHandler
                0x0000000008009b60                DMA2_Stream5_IRQHandler
                0x0000000008009b60                DMA1_Stream5_IRQHandler
                0x0000000008009b60                PVD_IRQHandler
                0x0000000008009b60                TAMP_STAMP_IRQHandler
                0x0000000008009b60                EXTI3_IRQHandler
                0x0000000008009b60                TIM8_TRG_COM_TIM14_IRQHandler
                0x0000000008009b60                TIM8_UP_TIM13_IRQHandler
                0x0000000008009b60                I2C3_ER_IRQHandler
                0x0000000008009b60                EXTI0_IRQHandler
                0x0000000008009b60                I2C2_EV_IRQHandler
                0x0000000008009b60                DMA1_Stream2_IRQHandler
                0x0000000008009b60                CAN1_RX0_IRQHandler
                0x0000000008009b60                FPU_IRQHandler
                0x0000000008009b60                OTG_HS_WKUP_IRQHandler
                0x0000000008009b60                DMA2_Stream2_IRQHandler
                0x0000000008009b60                SPI1_IRQHandler
                0x0000000008009b60                TIM1_BRK_TIM9_IRQHandler
                0x0000000008009b60                DMA2_Stream3_IRQHandler
                0x0000000008009b60                SAI2_IRQHandler
                0x0000000008009b60                USART6_IRQHandler
                0x0000000008009b60                USART3_IRQHandler
                0x0000000008009b60                CAN1_RX1_IRQHandler
                0x0000000008009b60                UART5_IRQHandler
                0x0000000008009b60                DMA2_Stream0_IRQHandler
                0x0000000008009b60                TIM4_IRQHandler
                0x0000000008009b60                QUADSPI_IRQHandler
                0x0000000008009b60                DMA1_Stream1_IRQHandler
                0x0000000008009b60                UART4_IRQHandler
                0x0000000008009b60                TIM3_IRQHandler
                0x0000000008009b60                RCC_IRQHandler
                0x0000000008009b60                TIM8_BRK_TIM12_IRQHandler
                0x0000000008009b60                Default_Handler
                0x0000000008009b60                EXTI15_10_IRQHandler
                0x0000000008009b60                ADC_IRQHandler
                0x0000000008009b60                DMA1_Stream7_IRQHandler
                0x0000000008009b60                SPI5_IRQHandler
                0x0000000008009b60                SDMMC1_IRQHandler
                0x0000000008009b60                TIM5_IRQHandler
                0x0000000008009b60                DMA2_Stream7_IRQHandler
                0x0000000008009b60                I2C3_EV_IRQHandler
                0x0000000008009b60                EXTI9_5_IRQHandler
                0x0000000008009b60                RTC_WKUP_IRQHandler
                0x0000000008009b60                SPI2_IRQHandler
                0x0000000008009b60                OTG_HS_EP1_IN_IRQHandler
                0x0000000008009b60                CAN1_TX_IRQHandler
                0x0000000008009b60                EXTI4_IRQHandler
                0x0000000008009b60                RNG_IRQHandler
                0x0000000008009b60                OTG_HS_EP1_OUT_IRQHandler
                0x0000000008009b60                WWDG_IRQHandler
                0x0000000008009b60                TIM2_IRQHandler
                0x0000000008009b60                OTG_FS_WKUP_IRQHandler
                0x0000000008009b60                TIM1_TRG_COM_TIM11_IRQHandler
                0x0000000008009b60                EXTI1_IRQHandler
                0x0000000008009b60                SDMMC2_IRQHandler
                0x0000000008009b60                UART7_IRQHandler
                0x0000000008009b60                USART2_IRQHandler
                0x0000000008009b60                I2C2_ER_IRQHandler
                0x0000000008009b60                DMA2_Stream1_IRQHandler
                0x0000000008009b60                CAN1_SCE_IRQHandler
                0x0000000008009b60                FLASH_IRQHandler
                0x0000000008009b60                DMA2_Stream4_IRQHandler
                0x0000000008009b60                USART1_IRQHandler
                0x0000000008009b60                OTG_FS_IRQHandler
                0x0000000008009b60                SPI3_IRQHandler
                0x0000000008009b60                DMA1_Stream4_IRQHandler
                0x0000000008009b60                FMC_IRQHandler
                0x0000000008009b60                LPTIM1_IRQHandler
                0x0000000008009b60                DMA2_Stream6_IRQHandler
                0x0000000008009b60                SAI1_IRQHandler
                0x0000000008009b60                DMA1_Stream3_IRQHandler
 .text.atoi     0x0000000008009b62        0x8 /opt/gcc-arm-none-eabi-10.3-2021.10/bin/../lib/gcc/arm-none-eabi/10.3.1/../../../../arm-none-eabi/lib/thumb/v7e-m+fp/hard/libc_nano.a(lib_a-atoi.o)
                0x0000000008009b62                atoi
 *fill*         0x0000000008009b6a        0x2 
 .text._fgetc_r
                0x0000000008009b6c       0x80 /opt/gcc-arm-none-eabi-10.3-2021.10/bin/../lib/gcc/arm-none-eabi/10.3.1/../../../../arm-none-eabi/lib/thumb/v7e-m+fp/hard/libc_nano.a(lib_a-fgetc.o)
                0x0000000008009b6c                _fgetc_r
 .text.fgetc    0x0000000008009bec       0x10 /opt/gcc-arm-none-eabi-10.3-2021.10/bin/../lib/gcc/arm-none-eabi/10.3.1/../../../../arm-none-eabi/lib/thumb/v7e-m+fp/hard/libc_nano.a(lib_a-fgetc.o)
                0x0000000008009bec                fgetc
 .text.std      0x0000000008009bfc       0x48 /opt/gcc-arm-none-eabi-10.3-2021.10/bin/../lib/gcc/arm-none-eabi/10.3.1/../../../../arm-none-eabi/lib/thumb/v7e-m+fp/hard/libc_nano.a(lib_a-findfp.o)
 .text._cleanup_r
                0x0000000008009c44        0xc /opt/gcc-arm-none-eabi-10.3-2021.10/bin/../lib/gcc/arm-none-eabi/10.3.1/../../../../arm-none-eabi/lib/thumb/v7e-m+fp/hard/libc_nano.a(lib_a-findfp.o)
                0x0000000008009c44                _cleanup_r
 .text.__sfmoreglue
                0x0000000008009c50       0x2c /opt/gcc-arm-none-eabi-10.3-2021.10/bin/../lib/gcc/arm-none-eabi/10.3.1/../../../../arm-none-eabi/lib/thumb/v7e-m+fp/hard/libc_nano.a(lib_a-findfp.o)
                0x0000000008009c50                __sfmoreglue
 .text.__sfp_lock_acquire
                0x0000000008009c7c        0xc /opt/gcc-arm-none-eabi-10.3-2021.10/bin/../lib/gcc/arm-none-eabi/10.3.1/../../../../arm-none-eabi/lib/thumb/v7e-m+fp/hard/libc_nano.a(lib_a-findfp.o)
                0x0000000008009c7c                __sfp_lock_acquire
 .text.__sfp_lock_release
                0x0000000008009c88        0xc /opt/gcc-arm-none-eabi-10.3-2021.10/bin/../lib/gcc/arm-none-eabi/10.3.1/../../../../arm-none-eabi/lib/thumb/v7e-m+fp/hard/libc_nano.a(lib_a-findfp.o)
                0x0000000008009c88                __sfp_lock_release
 .text.__sinit_lock_acquire
                0x0000000008009c94        0xc /opt/gcc-arm-none-eabi-10.3-2021.10/bin/../lib/gcc/arm-none-eabi/10.3.1/../../../../arm-none-eabi/lib/thumb/v7e-m+fp/hard/libc_nano.a(lib_a-findfp.o)
                0x0000000008009c94                __sinit_lock_acquire
 .text.__sinit_lock_release
                0x0000000008009ca0        0xc /opt/gcc-arm-none-eabi-10.3-2021.10/bin/../lib/gcc/arm-none-eabi/10.3.1/../../../../arm-none-eabi/lib/thumb/v7e-m+fp/hard/libc_nano.a(lib_a-findfp.o)
                0x0000000008009ca0                __sinit_lock_release
 .text.__sinit  0x0000000008009cac       0x70 /opt/gcc-arm-none-eabi-10.3-2021.10/bin/../lib/gcc/arm-none-eabi/10.3.1/../../../../arm-none-eabi/lib/thumb/v7e-m+fp/hard/libc_nano.a(lib_a-findfp.o)
                0x0000000008009cac                __sinit
 .text.__sfp    0x0000000008009d1c       0x8c /opt/gcc-arm-none-eabi-10.3-2021.10/bin/../lib/gcc/arm-none-eabi/10.3.1/../../../../arm-none-eabi/lib/thumb/v7e-m+fp/hard/libc_nano.a(lib_a-findfp.o)
                0x0000000008009d1c                __sfp
 .text.fmemseeker
                0x0000000008009da8       0x5c /opt/gcc-arm-none-eabi-10.3-2021.10/bin/../lib/gcc/arm-none-eabi/10.3.1/../../../../arm-none-eabi/lib/thumb/v7e-m+fp/hard/libc_nano.a(lib_a-fmemopen.o)
 .text.fmemcloser
                0x0000000008009e04        0xc /opt/gcc-arm-none-eabi-10.3-2021.10/bin/../lib/gcc/arm-none-eabi/10.3.1/../../../../arm-none-eabi/lib/thumb/v7e-m+fp/hard/libc_nano.a(lib_a-fmemopen.o)
 .text.fmemwriter
                0x0000000008009e10       0x96 /opt/gcc-arm-none-eabi-10.3-2021.10/bin/../lib/gcc/arm-none-eabi/10.3.1/../../../../arm-none-eabi/lib/thumb/v7e-m+fp/hard/libc_nano.a(lib_a-fmemopen.o)
 .text.fmemreader
                0x0000000008009ea6       0x30 /opt/gcc-arm-none-eabi-10.3-2021.10/bin/../lib/gcc/arm-none-eabi/10.3.1/../../../../arm-none-eabi/lib/thumb/v7e-m+fp/hard/libc_nano.a(lib_a-fmemopen.o)
 *fill*         0x0000000008009ed6        0x2 
 .text._fmemopen_r
                0x0000000008009ed8      0x13c /opt/gcc-arm-none-eabi-10.3-2021.10/bin/../lib/gcc/arm-none-eabi/10.3.1/../../../../arm-none-eabi/lib/thumb/v7e-m+fp/hard/libc_nano.a(lib_a-fmemopen.o)
                0x0000000008009ed8                _fmemopen_r
 .text.fmemopen
                0x000000000800a014       0x14 /opt/gcc-arm-none-eabi-10.3-2021.10/bin/../lib/gcc/arm-none-eabi/10.3.1/../../../../arm-none-eabi/lib/thumb/v7e-m+fp/hard/libc_nano.a(lib_a-fmemopen.o)
                0x000000000800a014                fmemopen
 .text._fwalk   0x000000000800a028       0x3a /opt/gcc-arm-none-eabi-10.3-2021.10/bin/../lib/gcc/arm-none-eabi/10.3.1/../../../../arm-none-eabi/lib/thumb/v7e-m+fp/hard/libc_nano.a(lib_a-fwalk.o)
                0x000000000800a028                _fwalk
 .text._fwalk_reent
                0x000000000800a062       0x3e /opt/gcc-arm-none-eabi-10.3-2021.10/bin/../lib/gcc/arm-none-eabi/10.3.1/../../../../arm-none-eabi/lib/thumb/v7e-m+fp/hard/libc_nano.a(lib_a-fwalk.o)
                0x000000000800a062                _fwalk_reent
 .text.__libc_init_array
                0x000000000800a0a0       0x48 /opt/gcc-arm-none-eabi-10.3-2021.10/bin/../lib/gcc/arm-none-eabi/10.3.1/../../../../arm-none-eabi/lib/thumb/v7e-m+fp/hard/libc_nano.a(lib_a-init.o)
                0x000000000800a0a0                __libc_init_array
 .text.__retarget_lock_init_recursive
                0x000000000800a0e8        0x2 /opt/gcc-arm-none-eabi-10.3-2021.10/bin/../lib/gcc/arm-none-eabi/10.3.1/../../../../arm-none-eabi/lib/thumb/v7e-m+fp/hard/libc_nano.a(lib_a-lock.o)
                0x000000000800a0e8                __retarget_lock_init_recursive
 .text.__retarget_lock_close_recursive
                0x000000000800a0ea        0x2 /opt/gcc-arm-none-eabi-10.3-2021.10/bin/../lib/gcc/arm-none-eabi/10.3.1/../../../../arm-none-eabi/lib/thumb/v7e-m+fp/hard/libc_nano.a(lib_a-lock.o)
                0x000000000800a0ea                __retarget_lock_close_recursive
 .text.__retarget_lock_acquire_recursive
                0x000000000800a0ec        0x2 /opt/gcc-arm-none-eabi-10.3-2021.10/bin/../lib/gcc/arm-none-eabi/10.3.1/../../../../arm-none-eabi/lib/thumb/v7e-m+fp/hard/libc_nano.a(lib_a-lock.o)
                0x000000000800a0ec                __retarget_lock_acquire_recursive
 .text.__retarget_lock_release_recursive
                0x000000000800a0ee        0x2 /opt/gcc-arm-none-eabi-10.3-2021.10/bin/../lib/gcc/arm-none-eabi/10.3.1/../../../../arm-none-eabi/lib/thumb/v7e-m+fp/hard/libc_nano.a(lib_a-lock.o)
                0x000000000800a0ee                __retarget_lock_release_recursive
 .text.malloc   0x000000000800a0f0       0x10 /opt/gcc-arm-none-eabi-10.3-2021.10/bin/../lib/gcc/arm-none-eabi/10.3.1/../../../../arm-none-eabi/lib/thumb/v7e-m+fp/hard/libc_nano.a(lib_a-malloc.o)
                0x000000000800a0f0                malloc
 .text.free     0x000000000800a100       0x10 /opt/gcc-arm-none-eabi-10.3-2021.10/bin/../lib/gcc/arm-none-eabi/10.3.1/../../../../arm-none-eabi/lib/thumb/v7e-m+fp/hard/libc_nano.a(lib_a-malloc.o)
                0x000000000800a100                free
 .text.memcmp   0x000000000800a110       0x20 /opt/gcc-arm-none-eabi-10.3-2021.10/bin/../lib/gcc/arm-none-eabi/10.3.1/../../../../arm-none-eabi/lib/thumb/v7e-m+fp/hard/libc_nano.a(lib_a-memcmp.o)
                0x000000000800a110                memcmp
 .text.memcpy   0x000000000800a130       0x1c /opt/gcc-arm-none-eabi-10.3-2021.10/bin/../lib/gcc/arm-none-eabi/10.3.1/../../../../arm-none-eabi/lib/thumb/v7e-m+fp/hard/libc_nano.a(lib_a-memcpy-stub.o)
                0x000000000800a130                memcpy
 .text.memset   0x000000000800a14c       0x10 /opt/gcc-arm-none-eabi-10.3-2021.10/bin/../lib/gcc/arm-none-eabi/10.3.1/../../../../arm-none-eabi/lib/thumb/v7e-m+fp/hard/libc_nano.a(lib_a-memset.o)
                0x000000000800a14c                memset
 .text._free_r  0x000000000800a15c       0x98 /opt/gcc-arm-none-eabi-10.3-2021.10/bin/../lib/gcc/arm-none-eabi/10.3.1/../../../../arm-none-eabi/lib/thumb/v7e-m+fp/hard/libc_nano.a(lib_a-nano-freer.o)
                0x000000000800a15c                _free_r
 .text.sbrk_aligned
                0x000000000800a1f4       0x40 /opt/gcc-arm-none-eabi-10.3-2021.10/bin/../lib/gcc/arm-none-eabi/10.3.1/../../../../arm-none-eabi/lib/thumb/v7e-m+fp/hard/libc_nano.a(lib_a-nano-mallocr.o)
 .text._malloc_r
                0x000000000800a234       0xe8 /opt/gcc-arm-none-eabi-10.3-2021.10/bin/../lib/gcc/arm-none-eabi/10.3.1/../../../../arm-none-eabi/lib/thumb/v7e-m+fp/hard/libc_nano.a(lib_a-nano-mallocr.o)
                0x000000000800a234                _malloc_r
 .text.realloc  0x000000000800a31c       0x10 /opt/gcc-arm-none-eabi-10.3-2021.10/bin/../lib/gcc/arm-none-eabi/10.3.1/../../../../arm-none-eabi/lib/thumb/v7e-m+fp/hard/libc_nano.a(lib_a-realloc.o)
                0x000000000800a31c                realloc
 .text.__srget_r
                0x000000000800a32c       0x58 /opt/gcc-arm-none-eabi-10.3-2021.10/bin/../lib/gcc/arm-none-eabi/10.3.1/../../../../arm-none-eabi/lib/thumb/v7e-m+fp/hard/libc_nano.a(lib_a-rget.o)
                0x000000000800a32c                __srget_r
 .text._sbrk_r  0x000000000800a384       0x20 /opt/gcc-arm-none-eabi-10.3-2021.10/bin/../lib/gcc/arm-none-eabi/10.3.1/../../../../arm-none-eabi/lib/thumb/v7e-m+fp/hard/libc_nano.a(lib_a-sbrkr.o)
                0x000000000800a384                _sbrk_r
 .text.snprintf
                0x000000000800a3a4       0x68 /opt/gcc-arm-none-eabi-10.3-2021.10/bin/../lib/gcc/arm-none-eabi/10.3.1/../../../../arm-none-eabi/lib/thumb/v7e-m+fp/hard/libc_nano.a(lib_a-snprintf.o)
                0x000000000800a3a4                snprintf
                0x000000000800a3a4                sniprintf
 .text.sprintf  0x000000000800a40c       0x40 /opt/gcc-arm-none-eabi-10.3-2021.10/bin/../lib/gcc/arm-none-eabi/10.3.1/../../../../arm-none-eabi/lib/thumb/v7e-m+fp/hard/libc_nano.a(lib_a-sprintf.o)
                0x000000000800a40c                sprintf
                0x000000000800a40c                siprintf
 .text.__sread  0x000000000800a44c       0x22 /opt/gcc-arm-none-eabi-10.3-2021.10/bin/../lib/gcc/arm-none-eabi/10.3.1/../../../../arm-none-eabi/lib/thumb/v7e-m+fp/hard/libc_nano.a(lib_a-stdio.o)
                0x000000000800a44c                __sread
 .text.__swrite
                0x000000000800a46e       0x38 /opt/gcc-arm-none-eabi-10.3-2021.10/bin/../lib/gcc/arm-none-eabi/10.3.1/../../../../arm-none-eabi/lib/thumb/v7e-m+fp/hard/libc_nano.a(lib_a-stdio.o)
                0x000000000800a46e                __swrite
 .text.__sseek  0x000000000800a4a6       0x24 /opt/gcc-arm-none-eabi-10.3-2021.10/bin/../lib/gcc/arm-none-eabi/10.3.1/../../../../arm-none-eabi/lib/thumb/v7e-m+fp/hard/libc_nano.a(lib_a-stdio.o)
                0x000000000800a4a6                __sseek
 .text.__sclose
                0x000000000800a4ca        0x8 /opt/gcc-arm-none-eabi-10.3-2021.10/bin/../lib/gcc/arm-none-eabi/10.3.1/../../../../arm-none-eabi/lib/thumb/v7e-m+fp/hard/libc_nano.a(lib_a-stdio.o)
                0x000000000800a4ca                __sclose
 .text.strcpy   0x000000000800a4d2       0x10 /opt/gcc-arm-none-eabi-10.3-2021.10/bin/../lib/gcc/arm-none-eabi/10.3.1/../../../../arm-none-eabi/lib/thumb/v7e-m+fp/hard/libc_nano.a(lib_a-strcpy.o)
                0x000000000800a4d2                strcpy
 .text.strncpy  0x000000000800a4e2       0x26 /opt/gcc-arm-none-eabi-10.3-2021.10/bin/../lib/gcc/arm-none-eabi/10.3.1/../../../../arm-none-eabi/lib/thumb/v7e-m+fp/hard/libc_nano.a(lib_a-strncpy.o)
                0x000000000800a4e2                strncpy
 .text.strtok   0x000000000800a508       0x68 /opt/gcc-arm-none-eabi-10.3-2021.10/bin/../lib/gcc/arm-none-eabi/10.3.1/../../../../arm-none-eabi/lib/thumb/v7e-m+fp/hard/libc_nano.a(lib_a-strtok.o)
                0x000000000800a508                strtok
 .text.__strtok_r
                0x000000000800a570       0x50 /opt/gcc-arm-none-eabi-10.3-2021.10/bin/../lib/gcc/arm-none-eabi/10.3.1/../../../../arm-none-eabi/lib/thumb/v7e-m+fp/hard/libc_nano.a(lib_a-strtok_r.o)
                0x000000000800a570                __strtok_r
 .text._strtol_l.constprop.0
                0x000000000800a5c0      0x104 /opt/gcc-arm-none-eabi-10.3-2021.10/bin/../lib/gcc/arm-none-eabi/10.3.1/../../../../arm-none-eabi/lib/thumb/v7e-m+fp/hard/libc_nano.a(lib_a-strtol.o)
 .text.strtol   0x000000000800a6c4       0x14 /opt/gcc-arm-none-eabi-10.3-2021.10/bin/../lib/gcc/arm-none-eabi/10.3.1/../../../../arm-none-eabi/lib/thumb/v7e-m+fp/hard/libc_nano.a(lib_a-strtol.o)
                0x000000000800a6c4                strtol
 .text._write_r
                0x000000000800a6d8       0x24 /opt/gcc-arm-none-eabi-10.3-2021.10/bin/../lib/gcc/arm-none-eabi/10.3.1/../../../../arm-none-eabi/lib/thumb/v7e-m+fp/hard/libc_nano.a(lib_a-writer.o)
                0x000000000800a6d8                _write_r
 .text.abort    0x000000000800a6fc        0xe /opt/gcc-arm-none-eabi-10.3-2021.10/bin/../lib/gcc/arm-none-eabi/10.3.1/../../../../arm-none-eabi/lib/thumb/v7e-m+fp/hard/libc_nano.a(lib_a-abort.o)
                0x000000000800a6fc                abort
 *fill*         0x000000000800a70a        0x2 
 .text.__assert_func
                0x000000000800a70c       0x3c /opt/gcc-arm-none-eabi-10.3-2021.10/bin/../lib/gcc/arm-none-eabi/10.3.1/../../../../arm-none-eabi/lib/thumb/v7e-m+fp/hard/libc_nano.a(lib_a-assert.o)
                0x000000000800a70c                __assert_func
 .text._close_r
                0x000000000800a748       0x20 /opt/gcc-arm-none-eabi-10.3-2021.10/bin/../lib/gcc/arm-none-eabi/10.3.1/../../../../arm-none-eabi/lib/thumb/v7e-m+fp/hard/libc_nano.a(lib_a-closer.o)
                0x000000000800a748                _close_r
 .text.__errno  0x000000000800a768        0xc /opt/gcc-arm-none-eabi-10.3-2021.10/bin/../lib/gcc/arm-none-eabi/10.3.1/../../../../arm-none-eabi/lib/thumb/v7e-m+fp/hard/libc_nano.a(lib_a-errno.o)
                0x000000000800a768                __errno
 .text.__sflush_r
                0x000000000800a774      0x10c /opt/gcc-arm-none-eabi-10.3-2021.10/bin/../lib/gcc/arm-none-eabi/10.3.1/../../../../arm-none-eabi/lib/thumb/v7e-m+fp/hard/libc_nano.a(lib_a-fflush.o)
                0x000000000800a774                __sflush_r
 .text._fflush_r
                0x000000000800a880       0x78 /opt/gcc-arm-none-eabi-10.3-2021.10/bin/../lib/gcc/arm-none-eabi/10.3.1/../../../../arm-none-eabi/lib/thumb/v7e-m+fp/hard/libc_nano.a(lib_a-fflush.o)
                0x000000000800a880                _fflush_r
 .text.fflush   0x000000000800a8f8       0x24 /opt/gcc-arm-none-eabi-10.3-2021.10/bin/../lib/gcc/arm-none-eabi/10.3.1/../../../../arm-none-eabi/lib/thumb/v7e-m+fp/hard/libc_nano.a(lib_a-fflush.o)
                0x000000000800a8f8                fflush
 .text.__sflags
                0x000000000800a91c       0x6c /opt/gcc-arm-none-eabi-10.3-2021.10/bin/../lib/gcc/arm-none-eabi/10.3.1/../../../../arm-none-eabi/lib/thumb/v7e-m+fp/hard/libc_nano.a(lib_a-flags.o)
                0x000000000800a91c                __sflags
 .text.fprintf  0x000000000800a988       0x24 /opt/gcc-arm-none-eabi-10.3-2021.10/bin/../lib/gcc/arm-none-eabi/10.3.1/../../../../arm-none-eabi/lib/thumb/v7e-m+fp/hard/libc_nano.a(lib_a-fprintf.o)
                0x000000000800a988                fprintf
                0x000000000800a988                fiprintf
 .text._lseek_r
                0x000000000800a9ac       0x24 /opt/gcc-arm-none-eabi-10.3-2021.10/bin/../lib/gcc/arm-none-eabi/10.3.1/../../../../arm-none-eabi/lib/thumb/v7e-m+fp/hard/libc_nano.a(lib_a-lseekr.o)
                0x000000000800a9ac                _lseek_r
 .text.__malloc_lock
                0x000000000800a9d0        0xc /opt/gcc-arm-none-eabi-10.3-2021.10/bin/../lib/gcc/arm-none-eabi/10.3.1/../../../../arm-none-eabi/lib/thumb/v7e-m+fp/hard/libc_nano.a(lib_a-mlock.o)
                0x000000000800a9d0                __malloc_lock
 .text.__malloc_unlock
                0x000000000800a9dc        0xc /opt/gcc-arm-none-eabi-10.3-2021.10/bin/../lib/gcc/arm-none-eabi/10.3.1/../../../../arm-none-eabi/lib/thumb/v7e-m+fp/hard/libc_nano.a(lib_a-mlock.o)
                0x000000000800a9dc                __malloc_unlock
 .text._realloc_r
                0x000000000800a9e8       0x5e /opt/gcc-arm-none-eabi-10.3-2021.10/bin/../lib/gcc/arm-none-eabi/10.3.1/../../../../arm-none-eabi/lib/thumb/v7e-m+fp/hard/libc_nano.a(lib_a-nano-reallocr.o)
                0x000000000800a9e8                _realloc_r
 .text.__ssputs_r
                0x000000000800aa46       0xb6 /opt/gcc-arm-none-eabi-10.3-2021.10/bin/../lib/gcc/arm-none-eabi/10.3.1/../../../../arm-none-eabi/lib/thumb/v7e-m+fp/hard/libc_nano.a(lib_a-nano-svfprintf.o)
                0x000000000800aa46                __ssputs_r
 .text._svfprintf_r
                0x000000000800aafc      0x200 /opt/gcc-arm-none-eabi-10.3-2021.10/bin/../lib/gcc/arm-none-eabi/10.3.1/../../../../arm-none-eabi/lib/thumb/v7e-m+fp/hard/libc_nano.a(lib_a-nano-svfprintf.o)
                0x000000000800aafc                _svfprintf_r
                0x000000000800aafc                _svfiprintf_r
 .text.__sfputc_r
                0x000000000800acfc       0x2e /opt/gcc-arm-none-eabi-10.3-2021.10/bin/../lib/gcc/arm-none-eabi/10.3.1/../../../../arm-none-eabi/lib/thumb/v7e-m+fp/hard/libc_nano.a(lib_a-nano-vfprintf.o)
 .text.__sfputs_r
                0x000000000800ad2a       0x24 /opt/gcc-arm-none-eabi-10.3-2021.10/bin/../lib/gcc/arm-none-eabi/10.3.1/../../../../arm-none-eabi/lib/thumb/v7e-m+fp/hard/libc_nano.a(lib_a-nano-vfprintf.o)
                0x000000000800ad2a                __sfputs_r
 *fill*         0x000000000800ad4e        0x2 
 .text._vfprintf_r
                0x000000000800ad50      0x260 /opt/gcc-arm-none-eabi-10.3-2021.10/bin/../lib/gcc/arm-none-eabi/10.3.1/../../../../arm-none-eabi/lib/thumb/v7e-m+fp/hard/libc_nano.a(lib_a-nano-vfprintf.o)
                0x000000000800ad50                _vfiprintf_r
                0x000000000800ad50                _vfprintf_r
 .text._printf_common
                0x000000000800afb0       0xda /opt/gcc-arm-none-eabi-10.3-2021.10/bin/../lib/gcc/arm-none-eabi/10.3.1/../../../../arm-none-eabi/lib/thumb/v7e-m+fp/hard/libc_nano.a(lib_a-nano-vfprintf_i.o)
                0x000000000800afb0                _printf_common
 *fill*         0x000000000800b08a        0x2 
 .text._printf_i
                0x000000000800b08c      0x24c /opt/gcc-arm-none-eabi-10.3-2021.10/bin/../lib/gcc/arm-none-eabi/10.3.1/../../../../arm-none-eabi/lib/thumb/v7e-m+fp/hard/libc_nano.a(lib_a-nano-vfprintf_i.o)
                0x000000000800b08c                _printf_i
 .text._read_r  0x000000000800b2d8       0x24 /opt/gcc-arm-none-eabi-10.3-2021.10/bin/../lib/gcc/arm-none-eabi/10.3.1/../../../../arm-none-eabi/lib/thumb/v7e-m+fp/hard/libc_nano.a(lib_a-readr.o)
                0x000000000800b2d8                _read_r
 .text.lflush   0x000000000800b2fc       0x12 /opt/gcc-arm-none-eabi-10.3-2021.10/bin/../lib/gcc/arm-none-eabi/10.3.1/../../../../arm-none-eabi/lib/thumb/v7e-m+fp/hard/libc_nano.a(lib_a-refill.o)
 *fill*         0x000000000800b30e        0x2 
 .text.__srefill_r
                0x000000000800b310      0x114 /opt/gcc-arm-none-eabi-10.3-2021.10/bin/../lib/gcc/arm-none-eabi/10.3.1/../../../../arm-none-eabi/lib/thumb/v7e-m+fp/hard/libc_nano.a(lib_a-refill.o)
                0x000000000800b310                __srefill_r
 .text._raise_r
                0x000000000800b424       0x50 /opt/gcc-arm-none-eabi-10.3-2021.10/bin/../lib/gcc/arm-none-eabi/10.3.1/../../../../arm-none-eabi/lib/thumb/v7e-m+fp/hard/libc_nano.a(lib_a-signal.o)
                0x000000000800b424                _raise_r
 .text.raise    0x000000000800b474       0x10 /opt/gcc-arm-none-eabi-10.3-2021.10/bin/../lib/gcc/arm-none-eabi/10.3.1/../../../../arm-none-eabi/lib/thumb/v7e-m+fp/hard/libc_nano.a(lib_a-signal.o)
                0x000000000800b474                raise
 .text._kill_r  0x000000000800b484       0x24 /opt/gcc-arm-none-eabi-10.3-2021.10/bin/../lib/gcc/arm-none-eabi/10.3.1/../../../../arm-none-eabi/lib/thumb/v7e-m+fp/hard/libc_nano.a(lib_a-signalr.o)
                0x000000000800b484                _kill_r
 .text._getpid_r
                0x000000000800b4a8        0x4 /opt/gcc-arm-none-eabi-10.3-2021.10/bin/../lib/gcc/arm-none-eabi/10.3.1/../../../../arm-none-eabi/lib/thumb/v7e-m+fp/hard/libc_nano.a(lib_a-signalr.o)
                0x000000000800b4a8                _getpid_r
 .text.__swbuf_r
                0x000000000800b4ac       0xa4 /opt/gcc-arm-none-eabi-10.3-2021.10/bin/../lib/gcc/arm-none-eabi/10.3.1/../../../../arm-none-eabi/lib/thumb/v7e-m+fp/hard/libc_nano.a(lib_a-wbuf.o)
                0x000000000800b4ac                __swbuf_r
 .text.__swsetup_r
                0x000000000800b550       0xdc /opt/gcc-arm-none-eabi-10.3-2021.10/bin/../lib/gcc/arm-none-eabi/10.3.1/../../../../arm-none-eabi/lib/thumb/v7e-m+fp/hard/libc_nano.a(lib_a-wsetup.o)
                0x000000000800b550                __swsetup_r
 .text.__swhatbuf_r
                0x000000000800b62c       0x4a /opt/gcc-arm-none-eabi-10.3-2021.10/bin/../lib/gcc/arm-none-eabi/10.3.1/../../../../arm-none-eabi/lib/thumb/v7e-m+fp/hard/libc_nano.a(lib_a-makebuf.o)
                0x000000000800b62c                __swhatbuf_r
 *fill*         0x000000000800b676        0x2 
 .text.__smakebuf_r
                0x000000000800b678       0x80 /opt/gcc-arm-none-eabi-10.3-2021.10/bin/../lib/gcc/arm-none-eabi/10.3.1/../../../../arm-none-eabi/lib/thumb/v7e-m+fp/hard/libc_nano.a(lib_a-makebuf.o)
                0x000000000800b678                __smakebuf_r
 .text.memmove  0x000000000800b6f8       0x34 /opt/gcc-arm-none-eabi-10.3-2021.10/bin/../lib/gcc/arm-none-eabi/10.3.1/../../../../arm-none-eabi/lib/thumb/v7e-m+fp/hard/libc_nano.a(lib_a-memmove.o)
                0x000000000800b6f8                memmove
 .text._malloc_usable_size_r
                0x000000000800b72c       0x10 /opt/gcc-arm-none-eabi-10.3-2021.10/bin/../lib/gcc/arm-none-eabi/10.3.1/../../../../arm-none-eabi/lib/thumb/v7e-m+fp/hard/libc_nano.a(lib_a-nano-msizer.o)
                0x000000000800b72c                _malloc_usable_size_r
 .text._fstat_r
                0x000000000800b73c       0x24 /opt/gcc-arm-none-eabi-10.3-2021.10/bin/../lib/gcc/arm-none-eabi/10.3.1/../../../../arm-none-eabi/lib/thumb/v7e-m+fp/hard/libc_nano.a(lib_a-fstatr.o)
                0x000000000800b73c                _fstat_r
 .text._isatty_r
                0x000000000800b760       0x20 /opt/gcc-arm-none-eabi-10.3-2021.10/bin/../lib/gcc/arm-none-eabi/10.3.1/../../../../arm-none-eabi/lib/thumb/v7e-m+fp/hard/libc_nano.a(lib_a-isattyr.o)
                0x000000000800b760                _isatty_r
 .text.floor    0x000000000800b780      0x108 /opt/gcc-arm-none-eabi-10.3-2021.10/bin/../lib/gcc/arm-none-eabi/10.3.1/../../../../arm-none-eabi/lib/thumb/v7e-m+fp/hard/libm.a(lib_a-s_floor.o)
                0x000000000800b780                floor
 .text.cosf     0x000000000800b888       0x70 /opt/gcc-arm-none-eabi-10.3-2021.10/bin/../lib/gcc/arm-none-eabi/10.3.1/../../../../arm-none-eabi/lib/thumb/v7e-m+fp/hard/libm.a(lib_a-sf_cos.o)
                0x000000000800b888                cosf
 .text.pow      0x000000000800b8f8       0xf0 /opt/gcc-arm-none-eabi-10.3-2021.10/bin/../lib/gcc/arm-none-eabi/10.3.1/../../../../arm-none-eabi/lib/thumb/v7e-m+fp/hard/libm.a(lib_a-w_pow.o)
                0x000000000800b8f8                pow
 .text.__ieee754_pow
                0x000000000800b9e8      0xb74 /opt/gcc-arm-none-eabi-10.3-2021.10/bin/../lib/gcc/arm-none-eabi/10.3.1/../../../../arm-none-eabi/lib/thumb/v7e-m+fp/hard/libm.a(lib_a-e_pow.o)
                0x000000000800b9e8                __ieee754_pow
 .text.__ieee754_sqrt
                0x000000000800c55c      0x198 /opt/gcc-arm-none-eabi-10.3-2021.10/bin/../lib/gcc/arm-none-eabi/10.3.1/../../../../arm-none-eabi/lib/thumb/v7e-m+fp/hard/libm.a(lib_a-e_sqrt.o)
                0x000000000800c55c                __ieee754_sqrt
 .text.__ieee754_rem_pio2f
                0x000000000800c6f4      0x264 /opt/gcc-arm-none-eabi-10.3-2021.10/bin/../lib/gcc/arm-none-eabi/10.3.1/../../../../arm-none-eabi/lib/thumb/v7e-m+fp/hard/libm.a(lib_a-ef_rem_pio2.o)
                0x000000000800c6f4                __ieee754_rem_pio2f
 .text.__kernel_cosf
                0x000000000800c958      0x104 /opt/gcc-arm-none-eabi-10.3-2021.10/bin/../lib/gcc/arm-none-eabi/10.3.1/../../../../arm-none-eabi/lib/thumb/v7e-m+fp/hard/libm.a(lib_a-kf_cos.o)
                0x000000000800c958                __kernel_cosf
 .text.__kernel_rem_pio2f
                0x000000000800ca5c      0x674 /opt/gcc-arm-none-eabi-10.3-2021.10/bin/../lib/gcc/arm-none-eabi/10.3.1/../../../../arm-none-eabi/lib/thumb/v7e-m+fp/hard/libm.a(lib_a-kf_rem_pio2.o)
                0x000000000800ca5c                __kernel_rem_pio2f
 .text.__kernel_sinf
                0x000000000800d0d0       0x90 /opt/gcc-arm-none-eabi-10.3-2021.10/bin/../lib/gcc/arm-none-eabi/10.3.1/../../../../arm-none-eabi/lib/thumb/v7e-m+fp/hard/libm.a(lib_a-kf_sin.o)
                0x000000000800d0d0                __kernel_sinf
 .text.with_errno
                0x000000000800d160       0x18 /opt/gcc-arm-none-eabi-10.3-2021.10/bin/../lib/gcc/arm-none-eabi/10.3.1/../../../../arm-none-eabi/lib/thumb/v7e-m+fp/hard/libm.a(lib_a-math_err.o)
 .text.xflow    0x000000000800d178       0x2c /opt/gcc-arm-none-eabi-10.3-2021.10/bin/../lib/gcc/arm-none-eabi/10.3.1/../../../../arm-none-eabi/lib/thumb/v7e-m+fp/hard/libm.a(lib_a-math_err.o)
 .text.__math_uflow
                0x000000000800d1a4       0x14 /opt/gcc-arm-none-eabi-10.3-2021.10/bin/../lib/gcc/arm-none-eabi/10.3.1/../../../../arm-none-eabi/lib/thumb/v7e-m+fp/hard/libm.a(lib_a-math_err.o)
                0x000000000800d1a4                __math_uflow
 .text.__math_oflow
                0x000000000800d1b8       0x14 /opt/gcc-arm-none-eabi-10.3-2021.10/bin/../lib/gcc/arm-none-eabi/10.3.1/../../../../arm-none-eabi/lib/thumb/v7e-m+fp/hard/libm.a(lib_a-math_err.o)
                0x000000000800d1b8                __math_oflow
 .text.fabs     0x000000000800d1cc       0x14 /opt/gcc-arm-none-eabi-10.3-2021.10/bin/../lib/gcc/arm-none-eabi/10.3.1/../../../../arm-none-eabi/lib/thumb/v7e-m+fp/hard/libm.a(lib_a-s_fabs.o)
                0x000000000800d1cc                fabs
 .text.finite   0x000000000800d1e0       0x18 /opt/gcc-arm-none-eabi-10.3-2021.10/bin/../lib/gcc/arm-none-eabi/10.3.1/../../../../arm-none-eabi/lib/thumb/v7e-m+fp/hard/libm.a(lib_a-s_finite.o)
                0x000000000800d1e0                finite
 .text.scalbn   0x000000000800d1f8      0x124 /opt/gcc-arm-none-eabi-10.3-2021.10/bin/../lib/gcc/arm-none-eabi/10.3.1/../../../../arm-none-eabi/lib/thumb/v7e-m+fp/hard/libm.a(lib_a-s_scalbn.o)
                0x000000000800d1f8                scalbn
 .text.fabsf    0x000000000800d31c       0x10 /opt/gcc-arm-none-eabi-10.3-2021.10/bin/../lib/gcc/arm-none-eabi/10.3.1/../../../../arm-none-eabi/lib/thumb/v7e-m+fp/hard/libm.a(lib_a-sf_fabs.o)
                0x000000000800d31c                fabsf
 .text.floorf   0x000000000800d32c       0x8c /opt/gcc-arm-none-eabi-10.3-2021.10/bin/../lib/gcc/arm-none-eabi/10.3.1/../../../../arm-none-eabi/lib/thumb/v7e-m+fp/hard/libm.a(lib_a-sf_floor.o)
                0x000000000800d32c                floorf
 .text.scalbnf  0x000000000800d3b8       0xe4 /opt/gcc-arm-none-eabi-10.3-2021.10/bin/../lib/gcc/arm-none-eabi/10.3.1/../../../../arm-none-eabi/lib/thumb/v7e-m+fp/hard/libm.a(lib_a-sf_scalbn.o)
                0x000000000800d3b8                scalbnf
 .text._close   0x000000000800d49c       0x10 /opt/gcc-arm-none-eabi-10.3-2021.10/bin/../lib/gcc/arm-none-eabi/10.3.1/../../../../arm-none-eabi/lib/thumb/v7e-m+fp/hard/libnosys.a(close.o)
                0x000000000800d49c                _close
 .text._fstat   0x000000000800d4ac       0x10 /opt/gcc-arm-none-eabi-10.3-2021.10/bin/../lib/gcc/arm-none-eabi/10.3.1/../../../../arm-none-eabi/lib/thumb/v7e-m+fp/hard/libnosys.a(fstat.o)
                0x000000000800d4ac                _fstat
 .text._getpid  0x000000000800d4bc       0x10 /opt/gcc-arm-none-eabi-10.3-2021.10/bin/../lib/gcc/arm-none-eabi/10.3.1/../../../../arm-none-eabi/lib/thumb/v7e-m+fp/hard/libnosys.a(getpid.o)
                0x000000000800d4bc                _getpid
 .text._isatty  0x000000000800d4cc       0x10 /opt/gcc-arm-none-eabi-10.3-2021.10/bin/../lib/gcc/arm-none-eabi/10.3.1/../../../../arm-none-eabi/lib/thumb/v7e-m+fp/hard/libnosys.a(isatty.o)
                0x000000000800d4cc                _isatty